<?xml version="1.0"?>
<link_info>
   <banner>TI ARM Linker PC v15.12.3.LTS</banner>
   <copyright>Copyright (c) 1996-2015 Texas Instruments Incorporated</copyright>
   <link_time>0x589b27f8</link_time>
   <link_errors>0x0</link_errors>
   <output_file>TryingToChangeStates.out</output_file>
   <entry_point>
      <name>_c_int00</name>
      <address>0xa9d</address>
   </entry_point>
   <input_file_list>
      <input_file id="fl-2">
         <path>.\</path>
         <kind>object</kind>
         <file>main.obj</file>
         <name>main.obj</name>
      </input_file>
      <input_file id="fl-3">
         <path>.\</path>
         <kind>object</kind>
         <file>startup_msp432p401r_ccs.obj</file>
         <name>startup_msp432p401r_ccs.obj</name>
      </input_file>
      <input_file id="fl-4">
         <path>.\</path>
         <kind>object</kind>
         <file>system_msp432p401r.obj</file>
         <name>system_msp432p401r.obj</name>
      </input_file>
      <input_file id="fl-a">
         <path>C:\ti\tirex-content\msp\msp432ware__3.50.00.02\driverlib\driverlib\MSP432P4xx\ccs\</path>
         <kind>archive</kind>
         <file>msp432p4xx_driverlib.lib</file>
         <name>gpio.o</name>
      </input_file>
      <input_file id="fl-b">
         <path>C:\ti\tirex-content\msp\msp432ware__3.50.00.02\driverlib\driverlib\MSP432P4xx\ccs\</path>
         <kind>archive</kind>
         <file>msp432p4xx_driverlib.lib</file>
         <name>interrupt.o</name>
      </input_file>
      <input_file id="fl-c">
         <path>C:\ti\tirex-content\msp\msp432ware__3.50.00.02\driverlib\driverlib\MSP432P4xx\ccs\</path>
         <kind>archive</kind>
         <file>msp432p4xx_driverlib.lib</file>
         <name>pcm.o</name>
      </input_file>
      <input_file id="fl-d">
         <path>C:\ti\tirex-content\msp\msp432ware__3.50.00.02\driverlib\driverlib\MSP432P4xx\ccs\</path>
         <kind>archive</kind>
         <file>msp432p4xx_driverlib.lib</file>
         <name>rtc_c.o</name>
      </input_file>
      <input_file id="fl-e">
         <path>C:\ti\tirex-content\msp\msp432ware__3.50.00.02\driverlib\driverlib\MSP432P4xx\ccs\</path>
         <kind>archive</kind>
         <file>msp432p4xx_driverlib.lib</file>
         <name>wdt_a.o</name>
      </input_file>
      <input_file id="fl-f">
         <path>C:\ti\tirex-content\msp\msp432ware__3.50.00.02\driverlib\driverlib\MSP432P4xx\ccs\</path>
         <kind>archive</kind>
         <file>msp432p4xx_driverlib.lib</file>
         <name>cpu.o</name>
      </input_file>
      <input_file id="fl-10">
         <path>C:\ti\tirex-content\msp\msp432ware__3.50.00.02\driverlib\driverlib\MSP432P4xx\ccs\</path>
         <kind>archive</kind>
         <file>msp432p4xx_driverlib.lib</file>
         <name>sysctl.o</name>
      </input_file>
      <input_file id="fl-c6">
         <path>C:\Program Files (x86)\TI\ccsv6\tools\compiler\arm_15.12.3.LTS\lib\</path>
         <kind>archive</kind>
         <file>rtsv7M4_T_le_v4SPD16_eabi.lib</file>
         <name>boot.obj</name>
      </input_file>
      <input_file id="fl-c7">
         <path>C:\Program Files (x86)\TI\ccsv6\tools\compiler\arm_15.12.3.LTS\lib\</path>
         <kind>archive</kind>
         <file>rtsv7M4_T_le_v4SPD16_eabi.lib</file>
         <name>copy_decompress_none.obj</name>
      </input_file>
      <input_file id="fl-c8">
         <path>C:\Program Files (x86)\TI\ccsv6\tools\compiler\arm_15.12.3.LTS\lib\</path>
         <kind>archive</kind>
         <file>rtsv7M4_T_le_v4SPD16_eabi.lib</file>
         <name>copy_decompress_rle.obj</name>
      </input_file>
      <input_file id="fl-c9">
         <path>C:\Program Files (x86)\TI\ccsv6\tools\compiler\arm_15.12.3.LTS\lib\</path>
         <kind>archive</kind>
         <file>rtsv7M4_T_le_v4SPD16_eabi.lib</file>
         <name>copy_zero_init.obj</name>
      </input_file>
      <input_file id="fl-ca">
         <path>C:\Program Files (x86)\TI\ccsv6\tools\compiler\arm_15.12.3.LTS\lib\</path>
         <kind>archive</kind>
         <file>rtsv7M4_T_le_v4SPD16_eabi.lib</file>
         <name>exit.obj</name>
      </input_file>
      <input_file id="fl-cb">
         <path>C:\Program Files (x86)\TI\ccsv6\tools\compiler\arm_15.12.3.LTS\lib\</path>
         <kind>archive</kind>
         <file>rtsv7M4_T_le_v4SPD16_eabi.lib</file>
         <name>memcpy_t2.obj</name>
      </input_file>
      <input_file id="fl-cc">
         <path>C:\Program Files (x86)\TI\ccsv6\tools\compiler\arm_15.12.3.LTS\lib\</path>
         <kind>archive</kind>
         <file>rtsv7M4_T_le_v4SPD16_eabi.lib</file>
         <name>memset_t2.obj</name>
      </input_file>
      <input_file id="fl-cd">
         <path>C:\Program Files (x86)\TI\ccsv6\tools\compiler\arm_15.12.3.LTS\lib\</path>
         <kind>archive</kind>
         <file>rtsv7M4_T_le_v4SPD16_eabi.lib</file>
         <name>mpu_init.obj</name>
      </input_file>
      <input_file id="fl-ce">
         <path>C:\Program Files (x86)\TI\ccsv6\tools\compiler\arm_15.12.3.LTS\lib\</path>
         <kind>archive</kind>
         <file>rtsv7M4_T_le_v4SPD16_eabi.lib</file>
         <name>pre_init.obj</name>
      </input_file>
      <input_file id="fl-cf">
         <path>C:\Program Files (x86)\TI\ccsv6\tools\compiler\arm_15.12.3.LTS\lib\</path>
         <kind>archive</kind>
         <file>rtsv7M4_T_le_v4SPD16_eabi.lib</file>
         <name>stkdepth_vars.obj</name>
      </input_file>
      <input_file id="fl-d0">
         <path>C:\Program Files (x86)\TI\ccsv6\tools\compiler\arm_15.12.3.LTS\lib\</path>
         <kind>archive</kind>
         <file>rtsv7M4_T_le_v4SPD16_eabi.lib</file>
         <name>_lock.obj</name>
      </input_file>
      <input_file id="fl-d1">
         <path>C:\Program Files (x86)\TI\ccsv6\tools\compiler\arm_15.12.3.LTS\lib\</path>
         <kind>archive</kind>
         <file>rtsv7M4_T_le_v4SPD16_eabi.lib</file>
         <name>args_main.obj</name>
      </input_file>
      <input_file id="fl-d2">
         <path>C:\Program Files (x86)\TI\ccsv6\tools\compiler\arm_15.12.3.LTS\lib\</path>
         <kind>archive</kind>
         <file>rtsv7M4_T_le_v4SPD16_eabi.lib</file>
         <name>autoinit.obj</name>
      </input_file>
      <input_file id="fl-d3">
         <path>C:\Program Files (x86)\TI\ccsv6\tools\compiler\arm_15.12.3.LTS\lib\</path>
         <kind>archive</kind>
         <file>rtsv7M4_T_le_v4SPD16_eabi.lib</file>
         <name>cpy_tbl.obj</name>
      </input_file>
      <input_file id="fl-d4">
         <path>C:\Program Files (x86)\TI\ccsv6\tools\compiler\arm_15.12.3.LTS\lib\</path>
         <kind>archive</kind>
         <file>rtsv7M4_T_le_v4SPD16_eabi.lib</file>
         <name>startup.obj</name>
      </input_file>
   </input_file_list>
   <object_component_list>
      <object_component id="oc-2c">
         <name>.intvecs:retain</name>
         <load_address>0x0</load_address>
         <run_address>0x0</run_address>
         <size>0xe4</size>
         <input_file_ref idref="fl-3"/>
      </object_component>
      <object_component id="oc-bb">
         <name>.text</name>
         <load_address>0xe4</load_address>
         <run_address>0xe4</run_address>
         <size>0x32c</size>
         <input_file_ref idref="fl-4"/>
      </object_component>
      <object_component id="oc-143">
         <name>.text:__PCM_setPowerStateAdvanced</name>
         <load_address>0x410</load_address>
         <run_address>0x410</run_address>
         <size>0x1a0</size>
         <input_file_ref idref="fl-c"/>
      </object_component>
      <object_component id="oc-182">
         <name>.text:__PCM_setPowerModeAdvanced</name>
         <load_address>0x5b0</load_address>
         <run_address>0x5b0</run_address>
         <size>0xdc</size>
         <input_file_ref idref="fl-c"/>
      </object_component>
      <object_component id="oc-17c">
         <name>.text:__PCM_setCoreVoltageLevelAdvanced</name>
         <load_address>0x68c</load_address>
         <run_address>0x68c</run_address>
         <size>0xb0</size>
         <input_file_ref idref="fl-c"/>
      </object_component>
      <object_component id="oc-30">
         <name>.text</name>
         <load_address>0x73c</load_address>
         <run_address>0x73c</run_address>
         <size>0x9c</size>
         <input_file_ref idref="fl-cb"/>
      </object_component>
      <object_component id="oc-7d">
         <name>.text</name>
         <load_address>0x7d8</load_address>
         <run_address>0x7d8</run_address>
         <size>0x8c</size>
         <input_file_ref idref="fl-2"/>
      </object_component>
      <object_component id="oc-16a">
         <name>.text:PCM_gotoLPM3</name>
         <load_address>0x864</load_address>
         <run_address>0x864</run_address>
         <size>0x7c</size>
         <input_file_ref idref="fl-c"/>
      </object_component>
      <object_component id="oc-49">
         <name>.text</name>
         <load_address>0x8e0</load_address>
         <run_address>0x8e0</run_address>
         <size>0x7a</size>
         <input_file_ref idref="fl-cc"/>
      </object_component>
      <object_component id="oc-55">
         <name>.text</name>
         <load_address>0x95a</load_address>
         <run_address>0x95a</run_address>
         <size>0x2</size>
         <input_file_ref idref="fl-cd"/>
      </object_component>
      <object_component id="oc-61">
         <name>.text</name>
         <load_address>0x95c</load_address>
         <run_address>0x95c</run_address>
         <size>0x70</size>
         <input_file_ref idref="fl-d2"/>
      </object_component>
      <object_component id="oc-3c">
         <name>.text</name>
         <load_address>0x9cc</load_address>
         <run_address>0x9cc</run_address>
         <size>0x6a</size>
         <input_file_ref idref="fl-c8"/>
      </object_component>
      <object_component id="oc-a6">
         <name>.text</name>
         <load_address>0xa36</load_address>
         <run_address>0xa36</run_address>
         <size>0x2</size>
         <input_file_ref idref="fl-d4"/>
      </object_component>
      <object_component id="oc-e0">
         <name>.text:Interrupt_enableInterrupt</name>
         <load_address>0xa38</load_address>
         <run_address>0xa38</run_address>
         <size>0x64</size>
         <input_file_ref idref="fl-b"/>
      </object_component>
      <object_component id="oc-26">
         <name>.text</name>
         <load_address>0xa9c</load_address>
         <run_address>0xa9c</run_address>
         <size>0x54</size>
         <input_file_ref idref="fl-c6"/>
      </object_component>
      <object_component id="oc-6d">
         <name>.text</name>
         <load_address>0xaf0</load_address>
         <run_address>0xaf0</run_address>
         <size>0x54</size>
         <input_file_ref idref="fl-ca"/>
      </object_component>
      <object_component id="oc-176">
         <name>.text:PCM_shutdownDevice</name>
         <load_address>0xb44</load_address>
         <run_address>0xb44</run_address>
         <size>0x50</size>
         <input_file_ref idref="fl-c"/>
      </object_component>
      <object_component id="oc-a0">
         <name>.text</name>
         <load_address>0xb94</load_address>
         <run_address>0xb94</run_address>
         <size>0x4c</size>
         <input_file_ref idref="fl-d3"/>
      </object_component>
      <object_component id="oc-c2">
         <name>.text:GPIO_setAsInputPinWithPullUpResistor</name>
         <load_address>0xbe0</load_address>
         <run_address>0xbe0</run_address>
         <size>0x30</size>
         <input_file_ref idref="fl-a"/>
      </object_component>
      <object_component id="oc-1b2">
         <name>.text:PCM_getCoreVoltageLevel</name>
         <load_address>0xc10</load_address>
         <run_address>0xc10</run_address>
         <size>0x2c</size>
         <input_file_ref idref="fl-c"/>
      </object_component>
      <object_component id="oc-191">
         <name>.text:PCM_getPowerMode</name>
         <load_address>0xc3c</load_address>
         <run_address>0xc3c</run_address>
         <size>0x2a</size>
         <input_file_ref idref="fl-c"/>
      </object_component>
      <object_component id="oc-188">
         <name>.text:PCM_gotoLPM0</name>
         <load_address>0xc68</load_address>
         <run_address>0xc68</run_address>
         <size>0x28</size>
         <input_file_ref idref="fl-c"/>
      </object_component>
      <object_component id="oc-d4">
         <name>.text:GPIO_setAsOutputPin</name>
         <load_address>0xc90</load_address>
         <run_address>0xc90</run_address>
         <size>0x24</size>
         <input_file_ref idref="fl-a"/>
      </object_component>
      <object_component id="oc-1aa">
         <name>.text:RTC_C_holdClock</name>
         <load_address>0xcb4</load_address>
         <run_address>0xcb4</run_address>
         <size>0x24</size>
         <input_file_ref idref="fl-d"/>
      </object_component>
      <object_component id="oc-c8">
         <name>.text:GPIO_clearInterruptFlag</name>
         <load_address>0xcd8</load_address>
         <run_address>0xcd8</run_address>
         <size>0x18</size>
         <input_file_ref idref="fl-a"/>
      </object_component>
      <object_component id="oc-da">
         <name>.text:GPIO_setOutputLowOnPin</name>
         <load_address>0xcf0</load_address>
         <run_address>0xcf0</run_address>
         <size>0x18</size>
         <input_file_ref idref="fl-a"/>
      </object_component>
      <object_component id="oc-1a4">
         <name>.text:WDT_A_holdTimer</name>
         <load_address>0xd08</load_address>
         <run_address>0xd08</run_address>
         <size>0x18</size>
         <input_file_ref idref="fl-e"/>
      </object_component>
      <object_component id="oc-67">
         <name>.text</name>
         <load_address>0xd20</load_address>
         <run_address>0xd20</run_address>
         <size>0x18</size>
         <input_file_ref idref="fl-d1"/>
      </object_component>
      <object_component id="oc-ce">
         <name>.text:GPIO_enableInterrupt</name>
         <load_address>0xd38</load_address>
         <run_address>0xd38</run_address>
         <size>0x14</size>
         <input_file_ref idref="fl-a"/>
      </object_component>
      <object_component id="oc-ec">
         <name>.text:Interrupt_disableSleepOnIsrExit</name>
         <load_address>0xd4c</load_address>
         <run_address>0xd4c</run_address>
         <size>0x14</size>
         <input_file_ref idref="fl-b"/>
      </object_component>
      <object_component id="oc-118">
         <name>.text</name>
         <load_address>0xd60</load_address>
         <run_address>0xd60</run_address>
         <size>0x14</size>
         <input_file_ref idref="fl-d0"/>
      </object_component>
      <object_component id="oc-e6">
         <name>.text:Interrupt_enableMaster</name>
         <load_address>0xd74</load_address>
         <run_address>0xd74</run_address>
         <size>0x10</size>
         <input_file_ref idref="fl-b"/>
      </object_component>
      <object_component id="oc-170">
         <name>.text:PCM_gotoLPM4</name>
         <load_address>0xd84</load_address>
         <run_address>0xd84</run_address>
         <size>0x10</size>
         <input_file_ref idref="fl-c"/>
      </object_component>
      <object_component id="oc-14">
         <name>.text:decompress:none</name>
         <load_address>0xd94</load_address>
         <run_address>0xd94</run_address>
         <size>0xe</size>
         <input_file_ref idref="fl-c7"/>
      </object_component>
      <object_component id="oc-77">
         <name>.text</name>
         <load_address>0xda2</load_address>
         <run_address>0xda2</run_address>
         <size>0xe</size>
         <input_file_ref idref="fl-3"/>
      </object_component>
      <object_component id="oc-136">
         <name>.text:CPU_cpsie</name>
         <load_address>0xdb0</load_address>
         <run_address>0xdb0</run_address>
         <size>0xc</size>
         <input_file_ref idref="fl-f"/>
      </object_component>
      <object_component id="oc-164">
         <name>.text:PCM_getPowerState</name>
         <load_address>0xdbc</load_address>
         <run_address>0xdbc</run_address>
         <size>0xc</size>
         <input_file_ref idref="fl-c"/>
      </object_component>
      <object_component id="oc-197">
         <name>.text:PCM_setPowerMode</name>
         <load_address>0xdc8</load_address>
         <run_address>0xdc8</run_address>
         <size>0x8</size>
         <input_file_ref idref="fl-c"/>
      </object_component>
      <object_component id="oc-f2">
         <name>.text:PCM_setPowerState</name>
         <load_address>0xdd0</load_address>
         <run_address>0xdd0</run_address>
         <size>0x8</size>
         <input_file_ref idref="fl-c"/>
      </object_component>
      <object_component id="oc-1a">
         <name>.text:decompress:rle24</name>
         <load_address>0xdd8</load_address>
         <run_address>0xdd8</run_address>
         <size>0x6</size>
         <input_file_ref idref="fl-c8"/>
      </object_component>
      <object_component id="oc-19d">
         <name>.text:CPU_wfi</name>
         <load_address>0xdde</load_address>
         <run_address>0xdde</run_address>
         <size>0x4</size>
         <input_file_ref idref="fl-f"/>
      </object_component>
      <object_component id="oc-5b">
         <name>.text</name>
         <load_address>0xde2</load_address>
         <run_address>0xde2</run_address>
         <size>0x4</size>
         <input_file_ref idref="fl-ce"/>
      </object_component>
      <object_component id="oc-131">
         <name>.const</name>
         <load_address>0xde8</load_address>
         <run_address>0xde8</run_address>
         <size>0x40</size>
         <input_file_ref idref="fl-b"/>
      </object_component>
      <object_component id="oc-1ea">
         <name>.cinit..data.load</name>
         <load_address>0xe28</load_address>
         <run_address>0xe28</run_address>
         <size>0x48</size>
      </object_component>
      <object_component id="oc-1e8">
         <name>__TI_handler_table</name>
         <load_address>0xe70</load_address>
         <run_address>0xe70</run_address>
         <size>0x8</size>
      </object_component>
      <object_component id="oc-1e9">
         <name>__TI_cinit_table</name>
         <load_address>0xe78</load_address>
         <run_address>0xe78</run_address>
         <size>0x8</size>
      </object_component>
      <object_component id="oc-1c5">
         <name>.binit</name>
         <load_address>0x0</load_address>
         <run_address>0x0</run_address>
         <size>0x0</size>
      </object_component>
      <object_component id="oc-124">
         <name>.data</name>
         <load_address>0x20000048</load_address>
         <run_address>0x20000048</run_address>
         <size>0x4</size>
         <input_file_ref idref="fl-4"/>
      </object_component>
      <object_component id="oc-128">
         <name>.data:GPIO_PORT_TO_BASE</name>
         <load_address>0x20000000</load_address>
         <run_address>0x20000000</run_address>
         <size>0x30</size>
         <input_file_ref idref="fl-a"/>
      </object_component>
      <object_component id="oc-b0">
         <name>.data:$O1$$</name>
         <load_address>0x20000030</load_address>
         <run_address>0x20000030</run_address>
         <size>0xc</size>
         <input_file_ref idref="fl-ca"/>
      </object_component>
      <object_component id="oc-73">
         <name>.data</name>
         <load_address>0x20000044</load_address>
         <run_address>0x20000044</run_address>
         <size>0x4</size>
         <input_file_ref idref="fl-cf"/>
      </object_component>
      <object_component id="oc-b3">
         <name>.data:$O1$$</name>
         <load_address>0x2000003c</load_address>
         <run_address>0x2000003c</run_address>
         <size>0x8</size>
         <input_file_ref idref="fl-d0"/>
      </object_component>
      <object_component id="oc-2f">
         <name>.stack</name>
         <uninitialized>true</uninitialized>
         <run_address>0x2000fe00</run_address>
         <size>0x0</size>
         <input_file_ref idref="fl-c6"/>
      </object_component>
      <object_component id="oc-1eb">
         <name>.stack</name>
         <uninitialized>true</uninitialized>
         <run_address>0x2000fe00</run_address>
         <size>0x0</size>
      </object_component>
      <object_component id="oc-7f">
         <name>.debug_info</name>
         <load_address>0x0</load_address>
         <run_address>0x0</run_address>
         <size>0x2d9</size>
         <input_file_ref idref="fl-2"/>
      </object_component>
      <object_component id="oc-13d">
         <name>.debug_info</name>
         <load_address>0x2d9</load_address>
         <run_address>0x2d9</run_address>
         <size>0x8b</size>
         <input_file_ref idref="fl-2"/>
      </object_component>
      <object_component id="oc-f9">
         <name>.debug_info</name>
         <load_address>0x364</load_address>
         <run_address>0x364</run_address>
         <size>0x18b</size>
         <input_file_ref idref="fl-2"/>
      </object_component>
      <object_component id="oc-85">
         <name>.debug_info</name>
         <load_address>0x4ef</load_address>
         <run_address>0x4ef</run_address>
         <size>0x11a</size>
         <input_file_ref idref="fl-3"/>
      </object_component>
      <object_component id="oc-2d">
         <name>.debug_info</name>
         <load_address>0x609</load_address>
         <run_address>0x609</run_address>
         <size>0xf2</size>
         <input_file_ref idref="fl-3"/>
      </object_component>
      <object_component id="oc-7b">
         <name>.debug_info</name>
         <load_address>0x6fb</load_address>
         <run_address>0x6fb</run_address>
         <size>0x1b9</size>
         <input_file_ref idref="fl-3"/>
      </object_component>
      <object_component id="oc-8e">
         <name>.debug_info</name>
         <load_address>0x8b4</load_address>
         <run_address>0x8b4</run_address>
         <size>0x84</size>
         <input_file_ref idref="fl-3"/>
      </object_component>
      <object_component id="oc-125">
         <name>.debug_info</name>
         <load_address>0x938</load_address>
         <run_address>0x938</run_address>
         <size>0xeb</size>
         <input_file_ref idref="fl-4"/>
      </object_component>
      <object_component id="oc-bd">
         <name>.debug_info</name>
         <load_address>0xa23</load_address>
         <run_address>0xa23</run_address>
         <size>0x25d</size>
         <input_file_ref idref="fl-4"/>
      </object_component>
      <object_component id="oc-12c">
         <name>.debug_info</name>
         <load_address>0xc80</load_address>
         <run_address>0xc80</run_address>
         <size>0x4a4</size>
         <input_file_ref idref="fl-a"/>
      </object_component>
      <object_component id="oc-129">
         <name>.debug_info</name>
         <load_address>0x1124</load_address>
         <run_address>0x1124</run_address>
         <size>0xd0</size>
         <input_file_ref idref="fl-a"/>
      </object_component>
      <object_component id="oc-dc">
         <name>.debug_info</name>
         <load_address>0x11f4</load_address>
         <run_address>0x11f4</run_address>
         <size>0x183</size>
         <input_file_ref idref="fl-a"/>
      </object_component>
      <object_component id="oc-d5">
         <name>.debug_info</name>
         <load_address>0x1377</load_address>
         <run_address>0x1377</run_address>
         <size>0x19c</size>
         <input_file_ref idref="fl-a"/>
      </object_component>
      <object_component id="oc-c3">
         <name>.debug_info</name>
         <load_address>0x1513</load_address>
         <run_address>0x1513</run_address>
         <size>0x1be</size>
         <input_file_ref idref="fl-a"/>
      </object_component>
      <object_component id="oc-cf">
         <name>.debug_info</name>
         <load_address>0x16d1</load_address>
         <run_address>0x16d1</run_address>
         <size>0x17f</size>
         <input_file_ref idref="fl-a"/>
      </object_component>
      <object_component id="oc-c9">
         <name>.debug_info</name>
         <load_address>0x1850</load_address>
         <run_address>0x1850</run_address>
         <size>0x188</size>
         <input_file_ref idref="fl-a"/>
      </object_component>
      <object_component id="oc-15a">
         <name>.debug_info</name>
         <load_address>0x19d8</load_address>
         <run_address>0x19d8</run_address>
         <size>0x103e</size>
         <input_file_ref idref="fl-a"/>
      </object_component>
      <object_component id="oc-135">
         <name>.debug_info</name>
         <load_address>0x2a16</load_address>
         <run_address>0x2a16</run_address>
         <size>0x432</size>
         <input_file_ref idref="fl-b"/>
      </object_component>
      <object_component id="oc-132">
         <name>.debug_info</name>
         <load_address>0x2e48</load_address>
         <run_address>0x2e48</run_address>
         <size>0x173</size>
         <input_file_ref idref="fl-b"/>
      </object_component>
      <object_component id="oc-e7">
         <name>.debug_info</name>
         <load_address>0x2fbb</load_address>
         <run_address>0x2fbb</run_address>
         <size>0x122</size>
         <input_file_ref idref="fl-b"/>
      </object_component>
      <object_component id="oc-e1">
         <name>.debug_info</name>
         <load_address>0x30dd</load_address>
         <run_address>0x30dd</run_address>
         <size>0x16b</size>
         <input_file_ref idref="fl-b"/>
      </object_component>
      <object_component id="oc-ed">
         <name>.debug_info</name>
         <load_address>0x3248</load_address>
         <run_address>0x3248</run_address>
         <size>0x123</size>
         <input_file_ref idref="fl-b"/>
      </object_component>
      <object_component id="oc-18f">
         <name>.debug_info</name>
         <load_address>0x336b</load_address>
         <run_address>0x336b</run_address>
         <size>0x560</size>
         <input_file_ref idref="fl-c"/>
      </object_component>
      <object_component id="oc-179">
         <name>.debug_info</name>
         <load_address>0x38cb</load_address>
         <run_address>0x38cb</run_address>
         <size>0x174</size>
         <input_file_ref idref="fl-c"/>
      </object_component>
      <object_component id="oc-167">
         <name>.debug_info</name>
         <load_address>0x3a3f</load_address>
         <run_address>0x3a3f</run_address>
         <size>0xf9</size>
         <input_file_ref idref="fl-c"/>
      </object_component>
      <object_component id="oc-194">
         <name>.debug_info</name>
         <load_address>0x3b38</load_address>
         <run_address>0x3b38</run_address>
         <size>0x112</size>
         <input_file_ref idref="fl-c"/>
      </object_component>
      <object_component id="oc-185">
         <name>.debug_info</name>
         <load_address>0x3c4a</load_address>
         <run_address>0x3c4a</run_address>
         <size>0x291</size>
         <input_file_ref idref="fl-c"/>
      </object_component>
      <object_component id="oc-19a">
         <name>.debug_info</name>
         <load_address>0x3edb</load_address>
         <run_address>0x3edb</run_address>
         <size>0x12e</size>
         <input_file_ref idref="fl-c"/>
      </object_component>
      <object_component id="oc-f5">
         <name>.debug_info</name>
         <load_address>0x4009</load_address>
         <run_address>0x4009</run_address>
         <size>0x133</size>
         <input_file_ref idref="fl-c"/>
      </object_component>
      <object_component id="oc-16d">
         <name>.debug_info</name>
         <load_address>0x413c</load_address>
         <run_address>0x413c</run_address>
         <size>0x1b7</size>
         <input_file_ref idref="fl-c"/>
      </object_component>
      <object_component id="oc-173">
         <name>.debug_info</name>
         <load_address>0x42f3</load_address>
         <run_address>0x42f3</run_address>
         <size>0x12e</size>
         <input_file_ref idref="fl-c"/>
      </object_component>
      <object_component id="oc-1b5">
         <name>.debug_info</name>
         <load_address>0x4421</load_address>
         <run_address>0x4421</run_address>
         <size>0x120</size>
         <input_file_ref idref="fl-c"/>
      </object_component>
      <object_component id="oc-17f">
         <name>.debug_info</name>
         <load_address>0x4541</load_address>
         <run_address>0x4541</run_address>
         <size>0x311</size>
         <input_file_ref idref="fl-c"/>
      </object_component>
      <object_component id="oc-18b">
         <name>.debug_info</name>
         <load_address>0x4852</load_address>
         <run_address>0x4852</run_address>
         <size>0xfd</size>
         <input_file_ref idref="fl-c"/>
      </object_component>
      <object_component id="oc-144">
         <name>.debug_info</name>
         <load_address>0x494f</load_address>
         <run_address>0x494f</run_address>
         <size>0x54c</size>
         <input_file_ref idref="fl-c"/>
      </object_component>
      <object_component id="oc-1ad">
         <name>.debug_info</name>
         <load_address>0x4e9b</load_address>
         <run_address>0x4e9b</run_address>
         <size>0xf4</size>
         <input_file_ref idref="fl-d"/>
      </object_component>
      <object_component id="oc-1a6">
         <name>.debug_info</name>
         <load_address>0x4f8f</load_address>
         <run_address>0x4f8f</run_address>
         <size>0x115</size>
         <input_file_ref idref="fl-e"/>
      </object_component>
      <object_component id="oc-19e">
         <name>.debug_info</name>
         <load_address>0x50a4</load_address>
         <run_address>0x50a4</run_address>
         <size>0xe1</size>
         <input_file_ref idref="fl-f"/>
      </object_component>
      <object_component id="oc-138">
         <name>.debug_info</name>
         <load_address>0x5185</load_address>
         <run_address>0x5185</run_address>
         <size>0xe7</size>
         <input_file_ref idref="fl-f"/>
      </object_component>
      <object_component id="oc-28">
         <name>.debug_info</name>
         <load_address>0x526c</load_address>
         <run_address>0x526c</run_address>
         <size>0x161</size>
         <input_file_ref idref="fl-c6"/>
      </object_component>
      <object_component id="oc-3b">
         <name>.debug_info</name>
         <load_address>0x53cd</load_address>
         <run_address>0x53cd</run_address>
         <size>0x141</size>
         <input_file_ref idref="fl-c7"/>
      </object_component>
      <object_component id="oc-16">
         <name>.debug_info</name>
         <load_address>0x550e</load_address>
         <run_address>0x550e</run_address>
         <size>0x1e0</size>
         <input_file_ref idref="fl-c7"/>
      </object_component>
      <object_component id="oc-36">
         <name>.debug_info</name>
         <load_address>0x56ee</load_address>
         <run_address>0x56ee</run_address>
         <size>0x46</size>
         <input_file_ref idref="fl-c7"/>
      </object_component>
      <object_component id="oc-87">
         <name>.debug_info</name>
         <load_address>0x5734</load_address>
         <run_address>0x5734</run_address>
         <size>0x2c</size>
         <input_file_ref idref="fl-c7"/>
      </object_component>
      <object_component id="oc-43">
         <name>.debug_info</name>
         <load_address>0x5760</load_address>
         <run_address>0x5760</run_address>
         <size>0x135</size>
         <input_file_ref idref="fl-c8"/>
      </object_component>
      <object_component id="oc-3d">
         <name>.debug_info</name>
         <load_address>0x5895</load_address>
         <run_address>0x5895</run_address>
         <size>0x248</size>
         <input_file_ref idref="fl-c8"/>
      </object_component>
      <object_component id="oc-1c">
         <name>.debug_info</name>
         <load_address>0x5add</load_address>
         <run_address>0x5add</run_address>
         <size>0x1b2</size>
         <input_file_ref idref="fl-c8"/>
      </object_component>
      <object_component id="oc-44">
         <name>.debug_info</name>
         <load_address>0x5c8f</load_address>
         <run_address>0x5c8f</run_address>
         <size>0x39</size>
         <input_file_ref idref="fl-c8"/>
      </object_component>
      <object_component id="oc-96">
         <name>.debug_info</name>
         <load_address>0x5cc8</load_address>
         <run_address>0x5cc8</run_address>
         <size>0x2c</size>
         <input_file_ref idref="fl-c8"/>
      </object_component>
      <object_component id="oc-b7">
         <name>.debug_info</name>
         <load_address>0x5cf4</load_address>
         <run_address>0x5cf4</run_address>
         <size>0x235</size>
         <input_file_ref idref="fl-ca"/>
      </object_component>
      <object_component id="oc-b1">
         <name>.debug_info</name>
         <load_address>0x5f29</load_address>
         <run_address>0x5f29</run_address>
         <size>0x186</size>
         <input_file_ref idref="fl-ca"/>
      </object_component>
      <object_component id="oc-6e">
         <name>.debug_info</name>
         <load_address>0x60af</load_address>
         <run_address>0x60af</run_address>
         <size>0x215</size>
         <input_file_ref idref="fl-ca"/>
      </object_component>
      <object_component id="oc-31">
         <name>.debug_info</name>
         <load_address>0x62c4</load_address>
         <run_address>0x62c4</run_address>
         <size>0x112</size>
         <input_file_ref idref="fl-cb"/>
      </object_component>
      <object_component id="oc-4a">
         <name>.debug_info</name>
         <load_address>0x63d6</load_address>
         <run_address>0x63d6</run_address>
         <size>0x140</size>
         <input_file_ref idref="fl-cc"/>
      </object_component>
      <object_component id="oc-58">
         <name>.debug_info</name>
         <load_address>0x6516</load_address>
         <run_address>0x6516</run_address>
         <size>0x139</size>
         <input_file_ref idref="fl-cd"/>
      </object_component>
      <object_component id="oc-5e">
         <name>.debug_info</name>
         <load_address>0x664f</load_address>
         <run_address>0x664f</run_address>
         <size>0x149</size>
         <input_file_ref idref="fl-ce"/>
      </object_component>
      <object_component id="oc-74">
         <name>.debug_info</name>
         <load_address>0x6798</load_address>
         <run_address>0x6798</run_address>
         <size>0x10a</size>
         <input_file_ref idref="fl-cf"/>
      </object_component>
      <object_component id="oc-120">
         <name>.debug_info</name>
         <load_address>0x68a2</load_address>
         <run_address>0x68a2</run_address>
         <size>0x125</size>
         <input_file_ref idref="fl-d0"/>
      </object_component>
      <object_component id="oc-b4">
         <name>.debug_info</name>
         <load_address>0x69c7</load_address>
         <run_address>0x69c7</run_address>
         <size>0x114</size>
         <input_file_ref idref="fl-d0"/>
      </object_component>
      <object_component id="oc-119">
         <name>.debug_info</name>
         <load_address>0x6adb</load_address>
         <run_address>0x6adb</run_address>
         <size>0x220</size>
         <input_file_ref idref="fl-d0"/>
      </object_component>
      <object_component id="oc-af">
         <name>.debug_info</name>
         <load_address>0x6cfb</load_address>
         <run_address>0x6cfb</run_address>
         <size>0x167</size>
         <input_file_ref idref="fl-d1"/>
      </object_component>
      <object_component id="oc-69">
         <name>.debug_info</name>
         <load_address>0x6e62</load_address>
         <run_address>0x6e62</run_address>
         <size>0x168</size>
         <input_file_ref idref="fl-d1"/>
      </object_component>
      <object_component id="oc-111">
         <name>.debug_info</name>
         <load_address>0x6fca</load_address>
         <run_address>0x6fca</run_address>
         <size>0x5e</size>
         <input_file_ref idref="fl-d1"/>
      </object_component>
      <object_component id="oc-ad">
         <name>.debug_info</name>
         <load_address>0x7028</load_address>
         <run_address>0x7028</run_address>
         <size>0x2ea</size>
         <input_file_ref idref="fl-d2"/>
      </object_component>
      <object_component id="oc-62">
         <name>.debug_info</name>
         <load_address>0x7312</load_address>
         <run_address>0x7312</run_address>
         <size>0x191</size>
         <input_file_ref idref="fl-d2"/>
      </object_component>
      <object_component id="oc-105">
         <name>.debug_info</name>
         <load_address>0x74a3</load_address>
         <run_address>0x74a3</run_address>
         <size>0x39</size>
         <input_file_ref idref="fl-d2"/>
      </object_component>
      <object_component id="oc-10a">
         <name>.debug_info</name>
         <load_address>0x74dc</load_address>
         <run_address>0x74dc</run_address>
         <size>0xcd</size>
         <input_file_ref idref="fl-d2"/>
      </object_component>
      <object_component id="oc-101">
         <name>.debug_info</name>
         <load_address>0x75a9</load_address>
         <run_address>0x75a9</run_address>
         <size>0x1e1</size>
         <input_file_ref idref="fl-d3"/>
      </object_component>
      <object_component id="oc-a2">
         <name>.debug_info</name>
         <load_address>0x778a</load_address>
         <run_address>0x778a</run_address>
         <size>0x184</size>
         <input_file_ref idref="fl-d3"/>
      </object_component>
      <object_component id="oc-14c">
         <name>.debug_info</name>
         <load_address>0x790e</load_address>
         <run_address>0x790e</run_address>
         <size>0x2c</size>
         <input_file_ref idref="fl-d3"/>
      </object_component>
      <object_component id="oc-a7">
         <name>.debug_info</name>
         <load_address>0x793a</load_address>
         <run_address>0x793a</run_address>
         <size>0x146</size>
         <input_file_ref idref="fl-d4"/>
      </object_component>
      <object_component id="oc-1ec">
         <name>.debug_info</name>
         <load_address>0x7a80</load_address>
         <run_address>0x7a80</run_address>
         <size>0xa1</size>
      </object_component>
      <object_component id="oc-7e">
         <name>.debug_line</name>
         <load_address>0x0</load_address>
         <run_address>0x0</run_address>
         <size>0x8b</size>
         <input_file_ref idref="fl-2"/>
      </object_component>
      <object_component id="oc-140">
         <name>.debug_line</name>
         <load_address>0x8b</load_address>
         <run_address>0x8b</run_address>
         <size>0x20</size>
         <input_file_ref idref="fl-2"/>
      </object_component>
      <object_component id="oc-fc">
         <name>.debug_line</name>
         <load_address>0xab</load_address>
         <run_address>0xab</run_address>
         <size>0x73</size>
         <input_file_ref idref="fl-2"/>
      </object_component>
      <object_component id="oc-ff">
         <name>.debug_line</name>
         <load_address>0x11e</load_address>
         <run_address>0x11e</run_address>
         <size>0x40</size>
         <input_file_ref idref="fl-3"/>
      </object_component>
      <object_component id="oc-84">
         <name>.debug_line</name>
         <load_address>0x15e</load_address>
         <run_address>0x15e</run_address>
         <size>0x40</size>
         <input_file_ref idref="fl-3"/>
      </object_component>
      <object_component id="oc-7a">
         <name>.debug_line</name>
         <load_address>0x19e</load_address>
         <run_address>0x19e</run_address>
         <size>0x71</size>
         <input_file_ref idref="fl-3"/>
      </object_component>
      <object_component id="oc-91">
         <name>.debug_line</name>
         <load_address>0x20f</load_address>
         <run_address>0x20f</run_address>
         <size>0x20</size>
         <input_file_ref idref="fl-3"/>
      </object_component>
      <object_component id="oc-155">
         <name>.debug_line</name>
         <load_address>0x22f</load_address>
         <run_address>0x22f</run_address>
         <size>0x3b</size>
         <input_file_ref idref="fl-4"/>
      </object_component>
      <object_component id="oc-bc">
         <name>.debug_line</name>
         <load_address>0x26a</load_address>
         <run_address>0x26a</run_address>
         <size>0x146</size>
         <input_file_ref idref="fl-4"/>
      </object_component>
      <object_component id="oc-159">
         <name>.debug_line</name>
         <load_address>0x3b0</load_address>
         <run_address>0x3b0</run_address>
         <size>0x31</size>
         <input_file_ref idref="fl-a"/>
      </object_component>
      <object_component id="oc-157">
         <name>.debug_line</name>
         <load_address>0x3e1</load_address>
         <run_address>0x3e1</run_address>
         <size>0x2a</size>
         <input_file_ref idref="fl-a"/>
      </object_component>
      <object_component id="oc-db">
         <name>.debug_line</name>
         <load_address>0x40b</load_address>
         <run_address>0x40b</run_address>
         <size>0x3f</size>
         <input_file_ref idref="fl-a"/>
      </object_component>
      <object_component id="oc-d8">
         <name>.debug_line</name>
         <load_address>0x44a</load_address>
         <run_address>0x44a</run_address>
         <size>0x44</size>
         <input_file_ref idref="fl-a"/>
      </object_component>
      <object_component id="oc-c6">
         <name>.debug_line</name>
         <load_address>0x48e</load_address>
         <run_address>0x48e</run_address>
         <size>0x46</size>
         <input_file_ref idref="fl-a"/>
      </object_component>
      <object_component id="oc-d2">
         <name>.debug_line</name>
         <load_address>0x4d4</load_address>
         <run_address>0x4d4</run_address>
         <size>0x3f</size>
         <input_file_ref idref="fl-a"/>
      </object_component>
      <object_component id="oc-cc">
         <name>.debug_line</name>
         <load_address>0x513</load_address>
         <run_address>0x513</run_address>
         <size>0x3f</size>
         <input_file_ref idref="fl-a"/>
      </object_component>
      <object_component id="oc-15d">
         <name>.debug_line</name>
         <load_address>0x552</load_address>
         <run_address>0x552</run_address>
         <size>0x5e</size>
         <input_file_ref idref="fl-a"/>
      </object_component>
      <object_component id="oc-162">
         <name>.debug_line</name>
         <load_address>0x5b0</load_address>
         <run_address>0x5b0</run_address>
         <size>0x2b</size>
         <input_file_ref idref="fl-b"/>
      </object_component>
      <object_component id="oc-160">
         <name>.debug_line</name>
         <load_address>0x5db</load_address>
         <run_address>0x5db</run_address>
         <size>0x2f</size>
         <input_file_ref idref="fl-b"/>
      </object_component>
      <object_component id="oc-ea">
         <name>.debug_line</name>
         <load_address>0x60a</load_address>
         <run_address>0x60a</run_address>
         <size>0x44</size>
         <input_file_ref idref="fl-b"/>
      </object_component>
      <object_component id="oc-e4">
         <name>.debug_line</name>
         <load_address>0x64e</load_address>
         <run_address>0x64e</run_address>
         <size>0x6d</size>
         <input_file_ref idref="fl-b"/>
      </object_component>
      <object_component id="oc-f0">
         <name>.debug_line</name>
         <load_address>0x6bb</load_address>
         <run_address>0x6bb</run_address>
         <size>0x44</size>
         <input_file_ref idref="fl-b"/>
      </object_component>
      <object_component id="oc-1bc">
         <name>.debug_line</name>
         <load_address>0x6ff</load_address>
         <run_address>0x6ff</run_address>
         <size>0x56</size>
         <input_file_ref idref="fl-c"/>
      </object_component>
      <object_component id="oc-177">
         <name>.debug_line</name>
         <load_address>0x755</load_address>
         <run_address>0x755</run_address>
         <size>0x4a</size>
         <input_file_ref idref="fl-c"/>
      </object_component>
      <object_component id="oc-165">
         <name>.debug_line</name>
         <load_address>0x79f</load_address>
         <run_address>0x79f</run_address>
         <size>0x3e</size>
         <input_file_ref idref="fl-c"/>
      </object_component>
      <object_component id="oc-192">
         <name>.debug_line</name>
         <load_address>0x7dd</load_address>
         <run_address>0x7dd</run_address>
         <size>0x4a</size>
         <input_file_ref idref="fl-c"/>
      </object_component>
      <object_component id="oc-183">
         <name>.debug_line</name>
         <load_address>0x827</load_address>
         <run_address>0x827</run_address>
         <size>0xb3</size>
         <input_file_ref idref="fl-c"/>
      </object_component>
      <object_component id="oc-198">
         <name>.debug_line</name>
         <load_address>0x8da</load_address>
         <run_address>0x8da</run_address>
         <size>0x3e</size>
         <input_file_ref idref="fl-c"/>
      </object_component>
      <object_component id="oc-f3">
         <name>.debug_line</name>
         <load_address>0x918</load_address>
         <run_address>0x918</run_address>
         <size>0x3e</size>
         <input_file_ref idref="fl-c"/>
      </object_component>
      <object_component id="oc-16b">
         <name>.debug_line</name>
         <load_address>0x956</load_address>
         <run_address>0x956</run_address>
         <size>0x51</size>
         <input_file_ref idref="fl-c"/>
      </object_component>
      <object_component id="oc-171">
         <name>.debug_line</name>
         <load_address>0x9a7</load_address>
         <run_address>0x9a7</run_address>
         <size>0x40</size>
         <input_file_ref idref="fl-c"/>
      </object_component>
      <object_component id="oc-1b3">
         <name>.debug_line</name>
         <load_address>0x9e7</load_address>
         <run_address>0x9e7</run_address>
         <size>0x4e</size>
         <input_file_ref idref="fl-c"/>
      </object_component>
      <object_component id="oc-17d">
         <name>.debug_line</name>
         <load_address>0xa35</load_address>
         <run_address>0xa35</run_address>
         <size>0x78</size>
         <input_file_ref idref="fl-c"/>
      </object_component>
      <object_component id="oc-189">
         <name>.debug_line</name>
         <load_address>0xaad</load_address>
         <run_address>0xaad</run_address>
         <size>0x46</size>
         <input_file_ref idref="fl-c"/>
      </object_component>
      <object_component id="oc-147">
         <name>.debug_line</name>
         <load_address>0xaf3</load_address>
         <run_address>0xaf3</run_address>
         <size>0x9c</size>
         <input_file_ref idref="fl-c"/>
      </object_component>
      <object_component id="oc-1af">
         <name>.debug_line</name>
         <load_address>0xb8f</load_address>
         <run_address>0xb8f</run_address>
         <size>0x41</size>
         <input_file_ref idref="fl-d"/>
      </object_component>
      <object_component id="oc-1a9">
         <name>.debug_line</name>
         <load_address>0xbd0</load_address>
         <run_address>0xbd0</run_address>
         <size>0x42</size>
         <input_file_ref idref="fl-e"/>
      </object_component>
      <object_component id="oc-1a1">
         <name>.debug_line</name>
         <load_address>0xc12</load_address>
         <run_address>0xc12</run_address>
         <size>0x3b</size>
         <input_file_ref idref="fl-f"/>
      </object_component>
      <object_component id="oc-13b">
         <name>.debug_line</name>
         <load_address>0xc4d</load_address>
         <run_address>0xc4d</run_address>
         <size>0x3e</size>
         <input_file_ref idref="fl-f"/>
      </object_component>
      <object_component id="oc-27">
         <name>.debug_line</name>
         <load_address>0xc8b</load_address>
         <run_address>0xc8b</run_address>
         <size>0x53</size>
         <input_file_ref idref="fl-c6"/>
      </object_component>
      <object_component id="oc-8d">
         <name>.debug_line</name>
         <load_address>0xcde</load_address>
         <run_address>0xcde</run_address>
         <size>0x8a</size>
         <input_file_ref idref="fl-c7"/>
      </object_component>
      <object_component id="oc-19">
         <name>.debug_line</name>
         <load_address>0xd68</load_address>
         <run_address>0xd68</run_address>
         <size>0x55</size>
         <input_file_ref idref="fl-c7"/>
      </object_component>
      <object_component id="oc-39">
         <name>.debug_line</name>
         <load_address>0xdbd</load_address>
         <run_address>0xdbd</run_address>
         <size>0x3a</size>
         <input_file_ref idref="fl-c7"/>
      </object_component>
      <object_component id="oc-8a">
         <name>.debug_line</name>
         <load_address>0xdf7</load_address>
         <run_address>0xdf7</run_address>
         <size>0x8a</size>
         <input_file_ref idref="fl-c7"/>
      </object_component>
      <object_component id="oc-95">
         <name>.debug_line</name>
         <load_address>0xe81</load_address>
         <run_address>0xe81</run_address>
         <size>0x8a</size>
         <input_file_ref idref="fl-c8"/>
      </object_component>
      <object_component id="oc-41">
         <name>.debug_line</name>
         <load_address>0xf0b</load_address>
         <run_address>0xf0b</run_address>
         <size>0x98</size>
         <input_file_ref idref="fl-c8"/>
      </object_component>
      <object_component id="oc-1b">
         <name>.debug_line</name>
         <load_address>0xfa3</load_address>
         <run_address>0xfa3</run_address>
         <size>0x4b</size>
         <input_file_ref idref="fl-c8"/>
      </object_component>
      <object_component id="oc-47">
         <name>.debug_line</name>
         <load_address>0xfee</load_address>
         <run_address>0xfee</run_address>
         <size>0x39</size>
         <input_file_ref idref="fl-c8"/>
      </object_component>
      <object_component id="oc-99">
         <name>.debug_line</name>
         <load_address>0x1027</load_address>
         <run_address>0x1027</run_address>
         <size>0x8a</size>
         <input_file_ref idref="fl-c8"/>
      </object_component>
      <object_component id="oc-123">
         <name>.debug_line</name>
         <load_address>0x10b1</load_address>
         <run_address>0x10b1</run_address>
         <size>0xf2</size>
         <input_file_ref idref="fl-ca"/>
      </object_component>
      <object_component id="oc-117">
         <name>.debug_line</name>
         <load_address>0x11a3</load_address>
         <run_address>0x11a3</run_address>
         <size>0x2a</size>
         <input_file_ref idref="fl-ca"/>
      </object_component>
      <object_component id="oc-71">
         <name>.debug_line</name>
         <load_address>0x11cd</load_address>
         <run_address>0x11cd</run_address>
         <size>0x86</size>
         <input_file_ref idref="fl-ca"/>
      </object_component>
      <object_component id="oc-34">
         <name>.debug_line</name>
         <load_address>0x1253</load_address>
         <run_address>0x1253</run_address>
         <size>0x88</size>
         <input_file_ref idref="fl-cb"/>
      </object_component>
      <object_component id="oc-4d">
         <name>.debug_line</name>
         <load_address>0x12db</load_address>
         <run_address>0x12db</run_address>
         <size>0x79</size>
         <input_file_ref idref="fl-cc"/>
      </object_component>
      <object_component id="oc-5a">
         <name>.debug_line</name>
         <load_address>0x1354</load_address>
         <run_address>0x1354</run_address>
         <size>0x3d</size>
         <input_file_ref idref="fl-cd"/>
      </object_component>
      <object_component id="oc-60">
         <name>.debug_line</name>
         <load_address>0x1391</load_address>
         <run_address>0x1391</run_address>
         <size>0x40</size>
         <input_file_ref idref="fl-ce"/>
      </object_component>
      <object_component id="oc-ba">
         <name>.debug_line</name>
         <load_address>0x13d1</load_address>
         <run_address>0x13d1</run_address>
         <size>0x33</size>
         <input_file_ref idref="fl-cf"/>
      </object_component>
      <object_component id="oc-153">
         <name>.debug_line</name>
         <load_address>0x1404</load_address>
         <run_address>0x1404</run_address>
         <size>0x20</size>
         <input_file_ref idref="fl-d0"/>
      </object_component>
      <object_component id="oc-11f">
         <name>.debug_line</name>
         <load_address>0x1424</load_address>
         <run_address>0x1424</run_address>
         <size>0x2b</size>
         <input_file_ref idref="fl-d0"/>
      </object_component>
      <object_component id="oc-11c">
         <name>.debug_line</name>
         <load_address>0x144f</load_address>
         <run_address>0x144f</run_address>
         <size>0x68</size>
         <input_file_ref idref="fl-d0"/>
      </object_component>
      <object_component id="oc-110">
         <name>.debug_line</name>
         <load_address>0x14b7</load_address>
         <run_address>0x14b7</run_address>
         <size>0x2b</size>
         <input_file_ref idref="fl-d1"/>
      </object_component>
      <object_component id="oc-6b">
         <name>.debug_line</name>
         <load_address>0x14e2</load_address>
         <run_address>0x14e2</run_address>
         <size>0x50</size>
         <input_file_ref idref="fl-d1"/>
      </object_component>
      <object_component id="oc-114">
         <name>.debug_line</name>
         <load_address>0x1532</load_address>
         <run_address>0x1532</run_address>
         <size>0x2b</size>
         <input_file_ref idref="fl-d1"/>
      </object_component>
      <object_component id="oc-104">
         <name>.debug_line</name>
         <load_address>0x155d</load_address>
         <run_address>0x155d</run_address>
         <size>0xa9</size>
         <input_file_ref idref="fl-d2"/>
      </object_component>
      <object_component id="oc-65">
         <name>.debug_line</name>
         <load_address>0x1606</load_address>
         <run_address>0x1606</run_address>
         <size>0x8b</size>
         <input_file_ref idref="fl-d2"/>
      </object_component>
      <object_component id="oc-108">
         <name>.debug_line</name>
         <load_address>0x1691</load_address>
         <run_address>0x1691</run_address>
         <size>0x2e</size>
         <input_file_ref idref="fl-d2"/>
      </object_component>
      <object_component id="oc-10d">
         <name>.debug_line</name>
         <load_address>0x16bf</load_address>
         <run_address>0x16bf</run_address>
         <size>0x8b</size>
         <input_file_ref idref="fl-d2"/>
      </object_component>
      <object_component id="oc-14b">
         <name>.debug_line</name>
         <load_address>0x174a</load_address>
         <run_address>0x174a</run_address>
         <size>0x98</size>
         <input_file_ref idref="fl-d3"/>
      </object_component>
      <object_component id="oc-a1">
         <name>.debug_line</name>
         <load_address>0x17e2</load_address>
         <run_address>0x17e2</run_address>
         <size>0x68</size>
         <input_file_ref idref="fl-d3"/>
      </object_component>
      <object_component id="oc-14f">
         <name>.debug_line</name>
         <load_address>0x184a</load_address>
         <run_address>0x184a</run_address>
         <size>0x2e</size>
         <input_file_ref idref="fl-d3"/>
      </object_component>
      <object_component id="oc-ab">
         <name>.debug_line</name>
         <load_address>0x1878</load_address>
         <run_address>0x1878</run_address>
         <size>0x3c</size>
         <input_file_ref idref="fl-d4"/>
      </object_component>
      <object_component id="oc-82">
         <name>.debug_frame</name>
         <load_address>0x0</load_address>
         <run_address>0x0</run_address>
         <size>0xb6</size>
         <input_file_ref idref="fl-2"/>
      </object_component>
      <object_component id="oc-79">
         <name>.debug_frame</name>
         <load_address>0xb6</load_address>
         <run_address>0xb6</run_address>
         <size>0x97</size>
         <input_file_ref idref="fl-3"/>
      </object_component>
      <object_component id="oc-c0">
         <name>.debug_frame</name>
         <load_address>0x14d</load_address>
         <run_address>0x14d</run_address>
         <size>0x98</size>
         <input_file_ref idref="fl-4"/>
      </object_component>
      <object_component id="oc-df">
         <name>.debug_frame</name>
         <load_address>0x1e5</load_address>
         <run_address>0x1e5</run_address>
         <size>0x7f</size>
         <input_file_ref idref="fl-a"/>
      </object_component>
      <object_component id="oc-d9">
         <name>.debug_frame</name>
         <load_address>0x264</load_address>
         <run_address>0x264</run_address>
         <size>0x7f</size>
         <input_file_ref idref="fl-a"/>
      </object_component>
      <object_component id="oc-c7">
         <name>.debug_frame</name>
         <load_address>0x2e3</load_address>
         <run_address>0x2e3</run_address>
         <size>0x7f</size>
         <input_file_ref idref="fl-a"/>
      </object_component>
      <object_component id="oc-d3">
         <name>.debug_frame</name>
         <load_address>0x362</load_address>
         <run_address>0x362</run_address>
         <size>0x7f</size>
         <input_file_ref idref="fl-a"/>
      </object_component>
      <object_component id="oc-cd">
         <name>.debug_frame</name>
         <load_address>0x3e1</load_address>
         <run_address>0x3e1</run_address>
         <size>0x7f</size>
         <input_file_ref idref="fl-a"/>
      </object_component>
      <object_component id="oc-eb">
         <name>.debug_frame</name>
         <load_address>0x460</load_address>
         <run_address>0x460</run_address>
         <size>0x86</size>
         <input_file_ref idref="fl-b"/>
      </object_component>
      <object_component id="oc-e5">
         <name>.debug_frame</name>
         <load_address>0x4e6</load_address>
         <run_address>0x4e6</run_address>
         <size>0x83</size>
         <input_file_ref idref="fl-b"/>
      </object_component>
      <object_component id="oc-f1">
         <name>.debug_frame</name>
         <load_address>0x569</load_address>
         <run_address>0x569</run_address>
         <size>0x7f</size>
         <input_file_ref idref="fl-b"/>
      </object_component>
      <object_component id="oc-178">
         <name>.debug_frame</name>
         <load_address>0x5e8</load_address>
         <run_address>0x5e8</run_address>
         <size>0x86</size>
         <input_file_ref idref="fl-c"/>
      </object_component>
      <object_component id="oc-166">
         <name>.debug_frame</name>
         <load_address>0x66e</load_address>
         <run_address>0x66e</run_address>
         <size>0x7f</size>
         <input_file_ref idref="fl-c"/>
      </object_component>
      <object_component id="oc-193">
         <name>.debug_frame</name>
         <load_address>0x6ed</load_address>
         <run_address>0x6ed</run_address>
         <size>0x8a</size>
         <input_file_ref idref="fl-c"/>
      </object_component>
      <object_component id="oc-184">
         <name>.debug_frame</name>
         <load_address>0x777</load_address>
         <run_address>0x777</run_address>
         <size>0x9b</size>
         <input_file_ref idref="fl-c"/>
      </object_component>
      <object_component id="oc-199">
         <name>.debug_frame</name>
         <load_address>0x812</load_address>
         <run_address>0x812</run_address>
         <size>0x7f</size>
         <input_file_ref idref="fl-c"/>
      </object_component>
      <object_component id="oc-f4">
         <name>.debug_frame</name>
         <load_address>0x891</load_address>
         <run_address>0x891</run_address>
         <size>0x7f</size>
         <input_file_ref idref="fl-c"/>
      </object_component>
      <object_component id="oc-16c">
         <name>.debug_frame</name>
         <load_address>0x910</load_address>
         <run_address>0x910</run_address>
         <size>0x8e</size>
         <input_file_ref idref="fl-c"/>
      </object_component>
      <object_component id="oc-172">
         <name>.debug_frame</name>
         <load_address>0x99e</load_address>
         <run_address>0x99e</run_address>
         <size>0x86</size>
         <input_file_ref idref="fl-c"/>
      </object_component>
      <object_component id="oc-1b4">
         <name>.debug_frame</name>
         <load_address>0xa24</load_address>
         <run_address>0xa24</run_address>
         <size>0x8a</size>
         <input_file_ref idref="fl-c"/>
      </object_component>
      <object_component id="oc-17e">
         <name>.debug_frame</name>
         <load_address>0xaae</load_address>
         <run_address>0xaae</run_address>
         <size>0x9c</size>
         <input_file_ref idref="fl-c"/>
      </object_component>
      <object_component id="oc-18a">
         <name>.debug_frame</name>
         <load_address>0xb4a</load_address>
         <run_address>0xb4a</run_address>
         <size>0x86</size>
         <input_file_ref idref="fl-c"/>
      </object_component>
      <object_component id="oc-148">
         <name>.debug_frame</name>
         <load_address>0xbd0</load_address>
         <run_address>0xbd0</run_address>
         <size>0x90</size>
         <input_file_ref idref="fl-c"/>
      </object_component>
      <object_component id="oc-1ac">
         <name>.debug_frame</name>
         <load_address>0xc60</load_address>
         <run_address>0xc60</run_address>
         <size>0x7f</size>
         <input_file_ref idref="fl-d"/>
      </object_component>
      <object_component id="oc-1a5">
         <name>.debug_frame</name>
         <load_address>0xcdf</load_address>
         <run_address>0xcdf</run_address>
         <size>0x7f</size>
         <input_file_ref idref="fl-e"/>
      </object_component>
      <object_component id="oc-1a2">
         <name>.debug_frame</name>
         <load_address>0xd5e</load_address>
         <run_address>0xd5e</run_address>
         <size>0x7f</size>
         <input_file_ref idref="fl-f"/>
      </object_component>
      <object_component id="oc-137">
         <name>.debug_frame</name>
         <load_address>0xddd</load_address>
         <run_address>0xddd</run_address>
         <size>0x7f</size>
         <input_file_ref idref="fl-f"/>
      </object_component>
      <object_component id="oc-18">
         <name>.debug_frame</name>
         <load_address>0xe5c</load_address>
         <run_address>0xe5c</run_address>
         <size>0x7f</size>
         <input_file_ref idref="fl-c7"/>
      </object_component>
      <object_component id="oc-40">
         <name>.debug_frame</name>
         <load_address>0xedb</load_address>
         <run_address>0xedb</run_address>
         <size>0x8e</size>
         <input_file_ref idref="fl-c8"/>
      </object_component>
      <object_component id="oc-1f">
         <name>.debug_frame</name>
         <load_address>0xf69</load_address>
         <run_address>0xf69</run_address>
         <size>0x7f</size>
         <input_file_ref idref="fl-c8"/>
      </object_component>
      <object_component id="oc-72">
         <name>.debug_frame</name>
         <load_address>0xfe8</load_address>
         <run_address>0xfe8</run_address>
         <size>0xb3</size>
         <input_file_ref idref="fl-ca"/>
      </object_component>
      <object_component id="oc-56">
         <name>.debug_frame</name>
         <load_address>0x109b</load_address>
         <run_address>0x109b</run_address>
         <size>0x7f</size>
         <input_file_ref idref="fl-cd"/>
      </object_component>
      <object_component id="oc-5c">
         <name>.debug_frame</name>
         <load_address>0x111a</load_address>
         <run_address>0x111a</run_address>
         <size>0x7f</size>
         <input_file_ref idref="fl-ce"/>
      </object_component>
      <object_component id="oc-11d">
         <name>.debug_frame</name>
         <load_address>0x1199</load_address>
         <run_address>0x1199</run_address>
         <size>0xa1</size>
         <input_file_ref idref="fl-d0"/>
      </object_component>
      <object_component id="oc-6c">
         <name>.debug_frame</name>
         <load_address>0x123a</load_address>
         <run_address>0x123a</run_address>
         <size>0x7f</size>
         <input_file_ref idref="fl-d1"/>
      </object_component>
      <object_component id="oc-66">
         <name>.debug_frame</name>
         <load_address>0x12b9</load_address>
         <run_address>0x12b9</run_address>
         <size>0x8a</size>
         <input_file_ref idref="fl-d2"/>
      </object_component>
      <object_component id="oc-a5">
         <name>.debug_frame</name>
         <load_address>0x1343</load_address>
         <run_address>0x1343</run_address>
         <size>0x8e</size>
         <input_file_ref idref="fl-d3"/>
      </object_component>
      <object_component id="oc-aa">
         <name>.debug_frame</name>
         <load_address>0x13d1</load_address>
         <run_address>0x13d1</run_address>
         <size>0x7f</size>
         <input_file_ref idref="fl-d4"/>
      </object_component>
      <object_component id="oc-f8">
         <name>.debug_abbrev</name>
         <load_address>0x0</load_address>
         <run_address>0x0</run_address>
         <size>0x7b</size>
         <input_file_ref idref="fl-2"/>
      </object_component>
      <object_component id="oc-13f">
         <name>.debug_abbrev</name>
         <load_address>0x7b</load_address>
         <run_address>0x7b</run_address>
         <size>0x1f</size>
         <input_file_ref idref="fl-2"/>
      </object_component>
      <object_component id="oc-fb">
         <name>.debug_abbrev</name>
         <load_address>0x9a</load_address>
         <run_address>0x9a</run_address>
         <size>0x35</size>
         <input_file_ref idref="fl-2"/>
      </object_component>
      <object_component id="oc-fe">
         <name>.debug_abbrev</name>
         <load_address>0xcf</load_address>
         <run_address>0xcf</run_address>
         <size>0x68</size>
         <input_file_ref idref="fl-3"/>
      </object_component>
      <object_component id="oc-83">
         <name>.debug_abbrev</name>
         <load_address>0x137</load_address>
         <run_address>0x137</run_address>
         <size>0x29</size>
         <input_file_ref idref="fl-3"/>
      </object_component>
      <object_component id="oc-c1">
         <name>.debug_abbrev</name>
         <load_address>0x160</load_address>
         <run_address>0x160</run_address>
         <size>0x89</size>
         <input_file_ref idref="fl-3"/>
      </object_component>
      <object_component id="oc-90">
         <name>.debug_abbrev</name>
         <load_address>0x1e9</load_address>
         <run_address>0x1e9</run_address>
         <size>0x1f</size>
         <input_file_ref idref="fl-3"/>
      </object_component>
      <object_component id="oc-154">
         <name>.debug_abbrev</name>
         <load_address>0x208</load_address>
         <run_address>0x208</run_address>
         <size>0x29</size>
         <input_file_ref idref="fl-4"/>
      </object_component>
      <object_component id="oc-127">
         <name>.debug_abbrev</name>
         <load_address>0x231</load_address>
         <run_address>0x231</run_address>
         <size>0x8b</size>
         <input_file_ref idref="fl-4"/>
      </object_component>
      <object_component id="oc-158">
         <name>.debug_abbrev</name>
         <load_address>0x2bc</load_address>
         <run_address>0x2bc</run_address>
         <size>0xb0</size>
         <input_file_ref idref="fl-a"/>
      </object_component>
      <object_component id="oc-156">
         <name>.debug_abbrev</name>
         <load_address>0x36c</load_address>
         <run_address>0x36c</run_address>
         <size>0x27</size>
         <input_file_ref idref="fl-a"/>
      </object_component>
      <object_component id="oc-130">
         <name>.debug_abbrev</name>
         <load_address>0x393</load_address>
         <run_address>0x393</run_address>
         <size>0x6c</size>
         <input_file_ref idref="fl-a"/>
      </object_component>
      <object_component id="oc-12f">
         <name>.debug_abbrev</name>
         <load_address>0x3ff</load_address>
         <run_address>0x3ff</run_address>
         <size>0x6c</size>
         <input_file_ref idref="fl-a"/>
      </object_component>
      <object_component id="oc-12b">
         <name>.debug_abbrev</name>
         <load_address>0x46b</load_address>
         <run_address>0x46b</run_address>
         <size>0x6c</size>
         <input_file_ref idref="fl-a"/>
      </object_component>
      <object_component id="oc-12e">
         <name>.debug_abbrev</name>
         <load_address>0x4d7</load_address>
         <run_address>0x4d7</run_address>
         <size>0x6c</size>
         <input_file_ref idref="fl-a"/>
      </object_component>
      <object_component id="oc-12d">
         <name>.debug_abbrev</name>
         <load_address>0x543</load_address>
         <run_address>0x543</run_address>
         <size>0x6c</size>
         <input_file_ref idref="fl-a"/>
      </object_component>
      <object_component id="oc-15c">
         <name>.debug_abbrev</name>
         <load_address>0x5af</load_address>
         <run_address>0x5af</run_address>
         <size>0x97</size>
         <input_file_ref idref="fl-a"/>
      </object_component>
      <object_component id="oc-161">
         <name>.debug_abbrev</name>
         <load_address>0x646</load_address>
         <run_address>0x646</run_address>
         <size>0xb0</size>
         <input_file_ref idref="fl-b"/>
      </object_component>
      <object_component id="oc-15f">
         <name>.debug_abbrev</name>
         <load_address>0x6f6</load_address>
         <run_address>0x6f6</run_address>
         <size>0x27</size>
         <input_file_ref idref="fl-b"/>
      </object_component>
      <object_component id="oc-13c">
         <name>.debug_abbrev</name>
         <load_address>0x71d</load_address>
         <run_address>0x71d</run_address>
         <size>0x60</size>
         <input_file_ref idref="fl-b"/>
      </object_component>
      <object_component id="oc-134">
         <name>.debug_abbrev</name>
         <load_address>0x77d</load_address>
         <run_address>0x77d</run_address>
         <size>0x6c</size>
         <input_file_ref idref="fl-b"/>
      </object_component>
      <object_component id="oc-142">
         <name>.debug_abbrev</name>
         <load_address>0x7e9</load_address>
         <run_address>0x7e9</run_address>
         <size>0x50</size>
         <input_file_ref idref="fl-b"/>
      </object_component>
      <object_component id="oc-1bb">
         <name>.debug_abbrev</name>
         <load_address>0x839</load_address>
         <run_address>0x839</run_address>
         <size>0xe1</size>
         <input_file_ref idref="fl-c"/>
      </object_component>
      <object_component id="oc-1b1">
         <name>.debug_abbrev</name>
         <load_address>0x91a</load_address>
         <run_address>0x91a</run_address>
         <size>0x7c</size>
         <input_file_ref idref="fl-c"/>
      </object_component>
      <object_component id="oc-190">
         <name>.debug_abbrev</name>
         <load_address>0x996</load_address>
         <run_address>0x996</run_address>
         <size>0x52</size>
         <input_file_ref idref="fl-c"/>
      </object_component>
      <object_component id="oc-1bd">
         <name>.debug_abbrev</name>
         <load_address>0x9e8</load_address>
         <run_address>0x9e8</run_address>
         <size>0x60</size>
         <input_file_ref idref="fl-c"/>
      </object_component>
      <object_component id="oc-1b9">
         <name>.debug_abbrev</name>
         <load_address>0xa48</load_address>
         <run_address>0xa48</run_address>
         <size>0x7a</size>
         <input_file_ref idref="fl-c"/>
      </object_component>
      <object_component id="oc-1be">
         <name>.debug_abbrev</name>
         <load_address>0xac2</load_address>
         <run_address>0xac2</run_address>
         <size>0x65</size>
         <input_file_ref idref="fl-c"/>
      </object_component>
      <object_component id="oc-149">
         <name>.debug_abbrev</name>
         <load_address>0xb27</load_address>
         <run_address>0xb27</run_address>
         <size>0x65</size>
         <input_file_ref idref="fl-c"/>
      </object_component>
      <object_component id="oc-1a3">
         <name>.debug_abbrev</name>
         <load_address>0xb8c</load_address>
         <run_address>0xb8c</run_address>
         <size>0x6e</size>
         <input_file_ref idref="fl-c"/>
      </object_component>
      <object_component id="oc-1b0">
         <name>.debug_abbrev</name>
         <load_address>0xbfa</load_address>
         <run_address>0xbfa</run_address>
         <size>0x60</size>
         <input_file_ref idref="fl-c"/>
      </object_component>
      <object_component id="oc-1c2">
         <name>.debug_abbrev</name>
         <load_address>0xc5a</load_address>
         <run_address>0xc5a</run_address>
         <size>0x60</size>
         <input_file_ref idref="fl-c"/>
      </object_component>
      <object_component id="oc-1b8">
         <name>.debug_abbrev</name>
         <load_address>0xcba</load_address>
         <run_address>0xcba</run_address>
         <size>0x7a</size>
         <input_file_ref idref="fl-c"/>
      </object_component>
      <object_component id="oc-1ba">
         <name>.debug_abbrev</name>
         <load_address>0xd34</load_address>
         <run_address>0xd34</run_address>
         <size>0x60</size>
         <input_file_ref idref="fl-c"/>
      </object_component>
      <object_component id="oc-18e">
         <name>.debug_abbrev</name>
         <load_address>0xd94</load_address>
         <run_address>0xd94</run_address>
         <size>0x7a</size>
         <input_file_ref idref="fl-c"/>
      </object_component>
      <object_component id="oc-1c1">
         <name>.debug_abbrev</name>
         <load_address>0xe0e</load_address>
         <run_address>0xe0e</run_address>
         <size>0x50</size>
         <input_file_ref idref="fl-d"/>
      </object_component>
      <object_component id="oc-1c0">
         <name>.debug_abbrev</name>
         <load_address>0xe5e</load_address>
         <run_address>0xe5e</run_address>
         <size>0x5e</size>
         <input_file_ref idref="fl-e"/>
      </object_component>
      <object_component id="oc-1bf">
         <name>.debug_abbrev</name>
         <load_address>0xebc</load_address>
         <run_address>0xebc</run_address>
         <size>0x50</size>
         <input_file_ref idref="fl-f"/>
      </object_component>
      <object_component id="oc-163">
         <name>.debug_abbrev</name>
         <load_address>0xf0c</load_address>
         <run_address>0xf0c</run_address>
         <size>0x52</size>
         <input_file_ref idref="fl-f"/>
      </object_component>
      <object_component id="oc-76">
         <name>.debug_abbrev</name>
         <load_address>0xf5e</load_address>
         <run_address>0xf5e</run_address>
         <size>0x3e</size>
         <input_file_ref idref="fl-c6"/>
      </object_component>
      <object_component id="oc-8c">
         <name>.debug_abbrev</name>
         <load_address>0xf9c</load_address>
         <run_address>0xf9c</run_address>
         <size>0x52</size>
         <input_file_ref idref="fl-c7"/>
      </object_component>
      <object_component id="oc-35">
         <name>.debug_abbrev</name>
         <load_address>0xfee</load_address>
         <run_address>0xfee</run_address>
         <size>0x74</size>
         <input_file_ref idref="fl-c7"/>
      </object_component>
      <object_component id="oc-38">
         <name>.debug_abbrev</name>
         <load_address>0x1062</load_address>
         <run_address>0x1062</run_address>
         <size>0x24</size>
         <input_file_ref idref="fl-c7"/>
      </object_component>
      <object_component id="oc-89">
         <name>.debug_abbrev</name>
         <load_address>0x1086</load_address>
         <run_address>0x1086</run_address>
         <size>0x24</size>
         <input_file_ref idref="fl-c7"/>
      </object_component>
      <object_component id="oc-94">
         <name>.debug_abbrev</name>
         <load_address>0x10aa</load_address>
         <run_address>0x10aa</run_address>
         <size>0x52</size>
         <input_file_ref idref="fl-c8"/>
      </object_component>
      <object_component id="oc-93">
         <name>.debug_abbrev</name>
         <load_address>0x10fc</load_address>
         <run_address>0x10fc</run_address>
         <size>0x7b</size>
         <input_file_ref idref="fl-c8"/>
      </object_component>
      <object_component id="oc-42">
         <name>.debug_abbrev</name>
         <load_address>0x1177</load_address>
         <run_address>0x1177</run_address>
         <size>0x66</size>
         <input_file_ref idref="fl-c8"/>
      </object_component>
      <object_component id="oc-46">
         <name>.debug_abbrev</name>
         <load_address>0x11dd</load_address>
         <run_address>0x11dd</run_address>
         <size>0x24</size>
         <input_file_ref idref="fl-c8"/>
      </object_component>
      <object_component id="oc-98">
         <name>.debug_abbrev</name>
         <load_address>0x1201</load_address>
         <run_address>0x1201</run_address>
         <size>0x24</size>
         <input_file_ref idref="fl-c8"/>
      </object_component>
      <object_component id="oc-122">
         <name>.debug_abbrev</name>
         <load_address>0x1225</load_address>
         <run_address>0x1225</run_address>
         <size>0xa8</size>
         <input_file_ref idref="fl-ca"/>
      </object_component>
      <object_component id="oc-116">
         <name>.debug_abbrev</name>
         <load_address>0x12cd</load_address>
         <run_address>0x12cd</run_address>
         <size>0x29</size>
         <input_file_ref idref="fl-ca"/>
      </object_component>
      <object_component id="oc-b6">
         <name>.debug_abbrev</name>
         <load_address>0x12f6</load_address>
         <run_address>0x12f6</run_address>
         <size>0xba</size>
         <input_file_ref idref="fl-ca"/>
      </object_component>
      <object_component id="oc-86">
         <name>.debug_abbrev</name>
         <load_address>0x13b0</load_address>
         <run_address>0x13b0</run_address>
         <size>0x3e</size>
         <input_file_ref idref="fl-cb"/>
      </object_component>
      <object_component id="oc-9b">
         <name>.debug_abbrev</name>
         <load_address>0x13ee</load_address>
         <run_address>0x13ee</run_address>
         <size>0x4f</size>
         <input_file_ref idref="fl-cc"/>
      </object_component>
      <object_component id="oc-9e">
         <name>.debug_abbrev</name>
         <load_address>0x143d</load_address>
         <run_address>0x143d</run_address>
         <size>0x53</size>
         <input_file_ref idref="fl-cd"/>
      </object_component>
      <object_component id="oc-9f">
         <name>.debug_abbrev</name>
         <load_address>0x1490</load_address>
         <run_address>0x1490</run_address>
         <size>0x55</size>
         <input_file_ref idref="fl-ce"/>
      </object_component>
      <object_component id="oc-b9">
         <name>.debug_abbrev</name>
[...]
         <page_id>0x0</page_id>
         <origin>0x1000000</origin>
         <length>0x10000</length>
         <used_space>0x24c</used_space>
         <unused_space>0xfdb4</unused_space>
         <attributes>RWX</attributes>
         <usage_details>
            <allocated_space>
               <start_address>0x1000000</start_address>
               <size>0x4c</size>
               <logical_group_ref idref="lg-e"/>
            </allocated_space>
            <available_space>
               <start_address>0x100004c</start_address>
               <size>0xfdb4</size>
            </available_space>
            <allocated_space>
               <start_address>0x100fe00</start_address>
               <size>0x200</size>
               <logical_group_ref idref="lg-11"/>
            </allocated_space>
         </usage_details>
      </memory_area>
      <memory_area display="yes" color="green">
         <name>SRAM_DATA</name>
         <page_id>0x0</page_id>
         <origin>0x20000000</origin>
         <length>0x10000</length>
         <used_space>0x24c</used_space>
         <unused_space>0xfdb4</unused_space>
         <attributes>RW</attributes>
         <usage_details>
            <allocated_space>
               <start_address>0x20000000</start_address>
               <size>0x4c</size>
               <logical_group_ref idref="lg-e"/>
            </allocated_space>
            <available_space>
               <start_address>0x2000004c</start_address>
               <size>0xfdb4</size>
            </available_space>
            <allocated_space>
               <start_address>0x2000fe00</start_address>
               <size>0x200</size>
               <logical_group_ref idref="lg-11"/>
            </allocated_space>
         </usage_details>
      </memory_area>
   </placement_map>
   <cptbl_list>
      <cptbl>
         <name>__TI_cinit_table</name>
         <cprec>
            <name>.data</name>
            <load_address>0xe28</load_address>
            <load_size>0x48</load_size>
            <run_address>0x20000000</run_address>
            <run_size>0x4c</run_size>
            <compression>rle</compression>
         </cprec>
      </cptbl>
   </cptbl_list>
   <handler_table>
      <handler_table_name>__TI_handler_table</handler_table_name>
      <handler>
         <index>0x0</index>
         <name>__TI_decompress_rle24</name>
      </handler>
      <handler>
         <index>0x1</index>
         <name>__TI_decompress_none</name>
      </handler>
   </handler_table>
   <symbol_table>
      <symbol id="sm-1">
         <name>WDTCTL_SYM</name>
         <value>0x4000480c</value>
      </symbol>
      <symbol id="sm-2">
         <name>__TI_CINIT_Base</name>
         <value>0xe78</value>
      </symbol>
      <symbol id="sm-3">
         <name>__TI_CINIT_Limit</name>
         <value>0xe80</value>
      </symbol>
      <symbol id="sm-4">
         <name>__TI_Handler_Table_Base</name>
         <value>0xe70</value>
      </symbol>
      <symbol id="sm-5">
         <name>__TI_Handler_Table_Limit</name>
         <value>0xe78</value>
      </symbol>
      <symbol id="sm-6">
         <name>binit</name>
         <value>0xffffffff</value>
      </symbol>
      <symbol id="sm-7">
         <name>__binit__</name>
         <value>0xffffffff</value>
      </symbol>
      <symbol id="sm-8">
         <name>__STACK_SIZE</name>
         <value>0x200</value>
      </symbol>
      <symbol id="sm-9">
         <name>__STACK_END</name>
         <value>0x20010000</value>
      </symbol>
      <symbol id="sm-a">
         <name>__c_args__</name>
         <value>0xffffffff</value>
      </symbol>
      <symbol id="sm-b">
         <name>__TI_pprof_out_hndl</name>
         <value>0xffffffff</value>
      </symbol>
      <symbol id="sm-c">
         <name>__TI_prof_data_start</name>
         <value>0xffffffff</value>
      </symbol>
      <symbol id="sm-d">
         <name>__TI_prof_data_size</name>
         <value>0xffffffff</value>
      </symbol>
      <symbol id="sm-42">
         <name>PORT1_IRQHandler</name>
         <value>0x829</value>
         <object_component_ref idref="oc-7d"/>
      </symbol>
      <symbol id="sm-43">
         <name>main</name>
         <value>0x817</value>
         <object_component_ref idref="oc-7d"/>
      </symbol>
      <symbol id="sm-44">
         <name>Setup</name>
         <value>0x7d9</value>
         <object_component_ref idref="oc-7d"/>
      </symbol>
      <symbol id="sm-5e">
         <name>Reset_Handler</name>
         <value>0xda3</value>
         <object_component_ref idref="oc-77"/>
      </symbol>
      <symbol id="sm-5f">
         <name>Default_Handler</name>
         <value>0xdaf</value>
         <object_component_ref idref="oc-77"/>
      </symbol>
      <symbol id="sm-60">
         <name>interruptVectors</name>
         <value>0x0</value>
         <object_component_ref idref="oc-2c"/>
      </symbol>
      <symbol id="sm-a6">
         <name>SystemInit</name>
         <value>0x359</value>
         <object_component_ref idref="oc-bb"/>
      </symbol>
      <symbol id="sm-a7">
         <name>SystemCoreClockUpdate</name>
         <value>0xe5</value>
         <object_component_ref idref="oc-bb"/>
      </symbol>
      <symbol id="sm-a8">
         <name>SystemCoreClock</name>
         <value>0x20000048</value>
         <object_component_ref idref="oc-124"/>
      </symbol>
      <symbol id="sm-eb">
         <name>GPIO_setAsInputPinWithPullUpResistor</name>
         <value>0xbe1</value>
         <object_component_ref idref="oc-c2"/>
      </symbol>
      <symbol id="sm-ec">
         <name>GPIO_enableInterrupt</name>
         <value>0xd39</value>
         <object_component_ref idref="oc-ce"/>
      </symbol>
      <symbol id="sm-ed">
         <name>GPIO_setAsOutputPin</name>
         <value>0xc91</value>
         <object_component_ref idref="oc-d4"/>
      </symbol>
      <symbol id="sm-ee">
         <name>GPIO_setOutputLowOnPin</name>
         <value>0xcf1</value>
         <object_component_ref idref="oc-da"/>
      </symbol>
      <symbol id="sm-ef">
         <name>GPIO_clearInterruptFlag</name>
         <value>0xcd9</value>
         <object_component_ref idref="oc-c8"/>
      </symbol>
      <symbol id="sm-129">
         <name>Interrupt_enableMaster</name>
         <value>0xd75</value>
         <object_component_ref idref="oc-e6"/>
      </symbol>
      <symbol id="sm-12a">
         <name>Interrupt_enableInterrupt</name>
         <value>0xa39</value>
         <object_component_ref idref="oc-e0"/>
      </symbol>
      <symbol id="sm-12b">
         <name>Interrupt_disableSleepOnIsrExit</name>
         <value>0xd4d</value>
         <object_component_ref idref="oc-ec"/>
      </symbol>
      <symbol id="sm-1e8">
         <name>PCM_getCoreVoltageLevel</name>
         <value>0xc11</value>
         <object_component_ref idref="oc-1b2"/>
      </symbol>
      <symbol id="sm-1e9">
         <name>PCM_shutdownDevice</name>
         <value>0xb45</value>
         <object_component_ref idref="oc-176"/>
      </symbol>
      <symbol id="sm-1ea">
         <name>PCM_setPowerState</name>
         <value>0xdd1</value>
         <object_component_ref idref="oc-f2"/>
      </symbol>
      <symbol id="sm-1eb">
         <name>PCM_getPowerMode</name>
         <value>0xc3d</value>
         <object_component_ref idref="oc-191"/>
      </symbol>
      <symbol id="sm-1ec">
         <name>PCM_getPowerState</name>
         <value>0xdbd</value>
         <object_component_ref idref="oc-164"/>
      </symbol>
      <symbol id="sm-1ed">
         <name>PCM_gotoLPM4</name>
         <value>0xd85</value>
         <object_component_ref idref="oc-170"/>
      </symbol>
      <symbol id="sm-1ee">
         <name>PCM_gotoLPM3</name>
         <value>0x865</value>
         <object_component_ref idref="oc-16a"/>
      </symbol>
      <symbol id="sm-1ef">
         <name>PCM_gotoLPM0</name>
         <value>0xc69</value>
         <object_component_ref idref="oc-188"/>
      </symbol>
      <symbol id="sm-1f0">
         <name>PCM_setPowerMode</name>
         <value>0xdc9</value>
         <object_component_ref idref="oc-197"/>
      </symbol>
      <symbol id="sm-1fd">
         <name>RTC_C_holdClock</name>
         <value>0xcb5</value>
         <object_component_ref idref="oc-1aa"/>
      </symbol>
      <symbol id="sm-209">
         <name>WDT_A_holdTimer</name>
         <value>0xd09</value>
         <object_component_ref idref="oc-1a4"/>
      </symbol>
      <symbol id="sm-21b">
         <name>CPU_wfi</name>
         <value>0xddf</value>
         <object_component_ref idref="oc-19d"/>
      </symbol>
      <symbol id="sm-21c">
         <name>CPU_cpsie</name>
         <value>0xdb1</value>
         <object_component_ref idref="oc-136"/>
      </symbol>
      <symbol id="sm-22e">
         <name>_c_int00</name>
         <value>0xa9d</value>
         <object_component_ref idref="oc-26"/>
      </symbol>
      <symbol id="sm-22f">
         <name>__stack</name>
         <value>0x2000fe00</value>
         <object_component_ref idref="oc-2f"/>
      </symbol>
      <symbol id="sm-246">
         <name>__TI_decompress_none</name>
         <value>0xd95</value>
         <object_component_ref idref="oc-14"/>
      </symbol>
      <symbol id="sm-26e">
         <name>__TI_decompress_rle24</name>
         <value>0xdd9</value>
         <object_component_ref idref="oc-1a"/>
      </symbol>
      <symbol id="sm-290">
         <name>C$$EXIT</name>
         <value>0xaf1</value>
         <object_component_ref idref="oc-6d"/>
      </symbol>
      <symbol id="sm-291">
         <name>abort</name>
         <value>0xaf5</value>
         <object_component_ref idref="oc-6d"/>
      </symbol>
      <symbol id="sm-292">
         <name>exit</name>
         <value>0xafd</value>
         <object_component_ref idref="oc-6d"/>
      </symbol>
      <symbol id="sm-293">
         <name>__TI_dtors_ptr</name>
         <value>0x20000034</value>
         <object_component_ref idref="oc-b0"/>
      </symbol>
      <symbol id="sm-294">
         <name>__TI_cleanup_ptr</name>
         <value>0x20000030</value>
         <object_component_ref idref="oc-b0"/>
      </symbol>
      <symbol id="sm-295">
         <name>__TI_enable_exit_profile_output</name>
         <value>0x20000038</value>
         <object_component_ref idref="oc-b0"/>
      </symbol>
      <symbol id="sm-2b0">
         <name>memcpy</name>
         <value>0x73d</value>
         <object_component_ref idref="oc-30"/>
      </symbol>
      <symbol id="sm-2b1">
         <name>__aeabi_memcpy</name>
         <value>0x73d</value>
         <object_component_ref idref="oc-30"/>
      </symbol>
      <symbol id="sm-2b2">
         <name>__aeabi_memcpy8</name>
         <value>0x73d</value>
         <object_component_ref idref="oc-30"/>
      </symbol>
      <symbol id="sm-2b3">
         <name>__aeabi_memcpy4</name>
         <value>0x73d</value>
         <object_component_ref idref="oc-30"/>
      </symbol>
      <symbol id="sm-2c2">
         <name>__aeabi_memset</name>
         <value>0x8e3</value>
         <object_component_ref idref="oc-49"/>
      </symbol>
      <symbol id="sm-2c3">
         <name>memset</name>
         <value>0x8e9</value>
         <object_component_ref idref="oc-49"/>
      </symbol>
      <symbol id="sm-2c4">
         <name>__aeabi_memset8</name>
         <value>0x8e3</value>
         <object_component_ref idref="oc-49"/>
      </symbol>
      <symbol id="sm-2c5">
         <name>__aeabi_memset4</name>
         <value>0x8e3</value>
         <object_component_ref idref="oc-49"/>
      </symbol>
      <symbol id="sm-2c6">
         <name>__aeabi_memclr8</name>
         <value>0x8e1</value>
         <object_component_ref idref="oc-49"/>
      </symbol>
      <symbol id="sm-2c7">
         <name>__aeabi_memclr4</name>
         <value>0x8e1</value>
         <object_component_ref idref="oc-49"/>
      </symbol>
      <symbol id="sm-2c8">
         <name>__aeabi_memclr</name>
         <value>0x8e1</value>
         <object_component_ref idref="oc-49"/>
      </symbol>
      <symbol id="sm-2d2">
         <name>__mpu_init</name>
         <value>0x95b</value>
         <object_component_ref idref="oc-55"/>
      </symbol>
      <symbol id="sm-2dc">
         <name>_system_pre_init</name>
         <value>0xde3</value>
         <object_component_ref idref="oc-5b"/>
      </symbol>
      <symbol id="sm-2e4">
         <name>main_func_sp</name>
         <value>0x20000044</value>
         <object_component_ref idref="oc-73"/>
      </symbol>
      <symbol id="sm-2fd">
         <name>_nop</name>
         <value>0xd6f</value>
         <object_component_ref idref="oc-118"/>
      </symbol>
      <symbol id="sm-2fe">
         <name>_lock</name>
         <value>0x2000003c</value>
         <object_component_ref idref="oc-b3"/>
      </symbol>
      <symbol id="sm-2ff">
         <name>_unlock</name>
         <value>0x20000040</value>
         <object_component_ref idref="oc-b3"/>
      </symbol>
      <symbol id="sm-300">
         <name>_register_lock</name>
         <value>0xd67</value>
         <object_component_ref idref="oc-118"/>
      </symbol>
      <symbol id="sm-301">
         <name>_register_unlock</name>
         <value>0xd61</value>
         <object_component_ref idref="oc-118"/>
      </symbol>
      <symbol id="sm-315">
         <name>_args_main</name>
         <value>0xd21</value>
         <object_component_ref idref="oc-67"/>
      </symbol>
      <symbol id="sm-33a">
         <name>__TI_auto_init</name>
         <value>0x95d</value>
         <object_component_ref idref="oc-61"/>
      </symbol>
      <symbol id="sm-354">
         <name>copy_in</name>
         <value>0xb95</value>
         <object_component_ref idref="oc-a0"/>
      </symbol>
      <symbol id="sm-35e">
         <name>_system_post_cinit</name>
         <value>0xa37</value>
         <object_component_ref idref="oc-a6"/>
      </symbol>
      <symbol id="sm-35f">
         <name>__TI_static_base__</name>
         <value>0x0</value>
      </symbol>
      <symbol id="sm-362">
         <name>SHT$$INIT_ARRAY$$Limit</name>
         <value>0x0</value>
      </symbol>
      <symbol id="sm-363">
         <name>SHT$$INIT_ARRAY$$Base</name>
         <value>0x0</value>
      </symbol>
      <symbol id="sm-364">
         <name>NMI_Handler</name>
         <value>0xdaf</value>
      </symbol>
      <symbol id="sm-365">
         <name>HardFault_Handler</name>
         <value>0xdaf</value>
      </symbol>
      <symbol id="sm-366">
         <name>MemManage_Handler</name>
         <value>0xdaf</value>
      </symbol>
      <symbol id="sm-367">
         <name>BusFault_Handler</name>
         <value>0xdaf</value>
      </symbol>
      <symbol id="sm-368">
         <name>UsageFault_Handler</name>
         <value>0xdaf</value>
      </symbol>
      <symbol id="sm-369">
         <name>SVC_Handler</name>
         <value>0xdaf</value>
      </symbol>
      <symbol id="sm-36a">
         <name>DebugMon_Handler</name>
         <value>0xdaf</value>
      </symbol>
      <symbol id="sm-36b">
         <name>PendSV_Handler</name>
         <value>0xdaf</value>
      </symbol>
      <symbol id="sm-36c">
         <name>SysTick_Handler</name>
         <value>0xdaf</value>
      </symbol>
      <symbol id="sm-36d">
         <name>PSS_IRQHandler</name>
         <value>0xdaf</value>
      </symbol>
      <symbol id="sm-36e">
         <name>CS_IRQHandler</name>
         <value>0xdaf</value>
      </symbol>
      <symbol id="sm-36f">
         <name>PCM_IRQHandler</name>
         <value>0xdaf</value>
      </symbol>
      <symbol id="sm-370">
         <name>WDT_A_IRQHandler</name>
         <value>0xdaf</value>
      </symbol>
      <symbol id="sm-371">
         <name>FPU_IRQHandler</name>
         <value>0xdaf</value>
      </symbol>
      <symbol id="sm-372">
         <name>FLCTL_IRQHandler</name>
         <value>0xdaf</value>
      </symbol>
      <symbol id="sm-373">
         <name>COMP_E0_IRQHandler</name>
         <value>0xdaf</value>
      </symbol>
      <symbol id="sm-374">
         <name>COMP_E1_IRQHandler</name>
         <value>0xdaf</value>
      </symbol>
      <symbol id="sm-375">
         <name>TA0_0_IRQHandler</name>
         <value>0xdaf</value>
      </symbol>
      <symbol id="sm-376">
         <name>TA0_N_IRQHandler</name>
         <value>0xdaf</value>
      </symbol>
      <symbol id="sm-377">
         <name>TA1_0_IRQHandler</name>
         <value>0xdaf</value>
      </symbol>
      <symbol id="sm-378">
         <name>TA1_N_IRQHandler</name>
         <value>0xdaf</value>
      </symbol>
      <symbol id="sm-379">
         <name>TA2_0_IRQHandler</name>
         <value>0xdaf</value>
      </symbol>
      <symbol id="sm-37a">
         <name>TA2_N_IRQHandler</name>
         <value>0xdaf</value>
      </symbol>
      <symbol id="sm-37b">
         <name>TA3_0_IRQHandler</name>
         <value>0xdaf</value>
      </symbol>
      <symbol id="sm-37c">
         <name>TA3_N_IRQHandler</name>
         <value>0xdaf</value>
      </symbol>
      <symbol id="sm-37d">
         <name>EUSCIA0_IRQHandler</name>
         <value>0xdaf</value>
      </symbol>
      <symbol id="sm-37e">
         <name>EUSCIA1_IRQHandler</name>
         <value>0xdaf</value>
      </symbol>
      <symbol id="sm-37f">
         <name>EUSCIA2_IRQHandler</name>
         <value>0xdaf</value>
      </symbol>
      <symbol id="sm-380">
         <name>EUSCIA3_IRQHandler</name>
         <value>0xdaf</value>
      </symbol>
      <symbol id="sm-381">
         <name>EUSCIB0_IRQHandler</name>
         <value>0xdaf</value>
      </symbol>
      <symbol id="sm-382">
         <name>EUSCIB1_IRQHandler</name>
         <value>0xdaf</value>
      </symbol>
      <symbol id="sm-383">
         <name>EUSCIB2_IRQHandler</name>
         <value>0xdaf</value>
      </symbol>
      <symbol id="sm-384">
         <name>EUSCIB3_IRQHandler</name>
         <value>0xdaf</value>
      </symbol>
      <symbol id="sm-385">
         <name>ADC14_IRQHandler</name>
         <value>0xdaf</value>
      </symbol>
      <symbol id="sm-386">
         <name>T32_INT1_IRQHandler</name>
         <value>0xdaf</value>
      </symbol>
      <symbol id="sm-387">
         <name>T32_INT2_IRQHandler</name>
         <value>0xdaf</value>
      </symbol>
      <symbol id="sm-388">
         <name>T32_INTC_IRQHandler</name>
         <value>0xdaf</value>
      </symbol>
      <symbol id="sm-389">
         <name>AES256_IRQHandler</name>
         <value>0xdaf</value>
      </symbol>
      <symbol id="sm-38a">
         <name>RTC_C_IRQHandler</name>
         <value>0xdaf</value>
      </symbol>
      <symbol id="sm-38b">
         <name>DMA_ERR_IRQHandler</name>
         <value>0xdaf</value>
      </symbol>
      <symbol id="sm-38c">
         <name>DMA_INT3_IRQHandler</name>
         <value>0xdaf</value>
      </symbol>
      <symbol id="sm-38d">
         <name>DMA_INT2_IRQHandler</name>
         <value>0xdaf</value>
      </symbol>
      <symbol id="sm-38e">
         <name>DMA_INT1_IRQHandler</name>
         <value>0xdaf</value>
      </symbol>
      <symbol id="sm-38f">
         <name>DMA_INT0_IRQHandler</name>
         <value>0xdaf</value>
      </symbol>
      <symbol id="sm-390">
         <name>PORT1_IRQHandler</name>
         <value>0x829</value>
      </symbol>
      <symbol id="sm-391">
         <name>PORT2_IRQHandler</name>
         <value>0xdaf</value>
      </symbol>
      <symbol id="sm-392">
         <name>PORT3_IRQHandler</name>
         <value>0xdaf</value>
      </symbol>
      <symbol id="sm-393">
         <name>PORT4_IRQHandler</name>
         <value>0xdaf</value>
      </symbol>
      <symbol id="sm-394">
         <name>PORT5_IRQHandler</name>
         <value>0xdaf</value>
      </symbol>
      <symbol id="sm-395">
         <name>PORT6_IRQHandler</name>
         <value>0xdaf</value>
      </symbol>
   </symbol_table>
   <title>Link successful</title>
</link_info>
