******************************************************************************
                  TI ARM Linker PC v15.12.3                    
******************************************************************************
>> Linked Wed Feb 08 16:15:20 2017

OUTPUT FILE NAME:   <TryingToChangeStates.out>
ENTRY POINT SYMBOL: "_c_int00"  address: 00000a9d


MEMORY CONFIGURATION

         name            origin    length      used     unused   attr    fill
----------------------  --------  ---------  --------  --------  ----  --------
  MAIN                  00000000   00040000  00000e7e  0003f182  R  X
  INFO                  00200000   00004000  00000000  00004000  R  X
  SRAM_CODE             01000000   00010000  0000024c  0000fdb4  RW X
  SRAM_DATA             20000000   00010000  0000024c  0000fdb4  RW  


SEGMENT ALLOCATION MAP

run origin  load origin   length   init length attrs members
----------  ----------- ---------- ----------- ----- -------
00000000    00000000    00000e80   00000e80    r-x
  00000000    00000000    000000e4   000000e4    r-- .intvecs
  000000e4    000000e4    00000d02   00000d02    r-x .text
  00000de8    00000de8    00000040   00000040    r-- .const
  00000e28    00000e28    00000058   00000058    r-- .cinit
20000000    20000000    0000004c   00000000    rw-
  20000000    20000000    0000004c   00000000    rw- .data
2000fe00    2000fe00    00000200   00000000    rw-
  2000fe00    2000fe00    00000200   00000000    rw- .stack


SECTION ALLOCATION MAP

 output                                  attributes/
section   page    origin      length       input sections
--------  ----  ----------  ----------   ----------------
.intvecs   0    00000000    000000e4     
                  00000000    000000e4     startup_msp432p401r_ccs.obj (.intvecs:retain)

.binit     0    00000000    00000000     

.text      0    000000e4    00000d02     
                  000000e4    0000032c     system_msp432p401r.obj (.text)
                  00000410    000001a0     msp432p4xx_driverlib.lib : pcm.o (.text:__PCM_setPowerStateAdvanced)
                  000005b0    000000dc                              : pcm.o (.text:__PCM_setPowerModeAdvanced)
                  0000068c    000000b0                              : pcm.o (.text:__PCM_setCoreVoltageLevelAdvanced)
                  0000073c    0000009c     rtsv7M4_T_le_v4SPD16_eabi.lib : memcpy_t2.obj (.text)
                  000007d8    0000008c     main.obj (.text)
                  00000864    0000007c     msp432p4xx_driverlib.lib : pcm.o (.text:PCM_gotoLPM3)
                  000008e0    0000007a     rtsv7M4_T_le_v4SPD16_eabi.lib : memset_t2.obj (.text)
                  0000095a    00000002                                   : mpu_init.obj (.text)
                  0000095c    00000070                                   : autoinit.obj (.text)
                  000009cc    0000006a                                   : copy_decompress_rle.obj (.text)
                  00000a36    00000002                                   : startup.obj (.text)
                  00000a38    00000064     msp432p4xx_driverlib.lib : interrupt.o (.text:Interrupt_enableInterrupt)
                  00000a9c    00000054     rtsv7M4_T_le_v4SPD16_eabi.lib : boot.obj (.text)
                  00000af0    00000054                                   : exit.obj (.text)
                  00000b44    00000050     msp432p4xx_driverlib.lib : pcm.o (.text:PCM_shutdownDevice)
                  00000b94    0000004c     rtsv7M4_T_le_v4SPD16_eabi.lib : cpy_tbl.obj (.text)
                  00000be0    00000030     msp432p4xx_driverlib.lib : gpio.o (.text:GPIO_setAsInputPinWithPullUpResistor)
                  00000c10    0000002c                              : pcm.o (.text:PCM_getCoreVoltageLevel)
                  00000c3c    0000002a                              : pcm.o (.text:PCM_getPowerMode)
                  00000c66    00000002     --HOLE-- [fill = 0]
                  00000c68    00000028                              : pcm.o (.text:PCM_gotoLPM0)
                  00000c90    00000024                              : gpio.o (.text:GPIO_setAsOutputPin)
                  00000cb4    00000024                              : rtc_c.o (.text:RTC_C_holdClock)
                  00000cd8    00000018                              : gpio.o (.text:GPIO_clearInterruptFlag)
                  00000cf0    00000018                              : gpio.o (.text:GPIO_setOutputLowOnPin)
                  00000d08    00000018                              : wdt_a.o (.text:WDT_A_holdTimer)
                  00000d20    00000018     rtsv7M4_T_le_v4SPD16_eabi.lib : args_main.obj (.text)
                  00000d38    00000014     msp432p4xx_driverlib.lib : gpio.o (.text:GPIO_enableInterrupt)
                  00000d4c    00000014                              : interrupt.o (.text:Interrupt_disableSleepOnIsrExit)
                  00000d60    00000014     rtsv7M4_T_le_v4SPD16_eabi.lib : _lock.obj (.text)
                  00000d74    00000010     msp432p4xx_driverlib.lib : interrupt.o (.text:Interrupt_enableMaster)
                  00000d84    00000010                              : pcm.o (.text:PCM_gotoLPM4)
                  00000d94    0000000e     rtsv7M4_T_le_v4SPD16_eabi.lib : copy_decompress_none.obj (.text:decompress:none)
                  00000da2    0000000e     startup_msp432p401r_ccs.obj (.text)
                  00000db0    0000000c     msp432p4xx_driverlib.lib : cpu.o (.text:CPU_cpsie)
                  00000dbc    0000000c                              : pcm.o (.text:PCM_getPowerState)
                  00000dc8    00000008                              : pcm.o (.text:PCM_setPowerMode)
                  00000dd0    00000008                              : pcm.o (.text:PCM_setPowerState)
                  00000dd8    00000006     rtsv7M4_T_le_v4SPD16_eabi.lib : copy_decompress_rle.obj (.text:decompress:rle24)
                  00000dde    00000004     msp432p4xx_driverlib.lib : cpu.o (.text:CPU_wfi)
                  00000de2    00000004     rtsv7M4_T_le_v4SPD16_eabi.lib : pre_init.obj (.text)

.const     0    00000de8    00000040     
                  00000de8    00000040     msp432p4xx_driverlib.lib : interrupt.o (.const)

.cinit     0    00000e28    00000058     
                  00000e28    00000048     (.cinit..data.load) [load image, compression = rle]
                  00000e70    00000008     (__TI_handler_table)
                  00000e78    00000008     (__TI_cinit_table)

.init_array 
*          0    00000000    00000000     UNINITIALIZED

.data      0    20000000    0000004c     UNINITIALIZED
                  20000000    00000030     msp432p4xx_driverlib.lib : gpio.o (.data:GPIO_PORT_TO_BASE)
                  20000030    0000000c     rtsv7M4_T_le_v4SPD16_eabi.lib : exit.obj (.data:$O1$$)
                  2000003c    00000008                                   : _lock.obj (.data:$O1$$)
                  20000044    00000004                                   : stkdepth_vars.obj (.data)
                  20000048    00000004     system_msp432p401r.obj (.data)

.stack     0    2000fe00    00000200     UNINITIALIZED
                  2000fe00    00000200     --HOLE--

MODULE SUMMARY

       Module                        code   ro data   rw data
       ------                        ----   -------   -------
    .\
       system_msp432p401r.obj        812    0         8      
       startup_msp432p401r_ccs.obj   14     228       0      
       main.obj                      140    0         0      
    +--+-----------------------------+------+---------+---------+
       Total:                        966    228       8      
                                                             
    C:/ti/tirex-content/msp/msp432ware__3.50.00.02/driverlib/driverlib/MSP432P4xx/ccs/msp432p4xx_driverlib.lib
       pcm.o                         1186   0         0      
       gpio.o                        152    0         96     
       interrupt.o                   136    64        0      
       rtc_c.o                       36     0         0      
       wdt_a.o                       24     0         0      
       cpu.o                         16     0         0      
    +--+-----------------------------+------+---------+---------+
       Total:                        1550   64        96     
                                                             
    C:\Program Files (x86)\TI\ccsv6\tools\compiler\arm_15.12.3.LTS\lib\rtsv7M4_T_le_v4SPD16_eabi.lib
       memcpy_t2.obj                 156    0         0      
       memset_t2.obj                 122    0         0      
       autoinit.obj                  112    0         0      
       copy_decompress_rle.obj       112    0         0      
       exit.obj                      84     0         24     
       boot.obj                      84     0         0      
       cpy_tbl.obj                   76     0         0      
       _lock.obj                     20     0         16     
       args_main.obj                 24     0         0      
       copy_decompress_none.obj      14     0         0      
       stkdepth_vars.obj             0      0         8      
       pre_init.obj                  4      0         0      
       mpu_init.obj                  2      0         0      
       startup.obj                   2      0         0      
    +--+-----------------------------+------+---------+---------+
       Total:                        812    0         48     
                                                             
       Stack:                        0      0         1024   
       Linker Generated:             0      88        0      
    +--+-----------------------------+------+---------+---------+
       Grand Total:                  3328   380       1176   


LINKER GENERATED COPY TABLES

__TI_cinit_table @ 00000e78 records: 1, size/record: 8, table size: 8
	.data: load addr=00000e28, load size=00000048 bytes, run addr=20000000, run size=0000004c bytes, compression=rle


LINKER GENERATED HANDLER TABLE

__TI_handler_table @ 00000e70 records: 2, size/record: 4, table size: 8
	index: 0, handler: __TI_decompress_rle24
	index: 1, handler: __TI_decompress_none


GLOBAL SYMBOLS: SORTED ALPHABETICALLY BY Name 

address   name                                
-------   ----                                
00000daf  ADC14_IRQHandler                    
00000daf  AES256_IRQHandler                   
00000daf  BusFault_Handler                    
00000af1  C$$EXIT                             
00000daf  COMP_E0_IRQHandler                  
00000daf  COMP_E1_IRQHandler                  
00000db1  CPU_cpsie                           
00000ddf  CPU_wfi                             
00000daf  CS_IRQHandler                       
00000daf  DMA_ERR_IRQHandler                  
00000daf  DMA_INT0_IRQHandler                 
00000daf  DMA_INT1_IRQHandler                 
00000daf  DMA_INT2_IRQHandler                 
00000daf  DMA_INT3_IRQHandler                 
00000daf  DebugMon_Handler                    
00000daf  Default_Handler                     
00000daf  EUSCIA0_IRQHandler                  
00000daf  EUSCIA1_IRQHandler                  
00000daf  EUSCIA2_IRQHandler                  
00000daf  EUSCIA3_IRQHandler                  
00000daf  EUSCIB0_IRQHandler                  
00000daf  EUSCIB1_IRQHandler                  
00000daf  EUSCIB2_IRQHandler                  
00000daf  EUSCIB3_IRQHandler                  
00000daf  FLCTL_IRQHandler                    
00000daf  FPU_IRQHandler                      
00000cd9  GPIO_clearInterruptFlag             
00000d39  GPIO_enableInterrupt                
00000be1  GPIO_setAsInputPinWithPullUpResistor
00000c91  GPIO_setAsOutputPin                 
00000cf1  GPIO_setOutputLowOnPin              
00000daf  HardFault_Handler                   
00000d4d  Interrupt_disableSleepOnIsrExit     
00000a39  Interrupt_enableInterrupt           
00000d75  Interrupt_enableMaster              
00000daf  MemManage_Handler                   
00000daf  NMI_Handler                         
00000daf  PCM_IRQHandler                      
00000c11  PCM_getCoreVoltageLevel             
00000c3d  PCM_getPowerMode                    
00000dbd  PCM_getPowerState                   
00000c69  PCM_gotoLPM0                        
00000865  PCM_gotoLPM3                        
00000d85  PCM_gotoLPM4                        
00000dc9  PCM_setPowerMode                    
00000dd1  PCM_setPowerState                   
00000b45  PCM_shutdownDevice                  
00000829  PORT1_IRQHandler                    
00000829  PORT1_IRQHandler                    
00000daf  PORT2_IRQHandler                    
00000daf  PORT3_IRQHandler                    
00000daf  PORT4_IRQHandler                    
00000daf  PORT5_IRQHandler                    
00000daf  PORT6_IRQHandler                    
00000daf  PSS_IRQHandler                      
00000daf  PendSV_Handler                      
00000daf  RTC_C_IRQHandler                    
00000cb5  RTC_C_holdClock                     
00000da3  Reset_Handler                       
UNDEFED   SHT$$INIT_ARRAY$$Base               
UNDEFED   SHT$$INIT_ARRAY$$Limit              
00000daf  SVC_Handler                         
000007d9  Setup                               
00000daf  SysTick_Handler                     
20000048  SystemCoreClock                     
000000e5  SystemCoreClockUpdate               
00000359  SystemInit                          
00000daf  T32_INT1_IRQHandler                 
00000daf  T32_INT2_IRQHandler                 
00000daf  T32_INTC_IRQHandler                 
00000daf  TA0_0_IRQHandler                    
00000daf  TA0_N_IRQHandler                    
00000daf  TA1_0_IRQHandler                    
00000daf  TA1_N_IRQHandler                    
00000daf  TA2_0_IRQHandler                    
00000daf  TA2_N_IRQHandler                    
00000daf  TA3_0_IRQHandler                    
00000daf  TA3_N_IRQHandler                    
00000daf  UsageFault_Handler                  
4000480c  WDTCTL_SYM                          
00000daf  WDT_A_IRQHandler                    
00000d09  WDT_A_holdTimer                     
20010000  __STACK_END                         
00000200  __STACK_SIZE                        
00000e78  __TI_CINIT_Base                     
00000e80  __TI_CINIT_Limit                    
00000e70  __TI_Handler_Table_Base             
00000e78  __TI_Handler_Table_Limit            
0000095d  __TI_auto_init                      
20000030  __TI_cleanup_ptr                    
00000d95  __TI_decompress_none                
00000dd9  __TI_decompress_rle24               
20000034  __TI_dtors_ptr                      
20000038  __TI_enable_exit_profile_output     
ffffffff  __TI_pprof_out_hndl                 
ffffffff  __TI_prof_data_size                 
ffffffff  __TI_prof_data_start                
00000000  __TI_static_base__                  
000008e1  __aeabi_memclr                      
000008e1  __aeabi_memclr4                     
000008e1  __aeabi_memclr8                     
0000073d  __aeabi_memcpy                      
0000073d  __aeabi_memcpy4                     
0000073d  __aeabi_memcpy8                     
000008e3  __aeabi_memset                      
000008e3  __aeabi_memset4                     
000008e3  __aeabi_memset8                     
ffffffff  __binit__                           
ffffffff  __c_args__                          
0000095b  __mpu_init                          
2000fe00  __stack                             
00000d21  _args_main                          
00000a9d  _c_int00                            
2000003c  _lock                               
00000d6f  _nop                                
00000d67  _register_lock                      
00000d61  _register_unlock                    
00000a37  _system_post_cinit                  
00000de3  _system_pre_init                    
20000040  _unlock                             
00000af5  abort                               
ffffffff  binit                               
00000b95  copy_in                             
00000afd  exit                                
00000000  interruptVectors                    
00000817  main                                
20000044  main_func_sp                        
0000073d  memcpy                              
000008e9  memset                              


GLOBAL SYMBOLS: SORTED BY Symbol Address 

address   name                                
-------   ----                                
00000000  __TI_static_base__                  
00000000  interruptVectors                    
000000e5  SystemCoreClockUpdate               
00000200  __STACK_SIZE                        
00000359  SystemInit                          
0000073d  __aeabi_memcpy                      
0000073d  __aeabi_memcpy4                     
0000073d  __aeabi_memcpy8                     
0000073d  memcpy                              
000007d9  Setup                               
00000817  main                                
00000829  PORT1_IRQHandler                    
00000829  PORT1_IRQHandler                    
00000865  PCM_gotoLPM3                        
000008e1  __aeabi_memclr                      
000008e1  __aeabi_memclr4                     
000008e1  __aeabi_memclr8                     
000008e3  __aeabi_memset                      
000008e3  __aeabi_memset4                     
000008e3  __aeabi_memset8                     
000008e9  memset                              
0000095b  __mpu_init                          
0000095d  __TI_auto_init                      
00000a37  _system_post_cinit                  
00000a39  Interrupt_enableInterrupt           
00000a9d  _c_int00                            
00000af1  C$$EXIT                             
00000af5  abort                               
00000afd  exit                                
00000b45  PCM_shutdownDevice                  
00000b95  copy_in                             
00000be1  GPIO_setAsInputPinWithPullUpResistor
00000c11  PCM_getCoreVoltageLevel             
00000c3d  PCM_getPowerMode                    
00000c69  PCM_gotoLPM0                        
00000c91  GPIO_setAsOutputPin                 
00000cb5  RTC_C_holdClock                     
00000cd9  GPIO_clearInterruptFlag             
00000cf1  GPIO_setOutputLowOnPin              
00000d09  WDT_A_holdTimer                     
00000d21  _args_main                          
00000d39  GPIO_enableInterrupt                
00000d4d  Interrupt_disableSleepOnIsrExit     
00000d61  _register_unlock                    
00000d67  _register_lock                      
00000d6f  _nop                                
00000d75  Interrupt_enableMaster              
00000d85  PCM_gotoLPM4                        
00000d95  __TI_decompress_none                
00000da3  Reset_Handler                       
00000daf  ADC14_IRQHandler                    
00000daf  AES256_IRQHandler                   
00000daf  BusFault_Handler                    
00000daf  COMP_E0_IRQHandler                  
00000daf  COMP_E1_IRQHandler                  
00000daf  CS_IRQHandler                       
00000daf  DMA_ERR_IRQHandler                  
00000daf  DMA_INT0_IRQHandler                 
00000daf  DMA_INT1_IRQHandler                 
00000daf  DMA_INT2_IRQHandler                 
00000daf  DMA_INT3_IRQHandler                 
00000daf  DebugMon_Handler                    
00000daf  Default_Handler                     
00000daf  EUSCIA0_IRQHandler                  
00000daf  EUSCIA1_IRQHandler                  
00000daf  EUSCIA2_IRQHandler                  
00000daf  EUSCIA3_IRQHandler                  
00000daf  EUSCIB0_IRQHandler                  
00000daf  EUSCIB1_IRQHandler                  
00000daf  EUSCIB2_IRQHandler                  
00000daf  EUSCIB3_IRQHandler                  
00000daf  FLCTL_IRQHandler                    
00000daf  FPU_IRQHandler                      
00000daf  HardFault_Handler                   
00000daf  MemManage_Handler                   
00000daf  NMI_Handler                         
00000daf  PCM_IRQHandler                      
00000daf  PORT2_IRQHandler                    
00000daf  PORT3_IRQHandler                    
00000daf  PORT4_IRQHandler                    
00000daf  PORT5_IRQHandler                    
00000daf  PORT6_IRQHandler                    
00000daf  PSS_IRQHandler                      
00000daf  PendSV_Handler                      
00000daf  RTC_C_IRQHandler                    
00000daf  SVC_Handler                         
00000daf  SysTick_Handler                     
00000daf  T32_INT1_IRQHandler                 
00000daf  T32_INT2_IRQHandler                 
00000daf  T32_INTC_IRQHandler                 
00000daf  TA0_0_IRQHandler                    
00000daf  TA0_N_IRQHandler                    
00000daf  TA1_0_IRQHandler                    
00000daf  TA1_N_IRQHandler                    
00000daf  TA2_0_IRQHandler                    
00000daf  TA2_N_IRQHandler                    
00000daf  TA3_0_IRQHandler                    
00000daf  TA3_N_IRQHandler                    
00000daf  UsageFault_Handler                  
00000daf  WDT_A_IRQHandler                    
00000db1  CPU_cpsie                           
00000dbd  PCM_getPowerState                   
00000dc9  PCM_setPowerMode                    
00000dd1  PCM_setPowerState                   
00000dd9  __TI_decompress_rle24               
00000ddf  CPU_wfi                             
00000de3  _system_pre_init                    
00000e70  __TI_Handler_Table_Base             
00000e78  __TI_CINIT_Base                     
00000e78  __TI_Handler_Table_Limit            
00000e80  __TI_CINIT_Limit                    
20000030  __TI_cleanup_ptr                    
20000034  __TI_dtors_ptr                      
20000038  __TI_enable_exit_profile_output     
2000003c  _lock                               
20000040  _unlock                             
20000044  main_func_sp                        
20000048  SystemCoreClock                     
2000fe00  __stack                             
20010000  __STACK_END                         
4000480c  WDTCTL_SYM                          
ffffffff  __TI_pprof_out_hndl                 
ffffffff  __TI_prof_data_size                 
ffffffff  __TI_prof_data_start                
ffffffff  __binit__                           
ffffffff  __c_args__                          
ffffffff  binit                               
UNDEFED   SHT$$INIT_ARRAY$$Base               
UNDEFED   SHT$$INIT_ARRAY$$Limit              

[129 symbols]
