******************************************************************************
                  TI ARM Linker PC v15.12.3                    
******************************************************************************
>> Linked Tue Mar 28 16:08:55 2017

OUTPUT FILE NAME:   <I2cCommunicationProtocol.out>
ENTRY POINT SYMBOL: "_c_int00"  address: 00000fa9


MEMORY CONFIGURATION

         name            origin    length      used     unused   attr    fill
----------------------  --------  ---------  --------  --------  ----  --------
  MAIN                  00000000   00040000  000017c0  0003e840  R  X
  INFO                  00200000   00004000  00000000  00004000  R  X
  SRAM_CODE             01000000   00010000  0000027b  0000fd85  RW X
  SRAM_DATA             20000000   00010000  0000027b  0000fd85  RW  


SEGMENT ALLOCATION MAP

run origin  load origin   length   init length attrs members
----------  ----------- ---------- ----------- ----- -------
00000000    00000000    000017c4   000017c4    r-x
  00000000    00000000    000000e4   000000e4    r-- .intvecs
  000000e4    000000e4    000015cc   000015cc    r-x .text
  000016b0    000016b0    000000a4   000000a4    r-- .const
  00001758    00001758    0000006c   0000006c    r-- .cinit
20000000    20000000    0000007b   00000000    rw-
  20000000    20000000    0000004c   00000000    rw- .data
  2000004c    2000004c    0000002f   00000000    rw- .bss
2000fe00    2000fe00    00000200   00000000    rw-
  2000fe00    2000fe00    00000200   00000000    rw- .stack


SECTION ALLOCATION MAP

 output                                  attributes/
section   page    origin      length       input sections
--------  ----  ----------  ----------   ----------------
.intvecs   0    00000000    000000e4     
                  00000000    000000e4     startup_msp432p401r_ccs.obj (.intvecs:retain)

.binit     0    00000000    00000000     

.text      0    000000e4    000015cc     
                  000000e4    0000032c     system_msp432p401r.obj (.text)
                  00000410    000001a0     msp432p4xx_driverlib.lib : pcm.o (.text:__PCM_setPowerStateAdvanced)
                  000005b0    00000140     uartCommunication.obj (.text)
                  000006f0    000000dc     msp432p4xx_driverlib.lib : pcm.o (.text:__PCM_setPowerModeAdvanced)
                  000007cc    000000c0     i2cCommunication.obj (.text)
                  0000088c    000000b0     msp432p4xx_driverlib.lib : pcm.o (.text:__PCM_setCoreVoltageLevelAdvanced)
                  0000093c    000000a0     realTimeClock.obj (.text)
                  000009dc    0000009c     msp432p4xx_driverlib.lib : cs.o (.text:CS_startLFXTWithTimeout)
                  00000a78    0000009c     lightSensor.obj (.text)
                  00000b14    0000009c     rtsv7M4_T_le_v4SPD16_eabi.lib : memcpy_t2.obj (.text)
                  00000bb0    00000094     msp432p4xx_driverlib.lib : uart.o (.text:UART_initModule)
                  00000c44    0000007c                              : pcm.o (.text:PCM_gotoLPM3)
                  00000cc0    0000007a     rtsv7M4_T_le_v4SPD16_eabi.lib : memset_t2.obj (.text)
                  00000d3a    00000002                                   : mpu_init.obj (.text)
                  00000d3c    00000070                                   : autoinit.obj (.text)
                  00000dac    0000006c     main.obj (.text)
                  00000e18    0000006a     rtsv7M4_T_le_v4SPD16_eabi.lib : copy_decompress_rle.obj (.text)
                  00000e82    00000002                                   : startup.obj (.text)
                  00000e84    00000064     msp432p4xx_driverlib.lib : interrupt.o (.text:Interrupt_enableInterrupt)
                  00000ee8    00000064                              : rtc_c.o (.text:RTC_C_getCalendarTime)
                  00000f4c    0000005c                              : rtc_c.o (.text:RTC_C_initCalendar)
                  00000fa8    00000054     rtsv7M4_T_le_v4SPD16_eabi.lib : boot.obj (.text)
                  00000ffc    00000054                                   : exit.obj (.text)
                  00001050    00000050     msp432p4xx_driverlib.lib : i2c.o (.text:I2C_masterSendSingleByte)
                  000010a0    00000050                              : pcm.o (.text:PCM_shutdownDevice)
                  000010f0    00000050                              : rtc_c.o (.text:RTC_C_clearInterruptFlag)
                  00001140    0000004c                              : gpio.o (.text:GPIO_setAsPeripheralModuleFunctionOutputPin)
                  0000118c    0000004c     rtsv7M4_T_le_v4SPD16_eabi.lib : cpy_tbl.obj (.text)
                  000011d8    00000048     msp432p4xx_driverlib.lib : gpio.o (.text:GPIO_setAsPeripheralModuleFunctionInputPin)
                  00001220    00000048                              : rtc_c.o (.text:RTC_C_getEnabledInterruptStatus)
                  00001268    00000040                              : rtc_c.o (.text:RTC_C_enableInterrupt)
                  000012a8    0000003e                              : i2c.o (.text:I2C_initMaster)
                  000012e6    00000002     --HOLE-- [fill = 0]
                  000012e8    00000038                              : i2c.o (.text:I2C_masterSendMultiByteStart)
                  00001320    00000030                              : i2c.o (.text:I2C_masterReceiveSingleByte)
                  00001350    00000030                              : i2c.o (.text:I2C_masterSendMultiByteStop)
                  00001380    0000002c                              : pcm.o (.text:PCM_getCoreVoltageLevel)
                  000013ac    0000002c                              : rtc_c.o (.text:RTC_C_getInterruptStatus)
                  000013d8    0000002c                              : rtc_c.o (.text:RTC_C_setCalendarEvent)
                  00001404    0000002a                              : pcm.o (.text:PCM_getPowerMode)
                  0000142e    00000002     --HOLE-- [fill = 0]
                  00001430    00000028                              : pcm.o (.text:PCM_gotoLPM0)
                  00001458    00000024                              : cs.o (.text:CS_setDCOCenteredFrequency)
                  0000147c    00000024                              : i2c.o (.text:I2C_masterSendMultiByteNext)
                  000014a0    00000024                              : rtc_c.o (.text:RTC_C_holdClock)
                  000014c4    00000024                              : rtc_c.o (.text:RTC_C_startClock)
                  000014e8    00000024                              : uart.o (.text:UART_transmitData)
                  0000150c    00000024     delayOwn.obj (.text)
                  00001530    0000001c     msp432p4xx_driverlib.lib : rtc_c.o (.text:RTC_C_definePrescaleEvent)
                  0000154c    00000018                              : wdt_a.o (.text:WDT_A_holdTimer)
                  00001564    00000018     rtsv7M4_T_le_v4SPD16_eabi.lib : args_main.obj (.text)
                  0000157c    00000014     msp432p4xx_driverlib.lib : cs.o (.text:CS_setExternalClockSourceFrequency)
                  00001590    00000014                              : i2c.o (.text:I2C_isBusBusy)
                  000015a4    00000014                              : interrupt.o (.text:Interrupt_enableSleepOnIsrExit)
                  000015b8    00000014     rtsv7M4_T_le_v4SPD16_eabi.lib : _lock.obj (.text)
                  000015cc    00000014                                   : strlen.obj (.text)
                  000015e0    00000010     msp432p4xx_driverlib.lib : interrupt.o (.text:Interrupt_enableMaster)
                  000015f0    00000010                              : pcm.o (.text:PCM_gotoLPM4)
                  00001600    00000010                              : sysctl.o (.text:SysCtl_disableNMISource)
                  00001610    00000010                              : sysctl.o (.text:SysCtl_enableNMISource)
                  00001620    0000000e                              : i2c.o (.text:I2C_setMode)
                  0000162e    0000000e     rtsv7M4_T_le_v4SPD16_eabi.lib : copy_decompress_none.obj (.text:decompress:none)
                  0000163c    0000000e     startup_msp432p401r_ccs.obj (.text)
                  0000164a    0000000c     msp432p4xx_driverlib.lib : cpu.o (.text:CPU_cpsie)
                  00001656    0000000c                              : i2c.o (.text:I2C_enableModule)
                  00001662    00000002     --HOLE-- [fill = 0]
                  00001664    0000000c                              : pcm.o (.text:PCM_getPowerState)
                  00001670    0000000c                              : sysctl.o (.text:SysCtl_getNMISourceStatus)
                  0000167c    0000000c                              : uart.o (.text:UART_enableModule)
                  00001688    00000008                              : pcm.o (.text:PCM_setPowerMode)
                  00001690    00000008                              : pcm.o (.text:PCM_setPowerState)
                  00001698    00000006                              : cs.o (.text:CS_startLFXT)
                  0000169e    00000006     rtsv7M4_T_le_v4SPD16_eabi.lib : copy_decompress_rle.obj (.text:decompress:rle24)
                  000016a4    00000004     msp432p4xx_driverlib.lib : cpu.o (.text:CPU_wfi)
                  000016a8    00000004                              : i2c.o (.text:I2C_setSlaveAddress)
                  000016ac    00000004     rtsv7M4_T_le_v4SPD16_eabi.lib : pre_init.obj (.text)

.const     0    000016b0    000000a4     
                  000016b0    00000040     msp432p4xx_driverlib.lib : interrupt.o (.const)
                  000016f0    00000024     uartCommunication.obj (.const:uartConfig)
                  00001714    0000001c     realTimeClock.obj (.const:currentTime)
                  00001730    00000014     i2cCommunication.obj (.const:i2cConfig)
                  00001744    00000010     lightSensor.obj (.const:i2cInitStructure)

.cinit     0    00001758    0000006c     
                  00001758    00000048     (.cinit..data.load) [load image, compression = rle]
                  000017a0    00000009     (.cinit..bss.load) [load image, compression = rle]
                  000017a9    00000003     --HOLE-- [fill = 0]
                  000017ac    00000008     (__TI_handler_table)
                  000017b4    00000010     (__TI_cinit_table)

.init_array 
*          0    00000000    00000000     UNINITIALIZED

.data      0    20000000    0000004c     UNINITIALIZED
                  20000000    00000030     msp432p4xx_driverlib.lib : gpio.o (.data:GPIO_PORT_TO_BASE)
                  20000030    0000000c     rtsv7M4_T_le_v4SPD16_eabi.lib : exit.obj (.data:$O1$$)
                  2000003c    00000008                                   : _lock.obj (.data:$O1$$)
                  20000044    00000004                                   : stkdepth_vars.obj (.data)
                  20000048    00000004     system_msp432p401r.obj (.data)

.bss       0    2000004c    0000002f     UNINITIALIZED
                  2000004c    0000001c     realTimeClock.obj (.bss:newTime$1)
                  20000068    00000004     (.common:hfxtFreq)
                  2000006c    00000004     (.common:i)
                  20000070    00000004     (.common:interruptFlag)
                  20000074    00000004     (.common:lfxtFreq)
                  20000078    00000002     (.common:readValue)
                  2000007a    00000001     i2cCommunication.obj (.bss)

.stack     0    2000fe00    00000200     UNINITIALIZED
                  2000fe00    00000200     --HOLE--

MODULE SUMMARY

       Module                        code   ro data   rw data
       ------                        ----   -------   -------
    .\
       system_msp432p401r.obj        812    0         8      
       uartCommunication.obj         320    36        8      
       realTimeClock.obj             160    28        56     
       startup_msp432p401r_ccs.obj   14     228       0      
       i2cCommunication.obj          192    20        2      
       lightSensor.obj               156    16        0      
       main.obj                      108    0         12     
       delayOwn.obj                  36     0         0      
    +--+-----------------------------+------+---------+---------+
       Total:                        1798   328       86     
                                                             
    C:/ti/tirex-content/msp/msp432ware__3.50.00.02/driverlib/driverlib/MSP432P4xx/ccs/msp432p4xx_driverlib.lib
       pcm.o                         1186   0         0      
       rtc_c.o                       596    0         0      
       i2c.o                         380    0         0      
       gpio.o                        148    0         96     
       cs.o                          218    0         16     
       interrupt.o                   136    64        0      
       uart.o                        196    0         0      
       sysctl.o                      44     0         0      
       wdt_a.o                       24     0         0      
       cpu.o                         16     0         0      
    +--+-----------------------------+------+---------+---------+
       Total:                        2944   64        112    
                                                             
    C:\Program Files (x86)\TI\ccsv6\tools\compiler\arm_15.12.3.LTS\lib\rtsv7M4_T_le_v4SPD16_eabi.lib
       memcpy_t2.obj                 156    0         0      
       memset_t2.obj                 122    0         0      
       autoinit.obj                  112    0         0      
       copy_decompress_rle.obj       112    0         0      
       exit.obj                      84     0         24     
       boot.obj                      84     0         0      
       cpy_tbl.obj                   76     0         0      
       _lock.obj                     20     0         16     
       args_main.obj                 24     0         0      
       strlen.obj                    20     0         0      
       copy_decompress_none.obj      14     0         0      
       stkdepth_vars.obj             0      0         8      
       pre_init.obj                  4      0         0      
       mpu_init.obj                  2      0         0      
       startup.obj                   2      0         0      
    +--+-----------------------------+------+---------+---------+
       Total:                        832    0         48     
                                                             
       Stack:                        0      0         1024   
       Linker Generated:             0      105       0      
    +--+-----------------------------+------+---------+---------+
       Grand Total:                  5574   497       1270   


LINKER GENERATED COPY TABLES

__TI_cinit_table @ 000017b4 records: 2, size/record: 8, table size: 16
	.data: load addr=00001758, load size=00000048 bytes, run addr=20000000, run size=0000004c bytes, compression=rle
	.bss: load addr=000017a0, load size=00000009 bytes, run addr=2000004c, run size=0000002f bytes, compression=rle


LINKER GENERATED HANDLER TABLE

__TI_handler_table @ 000017ac records: 2, size/record: 4, table size: 8
	index: 0, handler: __TI_decompress_rle24
	index: 1, handler: __TI_decompress_none


GLOBAL SYMBOLS: SORTED ALPHABETICALLY BY Name 

address   name                                       
-------   ----                                       
00001649  ADC14_IRQHandler                           
00001649  AES256_IRQHandler                          
00000acf  ALSensorReadData                           
00001649  BusFault_Handler                           
00000ffd  C$$EXIT                                    
00001649  COMP_E0_IRQHandler                         
00001649  COMP_E1_IRQHandler                         
0000164b  CPU_cpsie                                  
000016a5  CPU_wfi                                    
00001649  CS_IRQHandler                              
00001459  CS_setDCOCenteredFrequency                 
0000157d  CS_setExternalClockSourceFrequency         
00001699  CS_startLFXT                               
000009dd  CS_startLFXTWithTimeout                    
00001649  DMA_ERR_IRQHandler                         
00001649  DMA_INT0_IRQHandler                        
00001649  DMA_INT1_IRQHandler                        
00001649  DMA_INT2_IRQHandler                        
00001649  DMA_INT3_IRQHandler                        
00001649  DebugMon_Handler                           
00001649  Default_Handler                            
00001649  EUSCIA0_IRQHandler                         
00001649  EUSCIA1_IRQHandler                         
00001649  EUSCIA2_IRQHandler                         
00001649  EUSCIA3_IRQHandler                         
00001649  EUSCIB0_IRQHandler                         
00001649  EUSCIB1_IRQHandler                         
00001649  EUSCIB2_IRQHandler                         
00001649  EUSCIB3_IRQHandler                         
00001649  FLCTL_IRQHandler                           
00001649  FPU_IRQHandler                             
000011d9  GPIO_setAsPeripheralModuleFunctionInputPin 
00001141  GPIO_setAsPeripheralModuleFunctionOutputPin
00001649  HardFault_Handler                          
00001657  I2C_enableModule                           
000012a9  I2C_initMaster                             
00001591  I2C_isBusBusy                              
00001321  I2C_masterReceiveSingleByte                
0000147d  I2C_masterSendMultiByteNext                
000012e9  I2C_masterSendMultiByteStart               
00001351  I2C_masterSendMultiByteStop                
00001051  I2C_masterSendSingleByte                   
00001621  I2C_setMode                                
000016a9  I2C_setSlaveAddress                        
00000e85  Interrupt_enableInterrupt                  
000015e1  Interrupt_enableMaster                     
000015a5  Interrupt_enableSleepOnIsrExit             
00001649  MemManage_Handler                          
00001649  NMI_Handler                                
00001649  PCM_IRQHandler                             
00001381  PCM_getCoreVoltageLevel                    
00001405  PCM_getPowerMode                           
00001665  PCM_getPowerState                          
00001431  PCM_gotoLPM0                               
00000c45  PCM_gotoLPM3                               
000015f1  PCM_gotoLPM4                               
00001689  PCM_setPowerMode                           
00001691  PCM_setPowerState                          
000010a1  PCM_shutdownDevice                         
00001649  PORT1_IRQHandler                           
00001649  PORT2_IRQHandler                           
00001649  PORT3_IRQHandler                           
00001649  PORT4_IRQHandler                           
00001649  PORT5_IRQHandler                           
00001649  PORT6_IRQHandler                           
00001649  PSS_IRQHandler                             
00001649  PendSV_Handler                             
0000098f  RTC_C_IRQHandler                           
0000098f  RTC_C_IRQHandler                           
000010f1  RTC_C_clearInterruptFlag                   
00001531  RTC_C_definePrescaleEvent                  
00001269  RTC_C_enableInterrupt                      
00000ee9  RTC_C_getCalendarTime                      
00001221  RTC_C_getEnabledInterruptStatus            
000013ad  RTC_C_getInterruptStatus                   
000014a1  RTC_C_holdClock                            
00000f4d  RTC_C_initCalendar                         
000013d9  RTC_C_setCalendarEvent                     
000014c5  RTC_C_startClock                           
0000163d  Reset_Handler                              
UNDEFED   SHT$$INIT_ARRAY$$Base                      
UNDEFED   SHT$$INIT_ARRAY$$Limit                     
00001649  SVC_Handler                                
00001601  SysCtl_disableNMISource                    
00001611  SysCtl_enableNMISource                     
00001671  SysCtl_getNMISourceStatus                  
00001649  SysTick_Handler                            
20000048  SystemCoreClock                            
000000e5  SystemCoreClockUpdate                      
00000359  SystemInit                                 
00001649  T32_INT1_IRQHandler                        
00001649  T32_INT2_IRQHandler                        
00001649  T32_INTC_IRQHandler                        
00001649  TA0_0_IRQHandler                           
00001649  TA0_N_IRQHandler                           
00001649  TA1_0_IRQHandler                           
00001649  TA1_N_IRQHandler                           
00001649  TA2_0_IRQHandler                           
00001649  TA2_N_IRQHandler                           
00001649  TA3_0_IRQHandler                           
00001649  TA3_N_IRQHandler                           
0000167d  UART_enableModule                          
00000bb1  UART_initModule                            
000014e9  UART_transmitData                          
00001649  UsageFault_Handler                         
4000480c  WDTCTL_SYM                                 
00001649  WDT_A_IRQHandler                           
0000154d  WDT_A_holdTimer                            
20010000  __STACK_END                                
00000200  __STACK_SIZE                               
000017b4  __TI_CINIT_Base                            
000017c4  __TI_CINIT_Limit                           
000017ac  __TI_Handler_Table_Base                    
000017b4  __TI_Handler_Table_Limit                   
00000d3d  __TI_auto_init                             
20000030  __TI_cleanup_ptr                           
0000162f  __TI_decompress_none                       
0000169f  __TI_decompress_rle24                      
20000034  __TI_dtors_ptr                             
20000038  __TI_enable_exit_profile_output            
ffffffff  __TI_pprof_out_hndl                        
ffffffff  __TI_prof_data_size                        
ffffffff  __TI_prof_data_start                       
00000000  __TI_static_base__                         
00000cc1  __aeabi_memclr                             
00000cc1  __aeabi_memclr4                            
00000cc1  __aeabi_memclr8                            
00000b15  __aeabi_memcpy                             
00000b15  __aeabi_memcpy4                            
00000b15  __aeabi_memcpy8                            
00000cc3  __aeabi_memset                             
00000cc3  __aeabi_memset4                            
00000cc3  __aeabi_memset8                            
ffffffff  __binit__                                  
ffffffff  __c_args__                                 
00000d3b  __mpu_init                                 
2000fe00  __stack                                    
00001565  _args_main                                 
00000fa9  _c_int00                                   
2000003c  _lock                                      
000015c7  _nop                                       
000015bf  _register_lock                             
000015b9  _register_unlock                           
00000e83  _system_post_cinit                         
000016ad  _system_pre_init                           
20000040  _unlock                                    
00001001  abort                                      
ffffffff  binit                                      
0000118d  copy_in                                    
00001714  currentTime                                
00001009  exit                                       
2000006c  i                                          
00001730  i2cConfig                                  
00001744  i2cInitStructure                           
00000833  i2cReadwithParam                           
0000080d  i2cWritewithParam                          
000007cd  initI2C                                    
000005b1  initUART                                   
00000629  intToString                                
20000070  interruptFlag                              
00000000  interruptVectors                           
00000dad  main                                       
20000044  main_func_sp                               
00000b15  memcpy                                     
00000cc9  memset                                     
0000150d  ownDelay                                   
20000078  readValue                                  
000005d5  reverse                                    
0000093d  rtcConfig                                  
000006c7  sendInt                                    
0000068d  sendString                                 
00000ab5  sensorReadAndPowerDown                     
00000a79  sensorStart                                
00000a9b  sensorStop                                 
000015cd  strlen                                     
000016f0  uartConfig                                 


GLOBAL SYMBOLS: SORTED BY Symbol Address 

address   name                                       
-------   ----                                       
00000000  __TI_static_base__                         
00000000  interruptVectors                           
000000e5  SystemCoreClockUpdate                      
00000200  __STACK_SIZE                               
00000359  SystemInit                                 
000005b1  initUART                                   
000005d5  reverse                                    
00000629  intToString                                
0000068d  sendString                                 
000006c7  sendInt                                    
000007cd  initI2C                                    
0000080d  i2cWritewithParam                          
00000833  i2cReadwithParam                           
0000093d  rtcConfig                                  
0000098f  RTC_C_IRQHandler                           
0000098f  RTC_C_IRQHandler                           
000009dd  CS_startLFXTWithTimeout                    
00000a79  sensorStart                                
00000a9b  sensorStop                                 
00000ab5  sensorReadAndPowerDown                     
00000acf  ALSensorReadData                           
00000b15  __aeabi_memcpy                             
00000b15  __aeabi_memcpy4                            
00000b15  __aeabi_memcpy8                            
00000b15  memcpy                                     
00000bb1  UART_initModule                            
00000c45  PCM_gotoLPM3                               
00000cc1  __aeabi_memclr                             
00000cc1  __aeabi_memclr4                            
00000cc1  __aeabi_memclr8                            
00000cc3  __aeabi_memset                             
00000cc3  __aeabi_memset4                            
00000cc3  __aeabi_memset8                            
00000cc9  memset                                     
00000d3b  __mpu_init                                 
00000d3d  __TI_auto_init                             
00000dad  main                                       
00000e83  _system_post_cinit                         
00000e85  Interrupt_enableInterrupt                  
00000ee9  RTC_C_getCalendarTime                      
00000f4d  RTC_C_initCalendar                         
00000fa9  _c_int00                                   
00000ffd  C$$EXIT                                    
00001001  abort                                      
00001009  exit                                       
00001051  I2C_masterSendSingleByte                   
000010a1  PCM_shutdownDevice                         
000010f1  RTC_C_clearInterruptFlag                   
00001141  GPIO_setAsPeripheralModuleFunctionOutputPin
0000118d  copy_in                                    
000011d9  GPIO_setAsPeripheralModuleFunctionInputPin 
00001221  RTC_C_getEnabledInterruptStatus            
00001269  RTC_C_enableInterrupt                      
000012a9  I2C_initMaster                             
000012e9  I2C_masterSendMultiByteStart               
00001321  I2C_masterReceiveSingleByte                
00001351  I2C_masterSendMultiByteStop                
00001381  PCM_getCoreVoltageLevel                    
000013ad  RTC_C_getInterruptStatus                   
000013d9  RTC_C_setCalendarEvent                     
00001405  PCM_getPowerMode                           
00001431  PCM_gotoLPM0                               
00001459  CS_setDCOCenteredFrequency                 
0000147d  I2C_masterSendMultiByteNext                
000014a1  RTC_C_holdClock                            
000014c5  RTC_C_startClock                           
000014e9  UART_transmitData                          
0000150d  ownDelay                                   
00001531  RTC_C_definePrescaleEvent                  
0000154d  WDT_A_holdTimer                            
00001565  _args_main                                 
0000157d  CS_setExternalClockSourceFrequency         
00001591  I2C_isBusBusy                              
000015a5  Interrupt_enableSleepOnIsrExit             
000015b9  _register_unlock                           
000015bf  _register_lock                             
000015c7  _nop                                       
000015cd  strlen                                     
000015e1  Interrupt_enableMaster                     
000015f1  PCM_gotoLPM4                               
00001601  SysCtl_disableNMISource                    
00001611  SysCtl_enableNMISource                     
00001621  I2C_setMode                                
0000162f  __TI_decompress_none                       
0000163d  Reset_Handler                              
00001649  ADC14_IRQHandler                           
00001649  AES256_IRQHandler                          
00001649  BusFault_Handler                           
00001649  COMP_E0_IRQHandler                         
00001649  COMP_E1_IRQHandler                         
00001649  CS_IRQHandler                              
00001649  DMA_ERR_IRQHandler                         
00001649  DMA_INT0_IRQHandler                        
00001649  DMA_INT1_IRQHandler                        
00001649  DMA_INT2_IRQHandler                        
00001649  DMA_INT3_IRQHandler                        
00001649  DebugMon_Handler                           
00001649  Default_Handler                            
00001649  EUSCIA0_IRQHandler                         
00001649  EUSCIA1_IRQHandler                         
00001649  EUSCIA2_IRQHandler                         
00001649  EUSCIA3_IRQHandler                         
00001649  EUSCIB0_IRQHandler                         
00001649  EUSCIB1_IRQHandler                         
00001649  EUSCIB2_IRQHandler                         
00001649  EUSCIB3_IRQHandler                         
00001649  FLCTL_IRQHandler                           
00001649  FPU_IRQHandler                             
00001649  HardFault_Handler                          
00001649  MemManage_Handler                          
00001649  NMI_Handler                                
00001649  PCM_IRQHandler                             
00001649  PORT1_IRQHandler                           
00001649  PORT2_IRQHandler                           
00001649  PORT3_IRQHandler                           
00001649  PORT4_IRQHandler                           
00001649  PORT5_IRQHandler                           
00001649  PORT6_IRQHandler                           
00001649  PSS_IRQHandler                             
00001649  PendSV_Handler                             
00001649  SVC_Handler                                
00001649  SysTick_Handler                            
00001649  T32_INT1_IRQHandler                        
00001649  T32_INT2_IRQHandler                        
00001649  T32_INTC_IRQHandler                        
00001649  TA0_0_IRQHandler                           
00001649  TA0_N_IRQHandler                           
00001649  TA1_0_IRQHandler                           
00001649  TA1_N_IRQHandler                           
00001649  TA2_0_IRQHandler                           
00001649  TA2_N_IRQHandler                           
00001649  TA3_0_IRQHandler                           
00001649  TA3_N_IRQHandler                           
00001649  UsageFault_Handler                         
00001649  WDT_A_IRQHandler                           
0000164b  CPU_cpsie                                  
00001657  I2C_enableModule                           
00001665  PCM_getPowerState                          
00001671  SysCtl_getNMISourceStatus                  
0000167d  UART_enableModule                          
00001689  PCM_setPowerMode                           
00001691  PCM_setPowerState                          
00001699  CS_startLFXT                               
0000169f  __TI_decompress_rle24                      
000016a5  CPU_wfi                                    
000016a9  I2C_setSlaveAddress                        
000016ad  _system_pre_init                           
000016f0  uartConfig                                 
00001714  currentTime                                
00001730  i2cConfig                                  
00001744  i2cInitStructure                           
000017ac  __TI_Handler_Table_Base                    
000017b4  __TI_CINIT_Base                            
000017b4  __TI_Handler_Table_Limit                   
000017c4  __TI_CINIT_Limit                           
20000030  __TI_cleanup_ptr                           
20000034  __TI_dtors_ptr                             
20000038  __TI_enable_exit_profile_output            
2000003c  _lock                                      
20000040  _unlock                                    
20000044  main_func_sp                               
20000048  SystemCoreClock                            
2000006c  i                                          
20000070  interruptFlag                              
20000078  readValue                                  
2000fe00  __stack                                    
20010000  __STACK_END                                
4000480c  WDTCTL_SYM                                 
ffffffff  __TI_pprof_out_hndl                        
ffffffff  __TI_prof_data_size                        
ffffffff  __TI_prof_data_start                       
ffffffff  __binit__                                  
ffffffff  __c_args__                                 
ffffffff  binit                                      
UNDEFED   SHT$$INIT_ARRAY$$Base                      
UNDEFED   SHT$$INIT_ARRAY$$Limit                     

[176 symbols]
