<?xml version="1.0"?>
<link_info>
   <banner>TI ARM Linker PC v15.12.3.LTS</banner>
   <copyright>Copyright (c) 1996-2015 Texas Instruments Incorporated</copyright>
   <link_time>0x58ca8106</link_time>
   <link_errors>0x0</link_errors>
   <output_file>I2cCommunicationProtocol.out</output_file>
   <entry_point>
      <name>_c_int00</name>
      <address>0xe8d</address>
   </entry_point>
   <input_file_list>
      <input_file id="fl-2">
         <path>.\</path>
         <kind>object</kind>
         <file>delayOwn.obj</file>
         <name>delayOwn.obj</name>
      </input_file>
      <input_file id="fl-3">
         <path>.\</path>
         <kind>object</kind>
         <file>i2cCommunication.obj</file>
         <name>i2cCommunication.obj</name>
      </input_file>
      <input_file id="fl-4">
         <path>.\</path>
         <kind>object</kind>
         <file>lightSensor.obj</file>
         <name>lightSensor.obj</name>
      </input_file>
      <input_file id="fl-5">
         <path>.\</path>
         <kind>object</kind>
         <file>main.obj</file>
         <name>main.obj</name>
      </input_file>
      <input_file id="fl-6">
         <path>.\</path>
         <kind>object</kind>
         <file>realTimeClock.obj</file>
         <name>realTimeClock.obj</name>
      </input_file>
      <input_file id="fl-7">
         <path>.\</path>
         <kind>object</kind>
         <file>startup_msp432p401r_ccs.obj</file>
         <name>startup_msp432p401r_ccs.obj</name>
      </input_file>
      <input_file id="fl-8">
         <path>.\</path>
         <kind>object</kind>
         <file>system_msp432p401r.obj</file>
         <name>system_msp432p401r.obj</name>
      </input_file>
      <input_file id="fl-9">
         <path>.\</path>
         <kind>object</kind>
         <file>uartCommunication.obj</file>
         <name>uartCommunication.obj</name>
      </input_file>
      <input_file id="fl-f">
         <path>C:\ti\tirex-content\msp\msp432ware__3.50.00.02\driverlib\driverlib\MSP432P4xx\ccs\</path>
         <kind>archive</kind>
         <file>msp432p4xx_driverlib.lib</file>
         <name>cs.o</name>
      </input_file>
      <input_file id="fl-10">
         <path>C:\ti\tirex-content\msp\msp432ware__3.50.00.02\driverlib\driverlib\MSP432P4xx\ccs\</path>
         <kind>archive</kind>
         <file>msp432p4xx_driverlib.lib</file>
         <name>gpio.o</name>
      </input_file>
      <input_file id="fl-11">
         <path>C:\ti\tirex-content\msp\msp432ware__3.50.00.02\driverlib\driverlib\MSP432P4xx\ccs\</path>
         <kind>archive</kind>
         <file>msp432p4xx_driverlib.lib</file>
         <name>i2c.o</name>
      </input_file>
      <input_file id="fl-12">
         <path>C:\ti\tirex-content\msp\msp432ware__3.50.00.02\driverlib\driverlib\MSP432P4xx\ccs\</path>
         <kind>archive</kind>
         <file>msp432p4xx_driverlib.lib</file>
         <name>interrupt.o</name>
      </input_file>
      <input_file id="fl-13">
         <path>C:\ti\tirex-content\msp\msp432ware__3.50.00.02\driverlib\driverlib\MSP432P4xx\ccs\</path>
         <kind>archive</kind>
         <file>msp432p4xx_driverlib.lib</file>
         <name>pcm.o</name>
      </input_file>
      <input_file id="fl-14">
         <path>C:\ti\tirex-content\msp\msp432ware__3.50.00.02\driverlib\driverlib\MSP432P4xx\ccs\</path>
         <kind>archive</kind>
         <file>msp432p4xx_driverlib.lib</file>
         <name>rtc_c.o</name>
      </input_file>
      <input_file id="fl-15">
         <path>C:\ti\tirex-content\msp\msp432ware__3.50.00.02\driverlib\driverlib\MSP432P4xx\ccs\</path>
         <kind>archive</kind>
         <file>msp432p4xx_driverlib.lib</file>
         <name>sysctl.o</name>
      </input_file>
      <input_file id="fl-16">
         <path>C:\ti\tirex-content\msp\msp432ware__3.50.00.02\driverlib\driverlib\MSP432P4xx\ccs\</path>
         <kind>archive</kind>
         <file>msp432p4xx_driverlib.lib</file>
         <name>uart.o</name>
      </input_file>
      <input_file id="fl-17">
         <path>C:\ti\tirex-content\msp\msp432ware__3.50.00.02\driverlib\driverlib\MSP432P4xx\ccs\</path>
         <kind>archive</kind>
         <file>msp432p4xx_driverlib.lib</file>
         <name>wdt_a.o</name>
      </input_file>
      <input_file id="fl-18">
         <path>C:\ti\tirex-content\msp\msp432ware__3.50.00.02\driverlib\driverlib\MSP432P4xx\ccs\</path>
         <kind>archive</kind>
         <file>msp432p4xx_driverlib.lib</file>
         <name>cpu.o</name>
      </input_file>
      <input_file id="fl-ce">
         <path>C:\Program Files (x86)\TI\ccsv6\tools\compiler\arm_15.12.3.LTS\lib\</path>
         <kind>archive</kind>
         <file>rtsv7M4_T_le_v4SPD16_eabi.lib</file>
         <name>boot.obj</name>
      </input_file>
      <input_file id="fl-cf">
         <path>C:\Program Files (x86)\TI\ccsv6\tools\compiler\arm_15.12.3.LTS\lib\</path>
         <kind>archive</kind>
         <file>rtsv7M4_T_le_v4SPD16_eabi.lib</file>
         <name>copy_decompress_none.obj</name>
      </input_file>
      <input_file id="fl-d0">
         <path>C:\Program Files (x86)\TI\ccsv6\tools\compiler\arm_15.12.3.LTS\lib\</path>
         <kind>archive</kind>
         <file>rtsv7M4_T_le_v4SPD16_eabi.lib</file>
         <name>copy_decompress_rle.obj</name>
      </input_file>
      <input_file id="fl-d1">
         <path>C:\Program Files (x86)\TI\ccsv6\tools\compiler\arm_15.12.3.LTS\lib\</path>
         <kind>archive</kind>
         <file>rtsv7M4_T_le_v4SPD16_eabi.lib</file>
         <name>copy_zero_init.obj</name>
      </input_file>
      <input_file id="fl-d2">
         <path>C:\Program Files (x86)\TI\ccsv6\tools\compiler\arm_15.12.3.LTS\lib\</path>
         <kind>archive</kind>
         <file>rtsv7M4_T_le_v4SPD16_eabi.lib</file>
         <name>exit.obj</name>
      </input_file>
      <input_file id="fl-d3">
         <path>C:\Program Files (x86)\TI\ccsv6\tools\compiler\arm_15.12.3.LTS\lib\</path>
         <kind>archive</kind>
         <file>rtsv7M4_T_le_v4SPD16_eabi.lib</file>
         <name>memcpy_t2.obj</name>
      </input_file>
      <input_file id="fl-d4">
         <path>C:\Program Files (x86)\TI\ccsv6\tools\compiler\arm_15.12.3.LTS\lib\</path>
         <kind>archive</kind>
         <file>rtsv7M4_T_le_v4SPD16_eabi.lib</file>
         <name>memset_t2.obj</name>
      </input_file>
      <input_file id="fl-d5">
         <path>C:\Program Files (x86)\TI\ccsv6\tools\compiler\arm_15.12.3.LTS\lib\</path>
         <kind>archive</kind>
         <file>rtsv7M4_T_le_v4SPD16_eabi.lib</file>
         <name>mpu_init.obj</name>
      </input_file>
      <input_file id="fl-d6">
         <path>C:\Program Files (x86)\TI\ccsv6\tools\compiler\arm_15.12.3.LTS\lib\</path>
         <kind>archive</kind>
         <file>rtsv7M4_T_le_v4SPD16_eabi.lib</file>
         <name>pre_init.obj</name>
      </input_file>
      <input_file id="fl-d7">
         <path>C:\Program Files (x86)\TI\ccsv6\tools\compiler\arm_15.12.3.LTS\lib\</path>
         <kind>archive</kind>
         <file>rtsv7M4_T_le_v4SPD16_eabi.lib</file>
         <name>stkdepth_vars.obj</name>
      </input_file>
      <input_file id="fl-d8">
         <path>C:\Program Files (x86)\TI\ccsv6\tools\compiler\arm_15.12.3.LTS\lib\</path>
         <kind>archive</kind>
         <file>rtsv7M4_T_le_v4SPD16_eabi.lib</file>
         <name>strlen.obj</name>
      </input_file>
      <input_file id="fl-d9">
         <path>C:\Program Files (x86)\TI\ccsv6\tools\compiler\arm_15.12.3.LTS\lib\</path>
         <kind>archive</kind>
         <file>rtsv7M4_T_le_v4SPD16_eabi.lib</file>
         <name>_lock.obj</name>
      </input_file>
      <input_file id="fl-da">
         <path>C:\Program Files (x86)\TI\ccsv6\tools\compiler\arm_15.12.3.LTS\lib\</path>
         <kind>archive</kind>
         <file>rtsv7M4_T_le_v4SPD16_eabi.lib</file>
         <name>args_main.obj</name>
      </input_file>
      <input_file id="fl-db">
         <path>C:\Program Files (x86)\TI\ccsv6\tools\compiler\arm_15.12.3.LTS\lib\</path>
         <kind>archive</kind>
         <file>rtsv7M4_T_le_v4SPD16_eabi.lib</file>
         <name>autoinit.obj</name>
      </input_file>
      <input_file id="fl-dc">
         <path>C:\Program Files (x86)\TI\ccsv6\tools\compiler\arm_15.12.3.LTS\lib\</path>
         <kind>archive</kind>
         <file>rtsv7M4_T_le_v4SPD16_eabi.lib</file>
         <name>cpy_tbl.obj</name>
      </input_file>
      <input_file id="fl-dd">
         <path>C:\Program Files (x86)\TI\ccsv6\tools\compiler\arm_15.12.3.LTS\lib\</path>
         <kind>archive</kind>
         <file>rtsv7M4_T_le_v4SPD16_eabi.lib</file>
         <name>startup.obj</name>
      </input_file>
   </input_file_list>
   <object_component_list>
      <object_component id="oc-2c">
         <name>.intvecs:retain</name>
         <load_address>0x0</load_address>
         <run_address>0x0</run_address>
         <size>0xe4</size>
         <input_file_ref idref="fl-7"/>
      </object_component>
      <object_component id="oc-c1">
         <name>.text</name>
         <load_address>0xe4</load_address>
         <run_address>0xe4</run_address>
         <size>0x32c</size>
         <input_file_ref idref="fl-8"/>
      </object_component>
      <object_component id="oc-2b1">
         <name>.text:__PCM_setPowerStateAdvanced</name>
         <load_address>0x410</load_address>
         <run_address>0x410</run_address>
         <size>0x1a0</size>
         <input_file_ref idref="fl-13"/>
      </object_component>
      <object_component id="oc-116">
         <name>.text</name>
         <load_address>0x5b0</load_address>
         <run_address>0x5b0</run_address>
         <size>0x140</size>
         <input_file_ref idref="fl-9"/>
      </object_component>
      <object_component id="oc-2a9">
         <name>.text:__PCM_setPowerModeAdvanced</name>
         <load_address>0x6f0</load_address>
         <run_address>0x6f0</run_address>
         <size>0xdc</size>
         <input_file_ref idref="fl-13"/>
      </object_component>
      <object_component id="oc-145">
         <name>.text</name>
         <load_address>0x7cc</load_address>
         <run_address>0x7cc</run_address>
         <size>0xc0</size>
         <input_file_ref idref="fl-3"/>
      </object_component>
      <object_component id="oc-2d3">
         <name>.text:__PCM_setCoreVoltageLevelAdvanced</name>
         <load_address>0x88c</load_address>
         <run_address>0x88c</run_address>
         <size>0xb0</size>
         <input_file_ref idref="fl-13"/>
      </object_component>
      <object_component id="oc-17d">
         <name>.text:CS_startLFXTWithTimeout</name>
         <load_address>0x93c</load_address>
         <run_address>0x93c</run_address>
         <size>0x9c</size>
         <input_file_ref idref="fl-f"/>
      </object_component>
      <object_component id="oc-30">
         <name>.text</name>
         <load_address>0x9d8</load_address>
         <run_address>0x9d8</run_address>
         <size>0x9c</size>
         <input_file_ref idref="fl-d3"/>
      </object_component>
      <object_component id="oc-7d">
         <name>.text</name>
         <load_address>0xa74</load_address>
         <run_address>0xa74</run_address>
         <size>0x98</size>
         <input_file_ref idref="fl-6"/>
      </object_component>
      <object_component id="oc-1ab">
         <name>.text:UART_initModule</name>
         <load_address>0xb0c</load_address>
         <run_address>0xb0c</run_address>
         <size>0x94</size>
         <input_file_ref idref="fl-16"/>
      </object_component>
      <object_component id="oc-14b">
         <name>.text:PCM_gotoLPM3</name>
         <load_address>0xba0</load_address>
         <run_address>0xba0</run_address>
         <size>0x7c</size>
         <input_file_ref idref="fl-13"/>
      </object_component>
      <object_component id="oc-49">
         <name>.text</name>
         <load_address>0xc1c</load_address>
         <run_address>0xc1c</run_address>
         <size>0x7a</size>
         <input_file_ref idref="fl-d4"/>
      </object_component>
      <object_component id="oc-55">
         <name>.text</name>
         <load_address>0xc96</load_address>
         <run_address>0xc96</run_address>
         <size>0x2</size>
         <input_file_ref idref="fl-d5"/>
      </object_component>
      <object_component id="oc-61">
         <name>.text</name>
         <load_address>0xc98</load_address>
         <run_address>0xc98</run_address>
         <size>0x70</size>
         <input_file_ref idref="fl-db"/>
      </object_component>
      <object_component id="oc-3c">
         <name>.text</name>
         <load_address>0xd08</load_address>
         <run_address>0xd08</run_address>
         <size>0x6a</size>
         <input_file_ref idref="fl-d0"/>
      </object_component>
      <object_component id="oc-a6">
         <name>.text</name>
         <load_address>0xd72</load_address>
         <run_address>0xd72</run_address>
         <size>0x2</size>
         <input_file_ref idref="fl-dd"/>
      </object_component>
      <object_component id="oc-f8">
         <name>.text:Interrupt_enableInterrupt</name>
         <load_address>0xd74</load_address>
         <run_address>0xd74</run_address>
         <size>0x64</size>
         <input_file_ref idref="fl-12"/>
      </object_component>
      <object_component id="oc-da">
         <name>.text:RTC_C_initCalendar</name>
         <load_address>0xdd8</load_address>
         <run_address>0xdd8</run_address>
         <size>0x5c</size>
         <input_file_ref idref="fl-14"/>
      </object_component>
      <object_component id="oc-110">
         <name>.text</name>
         <load_address>0xe34</load_address>
         <run_address>0xe34</run_address>
         <size>0x56</size>
         <input_file_ref idref="fl-4"/>
      </object_component>
      <object_component id="oc-26">
         <name>.text</name>
         <load_address>0xe8c</load_address>
         <run_address>0xe8c</run_address>
         <size>0x54</size>
         <input_file_ref idref="fl-ce"/>
      </object_component>
      <object_component id="oc-6d">
         <name>.text</name>
         <load_address>0xee0</load_address>
         <run_address>0xee0</run_address>
         <size>0x54</size>
         <input_file_ref idref="fl-d2"/>
      </object_component>
      <object_component id="oc-208">
         <name>.text:I2C_masterSendSingleByte</name>
         <load_address>0xf34</load_address>
         <run_address>0xf34</run_address>
         <size>0x50</size>
         <input_file_ref idref="fl-11"/>
      </object_component>
      <object_component id="oc-2cd">
         <name>.text:PCM_shutdownDevice</name>
         <load_address>0xf84</load_address>
         <run_address>0xf84</run_address>
         <size>0x50</size>
         <input_file_ref idref="fl-13"/>
      </object_component>
      <object_component id="oc-e6">
         <name>.text:RTC_C_clearInterruptFlag</name>
         <load_address>0xfd4</load_address>
         <run_address>0xfd4</run_address>
         <size>0x50</size>
         <input_file_ref idref="fl-14"/>
      </object_component>
      <object_component id="oc-c8">
         <name>.text:GPIO_setAsPeripheralModuleFunctionOutputPin</name>
         <load_address>0x1024</load_address>
         <run_address>0x1024</run_address>
         <size>0x4c</size>
         <input_file_ref idref="fl-10"/>
      </object_component>
      <object_component id="oc-a0">
         <name>.text</name>
         <load_address>0x1070</load_address>
         <run_address>0x1070</run_address>
         <size>0x4c</size>
         <input_file_ref idref="fl-dc"/>
      </object_component>
      <object_component id="oc-19f">
         <name>.text:GPIO_setAsPeripheralModuleFunctionInputPin</name>
         <load_address>0x10bc</load_address>
         <run_address>0x10bc</run_address>
         <size>0x48</size>
         <input_file_ref idref="fl-10"/>
      </object_component>
      <object_component id="oc-10a">
         <name>.text:RTC_C_getEnabledInterruptStatus</name>
         <load_address>0x1104</load_address>
         <run_address>0x1104</run_address>
         <size>0x48</size>
         <input_file_ref idref="fl-14"/>
      </object_component>
      <object_component id="oc-ec">
         <name>.text:RTC_C_enableInterrupt</name>
         <load_address>0x114c</load_address>
         <run_address>0x114c</run_address>
         <size>0x40</size>
         <input_file_ref idref="fl-14"/>
      </object_component>
      <object_component id="oc-1d8">
         <name>.text:I2C_initMaster</name>
         <load_address>0x118c</load_address>
         <run_address>0x118c</run_address>
         <size>0x3e</size>
         <input_file_ref idref="fl-11"/>
      </object_component>
      <object_component id="oc-1f0">
         <name>.text:I2C_masterSendMultiByteStart</name>
         <load_address>0x11cc</load_address>
         <run_address>0x11cc</run_address>
         <size>0x38</size>
         <input_file_ref idref="fl-11"/>
      </object_component>
      <object_component id="oc-20e">
         <name>.text:I2C_masterReceiveSingleByte</name>
         <load_address>0x1204</load_address>
         <run_address>0x1204</run_address>
         <size>0x30</size>
         <input_file_ref idref="fl-11"/>
      </object_component>
      <object_component id="oc-1fc">
         <name>.text:I2C_masterSendMultiByteStop</name>
         <load_address>0x1234</load_address>
         <run_address>0x1234</run_address>
         <size>0x30</size>
         <input_file_ref idref="fl-11"/>
      </object_component>
      <object_component id="oc-2ee">
         <name>.text:PCM_getCoreVoltageLevel</name>
         <load_address>0x1264</load_address>
         <run_address>0x1264</run_address>
         <size>0x2c</size>
         <input_file_ref idref="fl-13"/>
      </object_component>
      <object_component id="oc-197">
         <name>.text:RTC_C_getInterruptStatus</name>
         <load_address>0x1290</load_address>
         <run_address>0x1290</run_address>
         <size>0x2c</size>
         <input_file_ref idref="fl-14"/>
      </object_component>
      <object_component id="oc-e0">
         <name>.text:RTC_C_setCalendarEvent</name>
         <load_address>0x12bc</load_address>
         <run_address>0x12bc</run_address>
         <size>0x2c</size>
         <input_file_ref idref="fl-14"/>
      </object_component>
      <object_component id="oc-21a">
         <name>.text:PCM_getPowerMode</name>
         <load_address>0x12e8</load_address>
         <run_address>0x12e8</run_address>
         <size>0x2a</size>
         <input_file_ref idref="fl-13"/>
      </object_component>
      <object_component id="oc-2d9">
         <name>.text:PCM_gotoLPM0</name>
         <load_address>0x1314</load_address>
         <run_address>0x1314</run_address>
         <size>0x28</size>
         <input_file_ref idref="fl-13"/>
      </object_component>
      <object_component id="oc-1a5">
         <name>.text:CS_setDCOCenteredFrequency</name>
         <load_address>0x133c</load_address>
         <run_address>0x133c</run_address>
         <size>0x24</size>
         <input_file_ref idref="fl-f"/>
      </object_component>
      <object_component id="oc-1f6">
         <name>.text:I2C_masterSendMultiByteNext</name>
         <load_address>0x1360</load_address>
         <run_address>0x1360</run_address>
         <size>0x24</size>
         <input_file_ref idref="fl-11"/>
      </object_component>
      <object_component id="oc-2e6">
         <name>.text:RTC_C_holdClock</name>
         <load_address>0x1384</load_address>
         <run_address>0x1384</run_address>
         <size>0x24</size>
         <input_file_ref idref="fl-14"/>
      </object_component>
      <object_component id="oc-f2">
         <name>.text:RTC_C_startClock</name>
         <load_address>0x13a8</load_address>
         <run_address>0x13a8</run_address>
         <size>0x24</size>
         <input_file_ref idref="fl-14"/>
      </object_component>
      <object_component id="oc-1bd">
         <name>.text:UART_transmitData</name>
         <load_address>0x13cc</load_address>
         <run_address>0x13cc</run_address>
         <size>0x24</size>
         <input_file_ref idref="fl-16"/>
      </object_component>
      <object_component id="oc-11c">
         <name>.text</name>
         <load_address>0x13f0</load_address>
         <run_address>0x13f0</run_address>
         <size>0x24</size>
         <input_file_ref idref="fl-2"/>
      </object_component>
      <object_component id="oc-ae">
         <name>.text</name>
         <load_address>0x1414</load_address>
         <run_address>0x1414</run_address>
         <size>0x24</size>
         <input_file_ref idref="fl-5"/>
      </object_component>
      <object_component id="oc-13f">
         <name>.text:WDT_A_holdTimer</name>
         <load_address>0x1438</load_address>
         <run_address>0x1438</run_address>
         <size>0x18</size>
         <input_file_ref idref="fl-17"/>
      </object_component>
      <object_component id="oc-67">
         <name>.text</name>
         <load_address>0x1450</load_address>
         <run_address>0x1450</run_address>
         <size>0x18</size>
         <input_file_ref idref="fl-da"/>
      </object_component>
      <object_component id="oc-ce">
         <name>.text:CS_setExternalClockSourceFrequency</name>
         <load_address>0x1468</load_address>
         <run_address>0x1468</run_address>
         <size>0x14</size>
         <input_file_ref idref="fl-f"/>
      </object_component>
      <object_component id="oc-202">
         <name>.text:I2C_isBusBusy</name>
         <load_address>0x147c</load_address>
         <run_address>0x147c</run_address>
         <size>0x14</size>
         <input_file_ref idref="fl-11"/>
      </object_component>
      <object_component id="oc-fe">
         <name>.text:Interrupt_enableSleepOnIsrExit</name>
         <load_address>0x1490</load_address>
         <run_address>0x1490</run_address>
         <size>0x14</size>
         <input_file_ref idref="fl-12"/>
      </object_component>
      <object_component id="oc-163">
         <name>.text</name>
         <load_address>0x14a4</load_address>
         <run_address>0x14a4</run_address>
         <size>0x14</size>
         <input_file_ref idref="fl-d9"/>
      </object_component>
      <object_component id="oc-1b7">
         <name>.text</name>
         <load_address>0x14b8</load_address>
         <run_address>0x14b8</run_address>
         <size>0x14</size>
         <input_file_ref idref="fl-d8"/>
      </object_component>
      <object_component id="oc-104">
         <name>.text:Interrupt_enableMaster</name>
         <load_address>0x14cc</load_address>
         <run_address>0x14cc</run_address>
         <size>0x10</size>
         <input_file_ref idref="fl-12"/>
      </object_component>
      <object_component id="oc-2c7">
         <name>.text:PCM_gotoLPM4</name>
         <load_address>0x14dc</load_address>
         <run_address>0x14dc</run_address>
         <size>0x10</size>
         <input_file_ref idref="fl-13"/>
      </object_component>
      <object_component id="oc-257">
         <name>.text:SysCtl_disableNMISource</name>
         <load_address>0x14ec</load_address>
         <run_address>0x14ec</run_address>
         <size>0x10</size>
         <input_file_ref idref="fl-15"/>
      </object_component>
      <object_component id="oc-25d">
         <name>.text:SysCtl_enableNMISource</name>
         <load_address>0x14fc</load_address>
         <run_address>0x14fc</run_address>
         <size>0x10</size>
         <input_file_ref idref="fl-15"/>
      </object_component>
      <object_component id="oc-1e4">
         <name>.text:I2C_setMode</name>
         <load_address>0x150c</load_address>
         <run_address>0x150c</run_address>
         <size>0xe</size>
         <input_file_ref idref="fl-11"/>
      </object_component>
      <object_component id="oc-14">
         <name>.text:decompress:none</name>
         <load_address>0x151a</load_address>
         <run_address>0x151a</run_address>
         <size>0xe</size>
         <input_file_ref idref="fl-cf"/>
      </object_component>
      <object_component id="oc-77">
         <name>.text</name>
         <load_address>0x1528</load_address>
         <run_address>0x1528</run_address>
         <size>0xe</size>
         <input_file_ref idref="fl-7"/>
      </object_component>
      <object_component id="oc-190">
         <name>.text:CPU_cpsie</name>
         <load_address>0x1536</load_address>
         <run_address>0x1536</run_address>
         <size>0xc</size>
         <input_file_ref idref="fl-18"/>
      </object_component>
      <object_component id="oc-1ea">
         <name>.text:I2C_enableModule</name>
         <load_address>0x1542</load_address>
         <run_address>0x1542</run_address>
         <size>0xc</size>
         <input_file_ref idref="fl-11"/>
      </object_component>
      <object_component id="oc-220">
         <name>.text:PCM_getPowerState</name>
         <load_address>0x1550</load_address>
         <run_address>0x1550</run_address>
         <size>0xc</size>
         <input_file_ref idref="fl-13"/>
      </object_component>
      <object_component id="oc-251">
         <name>.text:SysCtl_getNMISourceStatus</name>
         <load_address>0x155c</load_address>
         <run_address>0x155c</run_address>
         <size>0xc</size>
         <input_file_ref idref="fl-15"/>
      </object_component>
      <object_component id="oc-1b1">
         <name>.text:UART_enableModule</name>
         <load_address>0x1568</load_address>
         <run_address>0x1568</run_address>
         <size>0xc</size>
         <input_file_ref idref="fl-16"/>
      </object_component>
      <object_component id="oc-226">
         <name>.text:PCM_setPowerMode</name>
         <load_address>0x1574</load_address>
         <run_address>0x1574</run_address>
         <size>0x8</size>
         <input_file_ref idref="fl-13"/>
      </object_component>
      <object_component id="oc-232">
         <name>.text:PCM_setPowerState</name>
         <load_address>0x157c</load_address>
         <run_address>0x157c</run_address>
         <size>0x8</size>
         <input_file_ref idref="fl-13"/>
      </object_component>
      <object_component id="oc-d4">
         <name>.text:CS_startLFXT</name>
         <load_address>0x1584</load_address>
         <run_address>0x1584</run_address>
         <size>0x6</size>
         <input_file_ref idref="fl-f"/>
      </object_component>
      <object_component id="oc-1a">
         <name>.text:decompress:rle24</name>
         <load_address>0x158a</load_address>
         <run_address>0x158a</run_address>
         <size>0x6</size>
         <input_file_ref idref="fl-d0"/>
      </object_component>
      <object_component id="oc-22c">
         <name>.text:CPU_wfi</name>
         <load_address>0x1590</load_address>
         <run_address>0x1590</run_address>
         <size>0x4</size>
         <input_file_ref idref="fl-18"/>
      </object_component>
      <object_component id="oc-1de">
         <name>.text:I2C_setSlaveAddress</name>
         <load_address>0x1594</load_address>
         <run_address>0x1594</run_address>
         <size>0x4</size>
         <input_file_ref idref="fl-11"/>
      </object_component>
      <object_component id="oc-5b">
         <name>.text</name>
         <load_address>0x1598</load_address>
         <run_address>0x1598</run_address>
         <size>0x4</size>
         <input_file_ref idref="fl-d6"/>
      </object_component>
      <object_component id="oc-18a">
         <name>.const</name>
         <load_address>0x159c</load_address>
         <run_address>0x159c</run_address>
         <size>0x40</size>
         <input_file_ref idref="fl-12"/>
      </object_component>
      <object_component id="oc-1c3">
         <name>.const:uartConfig</name>
         <load_address>0x15dc</load_address>
         <run_address>0x15dc</run_address>
         <size>0x24</size>
         <input_file_ref idref="fl-9"/>
      </object_component>
      <object_component id="oc-122">
         <name>.const:currentTime</name>
         <load_address>0x1600</load_address>
         <run_address>0x1600</run_address>
         <size>0x1c</size>
         <input_file_ref idref="fl-6"/>
      </object_component>
      <object_component id="oc-214">
         <name>.const:i2cConfig</name>
         <load_address>0x161c</load_address>
         <run_address>0x161c</run_address>
         <size>0x14</size>
         <input_file_ref idref="fl-3"/>
      </object_component>
      <object_component id="oc-151">
         <name>.const:i2cInitStructure</name>
         <load_address>0x1630</load_address>
         <run_address>0x1630</run_address>
         <size>0x10</size>
         <input_file_ref idref="fl-5"/>
      </object_component>
      <object_component id="oc-31f">
         <name>.cinit..data.load</name>
         <load_address>0x1640</load_address>
         <run_address>0x1640</run_address>
         <size>0x48</size>
      </object_component>
      <object_component id="oc-320">
         <name>.cinit..bss.load</name>
         <load_address>0x1688</load_address>
         <run_address>0x1688</run_address>
         <size>0x9</size>
      </object_component>
      <object_component id="oc-31d">
         <name>__TI_handler_table</name>
         <load_address>0x1694</load_address>
         <run_address>0x1694</run_address>
         <size>0x8</size>
      </object_component>
      <object_component id="oc-31e">
         <name>__TI_cinit_table</name>
         <load_address>0x169c</load_address>
         <run_address>0x169c</run_address>
         <size>0x10</size>
      </object_component>
      <object_component id="oc-2fa">
         <name>.binit</name>
         <load_address>0x0</load_address>
         <run_address>0x0</run_address>
         <size>0x0</size>
      </object_component>
      <object_component id="oc-16f">
         <name>.data</name>
         <load_address>0x20000048</load_address>
         <run_address>0x20000048</run_address>
         <size>0x4</size>
         <input_file_ref idref="fl-8"/>
      </object_component>
      <object_component id="oc-173">
         <name>.data:GPIO_PORT_TO_BASE</name>
         <load_address>0x20000000</load_address>
         <run_address>0x20000000</run_address>
         <size>0x30</size>
         <input_file_ref idref="fl-10"/>
      </object_component>
      <object_component id="oc-b6">
         <name>.data:$O1$$</name>
         <load_address>0x20000030</load_address>
         <run_address>0x20000030</run_address>
         <size>0xc</size>
         <input_file_ref idref="fl-d2"/>
      </object_component>
      <object_component id="oc-73">
         <name>.data</name>
         <load_address>0x20000044</load_address>
         <run_address>0x20000044</run_address>
         <size>0x4</size>
         <input_file_ref idref="fl-d7"/>
      </object_component>
      <object_component id="oc-b9">
         <name>.data:$O1$$</name>
         <load_address>0x2000003c</load_address>
         <run_address>0x2000003c</run_address>
         <size>0x8</size>
         <input_file_ref idref="fl-d9"/>
      </object_component>
      <object_component id="oc-217">
         <name>.bss</name>
         <uninitialized>true</uninitialized>
         <run_address>0x20000074</run_address>
         <size>0x1</size>
         <input_file_ref idref="fl-3"/>
      </object_component>
      <object_component id="oc-125">
         <name>.bss:newTime</name>
         <uninitialized>true</uninitialized>
         <run_address>0x2000004c</run_address>
         <size>0x1c</size>
         <input_file_ref idref="fl-6"/>
      </object_component>
      <object_component id="oc-1c6">
         <name>.common:i</name>
         <uninitialized>true</uninitialized>
         <run_address>0x2000006c</run_address>
         <size>0x4</size>
      </object_component>
      <object_component id="oc-17b">
         <name>.common:hfxtFreq</name>
         <uninitialized>true</uninitialized>
         <run_address>0x20000068</run_address>
         <size>0x4</size>
      </object_component>
      <object_component id="oc-178">
         <name>.common:lfxtFreq</name>
         <uninitialized>true</uninitialized>
         <run_address>0x20000070</run_address>
         <size>0x4</size>
      </object_component>
      <object_component id="oc-2f">
         <name>.stack</name>
         <uninitialized>true</uninitialized>
         <run_address>0x2000fe00</run_address>
         <size>0x0</size>
         <input_file_ref idref="fl-ce"/>
      </object_component>
      <object_component id="oc-321">
         <name>.stack</name>
         <uninitialized>true</uninitialized>
         <run_address>0x2000fe00</run_address>
         <size>0x0</size>
      </object_component>
      <object_component id="oc-2c2">
         <name>.debug_info</name>
         <load_address>0x0</load_address>
         <run_address>0x0</run_address>
         <size>0x38d</size>
         <input_file_ref idref="fl-2"/>
      </object_component>
      <object_component id="oc-11d">
         <name>.debug_info</name>
         <load_address>0x38d</load_address>
         <run_address>0x38d</run_address>
         <size>0x140</size>
         <input_file_ref idref="fl-2"/>
      </object_component>
      <object_component id="oc-282">
         <name>.debug_info</name>
         <load_address>0x4cd</load_address>
         <run_address>0x4cd</run_address>
         <size>0x103e</size>
         <input_file_ref idref="fl-2"/>
      </object_component>
      <object_component id="oc-27d">
         <name>.debug_info</name>
         <load_address>0x150b</load_address>
         <run_address>0x150b</run_address>
         <size>0x37a3</size>
         <input_file_ref idref="fl-2"/>
      </object_component>
      <object_component id="oc-29d">
         <name>.debug_info</name>
         <load_address>0x4cae</load_address>
         <run_address>0x4cae</run_address>
         <size>0x9a</size>
         <input_file_ref idref="fl-2"/>
      </object_component>
      <object_component id="oc-24c">
         <name>.debug_info</name>
         <load_address>0x4d48</load_address>
         <run_address>0x4d48</run_address>
         <size>0x1b5</size>
         <input_file_ref idref="fl-2"/>
      </object_component>
      <object_component id="oc-266">
         <name>.debug_info</name>
         <load_address>0x4efd</load_address>
         <run_address>0x4efd</run_address>
         <size>0xc6</size>
         <input_file_ref idref="fl-2"/>
      </object_component>
      <object_component id="oc-8e">
         <name>.debug_info</name>
         <load_address>0x4fc3</load_address>
         <run_address>0x4fc3</run_address>
         <size>0x84</size>
         <input_file_ref idref="fl-2"/>
      </object_component>
      <object_component id="oc-129">
         <name>.debug_info</name>
         <load_address>0x5047</load_address>
         <run_address>0x5047</run_address>
         <size>0x18b</size>
         <input_file_ref idref="fl-2"/>
      </object_component>
      <object_component id="oc-287">
         <name>.debug_info</name>
         <load_address>0x51d2</load_address>
         <run_address>0x51d2</run_address>
         <size>0xee</size>
         <input_file_ref idref="fl-2"/>
      </object_component>
      <object_component id="oc-219">
         <name>.debug_info</name>
         <load_address>0x52c0</load_address>
         <run_address>0x52c0</run_address>
         <size>0x69a</size>
         <input_file_ref idref="fl-3"/>
      </object_component>
      <object_component id="oc-215">
         <name>.debug_info</name>
         <load_address>0x595a</load_address>
         <run_address>0x595a</run_address>
         <size>0xe1</size>
         <input_file_ref idref="fl-3"/>
      </object_component>
      <object_component id="oc-148">
         <name>.debug_info</name>
         <load_address>0x5a3b</load_address>
         <run_address>0x5a3b</run_address>
         <size>0x43f</size>
         <input_file_ref idref="fl-3"/>
      </object_component>
      <object_component id="oc-2a2">
         <name>.debug_info</name>
         <load_address>0x5e7a</load_address>
         <run_address>0x5e7a</run_address>
         <size>0xae</size>
         <input_file_ref idref="fl-3"/>
      </object_component>
      <object_component id="oc-111">
         <name>.debug_info</name>
         <load_address>0x5f28</load_address>
         <run_address>0x5f28</run_address>
         <size>0x23b</size>
         <input_file_ref idref="fl-4"/>
      </object_component>
      <object_component id="oc-96">
         <name>.debug_info</name>
         <load_address>0x6163</load_address>
         <run_address>0x6163</run_address>
         <size>0x2c</size>
         <input_file_ref idref="fl-4"/>
      </object_component>
      <object_component id="oc-23b">
         <name>.debug_info</name>
         <load_address>0x618f</load_address>
         <run_address>0x618f</run_address>
         <size>0x45b</size>
         <input_file_ref idref="fl-5"/>
      </object_component>
      <object_component id="oc-152">
         <name>.debug_info</name>
         <load_address>0x65ea</load_address>
         <run_address>0x65ea</run_address>
         <size>0xe3</size>
         <input_file_ref idref="fl-5"/>
      </object_component>
      <object_component id="oc-af">
         <name>.debug_info</name>
         <load_address>0x66cd</load_address>
         <run_address>0x66cd</run_address>
         <size>0x161</size>
         <input_file_ref idref="fl-5"/>
      </object_component>
      <object_component id="oc-155">
         <name>.debug_info</name>
         <load_address>0x682e</load_address>
         <run_address>0x682e</run_address>
         <size>0x8b</size>
         <input_file_ref idref="fl-5"/>
      </object_component>
      <object_component id="oc-1cd">
         <name>.debug_info</name>
         <load_address>0x68b9</load_address>
         <run_address>0x68b9</run_address>
         <size>0x73d</size>
         <input_file_ref idref="fl-6"/>
      </object_component>
      <object_component id="oc-126">
         <name>.debug_info</name>
         <load_address>0x6ff6</load_address>
         <run_address>0x6ff6</run_address>
         <size>0xd9</size>
         <input_file_ref idref="fl-6"/>
      </object_component>
      <object_component id="oc-123">
         <name>.debug_info</name>
         <load_address>0x70cf</load_address>
         <run_address>0x70cf</run_address>
         <size>0xe2</size>
         <input_file_ref idref="fl-6"/>
      </object_component>
      <object_component id="oc-7f">
         <name>.debug_info</name>
         <load_address>0x71b1</load_address>
         <run_address>0x71b1</run_address>
         <size>0x389</size>
         <input_file_ref idref="fl-6"/>
      </object_component>
      <object_component id="oc-85">
         <name>.debug_info</name>
         <load_address>0x753a</load_address>
         <run_address>0x753a</run_address>
         <size>0x11e</size>
         <input_file_ref idref="fl-7"/>
      </object_component>
      <object_component id="oc-2d">
         <name>.debug_info</name>
         <load_address>0x7658</load_address>
         <run_address>0x7658</run_address>
         <size>0xf6</size>
         <input_file_ref idref="fl-7"/>
      </object_component>
      <object_component id="oc-7b">
         <name>.debug_info</name>
         <load_address>0x774e</load_address>
         <run_address>0x774e</run_address>
         <size>0x1bd</size>
         <input_file_ref idref="fl-7"/>
      </object_component>
      <object_component id="oc-170">
         <name>.debug_info</name>
         <load_address>0x790b</load_address>
         <run_address>0x790b</run_address>
         <size>0xef</size>
         <input_file_ref idref="fl-8"/>
      </object_component>
      <object_component id="oc-c4">
         <name>.debug_info</name>
         <load_address>0x79fa</load_address>
         <run_address>0x79fa</run_address>
         <size>0x261</size>
         <input_file_ref idref="fl-8"/>
      </object_component>
      <object_component id="oc-1c7">
         <name>.debug_info</name>
         <load_address>0x7c5b</load_address>
         <run_address>0x7c5b</run_address>
         <size>0x58c</size>
         <input_file_ref idref="fl-9"/>
      </object_component>
      <object_component id="oc-1c4">
         <name>.debug_info</name>
         <load_address>0x81e7</load_address>
         <run_address>0x81e7</run_address>
         <size>0xe4</size>
         <input_file_ref idref="fl-9"/>
      </object_component>
      <object_component id="oc-117">
         <name>.debug_info</name>
         <load_address>0x82cb</load_address>
         <run_address>0x82cb</run_address>
         <size>0x4c8</size>
         <input_file_ref idref="fl-9"/>
      </object_component>
      <object_component id="oc-179">
         <name>.debug_info</name>
         <load_address>0x8793</load_address>
         <run_address>0x8793</run_address>
         <size>0x5ef</size>
         <input_file_ref idref="fl-f"/>
      </object_component>
      <object_component id="oc-180">
         <name>.debug_info</name>
         <load_address>0x8d82</load_address>
         <run_address>0x8d82</run_address>
         <size>0x21a</size>
         <input_file_ref idref="fl-f"/>
      </object_component>
      <object_component id="oc-d7">
         <name>.debug_info</name>
         <load_address>0x8f9c</load_address>
         <run_address>0x8f9c</run_address>
         <size>0x11c</size>
         <input_file_ref idref="fl-f"/>
      </object_component>
      <object_component id="oc-d1">
         <name>.debug_info</name>
         <load_address>0x90b8</load_address>
         <run_address>0x90b8</run_address>
         <size>0x1dd</size>
         <input_file_ref idref="fl-f"/>
      </object_component>
      <object_component id="oc-1a8">
         <name>.debug_info</name>
         <load_address>0x9295</load_address>
         <run_address>0x9295</run_address>
         <size>0x132</size>
         <input_file_ref idref="fl-f"/>
      </object_component>
      <object_component id="oc-245">
         <name>.debug_info</name>
         <load_address>0x93c7</load_address>
         <run_address>0x93c7</run_address>
         <size>0x103e</size>
         <input_file_ref idref="fl-f"/>
      </object_component>
      <object_component id="oc-177">
         <name>.debug_info</name>
         <load_address>0xa405</load_address>
         <run_address>0xa405</run_address>
         <size>0x4a4</size>
         <input_file_ref idref="fl-10"/>
      </object_component>
      <object_component id="oc-174">
         <name>.debug_info</name>
         <load_address>0xa8a9</load_address>
         <run_address>0xa8a9</run_address>
         <size>0xd0</size>
         <input_file_ref idref="fl-10"/>
      </object_component>
      <object_component id="oc-cb">
         <name>.debug_info</name>
         <load_address>0xa979</load_address>
         <run_address>0xa979</run_address>
         <size>0x1dd</size>
         <input_file_ref idref="fl-10"/>
      </object_component>
      <object_component id="oc-1a2">
         <name>.debug_info</name>
         <load_address>0xab56</load_address>
         <run_address>0xab56</run_address>
         <size>0x1db</size>
         <input_file_ref idref="fl-10"/>
      </object_component>
      <object_component id="oc-28f">
         <name>.debug_info</name>
         <load_address>0xad31</load_address>
         <run_address>0xad31</run_address>
         <size>0x4ac</size>
         <input_file_ref idref="fl-11"/>
      </object_component>
      <object_component id="oc-1e0">
         <name>.debug_info</name>
         <load_address>0xb1dd</load_address>
         <run_address>0xb1dd</run_address>
         <size>0x182</size>
         <input_file_ref idref="fl-11"/>
      </object_component>
      <object_component id="oc-1e6">
         <name>.debug_info</name>
         <load_address>0xb35f</load_address>
         <run_address>0xb35f</run_address>
         <size>0x152</size>
         <input_file_ref idref="fl-11"/>
      </object_component>
      <object_component id="oc-20a">
         <name>.debug_info</name>
         <load_address>0xb4b1</load_address>
         <run_address>0xb4b1</run_address>
         <size>0x191</size>
         <input_file_ref idref="fl-11"/>
      </object_component>
      <object_component id="oc-1ff">
         <name>.debug_info</name>
         <load_address>0xb642</load_address>
         <run_address>0xb642</run_address>
         <size>0x153</size>
         <input_file_ref idref="fl-11"/>
      </object_component>
      <object_component id="oc-1f3">
         <name>.debug_info</name>
         <load_address>0xb795</load_address>
         <run_address>0xb795</run_address>
         <size>0x19c</size>
         <input_file_ref idref="fl-11"/>
      </object_component>
      <object_component id="oc-1f9">
         <name>.debug_info</name>
         <load_address>0xb931</load_address>
         <run_address>0xb931</run_address>
         <size>0x17d</size>
         <input_file_ref idref="fl-11"/>
      </object_component>
      <object_component id="oc-211">
         <name>.debug_info</name>
         <load_address>0xbaae</load_address>
         <run_address>0xbaae</run_address>
         <size>0x154</size>
         <input_file_ref idref="fl-11"/>
      </object_component>
      <object_component id="oc-205">
         <name>.debug_info</name>
         <load_address>0xbc02</load_address>
         <run_address>0xbc02</run_address>
         <size>0x138</size>
         <input_file_ref idref="fl-11"/>
      </object_component>
      <object_component id="oc-1db">
         <name>.debug_info</name>
         <load_address>0xbd3a</load_address>
         <run_address>0xbd3a</run_address>
         <size>0x160</size>
         <input_file_ref idref="fl-11"/>
      </object_component>
      <object_component id="oc-1ed">
         <name>.debug_info</name>
         <load_address>0xbe9a</load_address>
         <run_address>0xbe9a</run_address>
         <size>0x13a</size>
         <input_file_ref idref="fl-11"/>
      </object_component>
      <object_component id="oc-18e">
         <name>.debug_info</name>
         <load_address>0xbfd4</load_address>
         <run_address>0xbfd4</run_address>
         <size>0x432</size>
         <input_file_ref idref="fl-12"/>
      </object_component>
      <object_component id="oc-18b">
         <name>.debug_info</name>
         <load_address>0xc406</load_address>
         <run_address>0xc406</run_address>
         <size>0x173</size>
         <input_file_ref idref="fl-12"/>
      </object_component>
      <object_component id="oc-100">
         <name>.debug_info</name>
         <load_address>0xc579</load_address>
         <run_address>0xc579</run_address>
         <size>0x121</size>
         <input_file_ref idref="fl-12"/>
      </object_component>
      <object_component id="oc-106">
         <name>.debug_info</name>
         <load_address>0xc69a</load_address>
         <run_address>0xc69a</run_address>
         <size>0x122</size>
         <input_file_ref idref="fl-12"/>
      </object_component>
      <object_component id="oc-fa">
         <name>.debug_info</name>
         <load_address>0xc7bc</load_address>
         <run_address>0xc7bc</run_address>
         <size>0x16b</size>
         <input_file_ref idref="fl-12"/>
      </object_component>
      <object_component id="oc-2c6">
         <name>.debug_info</name>
         <load_address>0xc927</load_address>
         <run_address>0xc927</run_address>
         <size>0x560</size>
         <input_file_ref idref="fl-13"/>
      </object_component>
      <object_component id="oc-2cf">
         <name>.debug_info</name>
         <load_address>0xce87</load_address>
         <run_address>0xce87</run_address>
         <size>0x174</size>
         <input_file_ref idref="fl-13"/>
      </object_component>
      <object_component id="oc-222">
         <name>.debug_info</name>
         <load_address>0xcffb</load_address>
         <run_address>0xcffb</run_address>
         <size>0xf9</size>
         <input_file_ref idref="fl-13"/>
      </object_component>
      <object_component id="oc-21c">
         <name>.debug_info</name>
         <load_address>0xd0f4</load_address>
         <run_address>0xd0f4</run_address>
         <size>0x112</size>
         <input_file_ref idref="fl-13"/>
      </object_component>
      <object_component id="oc-2ab">
         <name>.debug_info</name>
         <load_address>0xd206</load_address>
         <run_address>0xd206</run_address>
         <size>0x291</size>
         <input_file_ref idref="fl-13"/>
      </object_component>
      <object_component id="oc-228">
         <name>.debug_info</name>
         <load_address>0xd497</load_address>
         <run_address>0xd497</run_address>
         <size>0x12e</size>
         <input_file_ref idref="fl-13"/>
      </object_component>
      <object_component id="oc-234">
         <name>.debug_info</name>
         <load_address>0xd5c5</load_address>
         <run_address>0xd5c5</run_address>
         <size>0x133</size>
         <input_file_ref idref="fl-13"/>
      </object_component>
      <object_component id="oc-14d">
         <name>.debug_info</name>
         <load_address>0xd6f8</load_address>
         <run_address>0xd6f8</run_address>
         <size>0x1b7</size>
         <input_file_ref idref="fl-13"/>
      </object_component>
      <object_component id="oc-2c9">
         <name>.debug_info</name>
         <load_address>0xd8af</load_address>
         <run_address>0xd8af</run_address>
         <size>0x12e</size>
         <input_file_ref idref="fl-13"/>
      </object_component>
      <object_component id="oc-2f0">
         <name>.debug_info</name>
         <load_address>0xd9dd</load_address>
         <run_address>0xd9dd</run_address>
         <size>0x120</size>
         <input_file_ref idref="fl-13"/>
      </object_component>
      <object_component id="oc-2d5">
         <name>.debug_info</name>
         <load_address>0xdafd</load_address>
         <run_address>0xdafd</run_address>
         <size>0x311</size>
         <input_file_ref idref="fl-13"/>
      </object_component>
      <object_component id="oc-2db">
         <name>.debug_info</name>
         <load_address>0xde0e</load_address>
         <run_address>0xde0e</run_address>
         <size>0xfd</size>
         <input_file_ref idref="fl-13"/>
      </object_component>
      <object_component id="oc-2b3">
         <name>.debug_info</name>
         <load_address>0xdf0b</load_address>
         <run_address>0xdf0b</run_address>
         <size>0x54c</size>
         <input_file_ref idref="fl-13"/>
      </object_component>
      <object_component id="oc-185">
         <name>.debug_info</name>
         <load_address>0xe457</load_address>
         <run_address>0xe457</run_address>
         <size>0x4a3</size>
         <input_file_ref idref="fl-14"/>
      </object_component>
      <object_component id="oc-f3">
         <name>.debug_info</name>
         <load_address>0xe8fa</load_address>
         <run_address>0xe8fa</run_address>
         <size>0xf6</size>
         <input_file_ref idref="fl-14"/>
      </object_component>
      <object_component id="oc-e1">
         <name>.debug_info</name>
         <load_address>0xe9f0</load_address>
         <run_address>0xe9f0</run_address>
         <size>0x140</size>
         <input_file_ref idref="fl-14"/>
      </object_component>
      <object_component id="oc-db">
         <name>.debug_info</name>
         <load_address>0xeb30</load_address>
         <run_address>0xeb30</run_address>
         <size>0x17e</size>
         <input_file_ref idref="fl-14"/>
      </object_component>
      <object_component id="oc-2e7">
         <name>.debug_info</name>
         <load_address>0xecae</load_address>
         <run_address>0xecae</run_address>
         <size>0xf4</size>
         <input_file_ref idref="fl-14"/>
      </object_component>
      <object_component id="oc-198">
         <name>.debug_info</name>
         <load_address>0xeda2</load_address>
         <run_address>0xeda2</run_address>
         <size>0x13e</size>
         <input_file_ref idref="fl-14"/>
      </object_component>
      <object_component id="oc-10b">
         <name>.debug_info</name>
         <load_address>0xeee0</load_address>
         <run_address>0xeee0</run_address>
         <size>0x155</size>
         <input_file_ref idref="fl-14"/>
      </object_component>
      <object_component id="oc-ed">
         <name>.debug_info</name>
         <load_address>0xf035</load_address>
         <run_address>0xf035</run_address>
         <size>0x146</size>
         <input_file_ref idref="fl-14"/>
      </object_component>
      <object_component id="oc-e7">
         <name>.debug_info</name>
         <load_address>0xf17b</load_address>
         <run_address>0xf17b</run_address>
         <size>0x15f</size>
         <input_file_ref idref="fl-14"/>
      </object_component>
      <object_component id="oc-2bc">
         <name>.debug_info</name>
         <load_address>0xf2da</load_address>
         <run_address>0xf2da</run_address>
         <size>0x379</size>
         <input_file_ref idref="fl-15"/>
      </object_component>
      <object_component id="oc-253">
         <name>.debug_info</name>
         <load_address>0xf653</load_address>
         <run_address>0xf653</run_address>
         <size>0x10f</size>
         <input_file_ref idref="fl-15"/>
      </object_component>
      <object_component id="oc-25e">
         <name>.debug_info</name>
         <load_address>0xf762</load_address>
         <run_address>0xf762</run_address>
         <size>0x12b</size>
         <input_file_ref idref="fl-15"/>
      </object_component>
      <object_component id="oc-258">
         <name>.debug_info</name>
         <load_address>0xf88d</load_address>
         <run_address>0xf88d</run_address>
         <size>0x12d</size>
         <input_file_ref idref="fl-15"/>
      </object_component>
      <object_component id="oc-274">
         <name>.debug_info</name>
         <load_address>0xf9ba</load_address>
         <run_address>0xf9ba</run_address>
         <size>0x498</size>
         <input_file_ref idref="fl-16"/>
      </object_component>
      <object_component id="oc-1be">
         <name>.debug_info</name>
         <load_address>0xfe52</load_address>
         <run_address>0xfe52</run_address>
         <size>0x181</size>
         <input_file_ref idref="fl-16"/>
      </object_component>
      <object_component id="oc-1ac">
         <name>.debug_info</name>
         <load_address>0xffd3</load_address>
         <run_address>0xffd3</run_address>
         <size>0x169</size>
         <input_file_ref idref="fl-16"/>
      </object_component>
      <object_component id="oc-1b2">
         <name>.debug_info</name>
         <load_address>0x1013c</load_address>
         <run_address>0x1013c</run_address>
         <size>0x13f</size>
         <input_file_ref idref="fl-16"/>
      </object_component>
      <object_component id="oc-140">
         <name>.debug_info</name>
         <load_address>0x1027b</load_address>
         <run_address>0x1027b</run_address>
         <size>0x115</size>
         <input_file_ref idref="fl-17"/>
      </object_component>
      <object_component id="oc-22d">
         <name>.debug_info</name>
         <load_address>0x10390</load_address>
         <run_address>0x10390</run_address>
         <size>0xe1</size>
         <input_file_ref idref="fl-18"/>
      </object_component>
      <object_component id="oc-191">
         <name>.debug_info</name>
         <load_address>0x10471</load_address>
         <run_address>0x10471</run_address>
         <size>0xe7</size>
         <input_file_ref idref="fl-18"/>
      </object_component>
      <object_component id="oc-28">
         <name>.debug_info</name>
         <load_address>0x10558</load_address>
         <run_address>0x10558</run_address>
         <size>0x161</size>
         <input_file_ref idref="fl-ce"/>
      </object_component>
      <object_component id="oc-3b">
         <name>.debug_info</name>
         <load_address>0x106b9</load_address>
         <run_address>0x106b9</run_address>
         <size>0x141</size>
         <input_file_ref idref="fl-cf"/>
      </object_component>
      <object_component id="oc-18">
         <name>.debug_info</name>
         <load_address>0x107fa</load_address>
         <run_address>0x107fa</run_address>
         <size>0x1e0</size>
         <input_file_ref idref="fl-cf"/>
      </object_component>
      <object_component id="oc-36">
         <name>.debug_info</name>
         <load_address>0x109da</load_address>
         <run_address>0x109da</run_address>
         <size>0x46</size>
         <input_file_ref idref="fl-cf"/>
      </object_component>
      <object_component id="oc-87">
         <name>.debug_info</name>
         <load_address>0x10a20</load_address>
         <run_address>0x10a20</run_address>
         <size>0x2c</size>
         <input_file_ref idref="fl-cf"/>
      </object_component>
      <object_component id="oc-43">
         <name>.debug_info</name>
         <load_address>0x10a4c</load_address>
         <run_address>0x10a4c</run_address>
         <size>0x135</size>
         <input_file_ref idref="fl-d0"/>
      </object_component>
      <object_component id="oc-3d">
         <name>.debug_info</name>
         <load_address>0x10b81</load_address>
         <run_address>0x10b81</run_address>
         <size>0x248</size>
         <input_file_ref idref="fl-d0"/>
      </object_component>
      <object_component id="oc-1d">
         <name>.debug_info</name>
         <load_address>0x10dc9</load_address>
         <run_address>0x10dc9</run_address>
         <size>0x1b2</size>
         <input_file_ref idref="fl-d0"/>
      </object_component>
      <object_component id="oc-44">
         <name>.debug_info</name>
         <load_address>0x10f7b</load_address>
         <run_address>0x10f7b</run_address>
         <size>0x39</size>
         <input_file_ref idref="fl-d0"/>
      </object_component>
      <object_component id="oc-bd">
         <name>.debug_info</name>
         <load_address>0x10fb4</load_address>
         <run_address>0x10fb4</run_address>
         <size>0x235</size>
         <input_file_ref idref="fl-d2"/>
      </object_component>
      <object_component id="oc-b7">
         <name>.debug_info</name>
         <load_address>0x111e9</load_address>
         <run_address>0x111e9</run_address>
         <size>0x186</size>
         <input_file_ref idref="fl-d2"/>
      </object_component>
      <object_component id="oc-6e">
         <name>.debug_info</name>
         <load_address>0x1136f</load_address>
         <run_address>0x1136f</run_address>
         <size>0x215</size>
         <input_file_ref idref="fl-d2"/>
      </object_component>
      <object_component id="oc-31">
         <name>.debug_info</name>
         <load_address>0x11584</load_address>
         <run_address>0x11584</run_address>
         <size>0x112</size>
         <input_file_ref idref="fl-d3"/>
      </object_component>
      <object_component id="oc-4c">
         <name>.debug_info</name>
         <load_address>0x11696</load_address>
         <run_address>0x11696</run_address>
         <size>0x140</size>
         <input_file_ref idref="fl-d4"/>
      </object_component>
      <object_component id="oc-56">
         <name>.debug_info</name>
         <load_address>0x117d6</load_address>
         <run_address>0x117d6</run_address>
         <size>0x139</size>
         <input_file_ref idref="fl-d5"/>
      </object_component>
      <object_component id="oc-5d">
         <name>.debug_info</name>
         <load_address>0x1190f</load_address>
         <run_address>0x1190f</run_address>
         <size>0x149</size>
         <input_file_ref idref="fl-d6"/>
      </object_component>
      <object_component id="oc-74">
         <name>.debug_info</name>
         <load_address>0x11a58</load_address>
         <run_address>0x11a58</run_address>
         <size>0x10a</size>
         <input_file_ref idref="fl-d7"/>
      </object_component>
      <object_component id="oc-277">
         <name>.debug_info</name>
         <load_address>0x11b62</load_address>
         <run_address>0x11b62</run_address>
         <size>0xeb</size>
         <input_file_ref idref="fl-d8"/>
      </object_component>
      <object_component id="oc-1ba">
         <name>.debug_info</name>
         <load_address>0x11c4d</load_address>
         <run_address>0x11c4d</run_address>
         <size>0x22b</size>
         <input_file_ref idref="fl-d8"/>
      </object_component>
      <object_component id="oc-16b">
         <name>.debug_info</name>
         <load_address>0x11e78</load_address>
         <run_address>0x11e78</run_address>
         <size>0x125</size>
         <input_file_ref idref="fl-d9"/>
      </object_component>
      <object_component id="oc-ba">
         <name>.debug_info</name>
         <load_address>0x11f9d</load_address>
         <run_address>0x11f9d</run_address>
         <size>0x114</size>
         <input_file_ref idref="fl-d9"/>
      </object_component>
      <object_component id="oc-164">
         <name>.debug_info</name>
         <load_address>0x120b1</load_address>
         <run_address>0x120b1</run_address>
         <size>0x220</size>
         <input_file_ref idref="fl-d9"/>
      </object_component>
      <object_component id="oc-b5">
         <name>.debug_info</name>
         <load_address>0x122d1</load_address>
         <run_address>0x122d1</run_address>
         <size>0x167</size>
         <input_file_ref idref="fl-da"/>
      </object_component>
      <object_component id="oc-68">
         <name>.debug_info</name>
         <load_address>0x12438</load_address>
         <run_address>0x12438</run_address>
         <size>0x168</size>
         <input_file_ref idref="fl-da"/>
      </object_component>
      <object_component id="oc-15c">
         <name>.debug_info</name>
         <load_address>0x125a0</load_address>
         <run_address>0x125a0</run_address>
         <size>0x5e</size>
         <input_file_ref idref="fl-da"/>
      </object_component>
      <object_component id="oc-ad">
         <name>.debug_info</name>
         <load_address>0x125fe</load_address>
         <run_address>0x125fe</run_address>
         <size>0x2ea</size>
         <input_file_ref idref="fl-db"/>
      </object_component>
      <object_component id="oc-65">
         <name>.debug_info</name>
         <load_address>0x128e8</load_address>
         <run_address>0x128e8</run_address>
         <size>0x191</size>
         <input_file_ref idref="fl-db"/>
      </object_component>
      <object_component id="oc-135">
         <name>.debug_info</name>
         <load_address>0x12a79</load_address>
         <run_address>0x12a79</run_address>
         <size>0x39</size>
         <input_file_ref idref="fl-db"/>
      </object_component>
      <object_component id="oc-13a">
         <name>.debug_info</name>
         <load_address>0x12ab2</load_address>
         <run_address>0x12ab2</run_address>
         <size>0xcd</size>
         <input_file_ref idref="fl-db"/>
      </object_component>
      <object_component id="oc-131">
         <name>.debug_info</name>
         <load_address>0x12b7f</load_address>
         <run_address>0x12b7f</run_address>
         <size>0x1e1</size>
         <input_file_ref idref="fl-dc"/>
      </object_component>
      <object_component id="oc-a1">
         <name>.debug_info</name>
         <load_address>0x12d60</load_address>
         <run_address>0x12d60</run_address>
         <size>0x184</size>
         <input_file_ref idref="fl-dc"/>
      </object_component>
      <object_component id="oc-1d2">
         <name>.debug_info</name>
         <load_address>0x12ee4</load_address>
         <run_address>0x12ee4</run_address>
         <size>0x2c</size>
         <input_file_ref idref="fl-dc"/>
      </object_component>
      <object_component id="oc-a8">
         <name>.debug_info</name>
         <load_address>0x12f10</load_address>
         <run_address>0x12f10</run_address>
         <size>0x146</size>
         <input_file_ref idref="fl-dd"/>
      </object_component>
      <object_component id="oc-322">
         <name>.debug_info</name>
         <load_address>0x13056</load_address>
         <run_address>0x13056</run_address>
         <size>0xa5</size>
      </object_component>
      <object_component id="oc-2e3">
         <name>.debug_line</name>
         <load_address>0x0</load_address>
         <run_address>0x0</run_address>
         <size>0x20</size>
         <input_file_ref idref="fl-2"/>
      </object_component>
      <object_component id="oc-120">
         <name>.debug_line</name>
         <load_address>0x20</load_address>
         <run_address>0x20</run_address>
         <size>0x4f</size>
         <input_file_ref idref="fl-2"/>
      </object_component>
      <object_component id="oc-285">
         <name>.debug_line</name>
         <load_address>0x6f</load_address>
         <run_address>0x6f</run_address>
         <size>0x69</size>
         <input_file_ref idref="fl-2"/>
      </object_component>
      <object_component id="oc-280">
         <name>.debug_line</name>
         <load_address>0xd8</load_address>
         <run_address>0xd8</run_address>
         <size>0x66</size>
         <input_file_ref idref="fl-2"/>
      </object_component>
      <object_component id="oc-2a0">
         <name>.debug_line</name>
         <load_address>0x13e</load_address>
         <run_address>0x13e</run_address>
         <size>0x5e</size>
         <input_file_ref idref="fl-2"/>
      </object_component>
      <object_component id="oc-24f">
         <name>.debug_line</name>
         <load_address>0x19c</load_address>
         <run_address>0x19c</run_address>
         <size>0x61</size>
         <input_file_ref idref="fl-2"/>
      </object_component>
      <object_component id="oc-269">
         <name>.debug_line</name>
         <load_address>0x1fd</load_address>
         <run_address>0x1fd</run_address>
         <size>0x60</size>
         <input_file_ref idref="fl-2"/>
      </object_component>
      <object_component id="oc-91">
         <name>.debug_line</name>
         <load_address>0x25d</load_address>
         <run_address>0x25d</run_address>
         <size>0x20</size>
         <input_file_ref idref="fl-2"/>
      </object_component>
      <object_component id="oc-12c">
         <name>.debug_line</name>
         <load_address>0x27d</load_address>
         <run_address>0x27d</run_address>
         <size>0x73</size>
         <input_file_ref idref="fl-2"/>
      </object_component>
      <object_component id="oc-28a">
         <name>.debug_line</name>
         <load_address>0x2f0</load_address>
         <run_address>0x2f0</run_address>
         <size>0x5f</size>
         <input_file_ref idref="fl-2"/>
      </object_component>
      <object_component id="oc-29c">
         <name>.debug_line</name>
         <load_address>0x34f</load_address>
         <run_address>0x34f</run_address>
         <size>0x9d</size>
         <input_file_ref idref="fl-3"/>
      </object_component>
      <object_component id="oc-29a">
         <name>.debug_line</name>
         <load_address>0x3ec</load_address>
         <run_address>0x3ec</run_address>
         <size>0x39</size>
         <input_file_ref idref="fl-3"/>
      </object_component>
      <object_component id="oc-147">
         <name>.debug_line</name>
         <load_address>0x425</load_address>
         <run_address>0x425</run_address>
         <size>0x97</size>
         <input_file_ref idref="fl-3"/>
      </object_component>
      <object_component id="oc-2a5">
         <name>.debug_line</name>
         <load_address>0x4bc</load_address>
         <run_address>0x4bc</run_address>
         <size>0x39</size>
         <input_file_ref idref="fl-3"/>
      </object_component>
      <object_component id="oc-114">
         <name>.debug_line</name>
         <load_address>0x4f5</load_address>
         <run_address>0x4f5</run_address>
         <size>0x6a</size>
         <input_file_ref idref="fl-4"/>
      </object_component>
      <object_component id="oc-99">
         <name>.debug_line</name>
         <load_address>0x55f</load_address>
         <run_address>0x55f</run_address>
         <size>0x73</size>
         <input_file_ref idref="fl-4"/>
      </object_component>
      <object_component id="oc-2b9">
         <name>.debug_line</name>
         <load_address>0x5d2</load_address>
         <run_address>0x5d2</run_address>
         <size>0xfb</size>
         <input_file_ref idref="fl-5"/>
      </object_component>
      <object_component id="oc-23a">
         <name>.debug_line</name>
         <load_address>0x6cd</load_address>
         <run_address>0x6cd</run_address>
         <size>0x2d</size>
         <input_file_ref idref="fl-5"/>
      </object_component>
      <object_component id="oc-b2">
         <name>.debug_line</name>
         <load_address>0x6fa</load_address>
         <run_address>0x6fa</run_address>
         <size>0x4c</size>
         <input_file_ref idref="fl-5"/>
      </object_component>
      <object_component id="oc-158">
         <name>.debug_line</name>
         <load_address>0x746</load_address>
         <run_address>0x746</run_address>
         <size>0x20</size>
         <input_file_ref idref="fl-5"/>
      </object_component>
      <object_component id="oc-28d">
         <name>.debug_line</name>
         <load_address>0x766</load_address>
         <run_address>0x766</run_address>
         <size>0x15f</size>
         <input_file_ref idref="fl-6"/>
      </object_component>
      <object_component id="oc-1cf">
         <name>.debug_line</name>
         <load_address>0x8c5</load_address>
         <run_address>0x8c5</run_address>
         <size>0x36</size>
         <input_file_ref idref="fl-6"/>
      </object_component>
      <object_component id="oc-1cc">
         <name>.debug_line</name>
         <load_address>0x8fb</load_address>
         <run_address>0x8fb</run_address>
         <size>0x36</size>
         <input_file_ref idref="fl-6"/>
      </object_component>
      <object_component id="oc-82">
         <name>.debug_line</name>
         <load_address>0x931</load_address>
         <run_address>0x931</run_address>
         <size>0x77</size>
         <input_file_ref idref="fl-6"/>
      </object_component>
      <object_component id="oc-12f">
         <name>.debug_line</name>
         <load_address>0x9a8</load_address>
         <run_address>0x9a8</run_address>
         <size>0x40</size>
         <input_file_ref idref="fl-7"/>
      </object_component>
      <object_component id="oc-84">
         <name>.debug_line</name>
         <load_address>0x9e8</load_address>
         <run_address>0x9e8</run_address>
         <size>0x40</size>
         <input_file_ref idref="fl-7"/>
      </object_component>
      <object_component id="oc-7a">
         <name>.debug_line</name>
         <load_address>0xa28</load_address>
         <run_address>0xa28</run_address>
         <size>0x71</size>
         <input_file_ref idref="fl-7"/>
      </object_component>
      <object_component id="oc-240">
         <name>.debug_line</name>
         <load_address>0xa99</load_address>
         <run_address>0xa99</run_address>
         <size>0x3b</size>
         <input_file_ref idref="fl-8"/>
      </object_component>
      <object_component id="oc-c2">
         <name>.debug_line</name>
         <load_address>0xad4</load_address>
         <run_address>0xad4</run_address>
         <size>0x146</size>
         <input_file_ref idref="fl-8"/>
      </object_component>
      <object_component id="oc-27c">
         <name>.debug_line</name>
         <load_address>0xc1a</load_address>
         <run_address>0xc1a</run_address>
         <size>0x148</size>
         <input_file_ref idref="fl-9"/>
      </object_component>
      <object_component id="oc-27a">
         <name>.debug_line</name>
         <load_address>0xd62</load_address>
         <run_address>0xd62</run_address>
         <size>0x3a</size>
         <input_file_ref idref="fl-9"/>
      </object_component>
      <object_component id="oc-11b">
         <name>.debug_line</name>
         <load_address>0xd9c</load_address>
         <run_address>0xd9c</run_address>
         <size>0xf0</size>
         <input_file_ref idref="fl-9"/>
      </object_component>
      <object_component id="oc-24b">
         <name>.debug_line</name>
         <load_address>0xe8c</load_address>
         <run_address>0xe8c</run_address>
         <size>0x47</size>
         <input_file_ref idref="fl-f"/>
      </object_component>
      <object_component id="oc-182">
         <name>.debug_line</name>
         <load_address>0xed3</load_address>
         <run_address>0xed3</run_address>
         <size>0x72</size>
         <input_file_ref idref="fl-f"/>
      </object_component>
      <object_component id="oc-d9">
         <name>.debug_line</name>
         <load_address>0xf45</load_address>
         <run_address>0xf45</run_address>
         <size>0x3d</size>
         <input_file_ref idref="fl-f"/>
      </object_component>
      <object_component id="oc-d3">
         <name>.debug_line</name>
         <load_address>0xf82</load_address>
         <run_address>0xf82</run_address>
         <size>0x3e</size>
         <input_file_ref idref="fl-f"/>
      </object_component>
      <object_component id="oc-1aa">
         <name>.debug_line</name>
         <load_address>0xfc0</load_address>
         <run_address>0xfc0</run_address>
         <size>0x41</size>
         <input_file_ref idref="fl-f"/>
      </object_component>
      <object_component id="oc-248">
         <name>.debug_line</name>
         <load_address>0x1001</load_address>
         <run_address>0x1001</run_address>
         <size>0x5e</size>
         <input_file_ref idref="fl-f"/>
      </object_component>
      <object_component id="oc-244">
         <name>.debug_line</name>
         <load_address>0x105f</load_address>
         <run_address>0x105f</run_address>
         <size>0x31</size>
         <input_file_ref idref="fl-10"/>
      </object_component>
      <object_component id="oc-242">
         <name>.debug_line</name>
         <load_address>0x1090</load_address>
         <run_address>0x1090</run_address>
         <size>0x2a</size>
         <input_file_ref idref="fl-10"/>
      </object_component>
      <object_component id="oc-ca">
         <name>.debug_line</name>
         <load_address>0x10ba</load_address>
         <run_address>0x10ba</run_address>
         <size>0x50</size>
         <input_file_ref idref="fl-10"/>
      </object_component>
      <object_component id="oc-1a1">
         <name>.debug_line</name>
         <load_address>0x110a</load_address>
         <run_address>0x110a</run_address>
         <size>0x4e</size>
         <input_file_ref idref="fl-10"/>
      </object_component>
      <object_component id="oc-2c4">
         <name>.debug_line</name>
         <load_address>0x1158</load_address>
         <run_address>0x1158</run_address>
         <size>0x31</size>
         <input_file_ref idref="fl-11"/>
      </object_component>
      <object_component id="oc-1e3">
         <name>.debug_line</name>
         <load_address>0x1189</load_address>
         <run_address>0x1189</run_address>
         <size>0x3e</size>
         <input_file_ref idref="fl-11"/>
      </object_component>
      <object_component id="oc-1e9">
         <name>.debug_line</name>
         <load_address>0x11c7</load_address>
         <run_address>0x11c7</run_address>
         <size>0x3e</size>
         <input_file_ref idref="fl-11"/>
      </object_component>
      <object_component id="oc-20d">
         <name>.debug_line</name>
         <load_address>0x1205</load_address>
         <run_address>0x1205</run_address>
         <size>0x59</size>
         <input_file_ref idref="fl-11"/>
      </object_component>
      <object_component id="oc-1fd">
         <name>.debug_line</name>
         <load_address>0x125e</load_address>
         <run_address>0x125e</run_address>
         <size>0x44</size>
         <input_file_ref idref="fl-11"/>
      </object_component>
      <object_component id="oc-1f1">
         <name>.debug_line</name>
         <load_address>0x12a2</load_address>
         <run_address>0x12a2</run_address>
         <size>0x52</size>
         <input_file_ref idref="fl-11"/>
      </object_component>
      <object_component id="oc-1f7">
         <name>.debug_line</name>
         <load_address>0x12f4</load_address>
         <run_address>0x12f4</run_address>
         <size>0x44</size>
         <input_file_ref idref="fl-11"/>
      </object_component>
      <object_component id="oc-20f">
         <name>.debug_line</name>
         <load_address>0x1338</load_address>
         <run_address>0x1338</run_address>
         <size>0x4b</size>
         <input_file_ref idref="fl-11"/>
      </object_component>
      <object_component id="oc-204">
         <name>.debug_line</name>
         <load_address>0x1383</load_address>
         <run_address>0x1383</run_address>
         <size>0x3e</size>
         <input_file_ref idref="fl-11"/>
      </object_component>
      <object_component id="oc-1da">
         <name>.debug_line</name>
         <load_address>0x13c1</load_address>
         <run_address>0x13c1</run_address>
         <size>0x41</size>
         <input_file_ref idref="fl-11"/>
      </object_component>
      <object_component id="oc-1ec">
         <name>.debug_line</name>
         <load_address>0x1402</load_address>
         <run_address>0x1402</run_address>
         <size>0x3e</size>
         <input_file_ref idref="fl-11"/>
      </object_component>
      <object_component id="oc-26e">
         <name>.debug_line</name>
         <load_address>0x1440</load_address>
         <run_address>0x1440</run_address>
         <size>0x2b</size>
         <input_file_ref idref="fl-12"/>
      </object_component>
      <object_component id="oc-26c">
         <name>.debug_line</name>
         <load_address>0x146b</load_address>
         <run_address>0x146b</run_address>
         <size>0x2f</size>
         <input_file_ref idref="fl-12"/>
      </object_component>
      <object_component id="oc-102">
         <name>.debug_line</name>
         <load_address>0x149a</load_address>
         <run_address>0x149a</run_address>
         <size>0x44</size>
         <input_file_ref idref="fl-12"/>
      </object_component>
      <object_component id="oc-108">
         <name>.debug_line</name>
         <load_address>0x14de</load_address>
         <run_address>0x14de</run_address>
         <size>0x44</size>
         <input_file_ref idref="fl-12"/>
      </object_component>
      <object_component id="oc-fc">
         <name>.debug_line</name>
         <load_address>0x1522</load_address>
         <run_address>0x1522</run_address>
         <size>0x6d</size>
         <input_file_ref idref="fl-12"/>
      </object_component>
      <object_component id="oc-2e5">
         <name>.debug_line</name>
         <load_address>0x158f</load_address>
         <run_address>0x158f</run_address>
         <size>0x56</size>
         <input_file_ref idref="fl-13"/>
      </object_component>
      <object_component id="oc-2d1">
         <name>.debug_line</name>
         <load_address>0x15e5</load_address>
         <run_address>0x15e5</run_address>
         <size>0x4a</size>
         <input_file_ref idref="fl-13"/>
      </object_component>
      <object_component id="oc-224">
         <name>.debug_line</name>
         <load_address>0x162f</load_address>
         <run_address>0x162f</run_address>
         <size>0x3e</size>
         <input_file_ref idref="fl-13"/>
      </object_component>
      <object_component id="oc-21e">
         <name>.debug_line</name>
         <load_address>0x166d</load_address>
         <run_address>0x166d</run_address>
         <size>0x4a</size>
         <input_file_ref idref="fl-13"/>
      </object_component>
      <object_component id="oc-2ad">
[...]
         <value>0x20000048</value>
         <object_component_ref idref="oc-16f"/>
      </symbol>
      <symbol id="sm-157">
         <name>i</name>
         <value>0x2000006c</value>
      </symbol>
      <symbol id="sm-158">
         <name>uartConfig</name>
         <value>0x15dc</value>
         <object_component_ref idref="oc-1c3"/>
      </symbol>
      <symbol id="sm-159">
         <name>reverse</name>
         <value>0x5d5</value>
         <object_component_ref idref="oc-116"/>
      </symbol>
      <symbol id="sm-15a">
         <name>intToString</name>
         <value>0x629</value>
         <object_component_ref idref="oc-116"/>
      </symbol>
      <symbol id="sm-15b">
         <name>sendString</name>
         <value>0x68d</value>
         <object_component_ref idref="oc-116"/>
      </symbol>
      <symbol id="sm-15c">
         <name>sendInt</name>
         <value>0x6c7</value>
         <object_component_ref idref="oc-116"/>
      </symbol>
      <symbol id="sm-15d">
         <name>initUART</name>
         <value>0x5b1</value>
         <object_component_ref idref="oc-116"/>
      </symbol>
      <symbol id="sm-19a">
         <name>CS_startLFXT</name>
         <value>0x1585</value>
         <object_component_ref idref="oc-d4"/>
      </symbol>
      <symbol id="sm-19b">
         <name>CS_setExternalClockSourceFrequency</name>
         <value>0x1469</value>
         <object_component_ref idref="oc-ce"/>
      </symbol>
      <symbol id="sm-19c">
         <name>CS_setDCOCenteredFrequency</name>
         <value>0x133d</value>
         <object_component_ref idref="oc-1a5"/>
      </symbol>
      <symbol id="sm-19d">
         <name>CS_startLFXTWithTimeout</name>
         <value>0x93d</value>
         <object_component_ref idref="oc-17d"/>
      </symbol>
      <symbol id="sm-1c7">
         <name>GPIO_setAsPeripheralModuleFunctionOutputPin</name>
         <value>0x1025</value>
         <object_component_ref idref="oc-c8"/>
      </symbol>
      <symbol id="sm-1c8">
         <name>GPIO_setAsPeripheralModuleFunctionInputPin</name>
         <value>0x10bd</value>
         <object_component_ref idref="oc-19f"/>
      </symbol>
      <symbol id="sm-232">
         <name>I2C_masterSendMultiByteStop</name>
         <value>0x1235</value>
         <object_component_ref idref="oc-1fc"/>
      </symbol>
      <symbol id="sm-233">
         <name>I2C_masterSendMultiByteNext</name>
         <value>0x1361</value>
         <object_component_ref idref="oc-1f6"/>
      </symbol>
      <symbol id="sm-234">
         <name>I2C_masterSendMultiByteStart</name>
         <value>0x11cd</value>
         <object_component_ref idref="oc-1f0"/>
      </symbol>
      <symbol id="sm-235">
         <name>I2C_masterSendSingleByte</name>
         <value>0xf35</value>
         <object_component_ref idref="oc-208"/>
      </symbol>
      <symbol id="sm-236">
         <name>I2C_setMode</name>
         <value>0x150d</value>
         <object_component_ref idref="oc-1e4"/>
      </symbol>
      <symbol id="sm-237">
         <name>I2C_isBusBusy</name>
         <value>0x147d</value>
         <object_component_ref idref="oc-202"/>
      </symbol>
      <symbol id="sm-238">
         <name>I2C_enableModule</name>
         <value>0x1543</value>
         <object_component_ref idref="oc-1ea"/>
      </symbol>
      <symbol id="sm-239">
         <name>I2C_setSlaveAddress</name>
         <value>0x1595</value>
         <object_component_ref idref="oc-1de"/>
      </symbol>
      <symbol id="sm-23a">
         <name>I2C_initMaster</name>
         <value>0x118d</value>
         <object_component_ref idref="oc-1d8"/>
      </symbol>
      <symbol id="sm-23b">
         <name>I2C_masterReceiveSingleByte</name>
         <value>0x1205</value>
         <object_component_ref idref="oc-20e"/>
      </symbol>
      <symbol id="sm-275">
         <name>Interrupt_enableSleepOnIsrExit</name>
         <value>0x1491</value>
         <object_component_ref idref="oc-fe"/>
      </symbol>
      <symbol id="sm-276">
         <name>Interrupt_enableMaster</name>
         <value>0x14cd</value>
         <object_component_ref idref="oc-104"/>
      </symbol>
      <symbol id="sm-277">
         <name>Interrupt_enableInterrupt</name>
         <value>0xd75</value>
         <object_component_ref idref="oc-f8"/>
      </symbol>
      <symbol id="sm-334">
         <name>PCM_getCoreVoltageLevel</name>
         <value>0x1265</value>
         <object_component_ref idref="oc-2ee"/>
      </symbol>
      <symbol id="sm-335">
         <name>PCM_shutdownDevice</name>
         <value>0xf85</value>
         <object_component_ref idref="oc-2cd"/>
      </symbol>
      <symbol id="sm-336">
         <name>PCM_setPowerState</name>
         <value>0x157d</value>
         <object_component_ref idref="oc-232"/>
      </symbol>
      <symbol id="sm-337">
         <name>PCM_getPowerMode</name>
         <value>0x12e9</value>
         <object_component_ref idref="oc-21a"/>
      </symbol>
      <symbol id="sm-338">
         <name>PCM_getPowerState</name>
         <value>0x1551</value>
         <object_component_ref idref="oc-220"/>
      </symbol>
      <symbol id="sm-339">
         <name>PCM_gotoLPM4</name>
         <value>0x14dd</value>
         <object_component_ref idref="oc-2c7"/>
      </symbol>
      <symbol id="sm-33a">
         <name>PCM_gotoLPM3</name>
         <value>0xba1</value>
         <object_component_ref idref="oc-14b"/>
      </symbol>
      <symbol id="sm-33b">
         <name>PCM_gotoLPM0</name>
         <value>0x1315</value>
         <object_component_ref idref="oc-2d9"/>
      </symbol>
      <symbol id="sm-33c">
         <name>PCM_setPowerMode</name>
         <value>0x1575</value>
         <object_component_ref idref="oc-226"/>
      </symbol>
      <symbol id="sm-3a5">
         <name>RTC_C_startClock</name>
         <value>0x13a9</value>
         <object_component_ref idref="oc-f2"/>
      </symbol>
      <symbol id="sm-3a6">
         <name>RTC_C_getInterruptStatus</name>
         <value>0x1291</value>
         <object_component_ref idref="oc-197"/>
      </symbol>
      <symbol id="sm-3a7">
         <name>RTC_C_initCalendar</name>
         <value>0xdd9</value>
         <object_component_ref idref="oc-da"/>
      </symbol>
      <symbol id="sm-3a8">
         <name>RTC_C_setCalendarEvent</name>
         <value>0x12bd</value>
         <object_component_ref idref="oc-e0"/>
      </symbol>
      <symbol id="sm-3a9">
         <name>RTC_C_holdClock</name>
         <value>0x1385</value>
         <object_component_ref idref="oc-2e6"/>
      </symbol>
      <symbol id="sm-3aa">
         <name>RTC_C_getEnabledInterruptStatus</name>
         <value>0x1105</value>
         <object_component_ref idref="oc-10a"/>
      </symbol>
      <symbol id="sm-3ab">
         <name>RTC_C_enableInterrupt</name>
         <value>0x114d</value>
         <object_component_ref idref="oc-ec"/>
      </symbol>
      <symbol id="sm-3ac">
         <name>RTC_C_clearInterruptFlag</name>
         <value>0xfd5</value>
         <object_component_ref idref="oc-e6"/>
      </symbol>
      <symbol id="sm-3cf">
         <name>SysCtl_getNMISourceStatus</name>
         <value>0x155d</value>
         <object_component_ref idref="oc-251"/>
      </symbol>
      <symbol id="sm-3d0">
         <name>SysCtl_enableNMISource</name>
         <value>0x14fd</value>
         <object_component_ref idref="oc-25d"/>
      </symbol>
      <symbol id="sm-3d1">
         <name>SysCtl_disableNMISource</name>
         <value>0x14ed</value>
         <object_component_ref idref="oc-257"/>
      </symbol>
      <symbol id="sm-3fb">
         <name>UART_enableModule</name>
         <value>0x1569</value>
         <object_component_ref idref="oc-1b1"/>
      </symbol>
      <symbol id="sm-3fc">
         <name>UART_transmitData</name>
         <value>0x13cd</value>
         <object_component_ref idref="oc-1bd"/>
      </symbol>
      <symbol id="sm-3fd">
         <name>UART_initModule</name>
         <value>0xb0d</value>
         <object_component_ref idref="oc-1ab"/>
      </symbol>
      <symbol id="sm-409">
         <name>WDT_A_holdTimer</name>
         <value>0x1439</value>
         <object_component_ref idref="oc-13f"/>
      </symbol>
      <symbol id="sm-41b">
         <name>CPU_wfi</name>
         <value>0x1591</value>
         <object_component_ref idref="oc-22c"/>
      </symbol>
      <symbol id="sm-41c">
         <name>CPU_cpsie</name>
         <value>0x1537</value>
         <object_component_ref idref="oc-190"/>
      </symbol>
      <symbol id="sm-42d">
         <name>_c_int00</name>
         <value>0xe8d</value>
         <object_component_ref idref="oc-26"/>
      </symbol>
      <symbol id="sm-42e">
         <name>__stack</name>
         <value>0x2000fe00</value>
         <object_component_ref idref="oc-2f"/>
      </symbol>
      <symbol id="sm-445">
         <name>__TI_decompress_none</name>
         <value>0x151b</value>
         <object_component_ref idref="oc-14"/>
      </symbol>
      <symbol id="sm-468">
         <name>__TI_decompress_rle24</name>
         <value>0x158b</value>
         <object_component_ref idref="oc-1a"/>
      </symbol>
      <symbol id="sm-48a">
         <name>C$$EXIT</name>
         <value>0xee1</value>
         <object_component_ref idref="oc-6d"/>
      </symbol>
      <symbol id="sm-48b">
         <name>abort</name>
         <value>0xee5</value>
         <object_component_ref idref="oc-6d"/>
      </symbol>
      <symbol id="sm-48c">
         <name>exit</name>
         <value>0xeed</value>
         <object_component_ref idref="oc-6d"/>
      </symbol>
      <symbol id="sm-48d">
         <name>__TI_dtors_ptr</name>
         <value>0x20000034</value>
         <object_component_ref idref="oc-b6"/>
      </symbol>
      <symbol id="sm-48e">
         <name>__TI_cleanup_ptr</name>
         <value>0x20000030</value>
         <object_component_ref idref="oc-b6"/>
      </symbol>
      <symbol id="sm-48f">
         <name>__TI_enable_exit_profile_output</name>
         <value>0x20000038</value>
         <object_component_ref idref="oc-b6"/>
      </symbol>
      <symbol id="sm-4aa">
         <name>memcpy</name>
         <value>0x9d9</value>
         <object_component_ref idref="oc-30"/>
      </symbol>
      <symbol id="sm-4ab">
         <name>__aeabi_memcpy</name>
         <value>0x9d9</value>
         <object_component_ref idref="oc-30"/>
      </symbol>
      <symbol id="sm-4ac">
         <name>__aeabi_memcpy8</name>
         <value>0x9d9</value>
         <object_component_ref idref="oc-30"/>
      </symbol>
      <symbol id="sm-4ad">
         <name>__aeabi_memcpy4</name>
         <value>0x9d9</value>
         <object_component_ref idref="oc-30"/>
      </symbol>
      <symbol id="sm-4bc">
         <name>__aeabi_memset</name>
         <value>0xc1f</value>
         <object_component_ref idref="oc-49"/>
      </symbol>
      <symbol id="sm-4bd">
         <name>memset</name>
         <value>0xc25</value>
         <object_component_ref idref="oc-49"/>
      </symbol>
      <symbol id="sm-4be">
         <name>__aeabi_memset8</name>
         <value>0xc1f</value>
         <object_component_ref idref="oc-49"/>
      </symbol>
      <symbol id="sm-4bf">
         <name>__aeabi_memset4</name>
         <value>0xc1f</value>
         <object_component_ref idref="oc-49"/>
      </symbol>
      <symbol id="sm-4c0">
         <name>__aeabi_memclr8</name>
         <value>0xc1d</value>
         <object_component_ref idref="oc-49"/>
      </symbol>
      <symbol id="sm-4c1">
         <name>__aeabi_memclr4</name>
         <value>0xc1d</value>
         <object_component_ref idref="oc-49"/>
      </symbol>
      <symbol id="sm-4c2">
         <name>__aeabi_memclr</name>
         <value>0xc1d</value>
         <object_component_ref idref="oc-49"/>
      </symbol>
      <symbol id="sm-4cc">
         <name>__mpu_init</name>
         <value>0xc97</value>
         <object_component_ref idref="oc-55"/>
      </symbol>
      <symbol id="sm-4d6">
         <name>_system_pre_init</name>
         <value>0x1599</value>
         <object_component_ref idref="oc-5b"/>
      </symbol>
      <symbol id="sm-4de">
         <name>main_func_sp</name>
         <value>0x20000044</value>
         <object_component_ref idref="oc-73"/>
      </symbol>
      <symbol id="sm-4ec">
         <name>strlen</name>
         <value>0x14b9</value>
         <object_component_ref idref="oc-1b7"/>
      </symbol>
      <symbol id="sm-505">
         <name>_nop</name>
         <value>0x14b3</value>
         <object_component_ref idref="oc-163"/>
      </symbol>
      <symbol id="sm-506">
         <name>_lock</name>
         <value>0x2000003c</value>
         <object_component_ref idref="oc-b9"/>
      </symbol>
      <symbol id="sm-507">
         <name>_unlock</name>
         <value>0x20000040</value>
         <object_component_ref idref="oc-b9"/>
      </symbol>
      <symbol id="sm-508">
         <name>_register_lock</name>
         <value>0x14ab</value>
         <object_component_ref idref="oc-163"/>
      </symbol>
      <symbol id="sm-509">
         <name>_register_unlock</name>
         <value>0x14a5</value>
         <object_component_ref idref="oc-163"/>
      </symbol>
      <symbol id="sm-51d">
         <name>_args_main</name>
         <value>0x1451</value>
         <object_component_ref idref="oc-67"/>
      </symbol>
      <symbol id="sm-542">
         <name>__TI_auto_init</name>
         <value>0xc99</value>
         <object_component_ref idref="oc-61"/>
      </symbol>
      <symbol id="sm-55c">
         <name>copy_in</name>
         <value>0x1071</value>
         <object_component_ref idref="oc-a0"/>
      </symbol>
      <symbol id="sm-566">
         <name>_system_post_cinit</name>
         <value>0xd73</value>
         <object_component_ref idref="oc-a6"/>
      </symbol>
      <symbol id="sm-567">
         <name>__TI_static_base__</name>
         <value>0x0</value>
      </symbol>
      <symbol id="sm-56a">
         <name>SHT$$INIT_ARRAY$$Limit</name>
         <value>0x0</value>
      </symbol>
      <symbol id="sm-56b">
         <name>SHT$$INIT_ARRAY$$Base</name>
         <value>0x0</value>
      </symbol>
      <symbol id="sm-56c">
         <name>NMI_Handler</name>
         <value>0x1535</value>
      </symbol>
      <symbol id="sm-56d">
         <name>HardFault_Handler</name>
         <value>0x1535</value>
      </symbol>
      <symbol id="sm-56e">
         <name>MemManage_Handler</name>
         <value>0x1535</value>
      </symbol>
      <symbol id="sm-56f">
         <name>BusFault_Handler</name>
         <value>0x1535</value>
      </symbol>
      <symbol id="sm-570">
         <name>UsageFault_Handler</name>
         <value>0x1535</value>
      </symbol>
      <symbol id="sm-571">
         <name>SVC_Handler</name>
         <value>0x1535</value>
      </symbol>
      <symbol id="sm-572">
         <name>DebugMon_Handler</name>
         <value>0x1535</value>
      </symbol>
      <symbol id="sm-573">
         <name>PendSV_Handler</name>
         <value>0x1535</value>
      </symbol>
      <symbol id="sm-574">
         <name>SysTick_Handler</name>
         <value>0x1535</value>
      </symbol>
      <symbol id="sm-575">
         <name>PSS_IRQHandler</name>
         <value>0x1535</value>
      </symbol>
      <symbol id="sm-576">
         <name>CS_IRQHandler</name>
         <value>0x1535</value>
      </symbol>
      <symbol id="sm-577">
         <name>PCM_IRQHandler</name>
         <value>0x1535</value>
      </symbol>
      <symbol id="sm-578">
         <name>WDT_A_IRQHandler</name>
         <value>0x1535</value>
      </symbol>
      <symbol id="sm-579">
         <name>FPU_IRQHandler</name>
         <value>0x1535</value>
      </symbol>
      <symbol id="sm-57a">
         <name>FLCTL_IRQHandler</name>
         <value>0x1535</value>
      </symbol>
      <symbol id="sm-57b">
         <name>COMP_E0_IRQHandler</name>
         <value>0x1535</value>
      </symbol>
      <symbol id="sm-57c">
         <name>COMP_E1_IRQHandler</name>
         <value>0x1535</value>
      </symbol>
      <symbol id="sm-57d">
         <name>TA0_0_IRQHandler</name>
         <value>0x1535</value>
      </symbol>
      <symbol id="sm-57e">
         <name>TA0_N_IRQHandler</name>
         <value>0x1535</value>
      </symbol>
      <symbol id="sm-57f">
         <name>TA1_0_IRQHandler</name>
         <value>0x1535</value>
      </symbol>
      <symbol id="sm-580">
         <name>TA1_N_IRQHandler</name>
         <value>0x1535</value>
      </symbol>
      <symbol id="sm-581">
         <name>TA2_0_IRQHandler</name>
         <value>0x1535</value>
      </symbol>
      <symbol id="sm-582">
         <name>TA2_N_IRQHandler</name>
         <value>0x1535</value>
      </symbol>
      <symbol id="sm-583">
         <name>TA3_0_IRQHandler</name>
         <value>0x1535</value>
      </symbol>
      <symbol id="sm-584">
         <name>TA3_N_IRQHandler</name>
         <value>0x1535</value>
      </symbol>
      <symbol id="sm-585">
         <name>EUSCIA0_IRQHandler</name>
         <value>0x1535</value>
      </symbol>
      <symbol id="sm-586">
         <name>EUSCIA1_IRQHandler</name>
         <value>0x1535</value>
      </symbol>
      <symbol id="sm-587">
         <name>EUSCIA2_IRQHandler</name>
         <value>0x1535</value>
      </symbol>
      <symbol id="sm-588">
         <name>EUSCIA3_IRQHandler</name>
         <value>0x1535</value>
      </symbol>
      <symbol id="sm-589">
         <name>EUSCIB0_IRQHandler</name>
         <value>0x1535</value>
      </symbol>
      <symbol id="sm-58a">
         <name>EUSCIB1_IRQHandler</name>
         <value>0x1535</value>
      </symbol>
      <symbol id="sm-58b">
         <name>EUSCIB2_IRQHandler</name>
         <value>0x1535</value>
      </symbol>
      <symbol id="sm-58c">
         <name>EUSCIB3_IRQHandler</name>
         <value>0x1535</value>
      </symbol>
      <symbol id="sm-58d">
         <name>ADC14_IRQHandler</name>
         <value>0x1535</value>
      </symbol>
      <symbol id="sm-58e">
         <name>T32_INT1_IRQHandler</name>
         <value>0x1535</value>
      </symbol>
      <symbol id="sm-58f">
         <name>T32_INT2_IRQHandler</name>
         <value>0x1535</value>
      </symbol>
      <symbol id="sm-590">
         <name>T32_INTC_IRQHandler</name>
         <value>0x1535</value>
      </symbol>
      <symbol id="sm-591">
         <name>AES256_IRQHandler</name>
         <value>0x1535</value>
      </symbol>
      <symbol id="sm-592">
         <name>RTC_C_IRQHandler</name>
         <value>0xabf</value>
      </symbol>
      <symbol id="sm-593">
         <name>DMA_ERR_IRQHandler</name>
         <value>0x1535</value>
      </symbol>
      <symbol id="sm-594">
         <name>DMA_INT3_IRQHandler</name>
         <value>0x1535</value>
      </symbol>
      <symbol id="sm-595">
         <name>DMA_INT2_IRQHandler</name>
         <value>0x1535</value>
      </symbol>
      <symbol id="sm-596">
         <name>DMA_INT1_IRQHandler</name>
         <value>0x1535</value>
      </symbol>
      <symbol id="sm-597">
         <name>DMA_INT0_IRQHandler</name>
         <value>0x1535</value>
      </symbol>
      <symbol id="sm-598">
         <name>PORT1_IRQHandler</name>
         <value>0x1535</value>
      </symbol>
      <symbol id="sm-599">
         <name>PORT2_IRQHandler</name>
         <value>0x1535</value>
      </symbol>
      <symbol id="sm-59a">
         <name>PORT3_IRQHandler</name>
         <value>0x1535</value>
      </symbol>
      <symbol id="sm-59b">
         <name>PORT4_IRQHandler</name>
         <value>0x1535</value>
      </symbol>
      <symbol id="sm-59c">
         <name>PORT5_IRQHandler</name>
         <value>0x1535</value>
      </symbol>
      <symbol id="sm-59d">
         <name>PORT6_IRQHandler</name>
         <value>0x1535</value>
      </symbol>
   </symbol_table>
   <title>Link successful</title>
</link_info>
