******************************************************************************
                  TI ARM Linker PC v15.12.3                    
******************************************************************************
>> Linked Wed Mar 15 16:16:57 2017

OUTPUT FILE NAME:   <I2cCommunicationProtocol.out>
ENTRY POINT SYMBOL: "_c_int00"  address: 00000eb5


MEMORY CONFIGURATION

         name            origin    length      used     unused   attr    fill
----------------------  --------  ---------  --------  --------  ----  --------
  MAIN                  00000000   00040000  00001680  0003e980  R  X
  INFO                  00200000   00004000  00000000  00004000  R  X
  SRAM_CODE             01000000   00010000  00000275  0000fd8b  RW X
  SRAM_DATA             20000000   00010000  00000275  0000fd8b  RW  


SEGMENT ALLOCATION MAP

run origin  load origin   length   init length attrs members
----------  ----------- ---------- ----------- ----- -------
00000000    00000000    00001684   00001684    r-x
  00000000    00000000    000000e4   000000e4    r-- .intvecs
  000000e4    000000e4    0000148c   0000148c    r-x .text
  00001570    00001570    000000a4   000000a4    r-- .const
  00001618    00001618    0000006c   0000006c    r-- .cinit
20000000    20000000    00000075   00000000    rw-
  20000000    20000000    0000004c   00000000    rw- .data
  2000004c    2000004c    00000029   00000000    rw- .bss
2000fe00    2000fe00    00000200   00000000    rw-
  2000fe00    2000fe00    00000200   00000000    rw- .stack


SECTION ALLOCATION MAP

 output                                  attributes/
section   page    origin      length       input sections
--------  ----  ----------  ----------   ----------------
.intvecs   0    00000000    000000e4     
                  00000000    000000e4     startup_msp432p401r_ccs.obj (.intvecs:retain)

.binit     0    00000000    00000000     

.text      0    000000e4    0000148c     
                  000000e4    0000032c     system_msp432p401r.obj (.text)
                  00000410    000001a0     msp432p4xx_driverlib.lib : pcm.o (.text:__PCM_setPowerStateAdvanced)
                  000005b0    00000140     uartCommunication.obj (.text)
                  000006f0    000000dc     msp432p4xx_driverlib.lib : pcm.o (.text:__PCM_setPowerModeAdvanced)
                  000007cc    000000c0     i2cCommunication.obj (.text)
                  0000088c    000000c0     realTimeClock.obj (.text)
                  0000094c    000000b0     msp432p4xx_driverlib.lib : pcm.o (.text:__PCM_setCoreVoltageLevelAdvanced)
                  000009fc    0000009c                              : cs.o (.text:CS_startLFXTWithTimeout)
                  00000a98    0000009c     rtsv7M4_T_le_v4SPD16_eabi.lib : memcpy_t2.obj (.text)
                  00000b34    00000094     msp432p4xx_driverlib.lib : uart.o (.text:UART_initModule)
                  00000bc8    0000007c                              : pcm.o (.text:PCM_gotoLPM3)
                  00000c44    0000007a     rtsv7M4_T_le_v4SPD16_eabi.lib : memset_t2.obj (.text)
                  00000cbe    00000002                                   : mpu_init.obj (.text)
                  00000cc0    00000070                                   : autoinit.obj (.text)
                  00000d30    0000006a                                   : copy_decompress_rle.obj (.text)
                  00000d9a    00000002                                   : startup.obj (.text)
                  00000d9c    00000064     msp432p4xx_driverlib.lib : interrupt.o (.text:Interrupt_enableInterrupt)
                  00000e00    0000005c                              : rtc_c.o (.text:RTC_C_initCalendar)
                  00000e5c    00000056     lightSensor.obj (.text)
                  00000eb2    00000002     --HOLE-- [fill = 0]
                  00000eb4    00000054     rtsv7M4_T_le_v4SPD16_eabi.lib : boot.obj (.text)
                  00000f08    00000054                                   : exit.obj (.text)
                  00000f5c    00000050     msp432p4xx_driverlib.lib : i2c.o (.text:I2C_masterSendSingleByte)
                  00000fac    00000050                              : pcm.o (.text:PCM_shutdownDevice)
                  00000ffc    00000050                              : rtc_c.o (.text:RTC_C_clearInterruptFlag)
                  0000104c    0000004c                              : gpio.o (.text:GPIO_setAsPeripheralModuleFunctionOutputPin)
                  00001098    0000004c     rtsv7M4_T_le_v4SPD16_eabi.lib : cpy_tbl.obj (.text)
                  000010e4    00000048     msp432p4xx_driverlib.lib : gpio.o (.text:GPIO_setAsPeripheralModuleFunctionInputPin)
                  0000112c    00000040                              : rtc_c.o (.text:RTC_C_enableInterrupt)
                  0000116c    0000003e                              : i2c.o (.text:I2C_initMaster)
                  000011aa    00000002     --HOLE-- [fill = 0]
                  000011ac    00000038                              : i2c.o (.text:I2C_masterSendMultiByteStart)
                  000011e4    00000030                              : i2c.o (.text:I2C_masterReceiveSingleByte)
                  00001214    00000030                              : i2c.o (.text:I2C_masterSendMultiByteStop)
                  00001244    0000002c                              : pcm.o (.text:PCM_getCoreVoltageLevel)
                  00001270    0000002c                              : rtc_c.o (.text:RTC_C_setCalendarEvent)
                  0000129c    0000002a                              : pcm.o (.text:PCM_getPowerMode)
                  000012c6    00000002     --HOLE-- [fill = 0]
                  000012c8    00000028                              : pcm.o (.text:PCM_gotoLPM0)
                  000012f0    00000024                              : cs.o (.text:CS_setDCOCenteredFrequency)
                  00001314    00000024                              : gpio.o (.text:GPIO_setAsOutputPin)
                  00001338    00000024                              : i2c.o (.text:I2C_masterSendMultiByteNext)
                  0000135c    00000024                              : rtc_c.o (.text:RTC_C_holdClock)
                  00001380    00000024                              : rtc_c.o (.text:RTC_C_startClock)
                  000013a4    00000024                              : uart.o (.text:UART_transmitData)
                  000013c8    00000024     delayOwn.obj (.text)
                  000013ec    00000020     main.obj (.text)
                  0000140c    00000018     msp432p4xx_driverlib.lib : wdt_a.o (.text:WDT_A_holdTimer)
                  00001424    00000018     rtsv7M4_T_le_v4SPD16_eabi.lib : args_main.obj (.text)
                  0000143c    00000014     msp432p4xx_driverlib.lib : cs.o (.text:CS_setExternalClockSourceFrequency)
                  00001450    00000014                              : i2c.o (.text:I2C_isBusBusy)
                  00001464    00000014                              : interrupt.o (.text:Interrupt_enableSleepOnIsrExit)
                  00001478    00000014     rtsv7M4_T_le_v4SPD16_eabi.lib : _lock.obj (.text)
                  0000148c    00000014                                   : strlen.obj (.text)
                  000014a0    00000010     msp432p4xx_driverlib.lib : interrupt.o (.text:Interrupt_enableMaster)
                  000014b0    00000010                              : pcm.o (.text:PCM_gotoLPM4)
                  000014c0    00000010                              : sysctl.o (.text:SysCtl_disableNMISource)
                  000014d0    00000010                              : sysctl.o (.text:SysCtl_enableNMISource)
                  000014e0    0000000e                              : i2c.o (.text:I2C_setMode)
                  000014ee    0000000e     rtsv7M4_T_le_v4SPD16_eabi.lib : copy_decompress_none.obj (.text:decompress:none)
                  000014fc    0000000e     startup_msp432p401r_ccs.obj (.text)
                  0000150a    0000000c     msp432p4xx_driverlib.lib : cpu.o (.text:CPU_cpsie)
                  00001516    0000000c                              : i2c.o (.text:I2C_enableModule)
                  00001522    00000002     --HOLE-- [fill = 0]
                  00001524    0000000c                              : pcm.o (.text:PCM_getPowerState)
                  00001530    0000000c                              : sysctl.o (.text:SysCtl_getNMISourceStatus)
                  0000153c    0000000c                              : uart.o (.text:UART_enableModule)
                  00001548    00000008                              : pcm.o (.text:PCM_setPowerMode)
                  00001550    00000008                              : pcm.o (.text:PCM_setPowerState)
                  00001558    00000006                              : cs.o (.text:CS_startLFXT)
                  0000155e    00000006     rtsv7M4_T_le_v4SPD16_eabi.lib : copy_decompress_rle.obj (.text:decompress:rle24)
                  00001564    00000004     msp432p4xx_driverlib.lib : cpu.o (.text:CPU_wfi)
                  00001568    00000004                              : i2c.o (.text:I2C_setSlaveAddress)
                  0000156c    00000004     rtsv7M4_T_le_v4SPD16_eabi.lib : pre_init.obj (.text)

.const     0    00001570    000000a4     
                  00001570    00000040     msp432p4xx_driverlib.lib : interrupt.o (.const)
                  000015b0    00000024     uartCommunication.obj (.const:uartConfig)
                  000015d4    0000001c     realTimeClock.obj (.const:currentTime)
                  000015f0    00000014     i2cCommunication.obj (.const:i2cConfig)
                  00001604    00000010     main.obj (.const:i2cInitStructure)

.cinit     0    00001618    0000006c     
                  00001618    00000048     (.cinit..data.load) [load image, compression = rle]
                  00001660    00000009     (.cinit..bss.load) [load image, compression = rle]
                  00001669    00000003     --HOLE-- [fill = 0]
                  0000166c    00000008     (__TI_handler_table)
                  00001674    00000010     (__TI_cinit_table)

.init_array 
*          0    00000000    00000000     UNINITIALIZED

.data      0    20000000    0000004c     UNINITIALIZED
                  20000000    00000030     msp432p4xx_driverlib.lib : gpio.o (.data:GPIO_PORT_TO_BASE)
                  20000030    0000000c     rtsv7M4_T_le_v4SPD16_eabi.lib : exit.obj (.data:$O1$$)
                  2000003c    00000008                                   : _lock.obj (.data:$O1$$)
                  20000044    00000004                                   : stkdepth_vars.obj (.data)
                  20000048    00000004     system_msp432p401r.obj (.data)

.bss       0    2000004c    00000029     UNINITIALIZED
                  2000004c    0000001c     realTimeClock.obj (.bss:newTime)
                  20000068    00000004     (.common:hfxtFreq)
                  2000006c    00000004     (.common:i)
                  20000070    00000004     (.common:lfxtFreq)
                  20000074    00000001     i2cCommunication.obj (.bss)

.stack     0    2000fe00    00000200     UNINITIALIZED
                  2000fe00    00000200     --HOLE--

MODULE SUMMARY

       Module                        code   ro data   rw data
       ------                        ----   -------   -------
    .\
       system_msp432p401r.obj        812    0         8      
       uartCommunication.obj         320    36        8      
       realTimeClock.obj             192    28        56     
       startup_msp432p401r_ccs.obj   14     228       0      
       i2cCommunication.obj          192    20        2      
       lightSensor.obj               86     0         0      
       main.obj                      32     16        0      
       delayOwn.obj                  36     0         0      
    +--+-----------------------------+------+---------+---------+
       Total:                        1684   328       74     
                                                             
    C:/ti/tirex-content/msp/msp432ware__3.50.00.02/driverlib/driverlib/MSP432P4xx/ccs/msp432p4xx_driverlib.lib
       pcm.o                         1186   0         0      
       i2c.o                         380    0         0      
       rtc_c.o                       352    0         0      
       gpio.o                        184    0         96     
       cs.o                          218    0         16     
       interrupt.o                   136    64        0      
       uart.o                        196    0         0      
       sysctl.o                      44     0         0      
       wdt_a.o                       24     0         0      
       cpu.o                         16     0         0      
    +--+-----------------------------+------+---------+---------+
       Total:                        2736   64        112    
                                                             
    C:\Program Files (x86)\TI\ccsv6\tools\compiler\arm_15.12.3.LTS\lib\rtsv7M4_T_le_v4SPD16_eabi.lib
       memcpy_t2.obj                 156    0         0      
       memset_t2.obj                 122    0         0      
       autoinit.obj                  112    0         0      
       copy_decompress_rle.obj       112    0         0      
       exit.obj                      84     0         24     
       boot.obj                      84     0         0      
       cpy_tbl.obj                   76     0         0      
       _lock.obj                     20     0         16     
       args_main.obj                 24     0         0      
       strlen.obj                    20     0         0      
       copy_decompress_none.obj      14     0         0      
       stkdepth_vars.obj             0      0         8      
       pre_init.obj                  4      0         0      
       mpu_init.obj                  2      0         0      
       startup.obj                   2      0         0      
    +--+-----------------------------+------+---------+---------+
       Total:                        832    0         48     
                                                             
       Stack:                        0      0         1024   
       Linker Generated:             0      105       0      
    +--+-----------------------------+------+---------+---------+
       Grand Total:                  5252   497       1258   


LINKER GENERATED COPY TABLES

__TI_cinit_table @ 00001674 records: 2, size/record: 8, table size: 16
	.data: load addr=00001618, load size=00000048 bytes, run addr=20000000, run size=0000004c bytes, compression=rle
	.bss: load addr=00001660, load size=00000009 bytes, run addr=2000004c, run size=00000029 bytes, compression=rle


LINKER GENERATED HANDLER TABLE

__TI_handler_table @ 0000166c records: 2, size/record: 4, table size: 8
	index: 0, handler: __TI_decompress_rle24
	index: 1, handler: __TI_decompress_none


GLOBAL SYMBOLS: SORTED ALPHABETICALLY BY Name 

address   name                                       
-------   ----                                       
00001509  ADC14_IRQHandler                           
00001509  AES256_IRQHandler                          
00000e5d  ALSensorConfigure                          
00000e71  ALSensorReadData                           
00001509  BusFault_Handler                           
00000f09  C$$EXIT                                    
00001509  COMP_E0_IRQHandler                         
00001509  COMP_E1_IRQHandler                         
0000150b  CPU_cpsie                                  
00001565  CPU_wfi                                    
00001509  CS_IRQHandler                              
000012f1  CS_setDCOCenteredFrequency                 
0000143d  CS_setExternalClockSourceFrequency         
00001559  CS_startLFXT                               
000009fd  CS_startLFXTWithTimeout                    
00001509  DMA_ERR_IRQHandler                         
00001509  DMA_INT0_IRQHandler                        
00001509  DMA_INT1_IRQHandler                        
00001509  DMA_INT2_IRQHandler                        
00001509  DMA_INT3_IRQHandler                        
00001509  DebugMon_Handler                           
00001509  Default_Handler                            
00001509  EUSCIA0_IRQHandler                         
00001509  EUSCIA1_IRQHandler                         
00001509  EUSCIA2_IRQHandler                         
00001509  EUSCIA3_IRQHandler                         
00001509  EUSCIB0_IRQHandler                         
00001509  EUSCIB1_IRQHandler                         
00001509  EUSCIB2_IRQHandler                         
00001509  EUSCIB3_IRQHandler                         
00001509  FLCTL_IRQHandler                           
00001509  FPU_IRQHandler                             
00001315  GPIO_setAsOutputPin                        
000010e5  GPIO_setAsPeripheralModuleFunctionInputPin 
0000104d  GPIO_setAsPeripheralModuleFunctionOutputPin
00001509  HardFault_Handler                          
00001517  I2C_enableModule                           
0000116d  I2C_initMaster                             
00001451  I2C_isBusBusy                              
000011e5  I2C_masterReceiveSingleByte                
00001339  I2C_masterSendMultiByteNext                
000011ad  I2C_masterSendMultiByteStart               
00001215  I2C_masterSendMultiByteStop                
00000f5d  I2C_masterSendSingleByte                   
000014e1  I2C_setMode                                
00001569  I2C_setSlaveAddress                        
00000d9d  Interrupt_enableInterrupt                  
000014a1  Interrupt_enableMaster                     
00001465  Interrupt_enableSleepOnIsrExit             
00001509  MemManage_Handler                          
00001509  NMI_Handler                                
00001509  PCM_IRQHandler                             
00001245  PCM_getCoreVoltageLevel                    
0000129d  PCM_getPowerMode                           
00001525  PCM_getPowerState                          
000012c9  PCM_gotoLPM0                               
00000bc9  PCM_gotoLPM3                               
000014b1  PCM_gotoLPM4                               
00001549  PCM_setPowerMode                           
00001551  PCM_setPowerState                          
00000fad  PCM_shutdownDevice                         
00001509  PORT1_IRQHandler                           
00001509  PORT2_IRQHandler                           
00001509  PORT3_IRQHandler                           
00001509  PORT4_IRQHandler                           
00001509  PORT5_IRQHandler                           
00001509  PORT6_IRQHandler                           
00001509  PSS_IRQHandler                             
00001509  PendSV_Handler                             
000008df  RTC_C_IRQHandler                           
000008df  RTC_C_IRQHandler                           
00000ffd  RTC_C_clearInterruptFlag                   
0000112d  RTC_C_enableInterrupt                      
0000135d  RTC_C_holdClock                            
00000e01  RTC_C_initCalendar                         
00001271  RTC_C_setCalendarEvent                     
00001381  RTC_C_startClock                           
000014fd  Reset_Handler                              
UNDEFED   SHT$$INIT_ARRAY$$Base                      
UNDEFED   SHT$$INIT_ARRAY$$Limit                     
00001509  SVC_Handler                                
000014c1  SysCtl_disableNMISource                    
000014d1  SysCtl_enableNMISource                     
00001531  SysCtl_getNMISourceStatus                  
00001509  SysTick_Handler                            
20000048  SystemCoreClock                            
000000e5  SystemCoreClockUpdate                      
00000359  SystemInit                                 
00001509  T32_INT1_IRQHandler                        
00001509  T32_INT2_IRQHandler                        
00001509  T32_INTC_IRQHandler                        
00001509  TA0_0_IRQHandler                           
00001509  TA0_N_IRQHandler                           
00001509  TA1_0_IRQHandler                           
00001509  TA1_N_IRQHandler                           
00001509  TA2_0_IRQHandler                           
00001509  TA2_N_IRQHandler                           
00001509  TA3_0_IRQHandler                           
00001509  TA3_N_IRQHandler                           
0000153d  UART_enableModule                          
00000b35  UART_initModule                            
000013a5  UART_transmitData                          
00001509  UsageFault_Handler                         
4000480c  WDTCTL_SYM                                 
00001509  WDT_A_IRQHandler                           
0000140d  WDT_A_holdTimer                            
20010000  __STACK_END                                
00000200  __STACK_SIZE                               
00001674  __TI_CINIT_Base                            
00001684  __TI_CINIT_Limit                           
0000166c  __TI_Handler_Table_Base                    
00001674  __TI_Handler_Table_Limit                   
00000cc1  __TI_auto_init                             
20000030  __TI_cleanup_ptr                           
000014ef  __TI_decompress_none                       
0000155f  __TI_decompress_rle24                      
20000034  __TI_dtors_ptr                             
20000038  __TI_enable_exit_profile_output            
ffffffff  __TI_pprof_out_hndl                        
ffffffff  __TI_prof_data_size                        
ffffffff  __TI_prof_data_start                       
00000000  __TI_static_base__                         
00000c45  __aeabi_memclr                             
00000c45  __aeabi_memclr4                            
00000c45  __aeabi_memclr8                            
00000a99  __aeabi_memcpy                             
00000a99  __aeabi_memcpy4                            
00000a99  __aeabi_memcpy8                            
00000c47  __aeabi_memset                             
00000c47  __aeabi_memset4                            
00000c47  __aeabi_memset8                            
ffffffff  __binit__                                  
ffffffff  __c_args__                                 
00000cbf  __mpu_init                                 
2000fe00  __stack                                    
00001425  _args_main                                 
00000eb5  _c_int00                                   
2000003c  _lock                                      
00001487  _nop                                       
0000147f  _register_lock                             
00001479  _register_unlock                           
00000d9b  _system_post_cinit                         
0000156d  _system_pre_init                           
20000040  _unlock                                    
00000f0d  abort                                      
ffffffff  binit                                      
00001099  copy_in                                    
000015d4  currentTime                                
00000f15  exit                                       
2000006c  i                                          
000015f0  i2cConfig                                  
00001604  i2cInitStructure                           
00000833  i2cReadwithParam                           
0000080d  i2cWritewithParam                          
000007cd  initI2C                                    
000005b1  initUART                                   
00000629  intToString                                
00000000  interruptVectors                           
000013ed  main                                       
20000044  main_func_sp                               
00000a99  memcpy                                     
00000c4d  memset                                     
000013c9  ownDelay                                   
000005d5  reverse                                    
0000088d  rtcConfig                                  
000006c7  sendInt                                    
0000068d  sendString                                 
0000148d  strlen                                     
000015b0  uartConfig                                 


GLOBAL SYMBOLS: SORTED BY Symbol Address 

address   name                                       
-------   ----                                       
00000000  __TI_static_base__                         
00000000  interruptVectors                           
000000e5  SystemCoreClockUpdate                      
00000200  __STACK_SIZE                               
00000359  SystemInit                                 
000005b1  initUART                                   
000005d5  reverse                                    
00000629  intToString                                
0000068d  sendString                                 
000006c7  sendInt                                    
000007cd  initI2C                                    
0000080d  i2cWritewithParam                          
00000833  i2cReadwithParam                           
0000088d  rtcConfig                                  
000008df  RTC_C_IRQHandler                           
000008df  RTC_C_IRQHandler                           
000009fd  CS_startLFXTWithTimeout                    
00000a99  __aeabi_memcpy                             
00000a99  __aeabi_memcpy4                            
00000a99  __aeabi_memcpy8                            
00000a99  memcpy                                     
00000b35  UART_initModule                            
00000bc9  PCM_gotoLPM3                               
00000c45  __aeabi_memclr                             
00000c45  __aeabi_memclr4                            
00000c45  __aeabi_memclr8                            
00000c47  __aeabi_memset                             
00000c47  __aeabi_memset4                            
00000c47  __aeabi_memset8                            
00000c4d  memset                                     
00000cbf  __mpu_init                                 
00000cc1  __TI_auto_init                             
00000d9b  _system_post_cinit                         
00000d9d  Interrupt_enableInterrupt                  
00000e01  RTC_C_initCalendar                         
00000e5d  ALSensorConfigure                          
00000e71  ALSensorReadData                           
00000eb5  _c_int00                                   
00000f09  C$$EXIT                                    
00000f0d  abort                                      
00000f15  exit                                       
00000f5d  I2C_masterSendSingleByte                   
00000fad  PCM_shutdownDevice                         
00000ffd  RTC_C_clearInterruptFlag                   
0000104d  GPIO_setAsPeripheralModuleFunctionOutputPin
00001099  copy_in                                    
000010e5  GPIO_setAsPeripheralModuleFunctionInputPin 
0000112d  RTC_C_enableInterrupt                      
0000116d  I2C_initMaster                             
000011ad  I2C_masterSendMultiByteStart               
000011e5  I2C_masterReceiveSingleByte                
00001215  I2C_masterSendMultiByteStop                
00001245  PCM_getCoreVoltageLevel                    
00001271  RTC_C_setCalendarEvent                     
0000129d  PCM_getPowerMode                           
000012c9  PCM_gotoLPM0                               
000012f1  CS_setDCOCenteredFrequency                 
00001315  GPIO_setAsOutputPin                        
00001339  I2C_masterSendMultiByteNext                
0000135d  RTC_C_holdClock                            
00001381  RTC_C_startClock                           
000013a5  UART_transmitData                          
000013c9  ownDelay                                   
000013ed  main                                       
0000140d  WDT_A_holdTimer                            
00001425  _args_main                                 
0000143d  CS_setExternalClockSourceFrequency         
00001451  I2C_isBusBusy                              
00001465  Interrupt_enableSleepOnIsrExit             
00001479  _register_unlock                           
0000147f  _register_lock                             
00001487  _nop                                       
0000148d  strlen                                     
000014a1  Interrupt_enableMaster                     
000014b1  PCM_gotoLPM4                               
000014c1  SysCtl_disableNMISource                    
000014d1  SysCtl_enableNMISource                     
000014e1  I2C_setMode                                
000014ef  __TI_decompress_none                       
000014fd  Reset_Handler                              
00001509  ADC14_IRQHandler                           
00001509  AES256_IRQHandler                          
00001509  BusFault_Handler                           
00001509  COMP_E0_IRQHandler                         
00001509  COMP_E1_IRQHandler                         
00001509  CS_IRQHandler                              
00001509  DMA_ERR_IRQHandler                         
00001509  DMA_INT0_IRQHandler                        
00001509  DMA_INT1_IRQHandler                        
00001509  DMA_INT2_IRQHandler                        
00001509  DMA_INT3_IRQHandler                        
00001509  DebugMon_Handler                           
00001509  Default_Handler                            
00001509  EUSCIA0_IRQHandler                         
00001509  EUSCIA1_IRQHandler                         
00001509  EUSCIA2_IRQHandler                         
00001509  EUSCIA3_IRQHandler                         
00001509  EUSCIB0_IRQHandler                         
00001509  EUSCIB1_IRQHandler                         
00001509  EUSCIB2_IRQHandler                         
00001509  EUSCIB3_IRQHandler                         
00001509  FLCTL_IRQHandler                           
00001509  FPU_IRQHandler                             
00001509  HardFault_Handler                          
00001509  MemManage_Handler                          
00001509  NMI_Handler                                
00001509  PCM_IRQHandler                             
00001509  PORT1_IRQHandler                           
00001509  PORT2_IRQHandler                           
00001509  PORT3_IRQHandler                           
00001509  PORT4_IRQHandler                           
00001509  PORT5_IRQHandler                           
00001509  PORT6_IRQHandler                           
00001509  PSS_IRQHandler                             
00001509  PendSV_Handler                             
00001509  SVC_Handler                                
00001509  SysTick_Handler                            
00001509  T32_INT1_IRQHandler                        
00001509  T32_INT2_IRQHandler                        
00001509  T32_INTC_IRQHandler                        
00001509  TA0_0_IRQHandler                           
00001509  TA0_N_IRQHandler                           
00001509  TA1_0_IRQHandler                           
00001509  TA1_N_IRQHandler                           
00001509  TA2_0_IRQHandler                           
00001509  TA2_N_IRQHandler                           
00001509  TA3_0_IRQHandler                           
00001509  TA3_N_IRQHandler                           
00001509  UsageFault_Handler                         
00001509  WDT_A_IRQHandler                           
0000150b  CPU_cpsie                                  
00001517  I2C_enableModule                           
00001525  PCM_getPowerState                          
00001531  SysCtl_getNMISourceStatus                  
0000153d  UART_enableModule                          
00001549  PCM_setPowerMode                           
00001551  PCM_setPowerState                          
00001559  CS_startLFXT                               
0000155f  __TI_decompress_rle24                      
00001565  CPU_wfi                                    
00001569  I2C_setSlaveAddress                        
0000156d  _system_pre_init                           
000015b0  uartConfig                                 
000015d4  currentTime                                
000015f0  i2cConfig                                  
00001604  i2cInitStructure                           
0000166c  __TI_Handler_Table_Base                    
00001674  __TI_CINIT_Base                            
00001674  __TI_Handler_Table_Limit                   
00001684  __TI_CINIT_Limit                           
20000030  __TI_cleanup_ptr                           
20000034  __TI_dtors_ptr                             
20000038  __TI_enable_exit_profile_output            
2000003c  _lock                                      
20000040  _unlock                                    
20000044  main_func_sp                               
20000048  SystemCoreClock                            
2000006c  i                                          
2000fe00  __stack                                    
20010000  __STACK_END                                
4000480c  WDTCTL_SYM                                 
ffffffff  __TI_pprof_out_hndl                        
ffffffff  __TI_prof_data_size                        
ffffffff  __TI_prof_data_start                       
ffffffff  __binit__                                  
ffffffff  __c_args__                                 
ffffffff  binit                                      
UNDEFED   SHT$$INIT_ARRAY$$Base                      
UNDEFED   SHT$$INIT_ARRAY$$Limit                     

[169 symbols]
