******************************************************************************
                  TI ARM Linker PC v15.12.3                    
******************************************************************************
>> Linked Thu Mar 09 14:39:11 2017

OUTPUT FILE NAME:   <I2cCommunicationProtocol.out>
ENTRY POINT SYMBOL: "_c_int00"  address: 00000935


MEMORY CONFIGURATION

         name            origin    length      used     unused   attr    fill
----------------------  --------  ---------  --------  --------  ----  --------
  MAIN                  00000000   00040000  00000d64  0003f29c  R  X
  INFO                  00200000   00004000  00000000  00004000  R  X
  SRAM_CODE             01000000   00010000  00000251  0000fdaf  RW X
  SRAM_DATA             20000000   00010000  00000251  0000fdaf  RW  


SEGMENT ALLOCATION MAP

run origin  load origin   length   init length attrs members
----------  ----------- ---------- ----------- ----- -------
00000000    00000000    00000d64   00000d64    r-x
  00000000    00000000    000000e4   000000e4    r-- .intvecs
  000000e4    000000e4    00000bdc   00000bdc    r-x .text
  00000cc0    00000cc0    00000038   00000038    r-- .const
  00000cf8    00000cf8    0000006c   0000006c    r-- .cinit
20000000    20000000    00000051   00000000    rw-
  20000000    20000000    0000004c   00000000    rw- .data
  2000004c    2000004c    00000005   00000000    rw- .bss
2000fe00    2000fe00    00000200   00000000    rw-
  2000fe00    2000fe00    00000200   00000000    rw- .stack


SECTION ALLOCATION MAP

 output                                  attributes/
section   page    origin      length       input sections
--------  ----  ----------  ----------   ----------------
.intvecs   0    00000000    000000e4     
                  00000000    000000e4     startup_msp432p401r_ccs.obj (.intvecs:retain)

.binit     0    00000000    00000000     

.text      0    000000e4    00000bdc     
                  000000e4    0000032c     system_msp432p401r.obj (.text)
                  00000410    00000140     uartCommunication.obj (.text)
                  00000550    000000b4     i2cCommunication.obj (.text)
                  00000604    0000009c     rtsv7M4_T_le_v4SPD16_eabi.lib : memcpy_t2.obj (.text)
                  000006a0    00000094     msp432p4xx_driverlib.lib : uart.o (.text:UART_initModule)
                  00000734    0000007a     rtsv7M4_T_le_v4SPD16_eabi.lib : memset_t2.obj (.text)
                  000007ae    00000002                                   : mpu_init.obj (.text)
                  000007b0    00000070                                   : autoinit.obj (.text)
                  00000820    0000006a                                   : copy_decompress_rle.obj (.text)
                  0000088a    00000056     lightSensor.obj (.text)
                  000008e0    00000054     main.obj (.text)
                  00000934    00000054     rtsv7M4_T_le_v4SPD16_eabi.lib : boot.obj (.text)
                  00000988    00000054                                   : exit.obj (.text)
                  000009dc    00000050     msp432p4xx_driverlib.lib : i2c.o (.text:I2C_masterSendSingleByte)
                  00000a2c    0000004c     rtsv7M4_T_le_v4SPD16_eabi.lib : cpy_tbl.obj (.text)
                  00000a78    00000048     msp432p4xx_driverlib.lib : gpio.o (.text:GPIO_setAsPeripheralModuleFunctionInputPin)
                  00000ac0    0000003e                              : i2c.o (.text:I2C_initMaster)
                  00000afe    00000002     rtsv7M4_T_le_v4SPD16_eabi.lib : startup.obj (.text)
                  00000b00    00000038     msp432p4xx_driverlib.lib : i2c.o (.text:I2C_masterSendMultiByteStart)
                  00000b38    00000030                              : i2c.o (.text:I2C_masterReceiveSingleByte)
                  00000b68    00000030                              : i2c.o (.text:I2C_masterSendMultiByteStop)
                  00000b98    00000024                              : cs.o (.text:CS_setDCOCenteredFrequency)
                  00000bbc    00000024                              : i2c.o (.text:I2C_masterSendMultiByteNext)
                  00000be0    00000024                              : uart.o (.text:UART_transmitData)
                  00000c04    00000018                              : wdt_a.o (.text:WDT_A_holdTimer)
                  00000c1c    00000018     rtsv7M4_T_le_v4SPD16_eabi.lib : args_main.obj (.text)
                  00000c34    00000014     msp432p4xx_driverlib.lib : i2c.o (.text:I2C_isBusBusy)
                  00000c48    00000014     rtsv7M4_T_le_v4SPD16_eabi.lib : _lock.obj (.text)
                  00000c5c    00000014                                   : strlen.obj (.text)
                  00000c70    0000000e     msp432p4xx_driverlib.lib : i2c.o (.text:I2C_setMode)
                  00000c7e    0000000e     rtsv7M4_T_le_v4SPD16_eabi.lib : copy_decompress_none.obj (.text:decompress:none)
                  00000c8c    0000000e     startup_msp432p401r_ccs.obj (.text)
                  00000c9a    0000000c     msp432p4xx_driverlib.lib : i2c.o (.text:I2C_enableModule)
                  00000ca6    0000000c                              : uart.o (.text:UART_enableModule)
                  00000cb2    00000006     rtsv7M4_T_le_v4SPD16_eabi.lib : copy_decompress_rle.obj (.text:decompress:rle24)
                  00000cb8    00000004     msp432p4xx_driverlib.lib : i2c.o (.text:I2C_setSlaveAddress)
                  00000cbc    00000004     rtsv7M4_T_le_v4SPD16_eabi.lib : pre_init.obj (.text)

.const     0    00000cc0    00000038     
                  00000cc0    00000024     uartCommunication.obj (.const:uartConfig)
                  00000ce4    00000014     i2cCommunication.obj (.const:i2cConfig)

.cinit     0    00000cf8    0000006c     
                  00000cf8    00000048     (.cinit..data.load) [load image, compression = rle]
                  00000d40    00000009     (.cinit..bss.load) [load image, compression = rle]
                  00000d49    00000003     --HOLE-- [fill = 0]
                  00000d4c    00000008     (__TI_handler_table)
                  00000d54    00000010     (__TI_cinit_table)

.init_array 
*          0    00000000    00000000     UNINITIALIZED

.data      0    20000000    0000004c     UNINITIALIZED
                  20000000    00000030     msp432p4xx_driverlib.lib : gpio.o (.data:GPIO_PORT_TO_BASE)
                  20000030    0000000c     rtsv7M4_T_le_v4SPD16_eabi.lib : exit.obj (.data:$O1$$)
                  2000003c    00000008                                   : _lock.obj (.data:$O1$$)
                  20000044    00000004                                   : stkdepth_vars.obj (.data)
                  20000048    00000004     system_msp432p401r.obj (.data)

.bss       0    2000004c    00000005     UNINITIALIZED
                  2000004c    00000004     (.common:i)
                  20000050    00000001     i2cCommunication.obj (.bss)

.stack     0    2000fe00    00000200     UNINITIALIZED
                  2000fe00    00000200     --HOLE--

MODULE SUMMARY

       Module                        code   ro data   rw data
       ------                        ----   -------   -------
    .\
       system_msp432p401r.obj        812    0         8      
       uartCommunication.obj         320    36        8      
       startup_msp432p401r_ccs.obj   14     228       0      
       i2cCommunication.obj          180    20        2      
       lightSensor.obj               86     0         0      
       main.obj                      84     0         0      
    +--+-----------------------------+------+---------+---------+
       Total:                        1496   284       18     
                                                             
    C:/ti/tirex-content/msp/msp432ware__3.50.00.02/driverlib/driverlib/MSP432P4xx/ccs/msp432p4xx_driverlib.lib
       i2c.o                         380    0         0      
       uart.o                        196    0         0      
       gpio.o                        72     0         96     
       cs.o                          36     0         0      
       wdt_a.o                       24     0         0      
    +--+-----------------------------+------+---------+---------+
       Total:                        708    0         96     
                                                             
    C:\Program Files (x86)\TI\ccsv6\tools\compiler\arm_15.12.3.LTS\lib\rtsv7M4_T_le_v4SPD16_eabi.lib
       memcpy_t2.obj                 156    0         0      
       memset_t2.obj                 122    0         0      
       autoinit.obj                  112    0         0      
       copy_decompress_rle.obj       112    0         0      
       exit.obj                      84     0         24     
       boot.obj                      84     0         0      
       cpy_tbl.obj                   76     0         0      
       _lock.obj                     20     0         16     
       args_main.obj                 24     0         0      
       strlen.obj                    20     0         0      
       copy_decompress_none.obj      14     0         0      
       stkdepth_vars.obj             0      0         8      
       pre_init.obj                  4      0         0      
       mpu_init.obj                  2      0         0      
       startup.obj                   2      0         0      
    +--+-----------------------------+------+---------+---------+
       Total:                        832    0         48     
                                                             
       Stack:                        0      0         1024   
       Linker Generated:             0      105       0      
    +--+-----------------------------+------+---------+---------+
       Grand Total:                  3036   389       1186   


LINKER GENERATED COPY TABLES

__TI_cinit_table @ 00000d54 records: 2, size/record: 8, table size: 16
	.data: load addr=00000cf8, load size=00000048 bytes, run addr=20000000, run size=0000004c bytes, compression=rle
	.bss: load addr=00000d40, load size=00000009 bytes, run addr=2000004c, run size=00000005 bytes, compression=rle


LINKER GENERATED HANDLER TABLE

__TI_handler_table @ 00000d4c records: 2, size/record: 4, table size: 8
	index: 0, handler: __TI_decompress_rle24
	index: 1, handler: __TI_decompress_none


GLOBAL SYMBOLS: SORTED ALPHABETICALLY BY Name 

address   name                                      
-------   ----                                      
00000c99  ADC14_IRQHandler                          
00000c99  AES256_IRQHandler                         
0000088b  ALSensorConfigure                         
0000089f  ALSensorReadData                          
00000c99  BusFault_Handler                          
00000989  C$$EXIT                                   
00000c99  COMP_E0_IRQHandler                        
00000c99  COMP_E1_IRQHandler                        
00000c99  CS_IRQHandler                             
00000b99  CS_setDCOCenteredFrequency                
00000c99  DMA_ERR_IRQHandler                        
00000c99  DMA_INT0_IRQHandler                       
00000c99  DMA_INT1_IRQHandler                       
00000c99  DMA_INT2_IRQHandler                       
00000c99  DMA_INT3_IRQHandler                       
00000c99  DebugMon_Handler                          
00000c99  Default_Handler                           
00000c99  EUSCIA0_IRQHandler                        
00000c99  EUSCIA1_IRQHandler                        
00000c99  EUSCIA2_IRQHandler                        
00000c99  EUSCIA3_IRQHandler                        
00000c99  EUSCIB0_IRQHandler                        
00000c99  EUSCIB1_IRQHandler                        
00000c99  EUSCIB2_IRQHandler                        
00000c99  EUSCIB3_IRQHandler                        
00000c99  FLCTL_IRQHandler                          
00000c99  FPU_IRQHandler                            
00000a79  GPIO_setAsPeripheralModuleFunctionInputPin
00000c99  HardFault_Handler                         
00000c9b  I2C_enableModule                          
00000ac1  I2C_initMaster                            
00000c35  I2C_isBusBusy                             
00000b39  I2C_masterReceiveSingleByte               
00000bbd  I2C_masterSendMultiByteNext               
00000b01  I2C_masterSendMultiByteStart              
00000b69  I2C_masterSendMultiByteStop               
000009dd  I2C_masterSendSingleByte                  
00000c71  I2C_setMode                               
00000cb9  I2C_setSlaveAddress                       
00000c99  MemManage_Handler                         
00000c99  NMI_Handler                               
00000c99  PCM_IRQHandler                            
00000c99  PORT1_IRQHandler                          
00000c99  PORT2_IRQHandler                          
00000c99  PORT3_IRQHandler                          
00000c99  PORT4_IRQHandler                          
00000c99  PORT5_IRQHandler                          
00000c99  PORT6_IRQHandler                          
00000c99  PSS_IRQHandler                            
00000c99  PendSV_Handler                            
00000c99  RTC_C_IRQHandler                          
00000c8d  Reset_Handler                             
UNDEFED   SHT$$INIT_ARRAY$$Base                     
UNDEFED   SHT$$INIT_ARRAY$$Limit                    
00000c99  SVC_Handler                               
00000c99  SysTick_Handler                           
20000048  SystemCoreClock                           
000000e5  SystemCoreClockUpdate                     
00000359  SystemInit                                
00000c99  T32_INT1_IRQHandler                       
00000c99  T32_INT2_IRQHandler                       
00000c99  T32_INTC_IRQHandler                       
00000c99  TA0_0_IRQHandler                          
00000c99  TA0_N_IRQHandler                          
00000c99  TA1_0_IRQHandler                          
00000c99  TA1_N_IRQHandler                          
00000c99  TA2_0_IRQHandler                          
00000c99  TA2_N_IRQHandler                          
00000c99  TA3_0_IRQHandler                          
00000c99  TA3_N_IRQHandler                          
00000ca7  UART_enableModule                         
000006a1  UART_initModule                           
00000be1  UART_transmitData                         
00000c99  UsageFault_Handler                        
4000480c  WDTCTL_SYM                                
00000c99  WDT_A_IRQHandler                          
00000c05  WDT_A_holdTimer                           
20010000  __STACK_END                               
00000200  __STACK_SIZE                              
00000d54  __TI_CINIT_Base                           
00000d64  __TI_CINIT_Limit                          
00000d4c  __TI_Handler_Table_Base                   
00000d54  __TI_Handler_Table_Limit                  
000007b1  __TI_auto_init                            
20000030  __TI_cleanup_ptr                          
00000c7f  __TI_decompress_none                      
00000cb3  __TI_decompress_rle24                     
20000034  __TI_dtors_ptr                            
20000038  __TI_enable_exit_profile_output           
ffffffff  __TI_pprof_out_hndl                       
ffffffff  __TI_prof_data_size                       
ffffffff  __TI_prof_data_start                      
00000000  __TI_static_base__                        
00000735  __aeabi_memclr                            
00000735  __aeabi_memclr4                           
00000735  __aeabi_memclr8                           
00000605  __aeabi_memcpy                            
00000605  __aeabi_memcpy4                           
00000605  __aeabi_memcpy8                           
00000737  __aeabi_memset                            
00000737  __aeabi_memset4                           
00000737  __aeabi_memset8                           
ffffffff  __binit__                                 
ffffffff  __c_args__                                
000007af  __mpu_init                                
2000fe00  __stack                                   
00000c1d  _args_main                                
00000935  _c_int00                                  
2000003c  _lock                                     
00000c57  _nop                                      
00000c4f  _register_lock                            
00000c49  _register_unlock                          
00000aff  _system_post_cinit                        
00000cbd  _system_pre_init                          
20000040  _unlock                                   
0000098d  abort                                     
ffffffff  binit                                     
00000a2d  copy_in                                   
00000995  exit                                      
2000004c  i                                         
00000ce4  i2cConfig                                 
000005a9  i2cReadwithParam                          
00000583  i2cWritewithParam                         
00000551  initI2C                                   
00000411  initUART                                  
00000489  intToString                               
00000000  interruptVectors                          
00000905  main                                      
20000044  main_func_sp                              
00000605  memcpy                                    
0000073d  memset                                    
000008e1  ownDelay                                  
00000435  reverse                                   
00000527  sendInt                                   
000004ed  sendString                                
00000c5d  strlen                                    
00000cc0  uartConfig                                


GLOBAL SYMBOLS: SORTED BY Symbol Address 

address   name                                      
-------   ----                                      
00000000  __TI_static_base__                        
00000000  interruptVectors                          
000000e5  SystemCoreClockUpdate                     
00000200  __STACK_SIZE                              
00000359  SystemInit                                
00000411  initUART                                  
00000435  reverse                                   
00000489  intToString                               
000004ed  sendString                                
00000527  sendInt                                   
00000551  initI2C                                   
00000583  i2cWritewithParam                         
000005a9  i2cReadwithParam                          
00000605  __aeabi_memcpy                            
00000605  __aeabi_memcpy4                           
00000605  __aeabi_memcpy8                           
00000605  memcpy                                    
000006a1  UART_initModule                           
00000735  __aeabi_memclr                            
00000735  __aeabi_memclr4                           
00000735  __aeabi_memclr8                           
00000737  __aeabi_memset                            
00000737  __aeabi_memset4                           
00000737  __aeabi_memset8                           
0000073d  memset                                    
000007af  __mpu_init                                
000007b1  __TI_auto_init                            
0000088b  ALSensorConfigure                         
0000089f  ALSensorReadData                          
000008e1  ownDelay                                  
00000905  main                                      
00000935  _c_int00                                  
00000989  C$$EXIT                                   
0000098d  abort                                     
00000995  exit                                      
000009dd  I2C_masterSendSingleByte                  
00000a2d  copy_in                                   
00000a79  GPIO_setAsPeripheralModuleFunctionInputPin
00000ac1  I2C_initMaster                            
00000aff  _system_post_cinit                        
00000b01  I2C_masterSendMultiByteStart              
00000b39  I2C_masterReceiveSingleByte               
00000b69  I2C_masterSendMultiByteStop               
00000b99  CS_setDCOCenteredFrequency                
00000bbd  I2C_masterSendMultiByteNext               
00000be1  UART_transmitData                         
00000c05  WDT_A_holdTimer                           
00000c1d  _args_main                                
00000c35  I2C_isBusBusy                             
00000c49  _register_unlock                          
00000c4f  _register_lock                            
00000c57  _nop                                      
00000c5d  strlen                                    
00000c71  I2C_setMode                               
00000c7f  __TI_decompress_none                      
00000c8d  Reset_Handler                             
00000c99  ADC14_IRQHandler                          
00000c99  AES256_IRQHandler                         
00000c99  BusFault_Handler                          
00000c99  COMP_E0_IRQHandler                        
00000c99  COMP_E1_IRQHandler                        
00000c99  CS_IRQHandler                             
00000c99  DMA_ERR_IRQHandler                        
00000c99  DMA_INT0_IRQHandler                       
00000c99  DMA_INT1_IRQHandler                       
00000c99  DMA_INT2_IRQHandler                       
00000c99  DMA_INT3_IRQHandler                       
00000c99  DebugMon_Handler                          
00000c99  Default_Handler                           
00000c99  EUSCIA0_IRQHandler                        
00000c99  EUSCIA1_IRQHandler                        
00000c99  EUSCIA2_IRQHandler                        
00000c99  EUSCIA3_IRQHandler                        
00000c99  EUSCIB0_IRQHandler                        
00000c99  EUSCIB1_IRQHandler                        
00000c99  EUSCIB2_IRQHandler                        
00000c99  EUSCIB3_IRQHandler                        
00000c99  FLCTL_IRQHandler                          
00000c99  FPU_IRQHandler                            
00000c99  HardFault_Handler                         
00000c99  MemManage_Handler                         
00000c99  NMI_Handler                               
00000c99  PCM_IRQHandler                            
00000c99  PORT1_IRQHandler                          
00000c99  PORT2_IRQHandler                          
00000c99  PORT3_IRQHandler                          
00000c99  PORT4_IRQHandler                          
00000c99  PORT5_IRQHandler                          
00000c99  PORT6_IRQHandler                          
00000c99  PSS_IRQHandler                            
00000c99  PendSV_Handler                            
00000c99  RTC_C_IRQHandler                          
00000c99  SVC_Handler                               
00000c99  SysTick_Handler                           
00000c99  T32_INT1_IRQHandler                       
00000c99  T32_INT2_IRQHandler                       
00000c99  T32_INTC_IRQHandler                       
00000c99  TA0_0_IRQHandler                          
00000c99  TA0_N_IRQHandler                          
00000c99  TA1_0_IRQHandler                          
00000c99  TA1_N_IRQHandler                          
00000c99  TA2_0_IRQHandler                          
00000c99  TA2_N_IRQHandler                          
00000c99  TA3_0_IRQHandler                          
00000c99  TA3_N_IRQHandler                          
00000c99  UsageFault_Handler                        
00000c99  WDT_A_IRQHandler                          
00000c9b  I2C_enableModule                          
00000ca7  UART_enableModule                         
00000cb3  __TI_decompress_rle24                     
00000cb9  I2C_setSlaveAddress                       
00000cbd  _system_pre_init                          
00000cc0  uartConfig                                
00000ce4  i2cConfig                                 
00000d4c  __TI_Handler_Table_Base                   
00000d54  __TI_CINIT_Base                           
00000d54  __TI_Handler_Table_Limit                  
00000d64  __TI_CINIT_Limit                          
20000030  __TI_cleanup_ptr                          
20000034  __TI_dtors_ptr                            
20000038  __TI_enable_exit_profile_output           
2000003c  _lock                                     
20000040  _unlock                                   
20000044  main_func_sp                              
20000048  SystemCoreClock                           
2000004c  i                                         
2000fe00  __stack                                   
20010000  __STACK_END                               
4000480c  WDTCTL_SYM                                
ffffffff  __TI_pprof_out_hndl                       
ffffffff  __TI_prof_data_size                       
ffffffff  __TI_prof_data_start                      
ffffffff  __binit__                                 
ffffffff  __c_args__                                
ffffffff  binit                                     
UNDEFED   SHT$$INIT_ARRAY$$Base                     
UNDEFED   SHT$$INIT_ARRAY$$Limit                    

[137 symbols]
