******************************************************************************
                  TI ARM Linker PC v15.12.3                    
******************************************************************************
>> Linked Thu Mar 16 14:11:50 2017

OUTPUT FILE NAME:   <I2cCommunicationProtocol.out>
ENTRY POINT SYMBOL: "_c_int00"  address: 00000e8d


MEMORY CONFIGURATION

         name            origin    length      used     unused   attr    fill
----------------------  --------  ---------  --------  --------  ----  --------
  MAIN                  00000000   00040000  000016ac  0003e954  R  X
  INFO                  00200000   00004000  00000000  00004000  R  X
  SRAM_CODE             01000000   00010000  00000275  0000fd8b  RW X
  SRAM_DATA             20000000   00010000  00000275  0000fd8b  RW  


SEGMENT ALLOCATION MAP

run origin  load origin   length   init length attrs members
----------  ----------- ---------- ----------- ----- -------
00000000    00000000    000016ac   000016ac    r-x
  00000000    00000000    000000e4   000000e4    r-- .intvecs
  000000e4    000000e4    000014b8   000014b8    r-x .text
  0000159c    0000159c    000000a4   000000a4    r-- .const
  00001640    00001640    0000006c   0000006c    r-- .cinit
20000000    20000000    00000075   00000000    rw-
  20000000    20000000    0000004c   00000000    rw- .data
  2000004c    2000004c    00000029   00000000    rw- .bss
2000fe00    2000fe00    00000200   00000000    rw-
  2000fe00    2000fe00    00000200   00000000    rw- .stack


SECTION ALLOCATION MAP

 output                                  attributes/
section   page    origin      length       input sections
--------  ----  ----------  ----------   ----------------
.intvecs   0    00000000    000000e4     
                  00000000    000000e4     startup_msp432p401r_ccs.obj (.intvecs:retain)

.binit     0    00000000    00000000     

.text      0    000000e4    000014b8     
                  000000e4    0000032c     system_msp432p401r.obj (.text)
                  00000410    000001a0     msp432p4xx_driverlib.lib : pcm.o (.text:__PCM_setPowerStateAdvanced)
                  000005b0    00000140     uartCommunication.obj (.text)
                  000006f0    000000dc     msp432p4xx_driverlib.lib : pcm.o (.text:__PCM_setPowerModeAdvanced)
                  000007cc    000000c0     i2cCommunication.obj (.text)
                  0000088c    000000b0     msp432p4xx_driverlib.lib : pcm.o (.text:__PCM_setCoreVoltageLevelAdvanced)
                  0000093c    0000009c                              : cs.o (.text:CS_startLFXTWithTimeout)
                  000009d8    0000009c     rtsv7M4_T_le_v4SPD16_eabi.lib : memcpy_t2.obj (.text)
                  00000a74    00000098     realTimeClock.obj (.text)
                  00000b0c    00000094     msp432p4xx_driverlib.lib : uart.o (.text:UART_initModule)
                  00000ba0    0000007c                              : pcm.o (.text:PCM_gotoLPM3)
                  00000c1c    0000007a     rtsv7M4_T_le_v4SPD16_eabi.lib : memset_t2.obj (.text)
                  00000c96    00000002                                   : mpu_init.obj (.text)
                  00000c98    00000070                                   : autoinit.obj (.text)
                  00000d08    0000006a                                   : copy_decompress_rle.obj (.text)
                  00000d72    00000002                                   : startup.obj (.text)
                  00000d74    00000064     msp432p4xx_driverlib.lib : interrupt.o (.text:Interrupt_enableInterrupt)
                  00000dd8    0000005c                              : rtc_c.o (.text:RTC_C_initCalendar)
                  00000e34    00000056     lightSensor.obj (.text)
                  00000e8a    00000002     --HOLE-- [fill = 0]
                  00000e8c    00000054     rtsv7M4_T_le_v4SPD16_eabi.lib : boot.obj (.text)
                  00000ee0    00000054                                   : exit.obj (.text)
                  00000f34    00000050     msp432p4xx_driverlib.lib : i2c.o (.text:I2C_masterSendSingleByte)
                  00000f84    00000050                              : pcm.o (.text:PCM_shutdownDevice)
                  00000fd4    00000050                              : rtc_c.o (.text:RTC_C_clearInterruptFlag)
                  00001024    0000004c                              : gpio.o (.text:GPIO_setAsPeripheralModuleFunctionOutputPin)
                  00001070    0000004c     rtsv7M4_T_le_v4SPD16_eabi.lib : cpy_tbl.obj (.text)
                  000010bc    00000048     msp432p4xx_driverlib.lib : gpio.o (.text:GPIO_setAsPeripheralModuleFunctionInputPin)
                  00001104    00000048                              : rtc_c.o (.text:RTC_C_getEnabledInterruptStatus)
                  0000114c    00000040                              : rtc_c.o (.text:RTC_C_enableInterrupt)
                  0000118c    0000003e                              : i2c.o (.text:I2C_initMaster)
                  000011ca    00000002     --HOLE-- [fill = 0]
                  000011cc    00000038                              : i2c.o (.text:I2C_masterSendMultiByteStart)
                  00001204    00000030                              : i2c.o (.text:I2C_masterReceiveSingleByte)
                  00001234    00000030                              : i2c.o (.text:I2C_masterSendMultiByteStop)
                  00001264    0000002c                              : pcm.o (.text:PCM_getCoreVoltageLevel)
                  00001290    0000002c                              : rtc_c.o (.text:RTC_C_getInterruptStatus)
                  000012bc    0000002c                              : rtc_c.o (.text:RTC_C_setCalendarEvent)
                  000012e8    0000002a                              : pcm.o (.text:PCM_getPowerMode)
                  00001312    00000002     --HOLE-- [fill = 0]
                  00001314    00000028                              : pcm.o (.text:PCM_gotoLPM0)
                  0000133c    00000024                              : cs.o (.text:CS_setDCOCenteredFrequency)
                  00001360    00000024                              : i2c.o (.text:I2C_masterSendMultiByteNext)
                  00001384    00000024                              : rtc_c.o (.text:RTC_C_holdClock)
                  000013a8    00000024                              : rtc_c.o (.text:RTC_C_startClock)
                  000013cc    00000024                              : uart.o (.text:UART_transmitData)
                  000013f0    00000024     delayOwn.obj (.text)
                  00001414    00000024     main.obj (.text)
                  00001438    00000018     msp432p4xx_driverlib.lib : wdt_a.o (.text:WDT_A_holdTimer)
                  00001450    00000018     rtsv7M4_T_le_v4SPD16_eabi.lib : args_main.obj (.text)
                  00001468    00000014     msp432p4xx_driverlib.lib : cs.o (.text:CS_setExternalClockSourceFrequency)
                  0000147c    00000014                              : i2c.o (.text:I2C_isBusBusy)
                  00001490    00000014                              : interrupt.o (.text:Interrupt_enableSleepOnIsrExit)
                  000014a4    00000014     rtsv7M4_T_le_v4SPD16_eabi.lib : _lock.obj (.text)
                  000014b8    00000014                                   : strlen.obj (.text)
                  000014cc    00000010     msp432p4xx_driverlib.lib : interrupt.o (.text:Interrupt_enableMaster)
                  000014dc    00000010                              : pcm.o (.text:PCM_gotoLPM4)
                  000014ec    00000010                              : sysctl.o (.text:SysCtl_disableNMISource)
                  000014fc    00000010                              : sysctl.o (.text:SysCtl_enableNMISource)
                  0000150c    0000000e                              : i2c.o (.text:I2C_setMode)
                  0000151a    0000000e     rtsv7M4_T_le_v4SPD16_eabi.lib : copy_decompress_none.obj (.text:decompress:none)
                  00001528    0000000e     startup_msp432p401r_ccs.obj (.text)
                  00001536    0000000c     msp432p4xx_driverlib.lib : cpu.o (.text:CPU_cpsie)
                  00001542    0000000c                              : i2c.o (.text:I2C_enableModule)
                  0000154e    00000002     --HOLE-- [fill = 0]
                  00001550    0000000c                              : pcm.o (.text:PCM_getPowerState)
                  0000155c    0000000c                              : sysctl.o (.text:SysCtl_getNMISourceStatus)
                  00001568    0000000c                              : uart.o (.text:UART_enableModule)
                  00001574    00000008                              : pcm.o (.text:PCM_setPowerMode)
                  0000157c    00000008                              : pcm.o (.text:PCM_setPowerState)
                  00001584    00000006                              : cs.o (.text:CS_startLFXT)
                  0000158a    00000006     rtsv7M4_T_le_v4SPD16_eabi.lib : copy_decompress_rle.obj (.text:decompress:rle24)
                  00001590    00000004     msp432p4xx_driverlib.lib : cpu.o (.text:CPU_wfi)
                  00001594    00000004                              : i2c.o (.text:I2C_setSlaveAddress)
                  00001598    00000004     rtsv7M4_T_le_v4SPD16_eabi.lib : pre_init.obj (.text)

.const     0    0000159c    000000a4     
                  0000159c    00000040     msp432p4xx_driverlib.lib : interrupt.o (.const)
                  000015dc    00000024     uartCommunication.obj (.const:uartConfig)
                  00001600    0000001c     realTimeClock.obj (.const:currentTime)
                  0000161c    00000014     i2cCommunication.obj (.const:i2cConfig)
                  00001630    00000010     main.obj (.const:i2cInitStructure)

.cinit     0    00001640    0000006c     
                  00001640    00000048     (.cinit..data.load) [load image, compression = rle]
                  00001688    00000009     (.cinit..bss.load) [load image, compression = rle]
                  00001691    00000003     --HOLE-- [fill = 0]
                  00001694    00000008     (__TI_handler_table)
                  0000169c    00000010     (__TI_cinit_table)

.init_array 
*          0    00000000    00000000     UNINITIALIZED

.data      0    20000000    0000004c     UNINITIALIZED
                  20000000    00000030     msp432p4xx_driverlib.lib : gpio.o (.data:GPIO_PORT_TO_BASE)
                  20000030    0000000c     rtsv7M4_T_le_v4SPD16_eabi.lib : exit.obj (.data:$O1$$)
                  2000003c    00000008                                   : _lock.obj (.data:$O1$$)
                  20000044    00000004                                   : stkdepth_vars.obj (.data)
                  20000048    00000004     system_msp432p401r.obj (.data)

.bss       0    2000004c    00000029     UNINITIALIZED
                  2000004c    0000001c     realTimeClock.obj (.bss:newTime)
                  20000068    00000004     (.common:hfxtFreq)
                  2000006c    00000004     (.common:i)
                  20000070    00000004     (.common:lfxtFreq)
                  20000074    00000001     i2cCommunication.obj (.bss)

.stack     0    2000fe00    00000200     UNINITIALIZED
                  2000fe00    00000200     --HOLE--

MODULE SUMMARY

       Module                        code   ro data   rw data
       ------                        ----   -------   -------
    .\
       system_msp432p401r.obj        812    0         8      
       uartCommunication.obj         320    36        8      
       startup_msp432p401r_ccs.obj   14     228       0      
       realTimeClock.obj             152    28        56     
       i2cCommunication.obj          192    20        2      
       lightSensor.obj               86     0         0      
       main.obj                      36     16        0      
       delayOwn.obj                  36     0         0      
    +--+-----------------------------+------+---------+---------+
       Total:                        1648   328       74     
                                                             
    C:/ti/tirex-content/msp/msp432ware__3.50.00.02/driverlib/driverlib/MSP432P4xx/ccs/msp432p4xx_driverlib.lib
       pcm.o                         1186   0         0      
       rtc_c.o                       468    0         0      
       i2c.o                         380    0         0      
       gpio.o                        148    0         96     
       cs.o                          218    0         16     
       interrupt.o                   136    64        0      
       uart.o                        196    0         0      
       sysctl.o                      44     0         0      
       wdt_a.o                       24     0         0      
       cpu.o                         16     0         0      
    +--+-----------------------------+------+---------+---------+
       Total:                        2816   64        112    
                                                             
    C:\Program Files (x86)\TI\ccsv6\tools\compiler\arm_15.12.3.LTS\lib\rtsv7M4_T_le_v4SPD16_eabi.lib
       memcpy_t2.obj                 156    0         0      
       memset_t2.obj                 122    0         0      
       autoinit.obj                  112    0         0      
       copy_decompress_rle.obj       112    0         0      
       exit.obj                      84     0         24     
       boot.obj                      84     0         0      
       cpy_tbl.obj                   76     0         0      
       _lock.obj                     20     0         16     
       args_main.obj                 24     0         0      
       strlen.obj                    20     0         0      
       copy_decompress_none.obj      14     0         0      
       stkdepth_vars.obj             0      0         8      
       pre_init.obj                  4      0         0      
       mpu_init.obj                  2      0         0      
       startup.obj                   2      0         0      
    +--+-----------------------------+------+---------+---------+
       Total:                        832    0         48     
                                                             
       Stack:                        0      0         1024   
       Linker Generated:             0      105       0      
    +--+-----------------------------+------+---------+---------+
       Grand Total:                  5296   497       1258   


LINKER GENERATED COPY TABLES

__TI_cinit_table @ 0000169c records: 2, size/record: 8, table size: 16
	.data: load addr=00001640, load size=00000048 bytes, run addr=20000000, run size=0000004c bytes, compression=rle
	.bss: load addr=00001688, load size=00000009 bytes, run addr=2000004c, run size=00000029 bytes, compression=rle


LINKER GENERATED HANDLER TABLE

__TI_handler_table @ 00001694 records: 2, size/record: 4, table size: 8
	index: 0, handler: __TI_decompress_rle24
	index: 1, handler: __TI_decompress_none


GLOBAL SYMBOLS: SORTED ALPHABETICALLY BY Name 

address   name                                       
-------   ----                                       
00001535  ADC14_IRQHandler                           
00001535  AES256_IRQHandler                          
00000e35  ALSensorConfigure                          
00000e49  ALSensorReadData                           
00001535  BusFault_Handler                           
00000ee1  C$$EXIT                                    
00001535  COMP_E0_IRQHandler                         
00001535  COMP_E1_IRQHandler                         
00001537  CPU_cpsie                                  
00001591  CPU_wfi                                    
00001535  CS_IRQHandler                              
0000133d  CS_setDCOCenteredFrequency                 
00001469  CS_setExternalClockSourceFrequency         
00001585  CS_startLFXT                               
0000093d  CS_startLFXTWithTimeout                    
00001535  DMA_ERR_IRQHandler                         
00001535  DMA_INT0_IRQHandler                        
00001535  DMA_INT1_IRQHandler                        
00001535  DMA_INT2_IRQHandler                        
00001535  DMA_INT3_IRQHandler                        
00001535  DebugMon_Handler                           
00001535  Default_Handler                            
00001535  EUSCIA0_IRQHandler                         
00001535  EUSCIA1_IRQHandler                         
00001535  EUSCIA2_IRQHandler                         
00001535  EUSCIA3_IRQHandler                         
00001535  EUSCIB0_IRQHandler                         
00001535  EUSCIB1_IRQHandler                         
00001535  EUSCIB2_IRQHandler                         
00001535  EUSCIB3_IRQHandler                         
00001535  FLCTL_IRQHandler                           
00001535  FPU_IRQHandler                             
000010bd  GPIO_setAsPeripheralModuleFunctionInputPin 
00001025  GPIO_setAsPeripheralModuleFunctionOutputPin
00001535  HardFault_Handler                          
00001543  I2C_enableModule                           
0000118d  I2C_initMaster                             
0000147d  I2C_isBusBusy                              
00001205  I2C_masterReceiveSingleByte                
00001361  I2C_masterSendMultiByteNext                
000011cd  I2C_masterSendMultiByteStart               
00001235  I2C_masterSendMultiByteStop                
00000f35  I2C_masterSendSingleByte                   
0000150d  I2C_setMode                                
00001595  I2C_setSlaveAddress                        
00000d75  Interrupt_enableInterrupt                  
000014cd  Interrupt_enableMaster                     
00001491  Interrupt_enableSleepOnIsrExit             
00001535  MemManage_Handler                          
00001535  NMI_Handler                                
00001535  PCM_IRQHandler                             
00001265  PCM_getCoreVoltageLevel                    
000012e9  PCM_getPowerMode                           
00001551  PCM_getPowerState                          
00001315  PCM_gotoLPM0                               
00000ba1  PCM_gotoLPM3                               
000014dd  PCM_gotoLPM4                               
00001575  PCM_setPowerMode                           
0000157d  PCM_setPowerState                          
00000f85  PCM_shutdownDevice                         
00001535  PORT1_IRQHandler                           
00001535  PORT2_IRQHandler                           
00001535  PORT3_IRQHandler                           
00001535  PORT4_IRQHandler                           
00001535  PORT5_IRQHandler                           
00001535  PORT6_IRQHandler                           
00001535  PSS_IRQHandler                             
00001535  PendSV_Handler                             
00000abf  RTC_C_IRQHandler                           
00000abf  RTC_C_IRQHandler                           
00000fd5  RTC_C_clearInterruptFlag                   
0000114d  RTC_C_enableInterrupt                      
00001105  RTC_C_getEnabledInterruptStatus            
00001291  RTC_C_getInterruptStatus                   
00001385  RTC_C_holdClock                            
00000dd9  RTC_C_initCalendar                         
000012bd  RTC_C_setCalendarEvent                     
000013a9  RTC_C_startClock                           
00001529  Reset_Handler                              
UNDEFED   SHT$$INIT_ARRAY$$Base                      
UNDEFED   SHT$$INIT_ARRAY$$Limit                     
00001535  SVC_Handler                                
000014ed  SysCtl_disableNMISource                    
000014fd  SysCtl_enableNMISource                     
0000155d  SysCtl_getNMISourceStatus                  
00001535  SysTick_Handler                            
20000048  SystemCoreClock                            
000000e5  SystemCoreClockUpdate                      
00000359  SystemInit                                 
00001535  T32_INT1_IRQHandler                        
00001535  T32_INT2_IRQHandler                        
00001535  T32_INTC_IRQHandler                        
00001535  TA0_0_IRQHandler                           
00001535  TA0_N_IRQHandler                           
00001535  TA1_0_IRQHandler                           
00001535  TA1_N_IRQHandler                           
00001535  TA2_0_IRQHandler                           
00001535  TA2_N_IRQHandler                           
00001535  TA3_0_IRQHandler                           
00001535  TA3_N_IRQHandler                           
00001569  UART_enableModule                          
00000b0d  UART_initModule                            
000013cd  UART_transmitData                          
00001535  UsageFault_Handler                         
4000480c  WDTCTL_SYM                                 
00001535  WDT_A_IRQHandler                           
00001439  WDT_A_holdTimer                            
20010000  __STACK_END                                
00000200  __STACK_SIZE                               
0000169c  __TI_CINIT_Base                            
000016ac  __TI_CINIT_Limit                           
00001694  __TI_Handler_Table_Base                    
0000169c  __TI_Handler_Table_Limit                   
00000c99  __TI_auto_init                             
20000030  __TI_cleanup_ptr                           
0000151b  __TI_decompress_none                       
0000158b  __TI_decompress_rle24                      
20000034  __TI_dtors_ptr                             
20000038  __TI_enable_exit_profile_output            
ffffffff  __TI_pprof_out_hndl                        
ffffffff  __TI_prof_data_size                        
ffffffff  __TI_prof_data_start                       
00000000  __TI_static_base__                         
00000c1d  __aeabi_memclr                             
00000c1d  __aeabi_memclr4                            
00000c1d  __aeabi_memclr8                            
000009d9  __aeabi_memcpy                             
000009d9  __aeabi_memcpy4                            
000009d9  __aeabi_memcpy8                            
00000c1f  __aeabi_memset                             
00000c1f  __aeabi_memset4                            
00000c1f  __aeabi_memset8                            
ffffffff  __binit__                                  
ffffffff  __c_args__                                 
00000c97  __mpu_init                                 
2000fe00  __stack                                    
00001451  _args_main                                 
00000e8d  _c_int00                                   
2000003c  _lock                                      
000014b3  _nop                                       
000014ab  _register_lock                             
000014a5  _register_unlock                           
00000d73  _system_post_cinit                         
00001599  _system_pre_init                           
20000040  _unlock                                    
00000ee5  abort                                      
ffffffff  binit                                      
00001071  copy_in                                    
00001600  currentTime                                
00000eed  exit                                       
2000006c  i                                          
0000161c  i2cConfig                                  
00001630  i2cInitStructure                           
00000833  i2cReadwithParam                           
0000080d  i2cWritewithParam                          
000007cd  initI2C                                    
000005b1  initUART                                   
00000629  intToString                                
00000000  interruptVectors                           
00001415  main                                       
20000044  main_func_sp                               
000009d9  memcpy                                     
00000c25  memset                                     
000013f1  ownDelay                                   
000005d5  reverse                                    
00000a75  rtcConfig                                  
000006c7  sendInt                                    
0000068d  sendString                                 
000014b9  strlen                                     
000015dc  uartConfig                                 


GLOBAL SYMBOLS: SORTED BY Symbol Address 

address   name                                       
-------   ----                                       
00000000  __TI_static_base__                         
00000000  interruptVectors                           
000000e5  SystemCoreClockUpdate                      
00000200  __STACK_SIZE                               
00000359  SystemInit                                 
000005b1  initUART                                   
000005d5  reverse                                    
00000629  intToString                                
0000068d  sendString                                 
000006c7  sendInt                                    
000007cd  initI2C                                    
0000080d  i2cWritewithParam                          
00000833  i2cReadwithParam                           
0000093d  CS_startLFXTWithTimeout                    
000009d9  __aeabi_memcpy                             
000009d9  __aeabi_memcpy4                            
000009d9  __aeabi_memcpy8                            
000009d9  memcpy                                     
00000a75  rtcConfig                                  
00000abf  RTC_C_IRQHandler                           
00000abf  RTC_C_IRQHandler                           
00000b0d  UART_initModule                            
00000ba1  PCM_gotoLPM3                               
00000c1d  __aeabi_memclr                             
00000c1d  __aeabi_memclr4                            
00000c1d  __aeabi_memclr8                            
00000c1f  __aeabi_memset                             
00000c1f  __aeabi_memset4                            
00000c1f  __aeabi_memset8                            
00000c25  memset                                     
00000c97  __mpu_init                                 
00000c99  __TI_auto_init                             
00000d73  _system_post_cinit                         
00000d75  Interrupt_enableInterrupt                  
00000dd9  RTC_C_initCalendar                         
00000e35  ALSensorConfigure                          
00000e49  ALSensorReadData                           
00000e8d  _c_int00                                   
00000ee1  C$$EXIT                                    
00000ee5  abort                                      
00000eed  exit                                       
00000f35  I2C_masterSendSingleByte                   
00000f85  PCM_shutdownDevice                         
00000fd5  RTC_C_clearInterruptFlag                   
00001025  GPIO_setAsPeripheralModuleFunctionOutputPin
00001071  copy_in                                    
000010bd  GPIO_setAsPeripheralModuleFunctionInputPin 
00001105  RTC_C_getEnabledInterruptStatus            
0000114d  RTC_C_enableInterrupt                      
0000118d  I2C_initMaster                             
000011cd  I2C_masterSendMultiByteStart               
00001205  I2C_masterReceiveSingleByte                
00001235  I2C_masterSendMultiByteStop                
00001265  PCM_getCoreVoltageLevel                    
00001291  RTC_C_getInterruptStatus                   
000012bd  RTC_C_setCalendarEvent                     
000012e9  PCM_getPowerMode                           
00001315  PCM_gotoLPM0                               
0000133d  CS_setDCOCenteredFrequency                 
00001361  I2C_masterSendMultiByteNext                
00001385  RTC_C_holdClock                            
000013a9  RTC_C_startClock                           
000013cd  UART_transmitData                          
000013f1  ownDelay                                   
00001415  main                                       
00001439  WDT_A_holdTimer                            
00001451  _args_main                                 
00001469  CS_setExternalClockSourceFrequency         
0000147d  I2C_isBusBusy                              
00001491  Interrupt_enableSleepOnIsrExit             
000014a5  _register_unlock                           
000014ab  _register_lock                             
000014b3  _nop                                       
000014b9  strlen                                     
000014cd  Interrupt_enableMaster                     
000014dd  PCM_gotoLPM4                               
000014ed  SysCtl_disableNMISource                    
000014fd  SysCtl_enableNMISource                     
0000150d  I2C_setMode                                
0000151b  __TI_decompress_none                       
00001529  Reset_Handler                              
00001535  ADC14_IRQHandler                           
00001535  AES256_IRQHandler                          
00001535  BusFault_Handler                           
00001535  COMP_E0_IRQHandler                         
00001535  COMP_E1_IRQHandler                         
00001535  CS_IRQHandler                              
00001535  DMA_ERR_IRQHandler                         
00001535  DMA_INT0_IRQHandler                        
00001535  DMA_INT1_IRQHandler                        
00001535  DMA_INT2_IRQHandler                        
00001535  DMA_INT3_IRQHandler                        
00001535  DebugMon_Handler                           
00001535  Default_Handler                            
00001535  EUSCIA0_IRQHandler                         
00001535  EUSCIA1_IRQHandler                         
00001535  EUSCIA2_IRQHandler                         
00001535  EUSCIA3_IRQHandler                         
00001535  EUSCIB0_IRQHandler                         
00001535  EUSCIB1_IRQHandler                         
00001535  EUSCIB2_IRQHandler                         
00001535  EUSCIB3_IRQHandler                         
00001535  FLCTL_IRQHandler                           
00001535  FPU_IRQHandler                             
00001535  HardFault_Handler                          
00001535  MemManage_Handler                          
00001535  NMI_Handler                                
00001535  PCM_IRQHandler                             
00001535  PORT1_IRQHandler                           
00001535  PORT2_IRQHandler                           
00001535  PORT3_IRQHandler                           
00001535  PORT4_IRQHandler                           
00001535  PORT5_IRQHandler                           
00001535  PORT6_IRQHandler                           
00001535  PSS_IRQHandler                             
00001535  PendSV_Handler                             
00001535  SVC_Handler                                
00001535  SysTick_Handler                            
00001535  T32_INT1_IRQHandler                        
00001535  T32_INT2_IRQHandler                        
00001535  T32_INTC_IRQHandler                        
00001535  TA0_0_IRQHandler                           
00001535  TA0_N_IRQHandler                           
00001535  TA1_0_IRQHandler                           
00001535  TA1_N_IRQHandler                           
00001535  TA2_0_IRQHandler                           
00001535  TA2_N_IRQHandler                           
00001535  TA3_0_IRQHandler                           
00001535  TA3_N_IRQHandler                           
00001535  UsageFault_Handler                         
00001535  WDT_A_IRQHandler                           
00001537  CPU_cpsie                                  
00001543  I2C_enableModule                           
00001551  PCM_getPowerState                          
0000155d  SysCtl_getNMISourceStatus                  
00001569  UART_enableModule                          
00001575  PCM_setPowerMode                           
0000157d  PCM_setPowerState                          
00001585  CS_startLFXT                               
0000158b  __TI_decompress_rle24                      
00001591  CPU_wfi                                    
00001595  I2C_setSlaveAddress                        
00001599  _system_pre_init                           
000015dc  uartConfig                                 
00001600  currentTime                                
0000161c  i2cConfig                                  
00001630  i2cInitStructure                           
00001694  __TI_Handler_Table_Base                    
0000169c  __TI_CINIT_Base                            
0000169c  __TI_Handler_Table_Limit                   
000016ac  __TI_CINIT_Limit                           
20000030  __TI_cleanup_ptr                           
20000034  __TI_dtors_ptr                             
20000038  __TI_enable_exit_profile_output            
2000003c  _lock                                      
20000040  _unlock                                    
20000044  main_func_sp                               
20000048  SystemCoreClock                            
2000006c  i                                          
2000fe00  __stack                                    
20010000  __STACK_END                                
4000480c  WDTCTL_SYM                                 
ffffffff  __TI_pprof_out_hndl                        
ffffffff  __TI_prof_data_size                        
ffffffff  __TI_prof_data_start                       
ffffffff  __binit__                                  
ffffffff  __c_args__                                 
ffffffff  binit                                      
UNDEFED   SHT$$INIT_ARRAY$$Base                      
UNDEFED   SHT$$INIT_ARRAY$$Limit                     

[170 symbols]
