******************************************************************************
                  TI ARM Linker PC v15.12.3                    
******************************************************************************
>> Linked Thu May 11 14:47:44 2017

OUTPUT FILE NAME:   <I2cCommunicationProtocol.out>
ENTRY POINT SYMBOL: "_c_int00"  address: 00000a29


MEMORY CONFIGURATION

         name            origin    length      used     unused   attr    fill
----------------------  --------  ---------  --------  --------  ----  --------
  MAIN                  00000000   00040000  00000f78  0003f088  R  X
  INFO                  00200000   00004000  00000000  00004000  R  X
  SRAM_CODE             01000000   00010000  00000278  0000fd88  RW X
  SRAM_DATA             20000000   00010000  00000278  0000fd88  RW  


SEGMENT ALLOCATION MAP

run origin  load origin   length   init length attrs members
----------  ----------- ---------- ----------- ----- -------
00000000    00000000    00000f7c   00000f7c    r-x
  00000000    00000000    000000e4   000000e4    r-- .intvecs
  000000e4    000000e4    00000d98   00000d98    r-x .text
  00000e7c    00000e7c    00000090   00000090    r-- .const
  00000f10    00000f10    0000006c   0000006c    r-- .cinit
20000000    20000000    00000078   00000000    rw-
  20000000    20000000    0000004c   00000000    rw- .data
  2000004c    2000004c    0000002c   00000000    rw- .bss
2000fe00    2000fe00    00000200   00000000    rw-
  2000fe00    2000fe00    00000200   00000000    rw- .stack


SECTION ALLOCATION MAP

 output                                  attributes/
section   page    origin      length       input sections
--------  ----  ----------  ----------   ----------------
.intvecs   0    00000000    000000e4     
                  00000000    000000e4     startup_msp432p401r_ccs.obj (.intvecs:retain)

.binit     0    00000000    00000000     

.text      0    000000e4    00000d98     
                  000000e4    0000032c     system_msp432p401r.obj (.text)
                  00000410    0000014c     uartCommunication.obj (.text)
                  0000055c    0000009c     msp432p4xx_driverlib.lib : cs.o (.text:CS_startLFXTWithTimeout)
                  000005f8    0000009c     rtsv7M4_T_le_v4SPD16_eabi.lib : memcpy_t2.obj (.text)
                  00000694    00000094     msp432p4xx_driverlib.lib : uart.o (.text:UART_initModule)
                  00000728    00000084     realTimeClock.obj (.text)
                  000007ac    0000007a     rtsv7M4_T_le_v4SPD16_eabi.lib : memset_t2.obj (.text)
                  00000826    00000002                                   : mpu_init.obj (.text)
                  00000828    00000070                                   : autoinit.obj (.text)
                  00000898    0000006a                                   : copy_decompress_rle.obj (.text)
                  00000902    00000002                                   : startup.obj (.text)
                  00000904    00000064     msp432p4xx_driverlib.lib : interrupt.o (.text:Interrupt_enableInterrupt)
                  00000968    00000064                              : rtc_c.o (.text:RTC_C_getCalendarTime)
                  000009cc    0000005c                              : rtc_c.o (.text:RTC_C_initCalendar)
                  00000a28    00000054     rtsv7M4_T_le_v4SPD16_eabi.lib : boot.obj (.text)
                  00000a7c    00000054                                   : exit.obj (.text)
                  00000ad0    00000050     msp432p4xx_driverlib.lib : rtc_c.o (.text:RTC_C_clearInterruptFlag)
                  00000b20    0000004c                              : gpio.o (.text:GPIO_setAsPeripheralModuleFunctionOutputPin)
                  00000b6c    0000004c     rtsv7M4_T_le_v4SPD16_eabi.lib : cpy_tbl.obj (.text)
                  00000bb8    00000048     msp432p4xx_driverlib.lib : gpio.o (.text:GPIO_setAsPeripheralModuleFunctionInputPin)
                  00000c00    00000048                              : rtc_c.o (.text:RTC_C_getEnabledInterruptStatus)
                  00000c48    00000040                              : rtc_c.o (.text:RTC_C_enableInterrupt)
                  00000c88    0000002c                              : rtc_c.o (.text:RTC_C_getInterruptStatus)
                  00000cb4    0000002c                              : rtc_c.o (.text:RTC_C_setCalendarEvent)
                  00000ce0    00000024                              : cs.o (.text:CS_setDCOCenteredFrequency)
                  00000d04    00000024                              : rtc_c.o (.text:RTC_C_startClock)
                  00000d28    00000024                              : uart.o (.text:UART_transmitData)
                  00000d4c    0000001c                              : rtc_c.o (.text:RTC_C_definePrescaleEvent)
                  00000d68    00000018                              : wdt_a.o (.text:WDT_A_holdTimer)
                  00000d80    00000018     rtsv7M4_T_le_v4SPD16_eabi.lib : args_main.obj (.text)
                  00000d98    00000014     msp432p4xx_driverlib.lib : cs.o (.text:CS_setExternalClockSourceFrequency)
                  00000dac    00000014                              : interrupt.o (.text:Interrupt_enableSleepOnIsrExit)
                  00000dc0    00000014     main.obj (.text)
                  00000dd4    00000014     rtsv7M4_T_le_v4SPD16_eabi.lib : _lock.obj (.text)
                  00000de8    00000014                                   : strlen.obj (.text)
                  00000dfc    00000010     msp432p4xx_driverlib.lib : interrupt.o (.text:Interrupt_enableMaster)
                  00000e0c    00000010                              : sysctl.o (.text:SysCtl_disableNMISource)
                  00000e1c    00000010                              : sysctl.o (.text:SysCtl_enableNMISource)
                  00000e2c    0000000e     rtsv7M4_T_le_v4SPD16_eabi.lib : copy_decompress_none.obj (.text:decompress:none)
                  00000e3a    0000000e     startup_msp432p401r_ccs.obj (.text)
                  00000e48    0000000c     msp432p4xx_driverlib.lib : cpu.o (.text:CPU_cpsie)
                  00000e54    0000000c                              : sysctl.o (.text:SysCtl_getNMISourceStatus)
                  00000e60    0000000c                              : uart.o (.text:UART_enableModule)
                  00000e6c    00000006                              : cs.o (.text:CS_startLFXT)
                  00000e72    00000006     rtsv7M4_T_le_v4SPD16_eabi.lib : copy_decompress_rle.obj (.text:decompress:rle24)
                  00000e78    00000004                                   : pre_init.obj (.text)

.const     0    00000e7c    00000090     
                  00000e7c    00000040     msp432p4xx_driverlib.lib : interrupt.o (.const)
                  00000ebc    00000024     uartCommunication.obj (.const:uartConfig)
                  00000ee0    0000001c     realTimeClock.obj (.const:currentTime)
                  00000efc    00000010     main.obj (.const:pcUARTInitStructure)

.cinit     0    00000f10    0000006c     
                  00000f10    00000048     (.cinit..data.load) [load image, compression = rle]
                  00000f58    00000009     (.cinit..bss.load) [load image, compression = rle]
                  00000f61    00000003     --HOLE-- [fill = 0]
                  00000f64    00000008     (__TI_handler_table)
                  00000f6c    00000010     (__TI_cinit_table)

.init_array 
*          0    00000000    00000000     UNINITIALIZED

.data      0    20000000    0000004c     UNINITIALIZED
                  20000000    00000030     msp432p4xx_driverlib.lib : gpio.o (.data:GPIO_PORT_TO_BASE)
                  20000030    0000000c     rtsv7M4_T_le_v4SPD16_eabi.lib : exit.obj (.data:$O1$$)
                  2000003c    00000008                                   : _lock.obj (.data:$O1$$)
                  20000044    00000004                                   : stkdepth_vars.obj (.data)
                  20000048    00000004     system_msp432p401r.obj (.data)

.bss       0    2000004c    0000002c     UNINITIALIZED
                  2000004c    0000001c     realTimeClock.obj (.bss:newTime$1)
                  20000068    00000004     (.common:hfxtFreq)
                  2000006c    00000004     (.common:i)
                  20000070    00000004     (.common:interruptFlag)
                  20000074    00000004     (.common:lfxtFreq)

.stack     0    2000fe00    00000200     UNINITIALIZED
                  2000fe00    00000200     --HOLE--

MODULE SUMMARY

       Module                        code   ro data   rw data
       ------                        ----   -------   -------
    .\
       system_msp432p401r.obj        812    0         8      
       uartCommunication.obj         332    36        8      
       startup_msp432p401r_ccs.obj   14     228       0      
       realTimeClock.obj             132    28        56     
       main.obj                      20     16        8      
    +--+-----------------------------+------+---------+---------+
       Total:                        1310   308       80     
                                                             
    C:/ti/tirex-content/msp/msp432ware__3.50.00.02/driverlib/driverlib/MSP432P4xx/ccs/msp432p4xx_driverlib.lib
       rtc_c.o                       560    0         0      
       gpio.o                        148    0         96     
       cs.o                          218    0         16     
       interrupt.o                   136    64        0      
       uart.o                        196    0         0      
       sysctl.o                      44     0         0      
       wdt_a.o                       24     0         0      
       cpu.o                         12     0         0      
    +--+-----------------------------+------+---------+---------+
       Total:                        1338   64        112    
                                                             
    C:\Program Files (x86)\TI\ccsv6\tools\compiler\arm_15.12.3.LTS\lib\rtsv7M4_T_le_v4SPD16_eabi.lib
       memcpy_t2.obj                 156    0         0      
       memset_t2.obj                 122    0         0      
       autoinit.obj                  112    0         0      
       copy_decompress_rle.obj       112    0         0      
       exit.obj                      84     0         24     
       boot.obj                      84     0         0      
       cpy_tbl.obj                   76     0         0      
       _lock.obj                     20     0         16     
       args_main.obj                 24     0         0      
       strlen.obj                    20     0         0      
       copy_decompress_none.obj      14     0         0      
       stkdepth_vars.obj             0      0         8      
       pre_init.obj                  4      0         0      
       mpu_init.obj                  2      0         0      
       startup.obj                   2      0         0      
    +--+-----------------------------+------+---------+---------+
       Total:                        832    0         48     
                                                             
       Stack:                        0      0         1024   
       Linker Generated:             0      105       0      
    +--+-----------------------------+------+---------+---------+
       Grand Total:                  3480   477       1264   


LINKER GENERATED COPY TABLES

__TI_cinit_table @ 00000f6c records: 2, size/record: 8, table size: 16
	.data: load addr=00000f10, load size=00000048 bytes, run addr=20000000, run size=0000004c bytes, compression=rle
	.bss: load addr=00000f58, load size=00000009 bytes, run addr=2000004c, run size=0000002c bytes, compression=rle


LINKER GENERATED HANDLER TABLE

__TI_handler_table @ 00000f64 records: 2, size/record: 4, table size: 8
	index: 0, handler: __TI_decompress_rle24
	index: 1, handler: __TI_decompress_none


GLOBAL SYMBOLS: SORTED ALPHABETICALLY BY Name 

address   name                                       
-------   ----                                       
00000e47  ADC14_IRQHandler                           
00000e47  AES256_IRQHandler                          
00000e47  BusFault_Handler                           
00000a7d  C$$EXIT                                    
00000e47  COMP_E0_IRQHandler                         
00000e47  COMP_E1_IRQHandler                         
00000e49  CPU_cpsie                                  
00000e47  CS_IRQHandler                              
00000ce1  CS_setDCOCenteredFrequency                 
00000d99  CS_setExternalClockSourceFrequency         
00000e6d  CS_startLFXT                               
0000055d  CS_startLFXTWithTimeout                    
00000e47  DMA_ERR_IRQHandler                         
00000e47  DMA_INT0_IRQHandler                        
00000e47  DMA_INT1_IRQHandler                        
00000e47  DMA_INT2_IRQHandler                        
00000e47  DMA_INT3_IRQHandler                        
00000e47  DebugMon_Handler                           
00000e47  Default_Handler                            
00000e47  EUSCIA0_IRQHandler                         
00000e47  EUSCIA1_IRQHandler                         
00000e47  EUSCIA2_IRQHandler                         
00000e47  EUSCIA3_IRQHandler                         
00000e47  EUSCIB0_IRQHandler                         
00000e47  EUSCIB1_IRQHandler                         
00000e47  EUSCIB2_IRQHandler                         
00000e47  EUSCIB3_IRQHandler                         
00000e47  FLCTL_IRQHandler                           
00000e47  FPU_IRQHandler                             
00000bb9  GPIO_setAsPeripheralModuleFunctionInputPin 
00000b21  GPIO_setAsPeripheralModuleFunctionOutputPin
00000e47  HardFault_Handler                          
00000905  Interrupt_enableInterrupt                  
00000dfd  Interrupt_enableMaster                     
00000dad  Interrupt_enableSleepOnIsrExit             
00000e47  MemManage_Handler                          
00000e47  NMI_Handler                                
00000e47  PCM_IRQHandler                             
00000e47  PORT1_IRQHandler                           
00000e47  PORT2_IRQHandler                           
00000e47  PORT3_IRQHandler                           
00000e47  PORT4_IRQHandler                           
00000e47  PORT5_IRQHandler                           
00000e47  PORT6_IRQHandler                           
00000e47  PSS_IRQHandler                             
00000e47  PendSV_Handler                             
0000077b  RTC_C_IRQHandler                           
0000077b  RTC_C_IRQHandler                           
00000ad1  RTC_C_clearInterruptFlag                   
00000d4d  RTC_C_definePrescaleEvent                  
00000c49  RTC_C_enableInterrupt                      
00000969  RTC_C_getCalendarTime                      
00000c01  RTC_C_getEnabledInterruptStatus            
00000c89  RTC_C_getInterruptStatus                   
000009cd  RTC_C_initCalendar                         
00000cb5  RTC_C_setCalendarEvent                     
00000d05  RTC_C_startClock                           
00000e3b  Reset_Handler                              
UNDEFED   SHT$$INIT_ARRAY$$Base                      
UNDEFED   SHT$$INIT_ARRAY$$Limit                     
00000e47  SVC_Handler                                
00000e0d  SysCtl_disableNMISource                    
00000e1d  SysCtl_enableNMISource                     
00000e55  SysCtl_getNMISourceStatus                  
00000e47  SysTick_Handler                            
20000048  SystemCoreClock                            
000000e5  SystemCoreClockUpdate                      
00000359  SystemInit                                 
00000e47  T32_INT1_IRQHandler                        
00000e47  T32_INT2_IRQHandler                        
00000e47  T32_INTC_IRQHandler                        
00000e47  TA0_0_IRQHandler                           
00000e47  TA0_N_IRQHandler                           
00000e47  TA1_0_IRQHandler                           
00000e47  TA1_N_IRQHandler                           
00000e47  TA2_0_IRQHandler                           
00000e47  TA2_N_IRQHandler                           
00000e47  TA3_0_IRQHandler                           
00000e47  TA3_N_IRQHandler                           
00000e61  UART_enableModule                          
00000695  UART_initModule                            
00000d29  UART_transmitData                          
00000e47  UsageFault_Handler                         
4000480c  WDTCTL_SYM                                 
00000e47  WDT_A_IRQHandler                           
00000d69  WDT_A_holdTimer                            
20010000  __STACK_END                                
00000200  __STACK_SIZE                               
00000f6c  __TI_CINIT_Base                            
00000f7c  __TI_CINIT_Limit                           
00000f64  __TI_Handler_Table_Base                    
00000f6c  __TI_Handler_Table_Limit                   
00000829  __TI_auto_init                             
20000030  __TI_cleanup_ptr                           
00000e2d  __TI_decompress_none                       
00000e73  __TI_decompress_rle24                      
20000034  __TI_dtors_ptr                             
20000038  __TI_enable_exit_profile_output            
ffffffff  __TI_pprof_out_hndl                        
ffffffff  __TI_prof_data_size                        
ffffffff  __TI_prof_data_start                       
00000000  __TI_static_base__                         
000007ad  __aeabi_memclr                             
000007ad  __aeabi_memclr4                            
000007ad  __aeabi_memclr8                            
000005f9  __aeabi_memcpy                             
000005f9  __aeabi_memcpy4                            
000005f9  __aeabi_memcpy8                            
000007af  __aeabi_memset                             
000007af  __aeabi_memset4                            
000007af  __aeabi_memset8                            
ffffffff  __binit__                                  
ffffffff  __c_args__                                 
00000827  __mpu_init                                 
2000fe00  __stack                                    
00000d81  _args_main                                 
00000a29  _c_int00                                   
2000003c  _lock                                      
00000de3  _nop                                       
00000ddb  _register_lock                             
00000dd5  _register_unlock                           
00000903  _system_post_cinit                         
00000e79  _system_pre_init                           
20000040  _unlock                                    
00000a81  abort                                      
ffffffff  binit                                      
00000b6d  copy_in                                    
00000ee0  currentTime                                
00000a89  exit                                       
2000006c  i                                          
00000411  initUART                                   
00000495  intToString                                
20000070  interruptFlag                              
00000000  interruptVectors                           
00000dc1  main                                       
20000044  main_func_sp                               
000005f9  memcpy                                     
000007b5  memset                                     
00000efc  pcUARTInitStructure                        
00000441  reverse                                    
00000729  rtcConfig                                  
00000533  sendInt                                    
000004f9  sendString                                 
00000de9  strlen                                     
00000ebc  uartConfig                                 


GLOBAL SYMBOLS: SORTED BY Symbol Address 

address   name                                       
-------   ----                                       
00000000  __TI_static_base__                         
00000000  interruptVectors                           
000000e5  SystemCoreClockUpdate                      
00000200  __STACK_SIZE                               
00000359  SystemInit                                 
00000411  initUART                                   
00000441  reverse                                    
00000495  intToString                                
000004f9  sendString                                 
00000533  sendInt                                    
0000055d  CS_startLFXTWithTimeout                    
000005f9  __aeabi_memcpy                             
000005f9  __aeabi_memcpy4                            
000005f9  __aeabi_memcpy8                            
000005f9  memcpy                                     
00000695  UART_initModule                            
00000729  rtcConfig                                  
0000077b  RTC_C_IRQHandler                           
0000077b  RTC_C_IRQHandler                           
000007ad  __aeabi_memclr                             
000007ad  __aeabi_memclr4                            
000007ad  __aeabi_memclr8                            
000007af  __aeabi_memset                             
000007af  __aeabi_memset4                            
000007af  __aeabi_memset8                            
000007b5  memset                                     
00000827  __mpu_init                                 
00000829  __TI_auto_init                             
00000903  _system_post_cinit                         
00000905  Interrupt_enableInterrupt                  
00000969  RTC_C_getCalendarTime                      
000009cd  RTC_C_initCalendar                         
00000a29  _c_int00                                   
00000a7d  C$$EXIT                                    
00000a81  abort                                      
00000a89  exit                                       
00000ad1  RTC_C_clearInterruptFlag                   
00000b21  GPIO_setAsPeripheralModuleFunctionOutputPin
00000b6d  copy_in                                    
00000bb9  GPIO_setAsPeripheralModuleFunctionInputPin 
00000c01  RTC_C_getEnabledInterruptStatus            
00000c49  RTC_C_enableInterrupt                      
00000c89  RTC_C_getInterruptStatus                   
00000cb5  RTC_C_setCalendarEvent                     
00000ce1  CS_setDCOCenteredFrequency                 
00000d05  RTC_C_startClock                           
00000d29  UART_transmitData                          
00000d4d  RTC_C_definePrescaleEvent                  
00000d69  WDT_A_holdTimer                            
00000d81  _args_main                                 
00000d99  CS_setExternalClockSourceFrequency         
00000dad  Interrupt_enableSleepOnIsrExit             
00000dc1  main                                       
00000dd5  _register_unlock                           
00000ddb  _register_lock                             
00000de3  _nop                                       
00000de9  strlen                                     
00000dfd  Interrupt_enableMaster                     
00000e0d  SysCtl_disableNMISource                    
00000e1d  SysCtl_enableNMISource                     
00000e2d  __TI_decompress_none                       
00000e3b  Reset_Handler                              
00000e47  ADC14_IRQHandler                           
00000e47  AES256_IRQHandler                          
00000e47  BusFault_Handler                           
00000e47  COMP_E0_IRQHandler                         
00000e47  COMP_E1_IRQHandler                         
00000e47  CS_IRQHandler                              
00000e47  DMA_ERR_IRQHandler                         
00000e47  DMA_INT0_IRQHandler                        
00000e47  DMA_INT1_IRQHandler                        
00000e47  DMA_INT2_IRQHandler                        
00000e47  DMA_INT3_IRQHandler                        
00000e47  DebugMon_Handler                           
00000e47  Default_Handler                            
00000e47  EUSCIA0_IRQHandler                         
00000e47  EUSCIA1_IRQHandler                         
00000e47  EUSCIA2_IRQHandler                         
00000e47  EUSCIA3_IRQHandler                         
00000e47  EUSCIB0_IRQHandler                         
00000e47  EUSCIB1_IRQHandler                         
00000e47  EUSCIB2_IRQHandler                         
00000e47  EUSCIB3_IRQHandler                         
00000e47  FLCTL_IRQHandler                           
00000e47  FPU_IRQHandler                             
00000e47  HardFault_Handler                          
00000e47  MemManage_Handler                          
00000e47  NMI_Handler                                
00000e47  PCM_IRQHandler                             
00000e47  PORT1_IRQHandler                           
00000e47  PORT2_IRQHandler                           
00000e47  PORT3_IRQHandler                           
00000e47  PORT4_IRQHandler                           
00000e47  PORT5_IRQHandler                           
00000e47  PORT6_IRQHandler                           
00000e47  PSS_IRQHandler                             
00000e47  PendSV_Handler                             
00000e47  SVC_Handler                                
00000e47  SysTick_Handler                            
00000e47  T32_INT1_IRQHandler                        
00000e47  T32_INT2_IRQHandler                        
00000e47  T32_INTC_IRQHandler                        
00000e47  TA0_0_IRQHandler                           
00000e47  TA0_N_IRQHandler                           
00000e47  TA1_0_IRQHandler                           
00000e47  TA1_N_IRQHandler                           
00000e47  TA2_0_IRQHandler                           
00000e47  TA2_N_IRQHandler                           
00000e47  TA3_0_IRQHandler                           
00000e47  TA3_N_IRQHandler                           
00000e47  UsageFault_Handler                         
00000e47  WDT_A_IRQHandler                           
00000e49  CPU_cpsie                                  
00000e55  SysCtl_getNMISourceStatus                  
00000e61  UART_enableModule                          
00000e6d  CS_startLFXT                               
00000e73  __TI_decompress_rle24                      
00000e79  _system_pre_init                           
00000ebc  uartConfig                                 
00000ee0  currentTime                                
00000efc  pcUARTInitStructure                        
00000f64  __TI_Handler_Table_Base                    
00000f6c  __TI_CINIT_Base                            
00000f6c  __TI_Handler_Table_Limit                   
00000f7c  __TI_CINIT_Limit                           
20000030  __TI_cleanup_ptr                           
20000034  __TI_dtors_ptr                             
20000038  __TI_enable_exit_profile_output            
2000003c  _lock                                      
20000040  _unlock                                    
20000044  main_func_sp                               
20000048  SystemCoreClock                            
2000006c  i                                          
20000070  interruptFlag                              
2000fe00  __stack                                    
20010000  __STACK_END                                
4000480c  WDTCTL_SYM                                 
ffffffff  __TI_pprof_out_hndl                        
ffffffff  __TI_prof_data_size                        
ffffffff  __TI_prof_data_start                       
ffffffff  __binit__                                  
ffffffff  __c_args__                                 
ffffffff  binit                                      
UNDEFED   SHT$$INIT_ARRAY$$Base                      
UNDEFED   SHT$$INIT_ARRAY$$Limit                     

[145 symbols]
