<?xml version="1.0"?>
<link_info>
   <banner>TI ARM Linker PC v15.12.3.LTS</banner>
   <copyright>Copyright (c) 1996-2015 Texas Instruments Incorporated</copyright>
   <link_time>0x592ea1eb</link_time>
   <link_errors>0x0</link_errors>
   <output_file>I2cCommunicationProtocol.out</output_file>
   <entry_point>
      <name>_c_int00</name>
      <address>0x104d</address>
   </entry_point>
   <input_file_list>
      <input_file id="fl-2">
         <path>.\</path>
         <kind>object</kind>
         <file>delayOwn.obj</file>
         <name>delayOwn.obj</name>
      </input_file>
      <input_file id="fl-3">
         <path>.\</path>
         <kind>object</kind>
         <file>i2cCommunication.obj</file>
         <name>i2cCommunication.obj</name>
      </input_file>
      <input_file id="fl-4">
         <path>.\</path>
         <kind>object</kind>
         <file>lightSensor.obj</file>
         <name>lightSensor.obj</name>
      </input_file>
      <input_file id="fl-5">
         <path>.\</path>
         <kind>object</kind>
         <file>main.obj</file>
         <name>main.obj</name>
      </input_file>
      <input_file id="fl-6">
         <path>.\</path>
         <kind>object</kind>
         <file>realTimeClock.obj</file>
         <name>realTimeClock.obj</name>
      </input_file>
      <input_file id="fl-7">
         <path>.\</path>
         <kind>object</kind>
         <file>startup_msp432p401r_ccs.obj</file>
         <name>startup_msp432p401r_ccs.obj</name>
      </input_file>
      <input_file id="fl-8">
         <path>.\</path>
         <kind>object</kind>
         <file>system_msp432p401r.obj</file>
         <name>system_msp432p401r.obj</name>
      </input_file>
      <input_file id="fl-9">
         <path>.\</path>
         <kind>object</kind>
         <file>temp_humidSensor.obj</file>
         <name>temp_humidSensor.obj</name>
      </input_file>
      <input_file id="fl-a">
         <path>.\</path>
         <kind>object</kind>
         <file>uartCommunication.obj</file>
         <name>uartCommunication.obj</name>
      </input_file>
      <input_file id="fl-10">
         <path>C:\ti\tirex-content\msp\msp432ware__3.50.00.02\driverlib\driverlib\MSP432P4xx\ccs\</path>
         <kind>archive</kind>
         <file>msp432p4xx_driverlib.lib</file>
         <name>cs.o</name>
      </input_file>
      <input_file id="fl-11">
         <path>C:\ti\tirex-content\msp\msp432ware__3.50.00.02\driverlib\driverlib\MSP432P4xx\ccs\</path>
         <kind>archive</kind>
         <file>msp432p4xx_driverlib.lib</file>
         <name>gpio.o</name>
      </input_file>
      <input_file id="fl-12">
         <path>C:\ti\tirex-content\msp\msp432ware__3.50.00.02\driverlib\driverlib\MSP432P4xx\ccs\</path>
         <kind>archive</kind>
         <file>msp432p4xx_driverlib.lib</file>
         <name>i2c.o</name>
      </input_file>
      <input_file id="fl-13">
         <path>C:\ti\tirex-content\msp\msp432ware__3.50.00.02\driverlib\driverlib\MSP432P4xx\ccs\</path>
         <kind>archive</kind>
         <file>msp432p4xx_driverlib.lib</file>
         <name>interrupt.o</name>
      </input_file>
      <input_file id="fl-14">
         <path>C:\ti\tirex-content\msp\msp432ware__3.50.00.02\driverlib\driverlib\MSP432P4xx\ccs\</path>
         <kind>archive</kind>
         <file>msp432p4xx_driverlib.lib</file>
         <name>rtc_c.o</name>
      </input_file>
      <input_file id="fl-15">
         <path>C:\ti\tirex-content\msp\msp432ware__3.50.00.02\driverlib\driverlib\MSP432P4xx\ccs\</path>
         <kind>archive</kind>
         <file>msp432p4xx_driverlib.lib</file>
         <name>sysctl.o</name>
      </input_file>
      <input_file id="fl-16">
         <path>C:\ti\tirex-content\msp\msp432ware__3.50.00.02\driverlib\driverlib\MSP432P4xx\ccs\</path>
         <kind>archive</kind>
         <file>msp432p4xx_driverlib.lib</file>
         <name>uart.o</name>
      </input_file>
      <input_file id="fl-17">
         <path>C:\ti\tirex-content\msp\msp432ware__3.50.00.02\driverlib\driverlib\MSP432P4xx\ccs\</path>
         <kind>archive</kind>
         <file>msp432p4xx_driverlib.lib</file>
         <name>wdt_a.o</name>
      </input_file>
      <input_file id="fl-18">
         <path>C:\ti\tirex-content\msp\msp432ware__3.50.00.02\driverlib\driverlib\MSP432P4xx\ccs\</path>
         <kind>archive</kind>
         <file>msp432p4xx_driverlib.lib</file>
         <name>cpu.o</name>
      </input_file>
      <input_file id="fl-ce">
         <path>C:\Program Files (x86)\TI\ccsv6\tools\compiler\arm_15.12.3.LTS\lib\</path>
         <kind>archive</kind>
         <file>rtsv7M4_T_le_v4SPD16_eabi.lib</file>
         <name>boot.obj</name>
      </input_file>
      <input_file id="fl-cf">
         <path>C:\Program Files (x86)\TI\ccsv6\tools\compiler\arm_15.12.3.LTS\lib\</path>
         <kind>archive</kind>
         <file>rtsv7M4_T_le_v4SPD16_eabi.lib</file>
         <name>copy_decompress_none.obj</name>
      </input_file>
      <input_file id="fl-d0">
         <path>C:\Program Files (x86)\TI\ccsv6\tools\compiler\arm_15.12.3.LTS\lib\</path>
         <kind>archive</kind>
         <file>rtsv7M4_T_le_v4SPD16_eabi.lib</file>
         <name>copy_decompress_rle.obj</name>
      </input_file>
      <input_file id="fl-d1">
         <path>C:\Program Files (x86)\TI\ccsv6\tools\compiler\arm_15.12.3.LTS\lib\</path>
         <kind>archive</kind>
         <file>rtsv7M4_T_le_v4SPD16_eabi.lib</file>
         <name>copy_zero_init.obj</name>
      </input_file>
      <input_file id="fl-d2">
         <path>C:\Program Files (x86)\TI\ccsv6\tools\compiler\arm_15.12.3.LTS\lib\</path>
         <kind>archive</kind>
         <file>rtsv7M4_T_le_v4SPD16_eabi.lib</file>
         <name>exit.obj</name>
      </input_file>
      <input_file id="fl-d3">
         <path>C:\Program Files (x86)\TI\ccsv6\tools\compiler\arm_15.12.3.LTS\lib\</path>
         <kind>archive</kind>
         <file>rtsv7M4_T_le_v4SPD16_eabi.lib</file>
         <name>memcpy_t2.obj</name>
      </input_file>
      <input_file id="fl-d4">
         <path>C:\Program Files (x86)\TI\ccsv6\tools\compiler\arm_15.12.3.LTS\lib\</path>
         <kind>archive</kind>
         <file>rtsv7M4_T_le_v4SPD16_eabi.lib</file>
         <name>memset_t2.obj</name>
      </input_file>
      <input_file id="fl-d5">
         <path>C:\Program Files (x86)\TI\ccsv6\tools\compiler\arm_15.12.3.LTS\lib\</path>
         <kind>archive</kind>
         <file>rtsv7M4_T_le_v4SPD16_eabi.lib</file>
         <name>mpu_init.obj</name>
      </input_file>
      <input_file id="fl-d6">
         <path>C:\Program Files (x86)\TI\ccsv6\tools\compiler\arm_15.12.3.LTS\lib\</path>
         <kind>archive</kind>
         <file>rtsv7M4_T_le_v4SPD16_eabi.lib</file>
         <name>pre_init.obj</name>
      </input_file>
      <input_file id="fl-d7">
         <path>C:\Program Files (x86)\TI\ccsv6\tools\compiler\arm_15.12.3.LTS\lib\</path>
         <kind>archive</kind>
         <file>rtsv7M4_T_le_v4SPD16_eabi.lib</file>
         <name>stkdepth_vars.obj</name>
      </input_file>
      <input_file id="fl-d8">
         <path>C:\Program Files (x86)\TI\ccsv6\tools\compiler\arm_15.12.3.LTS\lib\</path>
         <kind>archive</kind>
         <file>rtsv7M4_T_le_v4SPD16_eabi.lib</file>
         <name>strlen.obj</name>
      </input_file>
      <input_file id="fl-d9">
         <path>C:\Program Files (x86)\TI\ccsv6\tools\compiler\arm_15.12.3.LTS\lib\</path>
         <kind>archive</kind>
         <file>rtsv7M4_T_le_v4SPD16_eabi.lib</file>
         <name>_lock.obj</name>
      </input_file>
      <input_file id="fl-da">
         <path>C:\Program Files (x86)\TI\ccsv6\tools\compiler\arm_15.12.3.LTS\lib\</path>
         <kind>archive</kind>
         <file>rtsv7M4_T_le_v4SPD16_eabi.lib</file>
         <name>args_main.obj</name>
      </input_file>
      <input_file id="fl-db">
         <path>C:\Program Files (x86)\TI\ccsv6\tools\compiler\arm_15.12.3.LTS\lib\</path>
         <kind>archive</kind>
         <file>rtsv7M4_T_le_v4SPD16_eabi.lib</file>
         <name>autoinit.obj</name>
      </input_file>
      <input_file id="fl-dc">
         <path>C:\Program Files (x86)\TI\ccsv6\tools\compiler\arm_15.12.3.LTS\lib\</path>
         <kind>archive</kind>
         <file>rtsv7M4_T_le_v4SPD16_eabi.lib</file>
         <name>cpy_tbl.obj</name>
      </input_file>
      <input_file id="fl-dd">
         <path>C:\Program Files (x86)\TI\ccsv6\tools\compiler\arm_15.12.3.LTS\lib\</path>
         <kind>archive</kind>
         <file>rtsv7M4_T_le_v4SPD16_eabi.lib</file>
         <name>startup.obj</name>
      </input_file>
   </input_file_list>
   <object_component_list>
      <object_component id="oc-2c">
         <name>.intvecs:retain</name>
         <load_address>0x0</load_address>
         <run_address>0x0</run_address>
         <size>0xe4</size>
         <input_file_ref idref="fl-7"/>
      </object_component>
      <object_component id="oc-7d">
         <name>.text</name>
         <load_address>0xe4</load_address>
         <run_address>0xe4</run_address>
         <size>0x374</size>
         <input_file_ref idref="fl-9"/>
      </object_component>
      <object_component id="oc-c7">
         <name>.text</name>
         <load_address>0x458</load_address>
         <run_address>0x458</run_address>
         <size>0x32c</size>
         <input_file_ref idref="fl-8"/>
      </object_component>
      <object_component id="oc-14d">
         <name>.text</name>
         <load_address>0x784</load_address>
         <run_address>0x784</run_address>
         <size>0x15c</size>
         <input_file_ref idref="fl-a"/>
      </object_component>
      <object_component id="oc-83">
         <name>.text</name>
         <load_address>0x8e0</load_address>
         <run_address>0x8e0</run_address>
         <size>0xc4</size>
         <input_file_ref idref="fl-6"/>
      </object_component>
      <object_component id="oc-221">
         <name>.text</name>
         <load_address>0x9a4</load_address>
         <run_address>0x9a4</run_address>
         <size>0xc0</size>
         <input_file_ref idref="fl-3"/>
      </object_component>
      <object_component id="oc-19c">
         <name>.text:CS_startHFXTWithTimeout</name>
         <load_address>0xa64</load_address>
         <run_address>0xa64</run_address>
         <size>0x9c</size>
         <input_file_ref idref="fl-10"/>
      </object_component>
      <object_component id="oc-1d6">
         <name>.text:CS_startLFXTWithTimeout</name>
         <load_address>0xb00</load_address>
         <run_address>0xb00</run_address>
         <size>0x9c</size>
         <input_file_ref idref="fl-10"/>
      </object_component>
      <object_component id="oc-30">
         <name>.text</name>
         <load_address>0xb9c</load_address>
         <run_address>0xb9c</run_address>
         <size>0x9c</size>
         <input_file_ref idref="fl-d3"/>
      </object_component>
      <object_component id="oc-1f8">
         <name>.text:UART_initModule</name>
         <load_address>0xc38</load_address>
         <run_address>0xc38</run_address>
         <size>0x94</size>
         <input_file_ref idref="fl-16"/>
      </object_component>
      <object_component id="oc-16f">
         <name>.text</name>
         <load_address>0xccc</load_address>
         <run_address>0xccc</run_address>
         <size>0x94</size>
         <input_file_ref idref="fl-4"/>
      </object_component>
      <object_component id="oc-49">
         <name>.text</name>
         <load_address>0xd60</load_address>
         <run_address>0xd60</run_address>
         <size>0x7a</size>
         <input_file_ref idref="fl-d4"/>
      </object_component>
      <object_component id="oc-55">
         <name>.text</name>
         <load_address>0xdda</load_address>
         <run_address>0xdda</run_address>
         <size>0x2</size>
         <input_file_ref idref="fl-d5"/>
      </object_component>
      <object_component id="oc-252">
         <name>.text:_CSGetHFXTFrequency</name>
         <load_address>0xddc</load_address>
         <run_address>0xddc</run_address>
         <size>0x70</size>
         <input_file_ref idref="fl-10"/>
      </object_component>
      <object_component id="oc-61">
         <name>.text</name>
         <load_address>0xe4c</load_address>
         <run_address>0xe4c</run_address>
         <size>0x70</size>
         <input_file_ref idref="fl-db"/>
      </object_component>
      <object_component id="oc-3c">
         <name>.text</name>
         <load_address>0xebc</load_address>
         <run_address>0xebc</run_address>
         <size>0x6a</size>
         <input_file_ref idref="fl-d0"/>
      </object_component>
      <object_component id="oc-ac">
         <name>.text</name>
         <load_address>0xf26</load_address>
         <run_address>0xf26</run_address>
         <size>0x2</size>
         <input_file_ref idref="fl-dd"/>
      </object_component>
      <object_component id="oc-f2">
         <name>.text:Interrupt_enableInterrupt</name>
         <load_address>0xf28</load_address>
         <run_address>0xf28</run_address>
         <size>0x64</size>
         <input_file_ref idref="fl-13"/>
      </object_component>
      <object_component id="oc-153">
         <name>.text:RTC_C_getCalendarTime</name>
         <load_address>0xf8c</load_address>
         <run_address>0xf8c</run_address>
         <size>0x64</size>
         <input_file_ref idref="fl-14"/>
      </object_component>
      <object_component id="oc-11d">
         <name>.text:RTC_C_initCalendar</name>
         <load_address>0xff0</load_address>
         <run_address>0xff0</run_address>
         <size>0x5c</size>
         <input_file_ref idref="fl-14"/>
      </object_component>
      <object_component id="oc-26">
         <name>.text</name>
         <load_address>0x104c</load_address>
         <run_address>0x104c</run_address>
         <size>0x54</size>
         <input_file_ref idref="fl-ce"/>
      </object_component>
      <object_component id="oc-6d">
         <name>.text</name>
         <load_address>0x10a0</load_address>
         <run_address>0x10a0</run_address>
         <size>0x54</size>
         <input_file_ref idref="fl-d2"/>
      </object_component>
      <object_component id="oc-2ae">
         <name>.text:I2C_masterSendSingleByte</name>
         <load_address>0x10f4</load_address>
         <run_address>0x10f4</run_address>
         <size>0x50</size>
         <input_file_ref idref="fl-12"/>
      </object_component>
      <object_component id="oc-12f">
         <name>.text:RTC_C_clearInterruptFlag</name>
         <load_address>0x1144</load_address>
         <run_address>0x1144</run_address>
         <size>0x50</size>
         <input_file_ref idref="fl-14"/>
      </object_component>
      <object_component id="oc-b4">
         <name>.text</name>
         <load_address>0x1194</load_address>
         <run_address>0x1194</run_address>
         <size>0x50</size>
         <input_file_ref idref="fl-5"/>
      </object_component>
      <object_component id="oc-111">
         <name>.text:GPIO_setAsPeripheralModuleFunctionOutputPin</name>
         <load_address>0x11e4</load_address>
         <run_address>0x11e4</run_address>
         <size>0x4c</size>
         <input_file_ref idref="fl-11"/>
      </object_component>
      <object_component id="oc-a6">
         <name>.text</name>
         <load_address>0x1230</load_address>
         <run_address>0x1230</run_address>
         <size>0x4c</size>
         <input_file_ref idref="fl-dc"/>
      </object_component>
      <object_component id="oc-1ec">
         <name>.text:GPIO_setAsPeripheralModuleFunctionInputPin</name>
         <load_address>0x127c</load_address>
         <run_address>0x127c</run_address>
         <size>0x48</size>
         <input_file_ref idref="fl-11"/>
      </object_component>
      <object_component id="oc-147">
         <name>.text:RTC_C_getEnabledInterruptStatus</name>
         <load_address>0x12c4</load_address>
         <run_address>0x12c4</run_address>
         <size>0x48</size>
         <input_file_ref idref="fl-14"/>
      </object_component>
      <object_component id="oc-135">
         <name>.text:RTC_C_enableInterrupt</name>
         <load_address>0x130c</load_address>
         <run_address>0x130c</run_address>
         <size>0x40</size>
         <input_file_ref idref="fl-14"/>
      </object_component>
      <object_component id="oc-27e">
         <name>.text:I2C_initMaster</name>
         <load_address>0x134c</load_address>
         <run_address>0x134c</run_address>
         <size>0x3e</size>
         <input_file_ref idref="fl-12"/>
      </object_component>
      <object_component id="oc-296">
         <name>.text:I2C_masterSendMultiByteStart</name>
         <load_address>0x138c</load_address>
         <run_address>0x138c</run_address>
         <size>0x38</size>
         <input_file_ref idref="fl-12"/>
      </object_component>
      <object_component id="oc-2b4">
         <name>.text:I2C_masterReceiveSingleByte</name>
         <load_address>0x13c4</load_address>
         <run_address>0x13c4</run_address>
         <size>0x30</size>
         <input_file_ref idref="fl-12"/>
      </object_component>
      <object_component id="oc-2a2">
         <name>.text:I2C_masterSendMultiByteStop</name>
         <load_address>0x13f4</load_address>
         <run_address>0x13f4</run_address>
         <size>0x30</size>
         <input_file_ref idref="fl-12"/>
      </object_component>
      <object_component id="oc-1e5">
         <name>.text:RTC_C_getInterruptStatus</name>
         <load_address>0x1424</load_address>
         <run_address>0x1424</run_address>
         <size>0x2c</size>
         <input_file_ref idref="fl-14"/>
      </object_component>
      <object_component id="oc-123">
         <name>.text:RTC_C_setCalendarEvent</name>
         <load_address>0x1450</load_address>
         <run_address>0x1450</run_address>
         <size>0x2c</size>
         <input_file_ref idref="fl-14"/>
      </object_component>
      <object_component id="oc-1f2">
         <name>.text:CS_setDCOCenteredFrequency</name>
         <load_address>0x147c</load_address>
         <run_address>0x147c</run_address>
         <size>0x24</size>
         <input_file_ref idref="fl-10"/>
      </object_component>
      <object_component id="oc-29c">
         <name>.text:I2C_masterSendMultiByteNext</name>
         <load_address>0x14a0</load_address>
         <run_address>0x14a0</run_address>
         <size>0x24</size>
         <input_file_ref idref="fl-12"/>
      </object_component>
      <object_component id="oc-13b">
         <name>.text:RTC_C_startClock</name>
         <load_address>0x14c4</load_address>
         <run_address>0x14c4</run_address>
         <size>0x24</size>
         <input_file_ref idref="fl-14"/>
      </object_component>
      <object_component id="oc-20a">
         <name>.text:UART_transmitData</name>
         <load_address>0x14e8</load_address>
         <run_address>0x14e8</run_address>
         <size>0x24</size>
         <input_file_ref idref="fl-16"/>
      </object_component>
      <object_component id="oc-227">
         <name>.text</name>
         <load_address>0x150c</load_address>
         <run_address>0x150c</run_address>
         <size>0x24</size>
         <input_file_ref idref="fl-2"/>
      </object_component>
      <object_component id="oc-129">
         <name>.text:RTC_C_definePrescaleEvent</name>
         <load_address>0x1530</load_address>
         <run_address>0x1530</run_address>
         <size>0x1c</size>
         <input_file_ref idref="fl-14"/>
      </object_component>
      <object_component id="oc-ec">
         <name>.text:GPIO_getInputPinValue</name>
         <load_address>0x154c</load_address>
         <run_address>0x154c</run_address>
         <size>0x18</size>
         <input_file_ref idref="fl-11"/>
      </object_component>
      <object_component id="oc-e6">
         <name>.text:GPIO_setOutputLowOnPin</name>
         <load_address>0x1564</load_address>
         <run_address>0x1564</run_address>
         <size>0x18</size>
         <input_file_ref idref="fl-11"/>
      </object_component>
      <object_component id="oc-ce">
         <name>.text:WDT_A_holdTimer</name>
         <load_address>0x157c</load_address>
         <run_address>0x157c</run_address>
         <size>0x18</size>
         <input_file_ref idref="fl-17"/>
      </object_component>
      <object_component id="oc-67">
         <name>.text</name>
         <load_address>0x1594</load_address>
         <run_address>0x1594</run_address>
         <size>0x18</size>
         <input_file_ref idref="fl-da"/>
      </object_component>
      <object_component id="oc-d4">
         <name>.text:CS_setExternalClockSourceFrequency</name>
         <load_address>0x15ac</load_address>
         <run_address>0x15ac</run_address>
         <size>0x14</size>
         <input_file_ref idref="fl-10"/>
      </object_component>
      <object_component id="oc-e0">
         <name>.text:GPIO_setOutputHighOnPin</name>
         <load_address>0x15c0</load_address>
         <run_address>0x15c0</run_address>
         <size>0x14</size>
         <input_file_ref idref="fl-11"/>
      </object_component>
      <object_component id="oc-2a8">
         <name>.text:I2C_isBusBusy</name>
         <load_address>0x15d4</load_address>
         <run_address>0x15d4</run_address>
         <size>0x14</size>
         <input_file_ref idref="fl-12"/>
      </object_component>
      <object_component id="oc-141">
         <name>.text:Interrupt_enableSleepOnIsrExit</name>
         <load_address>0x15e8</load_address>
         <run_address>0x15e8</run_address>
         <size>0x14</size>
         <input_file_ref idref="fl-13"/>
      </object_component>
      <object_component id="oc-186">
         <name>.text</name>
         <load_address>0x15fc</load_address>
         <run_address>0x15fc</run_address>
         <size>0x14</size>
         <input_file_ref idref="fl-d9"/>
      </object_component>
      <object_component id="oc-204">
         <name>.text</name>
         <load_address>0x1610</load_address>
         <run_address>0x1610</run_address>
         <size>0x14</size>
         <input_file_ref idref="fl-d8"/>
      </object_component>
      <object_component id="oc-f8">
         <name>.text:Interrupt_enableMaster</name>
         <load_address>0x1624</load_address>
         <run_address>0x1624</run_address>
         <size>0x10</size>
         <input_file_ref idref="fl-13"/>
      </object_component>
      <object_component id="oc-24c">
         <name>.text:SysCtl_disableNMISource</name>
         <load_address>0x1634</load_address>
         <run_address>0x1634</run_address>
         <size>0x10</size>
         <input_file_ref idref="fl-15"/>
      </object_component>
      <object_component id="oc-258">
         <name>.text:SysCtl_enableNMISource</name>
         <load_address>0x1644</load_address>
         <run_address>0x1644</run_address>
         <size>0x10</size>
         <input_file_ref idref="fl-15"/>
      </object_component>
      <object_component id="oc-28a">
         <name>.text:I2C_setMode</name>
         <load_address>0x1654</load_address>
         <run_address>0x1654</run_address>
         <size>0xe</size>
         <input_file_ref idref="fl-12"/>
      </object_component>
      <object_component id="oc-14">
         <name>.text:decompress:none</name>
         <load_address>0x1662</load_address>
         <run_address>0x1662</run_address>
         <size>0xe</size>
         <input_file_ref idref="fl-cf"/>
      </object_component>
      <object_component id="oc-77">
         <name>.text</name>
         <load_address>0x1670</load_address>
         <run_address>0x1670</run_address>
         <size>0xe</size>
         <input_file_ref idref="fl-7"/>
      </object_component>
      <object_component id="oc-1b4">
         <name>.text:CPU_cpsie</name>
         <load_address>0x167e</load_address>
         <run_address>0x167e</run_address>
         <size>0xc</size>
         <input_file_ref idref="fl-18"/>
      </object_component>
      <object_component id="oc-290">
         <name>.text:I2C_enableModule</name>
         <load_address>0x168a</load_address>
         <run_address>0x168a</run_address>
         <size>0xc</size>
         <input_file_ref idref="fl-12"/>
      </object_component>
      <object_component id="oc-246">
         <name>.text:SysCtl_getNMISourceStatus</name>
         <load_address>0x1698</load_address>
         <run_address>0x1698</run_address>
         <size>0xc</size>
         <input_file_ref idref="fl-15"/>
      </object_component>
      <object_component id="oc-1fe">
         <name>.text:UART_enableModule</name>
         <load_address>0x16a4</load_address>
         <run_address>0x16a4</run_address>
         <size>0xc</size>
         <input_file_ref idref="fl-16"/>
      </object_component>
      <object_component id="oc-da">
         <name>.text:CS_startHFXT</name>
         <load_address>0x16b0</load_address>
         <run_address>0x16b0</run_address>
         <size>0x6</size>
         <input_file_ref idref="fl-10"/>
      </object_component>
      <object_component id="oc-117">
         <name>.text:CS_startLFXT</name>
         <load_address>0x16b6</load_address>
         <run_address>0x16b6</run_address>
         <size>0x6</size>
         <input_file_ref idref="fl-10"/>
      </object_component>
      <object_component id="oc-1a">
         <name>.text:decompress:rle24</name>
         <load_address>0x16bc</load_address>
         <run_address>0x16bc</run_address>
         <size>0x6</size>
         <input_file_ref idref="fl-d0"/>
      </object_component>
      <object_component id="oc-284">
         <name>.text:I2C_setSlaveAddress</name>
         <load_address>0x16c2</load_address>
         <run_address>0x16c2</run_address>
         <size>0x4</size>
         <input_file_ref idref="fl-12"/>
      </object_component>
      <object_component id="oc-5b">
         <name>.text</name>
         <load_address>0x16c6</load_address>
         <run_address>0x16c6</run_address>
         <size>0x4</size>
         <input_file_ref idref="fl-d6"/>
      </object_component>
      <object_component id="oc-1af">
         <name>.const</name>
         <load_address>0x16cc</load_address>
         <run_address>0x16cc</run_address>
         <size>0x40</size>
         <input_file_ref idref="fl-13"/>
      </object_component>
      <object_component id="oc-210">
         <name>.const:uartConfig</name>
         <load_address>0x170c</load_address>
         <run_address>0x170c</run_address>
         <size>0x24</size>
         <input_file_ref idref="fl-a"/>
      </object_component>
      <object_component id="oc-159">
         <name>.const:currentTime</name>
         <load_address>0x1730</load_address>
         <run_address>0x1730</run_address>
         <size>0x1c</size>
         <input_file_ref idref="fl-6"/>
      </object_component>
      <object_component id="oc-2ba">
         <name>.const:i2cConfig</name>
         <load_address>0x174c</load_address>
         <run_address>0x174c</run_address>
         <size>0x14</size>
         <input_file_ref idref="fl-3"/>
      </object_component>
      <object_component id="oc-178">
         <name>.const:WiFiUARTInitStructure</name>
         <load_address>0x1760</load_address>
         <run_address>0x1760</run_address>
         <size>0x10</size>
         <input_file_ref idref="fl-5"/>
      </object_component>
      <object_component id="oc-22d">
         <name>.const:i2cInitStructure</name>
         <load_address>0x1770</load_address>
         <run_address>0x1770</run_address>
         <size>0x10</size>
         <input_file_ref idref="fl-4"/>
      </object_component>
      <object_component id="oc-175">
         <name>.const:pcUARTInitStructure</name>
         <load_address>0x1780</load_address>
         <run_address>0x1780</run_address>
         <size>0x10</size>
         <input_file_ref idref="fl-5"/>
      </object_component>
      <object_component id="oc-315">
         <name>.cinit..data.load</name>
         <load_address>0x1790</load_address>
         <run_address>0x1790</run_address>
         <size>0x48</size>
      </object_component>
      <object_component id="oc-316">
         <name>.cinit..bss.load</name>
         <load_address>0x17d8</load_address>
         <run_address>0x17d8</run_address>
         <size>0xb</size>
      </object_component>
      <object_component id="oc-313">
         <name>__TI_handler_table</name>
         <load_address>0x17e4</load_address>
         <run_address>0x17e4</run_address>
         <size>0x8</size>
      </object_component>
      <object_component id="oc-314">
         <name>__TI_cinit_table</name>
         <load_address>0x17ec</load_address>
         <run_address>0x17ec</run_address>
         <size>0x10</size>
      </object_component>
      <object_component id="oc-2f0">
         <name>.binit</name>
         <load_address>0x0</load_address>
         <run_address>0x0</run_address>
         <size>0x0</size>
      </object_component>
      <object_component id="oc-192">
         <name>.data</name>
         <load_address>0x200003a8</load_address>
         <run_address>0x200003a8</run_address>
         <size>0x4</size>
         <input_file_ref idref="fl-8"/>
      </object_component>
      <object_component id="oc-1a8">
         <name>.data:GPIO_PORT_TO_BASE</name>
         <load_address>0x20000360</load_address>
         <run_address>0x20000360</run_address>
         <size>0x30</size>
         <input_file_ref idref="fl-11"/>
      </object_component>
      <object_component id="oc-bc">
         <name>.data:$O1$$</name>
         <load_address>0x20000390</load_address>
         <run_address>0x20000390</run_address>
         <size>0xc</size>
         <input_file_ref idref="fl-d2"/>
      </object_component>
      <object_component id="oc-73">
         <name>.data</name>
         <load_address>0x200003a4</load_address>
         <run_address>0x200003a4</run_address>
         <size>0x4</size>
         <input_file_ref idref="fl-d7"/>
      </object_component>
      <object_component id="oc-bf">
         <name>.data:$O1$$</name>
         <load_address>0x2000039c</load_address>
         <run_address>0x2000039c</run_address>
         <size>0x8</size>
         <input_file_ref idref="fl-d9"/>
      </object_component>
      <object_component id="oc-2bd">
         <name>.bss</name>
         <uninitialized>true</uninitialized>
         <run_address>0x2000035e</run_address>
         <size>0x1</size>
         <input_file_ref idref="fl-3"/>
      </object_component>
      <object_component id="oc-15c">
         <name>.bss:newTime$1</name>
         <uninitialized>true</uninitialized>
         <run_address>0x20000320</run_address>
         <size>0x1c</size>
         <input_file_ref idref="fl-6"/>
      </object_component>
      <object_component id="oc-17b">
         <name>.common:readValue</name>
         <uninitialized>true</uninitialized>
         <run_address>0x2000035c</run_address>
         <size>0x2</size>
      </object_component>
      <object_component id="oc-108">
         <name>.common:bitTime</name>
         <uninitialized>true</uninitialized>
         <run_address>0x20000190</run_address>
         <size>0x190</size>
      </object_component>
      <object_component id="oc-106">
         <name>.common:bitCounter</name>
         <uninitialized>true</uninitialized>
         <run_address>0x2000033c</run_address>
         <size>0x4</size>
      </object_component>
      <object_component id="oc-109">
         <name>.common:bitTimePrev</name>
         <uninitialized>true</uninitialized>
         <run_address>0x20000340</run_address>
         <size>0x4</size>
      </object_component>
      <object_component id="oc-107">
         <name>.common:currentBitTime</name>
         <uninitialized>true</uninitialized>
         <run_address>0x20000344</run_address>
         <size>0x4</size>
      </object_component>
      <object_component id="oc-10a">
         <name>.common:bitTable</name>
         <uninitialized>true</uninitialized>
         <run_address>0x20000000</run_address>
         <size>0x190</size>
      </object_component>
      <object_component id="oc-fe">
         <name>.common:humidity</name>
         <uninitialized>true</uninitialized>
         <run_address>0x2000034c</run_address>
         <size>0x4</size>
      </object_component>
      <object_component id="oc-105">
         <name>.common:temperature</name>
         <uninitialized>true</uninitialized>
         <run_address>0x20000358</run_address>
         <size>0x4</size>
      </object_component>
      <object_component id="oc-213">
         <name>.common:i</name>
         <uninitialized>true</uninitialized>
         <run_address>0x20000350</run_address>
         <size>0x4</size>
      </object_component>
      <object_component id="oc-19a">
         <name>.common:hfxtFreq</name>
         <uninitialized>true</uninitialized>
         <run_address>0x20000348</run_address>
         <size>0x4</size>
      </object_component>
      <object_component id="oc-197">
         <name>.common:lfxtFreq</name>
         <uninitialized>true</uninitialized>
         <run_address>0x20000354</run_address>
         <size>0x4</size>
      </object_component>
      <object_component id="oc-2f">
         <name>.stack</name>
         <uninitialized>true</uninitialized>
         <run_address>0x2000fe00</run_address>
         <size>0x0</size>
         <input_file_ref idref="fl-ce"/>
      </object_component>
      <object_component id="oc-317">
         <name>.stack</name>
         <uninitialized>true</uninitialized>
         <run_address>0x2000fe00</run_address>
         <size>0x0</size>
      </object_component>
      <object_component id="oc-268">
         <name>.debug_info</name>
         <load_address>0x0</load_address>
         <run_address>0x0</run_address>
         <size>0x38d</size>
         <input_file_ref idref="fl-2"/>
      </object_component>
      <object_component id="oc-228">
         <name>.debug_info</name>
         <load_address>0x38d</load_address>
         <run_address>0x38d</run_address>
         <size>0x140</size>
         <input_file_ref idref="fl-2"/>
      </object_component>
      <object_component id="oc-1c7">
         <name>.debug_info</name>
         <load_address>0x4cd</load_address>
         <run_address>0x4cd</run_address>
         <size>0x103e</size>
         <input_file_ref idref="fl-2"/>
      </object_component>
      <object_component id="oc-1c2">
         <name>.debug_info</name>
         <load_address>0x150b</load_address>
         <run_address>0x150b</run_address>
         <size>0x37a3</size>
         <input_file_ref idref="fl-2"/>
      </object_component>
      <object_component id="oc-2de">
         <name>.debug_info</name>
         <load_address>0x4cae</load_address>
         <run_address>0x4cae</run_address>
         <size>0x9a</size>
         <input_file_ref idref="fl-2"/>
      </object_component>
      <object_component id="oc-23c">
         <name>.debug_info</name>
         <load_address>0x4d48</load_address>
         <run_address>0x4d48</run_address>
         <size>0x1b5</size>
         <input_file_ref idref="fl-2"/>
      </object_component>
      <object_component id="oc-1bd">
         <name>.debug_info</name>
         <load_address>0x4efd</load_address>
         <run_address>0x4efd</run_address>
         <size>0x9a</size>
         <input_file_ref idref="fl-2"/>
      </object_component>
      <object_component id="oc-1ce">
         <name>.debug_info</name>
         <load_address>0x4f97</load_address>
         <run_address>0x4f97</run_address>
         <size>0xc6</size>
         <input_file_ref idref="fl-2"/>
      </object_component>
      <object_component id="oc-94">
         <name>.debug_info</name>
         <load_address>0x505d</load_address>
         <run_address>0x505d</run_address>
         <size>0x84</size>
         <input_file_ref idref="fl-2"/>
      </object_component>
      <object_component id="oc-10c">
         <name>.debug_info</name>
         <load_address>0x50e1</load_address>
         <run_address>0x50e1</run_address>
         <size>0x18b</size>
         <input_file_ref idref="fl-2"/>
      </object_component>
      <object_component id="oc-279">
         <name>.debug_info</name>
         <load_address>0x526c</load_address>
         <run_address>0x526c</run_address>
         <size>0xee</size>
         <input_file_ref idref="fl-2"/>
      </object_component>
      <object_component id="oc-2bf">
         <name>.debug_info</name>
         <load_address>0x535a</load_address>
         <run_address>0x535a</run_address>
         <size>0x69a</size>
         <input_file_ref idref="fl-3"/>
      </object_component>
      <object_component id="oc-2bb">
         <name>.debug_info</name>
         <load_address>0x59f4</load_address>
         <run_address>0x59f4</run_address>
         <size>0xe1</size>
         <input_file_ref idref="fl-3"/>
      </object_component>
      <object_component id="oc-222">
         <name>.debug_info</name>
         <load_address>0x5ad5</load_address>
         <run_address>0x5ad5</run_address>
         <size>0x43f</size>
         <input_file_ref idref="fl-3"/>
      </object_component>
      <object_component id="oc-2e3">
         <name>.debug_info</name>
         <load_address>0x5f14</load_address>
         <run_address>0x5f14</run_address>
         <size>0xae</size>
         <input_file_ref idref="fl-3"/>
      </object_component>
      <object_component id="oc-2c3">
         <name>.debug_info</name>
         <load_address>0x5fc2</load_address>
         <run_address>0x5fc2</run_address>
         <size>0x44c</size>
         <input_file_ref idref="fl-4"/>
      </object_component>
      <object_component id="oc-22e">
         <name>.debug_info</name>
         <load_address>0x640e</load_address>
         <run_address>0x640e</run_address>
         <size>0xea</size>
         <input_file_ref idref="fl-4"/>
      </object_component>
      <object_component id="oc-172">
         <name>.debug_info</name>
         <load_address>0x64f8</load_address>
         <run_address>0x64f8</run_address>
         <size>0x396</size>
         <input_file_ref idref="fl-4"/>
      </object_component>
      <object_component id="oc-9c">
         <name>.debug_info</name>
         <load_address>0x688e</load_address>
         <run_address>0x688e</run_address>
         <size>0x2c</size>
         <input_file_ref idref="fl-4"/>
      </object_component>
      <object_component id="oc-ff">
         <name>.debug_info</name>
         <load_address>0x68ba</load_address>
         <run_address>0x68ba</run_address>
         <size>0x5dd</size>
         <input_file_ref idref="fl-5"/>
      </object_component>
      <object_component id="oc-179">
         <name>.debug_info</name>
         <load_address>0x6e97</load_address>
         <run_address>0x6e97</run_address>
         <size>0xed</size>
         <input_file_ref idref="fl-5"/>
      </object_component>
      <object_component id="oc-176">
         <name>.debug_info</name>
         <load_address>0x6f84</load_address>
         <run_address>0x6f84</run_address>
         <size>0xe9</size>
         <input_file_ref idref="fl-5"/>
      </object_component>
      <object_component id="oc-b6">
         <name>.debug_info</name>
         <load_address>0x706d</load_address>
         <run_address>0x706d</run_address>
         <size>0x17b</size>
         <input_file_ref idref="fl-5"/>
      </object_component>
      <object_component id="oc-101">
         <name>.debug_info</name>
         <load_address>0x71e8</load_address>
         <run_address>0x71e8</run_address>
         <size>0x8bb</size>
         <input_file_ref idref="fl-6"/>
      </object_component>
      <object_component id="oc-15a">
         <name>.debug_info</name>
         <load_address>0x7aa3</load_address>
         <run_address>0x7aa3</run_address>
         <size>0xe2</size>
         <input_file_ref idref="fl-6"/>
      </object_component>
      <object_component id="oc-84">
         <name>.debug_info</name>
         <load_address>0x7b85</load_address>
         <run_address>0x7b85</run_address>
         <size>0x3c8</size>
         <input_file_ref idref="fl-6"/>
      </object_component>
      <object_component id="oc-1a3">
         <name>.debug_info</name>
         <load_address>0x7f4d</load_address>
         <run_address>0x7f4d</run_address>
         <size>0x8b</size>
         <input_file_ref idref="fl-6"/>
      </object_component>
      <object_component id="oc-8b">
         <name>.debug_info</name>
         <load_address>0x7fd8</load_address>
         <run_address>0x7fd8</run_address>
         <size>0x11e</size>
         <input_file_ref idref="fl-7"/>
      </object_component>
      <object_component id="oc-2d">
         <name>.debug_info</name>
         <load_address>0x80f6</load_address>
         <run_address>0x80f6</run_address>
         <size>0xf6</size>
         <input_file_ref idref="fl-7"/>
      </object_component>
      <object_component id="oc-78">
         <name>.debug_info</name>
         <load_address>0x81ec</load_address>
         <run_address>0x81ec</run_address>
         <size>0x1bd</size>
         <input_file_ref idref="fl-7"/>
      </object_component>
      <object_component id="oc-193">
         <name>.debug_info</name>
         <load_address>0x83a9</load_address>
         <run_address>0x83a9</run_address>
         <size>0xef</size>
         <input_file_ref idref="fl-8"/>
      </object_component>
      <object_component id="oc-c9">
         <name>.debug_info</name>
         <load_address>0x8498</load_address>
         <run_address>0x8498</run_address>
         <size>0x261</size>
         <input_file_ref idref="fl-8"/>
      </object_component>
      <object_component id="oc-103">
         <name>.debug_info</name>
         <load_address>0x86f9</load_address>
         <run_address>0x86f9</run_address>
         <size>0x6cc</size>
         <input_file_ref idref="fl-9"/>
      </object_component>
      <object_component id="oc-7f">
         <name>.debug_info</name>
         <load_address>0x8dc5</load_address>
         <run_address>0x8dc5</run_address>
         <size>0x7a0</size>
         <input_file_ref idref="fl-9"/>
      </object_component>
      <object_component id="oc-214">
         <name>.debug_info</name>
         <load_address>0x9565</load_address>
         <run_address>0x9565</run_address>
         <size>0x5c2</size>
         <input_file_ref idref="fl-a"/>
      </object_component>
      <object_component id="oc-211">
         <name>.debug_info</name>
         <load_address>0x9b27</load_address>
         <run_address>0x9b27</run_address>
         <size>0xe4</size>
         <input_file_ref idref="fl-a"/>
      </object_component>
      <object_component id="oc-14f">
         <name>.debug_info</name>
         <load_address>0x9c0b</load_address>
         <run_address>0x9c0b</run_address>
         <size>0x555</size>
         <input_file_ref idref="fl-a"/>
      </object_component>
      <object_component id="oc-198">
         <name>.debug_info</name>
         <load_address>0xa160</load_address>
         <run_address>0xa160</run_address>
         <size>0x5ef</size>
         <input_file_ref idref="fl-10"/>
      </object_component>
      <object_component id="oc-1d9">
         <name>.debug_info</name>
         <load_address>0xa74f</load_address>
         <run_address>0xa74f</run_address>
         <size>0x21a</size>
         <input_file_ref idref="fl-10"/>
      </object_component>
      <object_component id="oc-11a">
         <name>.debug_info</name>
         <load_address>0xa969</load_address>
         <run_address>0xa969</run_address>
         <size>0x11c</size>
         <input_file_ref idref="fl-10"/>
      </object_component>
      <object_component id="oc-255">
         <name>.debug_info</name>
         <load_address>0xaa85</load_address>
         <run_address>0xaa85</run_address>
         <size>0xfc</size>
         <input_file_ref idref="fl-10"/>
      </object_component>
      <object_component id="oc-19f">
         <name>.debug_info</name>
         <load_address>0xab81</load_address>
         <run_address>0xab81</run_address>
         <size>0x23c</size>
         <input_file_ref idref="fl-10"/>
      </object_component>
      <object_component id="oc-dd">
         <name>.debug_info</name>
         <load_address>0xadbd</load_address>
         <run_address>0xadbd</run_address>
         <size>0x122</size>
         <input_file_ref idref="fl-10"/>
      </object_component>
      <object_component id="oc-d7">
         <name>.debug_info</name>
         <load_address>0xaedf</load_address>
         <run_address>0xaedf</run_address>
         <size>0x1dd</size>
         <input_file_ref idref="fl-10"/>
      </object_component>
      <object_component id="oc-1f5">
         <name>.debug_info</name>
         <load_address>0xb0bc</load_address>
         <run_address>0xb0bc</run_address>
         <size>0x132</size>
         <input_file_ref idref="fl-10"/>
      </object_component>
      <object_component id="oc-241">
         <name>.debug_info</name>
         <load_address>0xb1ee</load_address>
         <run_address>0xb1ee</run_address>
         <size>0x103e</size>
         <input_file_ref idref="fl-10"/>
      </object_component>
      <object_component id="oc-1ac">
         <name>.debug_info</name>
         <load_address>0xc22c</load_address>
         <run_address>0xc22c</run_address>
         <size>0x4a4</size>
         <input_file_ref idref="fl-11"/>
      </object_component>
      <object_component id="oc-1a9">
         <name>.debug_info</name>
         <load_address>0xc6d0</load_address>
         <run_address>0xc6d0</run_address>
         <size>0xd0</size>
         <input_file_ref idref="fl-11"/>
      </object_component>
      <object_component id="oc-ea">
         <name>.debug_info</name>
         <load_address>0xc7a0</load_address>
         <run_address>0xc7a0</run_address>
         <size>0x183</size>
         <input_file_ref idref="fl-11"/>
      </object_component>
      <object_component id="oc-e2">
         <name>.debug_info</name>
         <load_address>0xc923</load_address>
         <run_address>0xc923</run_address>
         <size>0x185</size>
         <input_file_ref idref="fl-11"/>
      </object_component>
      <object_component id="oc-113">
         <name>.debug_info</name>
         <load_address>0xcaa8</load_address>
         <run_address>0xcaa8</run_address>
         <size>0x1dd</size>
         <input_file_ref idref="fl-11"/>
      </object_component>
      <object_component id="oc-1ee">
         <name>.debug_info</name>
         <load_address>0xcc85</load_address>
         <run_address>0xcc85</run_address>
         <size>0x1db</size>
         <input_file_ref idref="fl-11"/>
      </object_component>
      <object_component id="oc-ef">
         <name>.debug_info</name>
         <load_address>0xce60</load_address>
         <run_address>0xce60</run_address>
         <size>0x185</size>
         <input_file_ref idref="fl-11"/>
      </object_component>
      <object_component id="oc-2d0">
         <name>.debug_info</name>
         <load_address>0xcfe5</load_address>
         <run_address>0xcfe5</run_address>
         <size>0x4ac</size>
         <input_file_ref idref="fl-12"/>
      </object_component>
      <object_component id="oc-286">
         <name>.debug_info</name>
         <load_address>0xd491</load_address>
         <run_address>0xd491</run_address>
         <size>0x182</size>
         <input_file_ref idref="fl-12"/>
      </object_component>
      <object_component id="oc-28c">
         <name>.debug_info</name>
         <load_address>0xd613</load_address>
         <run_address>0xd613</run_address>
         <size>0x152</size>
         <input_file_ref idref="fl-12"/>
      </object_component>
      <object_component id="oc-2b0">
         <name>.debug_info</name>
         <load_address>0xd765</load_address>
         <run_address>0xd765</run_address>
         <size>0x191</size>
         <input_file_ref idref="fl-12"/>
      </object_component>
      <object_component id="oc-2a4">
         <name>.debug_info</name>
         <load_address>0xd8f6</load_address>
         <run_address>0xd8f6</run_address>
         <size>0x153</size>
         <input_file_ref idref="fl-12"/>
      </object_component>
      <object_component id="oc-298">
         <name>.debug_info</name>
         <load_address>0xda49</load_address>
         <run_address>0xda49</run_address>
         <size>0x19c</size>
         <input_file_ref idref="fl-12"/>
      </object_component>
      <object_component id="oc-29e">
         <name>.debug_info</name>
         <load_address>0xdbe5</load_address>
         <run_address>0xdbe5</run_address>
         <size>0x17d</size>
         <input_file_ref idref="fl-12"/>
      </object_component>
      <object_component id="oc-2b5">
         <name>.debug_info</name>
         <load_address>0xdd62</load_address>
         <run_address>0xdd62</run_address>
         <size>0x154</size>
         <input_file_ref idref="fl-12"/>
      </object_component>
      <object_component id="oc-2aa">
         <name>.debug_info</name>
         <load_address>0xdeb6</load_address>
         <run_address>0xdeb6</run_address>
         <size>0x138</size>
         <input_file_ref idref="fl-12"/>
      </object_component>
      <object_component id="oc-280">
         <name>.debug_info</name>
         <load_address>0xdfee</load_address>
         <run_address>0xdfee</run_address>
         <size>0x160</size>
         <input_file_ref idref="fl-12"/>
      </object_component>
      <object_component id="oc-292">
         <name>.debug_info</name>
         <load_address>0xe14e</load_address>
         <run_address>0xe14e</run_address>
         <size>0x13a</size>
         <input_file_ref idref="fl-12"/>
      </object_component>
      <object_component id="oc-1b3">
         <name>.debug_info</name>
         <load_address>0xe288</load_address>
         <run_address>0xe288</run_address>
         <size>0x432</size>
         <input_file_ref idref="fl-13"/>
      </object_component>
      <object_component id="oc-1b0">
         <name>.debug_info</name>
         <load_address>0xe6ba</load_address>
         <run_address>0xe6ba</run_address>
         <size>0x173</size>
         <input_file_ref idref="fl-13"/>
      </object_component>
      <object_component id="oc-142">
         <name>.debug_info</name>
         <load_address>0xe82d</load_address>
         <run_address>0xe82d</run_address>
         <size>0x121</size>
         <input_file_ref idref="fl-13"/>
      </object_component>
      <object_component id="oc-f9">
         <name>.debug_info</name>
         <load_address>0xe94e</load_address>
         <run_address>0xe94e</run_address>
         <size>0x122</size>
         <input_file_ref idref="fl-13"/>
      </object_component>
      <object_component id="oc-f3">
         <name>.debug_info</name>
         <load_address>0xea70</load_address>
         <run_address>0xea70</run_address>
         <size>0x16b</size>
         <input_file_ref idref="fl-13"/>
      </object_component>
      <object_component id="oc-1de">
         <name>.debug_info</name>
         <load_address>0xebdb</load_address>
         <run_address>0xebdb</run_address>
         <size>0x4a3</size>
         <input_file_ref idref="fl-14"/>
      </object_component>
      <object_component id="oc-13c">
         <name>.debug_info</name>
         <load_address>0xf07e</load_address>
         <run_address>0xf07e</run_address>
         <size>0xf6</size>
         <input_file_ref idref="fl-14"/>
      </object_component>
      <object_component id="oc-124">
         <name>.debug_info</name>
         <load_address>0xf174</load_address>
         <run_address>0xf174</run_address>
         <size>0x140</size>
         <input_file_ref idref="fl-14"/>
      </object_component>
      <object_component id="oc-11e">
         <name>.debug_info</name>
         <load_address>0xf2b4</load_address>
         <run_address>0xf2b4</run_address>
         <size>0x17e</size>
         <input_file_ref idref="fl-14"/>
      </object_component>
      <object_component id="oc-1e6">
         <name>.debug_info</name>
         <load_address>0xf432</load_address>
         <run_address>0xf432</run_address>
         <size>0x13e</size>
         <input_file_ref idref="fl-14"/>
      </object_component>
      <object_component id="oc-148">
         <name>.debug_info</name>
         <load_address>0xf570</load_address>
         <run_address>0xf570</run_address>
         <size>0x155</size>
         <input_file_ref idref="fl-14"/>
      </object_component>
      <object_component id="oc-154">
         <name>.debug_info</name>
         <load_address>0xf6c5</load_address>
         <run_address>0xf6c5</run_address>
         <size>0x11c</size>
         <input_file_ref idref="fl-14"/>
      </object_component>
      <object_component id="oc-136">
         <name>.debug_info</name>
         <load_address>0xf7e1</load_address>
         <run_address>0xf7e1</run_address>
         <size>0x146</size>
         <input_file_ref idref="fl-14"/>
      </object_component>
      <object_component id="oc-12a">
         <name>.debug_info</name>
         <load_address>0xf927</load_address>
         <run_address>0xf927</run_address>
         <size>0x1b4</size>
         <input_file_ref idref="fl-14"/>
      </object_component>
      <object_component id="oc-130">
         <name>.debug_info</name>
         <load_address>0xfadb</load_address>
         <run_address>0xfadb</run_address>
         <size>0x15f</size>
         <input_file_ref idref="fl-14"/>
      </object_component>
      <object_component id="oc-2c6">
         <name>.debug_info</name>
         <load_address>0xfc3a</load_address>
         <run_address>0xfc3a</run_address>
         <size>0x379</size>
         <input_file_ref idref="fl-15"/>
      </object_component>
      <object_component id="oc-249">
         <name>.debug_info</name>
         <load_address>0xffb3</load_address>
         <run_address>0xffb3</run_address>
         <size>0x10f</size>
         <input_file_ref idref="fl-15"/>
      </object_component>
      <object_component id="oc-25c">
         <name>.debug_info</name>
         <load_address>0x100c2</load_address>
         <run_address>0x100c2</run_address>
         <size>0x12b</size>
         <input_file_ref idref="fl-15"/>
      </object_component>
      <object_component id="oc-250">
         <name>.debug_info</name>
         <load_address>0x101ed</load_address>
         <run_address>0x101ed</run_address>
         <size>0x12d</size>
         <input_file_ref idref="fl-15"/>
      </object_component>
      <object_component id="oc-270">
         <name>.debug_info</name>
         <load_address>0x1031a</load_address>
         <run_address>0x1031a</run_address>
         <size>0x498</size>
         <input_file_ref idref="fl-16"/>
      </object_component>
      <object_component id="oc-20b">
         <name>.debug_info</name>
         <load_address>0x107b2</load_address>
         <run_address>0x107b2</run_address>
         <size>0x181</size>
         <input_file_ref idref="fl-16"/>
      </object_component>
      <object_component id="oc-1fa">
         <name>.debug_info</name>
         <load_address>0x10933</load_address>
         <run_address>0x10933</run_address>
         <size>0x169</size>
         <input_file_ref idref="fl-16"/>
      </object_component>
      <object_component id="oc-200">
         <name>.debug_info</name>
         <load_address>0x10a9c</load_address>
         <run_address>0x10a9c</run_address>
         <size>0x13f</size>
         <input_file_ref idref="fl-16"/>
      </object_component>
      <object_component id="oc-d1">
         <name>.debug_info</name>
         <load_address>0x10bdb</load_address>
         <run_address>0x10bdb</run_address>
         <size>0x115</size>
         <input_file_ref idref="fl-17"/>
      </object_component>
      <object_component id="oc-1b5">
         <name>.debug_info</name>
         <load_address>0x10cf0</load_address>
         <run_address>0x10cf0</run_address>
         <size>0xe7</size>
         <input_file_ref idref="fl-18"/>
      </object_component>
      <object_component id="oc-27">
         <name>.debug_info</name>
         <load_address>0x10dd7</load_address>
         <run_address>0x10dd7</run_address>
         <size>0x161</size>
         <input_file_ref idref="fl-ce"/>
      </object_component>
      <object_component id="oc-3b">
         <name>.debug_info</name>
         <load_address>0x10f38</load_address>
         <run_address>0x10f38</run_address>
         <size>0x141</size>
         <input_file_ref idref="fl-cf"/>
      </object_component>
      <object_component id="oc-15">
         <name>.debug_info</name>
         <load_address>0x11079</load_address>
         <run_address>0x11079</run_address>
         <size>0x1e0</size>
         <input_file_ref idref="fl-cf"/>
      </object_component>
      <object_component id="oc-36">
         <name>.debug_info</name>
         <load_address>0x11259</load_address>
         <run_address>0x11259</run_address>
         <size>0x46</size>
         <input_file_ref idref="fl-cf"/>
      </object_component>
      <object_component id="oc-8d">
         <name>.debug_info</name>
         <load_address>0x1129f</load_address>
         <run_address>0x1129f</run_address>
         <size>0x2c</size>
         <input_file_ref idref="fl-cf"/>
      </object_component>
      <object_component id="oc-43">
         <name>.debug_info</name>
         <load_address>0x112cb</load_address>
         <run_address>0x112cb</run_address>
         <size>0x135</size>
         <input_file_ref idref="fl-d0"/>
      </object_component>
      <object_component id="oc-3e">
         <name>.debug_info</name>
         <load_address>0x11400</load_address>
         <run_address>0x11400</run_address>
         <size>0x248</size>
         <input_file_ref idref="fl-d0"/>
      </object_component>
      <object_component id="oc-1c">
         <name>.debug_info</name>
         <load_address>0x11648</load_address>
         <run_address>0x11648</run_address>
         <size>0x1b2</size>
         <input_file_ref idref="fl-d0"/>
      </object_component>
      <object_component id="oc-44">
         <name>.debug_info</name>
         <load_address>0x117fa</load_address>
         <run_address>0x117fa</run_address>
         <size>0x39</size>
         <input_file_ref idref="fl-d0"/>
      </object_component>
      <object_component id="oc-c3">
         <name>.debug_info</name>
         <load_address>0x11833</load_address>
         <run_address>0x11833</run_address>
         <size>0x235</size>
         <input_file_ref idref="fl-d2"/>
      </object_component>
      <object_component id="oc-bd">
         <name>.debug_info</name>
         <load_address>0x11a68</load_address>
         <run_address>0x11a68</run_address>
         <size>0x186</size>
         <input_file_ref idref="fl-d2"/>
      </object_component>
      <object_component id="oc-6e">
         <name>.debug_info</name>
         <load_address>0x11bee</load_address>
         <run_address>0x11bee</run_address>
         <size>0x215</size>
         <input_file_ref idref="fl-d2"/>
      </object_component>
      <object_component id="oc-31">
         <name>.debug_info</name>
         <load_address>0x11e03</load_address>
         <run_address>0x11e03</run_address>
         <size>0x112</size>
         <input_file_ref idref="fl-d3"/>
      </object_component>
      <object_component id="oc-4c">
         <name>.debug_info</name>
         <load_address>0x11f15</load_address>
         <run_address>0x11f15</run_address>
         <size>0x140</size>
         <input_file_ref idref="fl-d4"/>
      </object_component>
      <object_component id="oc-56">
         <name>.debug_info</name>
         <load_address>0x12055</load_address>
         <run_address>0x12055</run_address>
         <size>0x139</size>
         <input_file_ref idref="fl-d5"/>
      </object_component>
      <object_component id="oc-5c">
         <name>.debug_info</name>
         <load_address>0x1218e</load_address>
         <run_address>0x1218e</run_address>
         <size>0x149</size>
         <input_file_ref idref="fl-d6"/>
      </object_component>
      <object_component id="oc-74">
         <name>.debug_info</name>
         <load_address>0x122d7</load_address>
         <run_address>0x122d7</run_address>
         <size>0x10a</size>
         <input_file_ref idref="fl-d7"/>
      </object_component>
      <object_component id="oc-273">
         <name>.debug_info</name>
         <load_address>0x123e1</load_address>
         <run_address>0x123e1</run_address>
         <size>0xeb</size>
         <input_file_ref idref="fl-d8"/>
      </object_component>
      <object_component id="oc-205">
         <name>.debug_info</name>
         <load_address>0x124cc</load_address>
         <run_address>0x124cc</run_address>
         <size>0x22b</size>
         <input_file_ref idref="fl-d8"/>
      </object_component>
      <object_component id="oc-18e">
         <name>.debug_info</name>
         <load_address>0x126f7</load_address>
         <run_address>0x126f7</run_address>
         <size>0x125</size>
         <input_file_ref idref="fl-d9"/>
      </object_component>
      <object_component id="oc-c0">
         <name>.debug_info</name>
         <load_address>0x1281c</load_address>
         <run_address>0x1281c</run_address>
         <size>0x114</size>
         <input_file_ref idref="fl-d9"/>
      </object_component>
      <object_component id="oc-187">
         <name>.debug_info</name>
         <load_address>0x12930</load_address>
         <run_address>0x12930</run_address>
         <size>0x220</size>
         <input_file_ref idref="fl-d9"/>
      </object_component>
      <object_component id="oc-bb">
         <name>.debug_info</name>
         <load_address>0x12b50</load_address>
         <run_address>0x12b50</run_address>
         <size>0x167</size>
         <input_file_ref idref="fl-da"/>
      </object_component>
      <object_component id="oc-6b">
         <name>.debug_info</name>
         <load_address>0x12cb7</load_address>
         <run_address>0x12cb7</run_address>
         <size>0x168</size>
         <input_file_ref idref="fl-da"/>
      </object_component>
      <object_component id="oc-17f">
         <name>.debug_info</name>
         <load_address>0x12e1f</load_address>
         <run_address>0x12e1f</run_address>
         <size>0x5e</size>
         <input_file_ref idref="fl-da"/>
      </object_component>
      <object_component id="oc-b3">
         <name>.debug_info</name>
         <load_address>0x12e7d</load_address>
         <run_address>0x12e7d</run_address>
         <size>0x2ea</size>
         <input_file_ref idref="fl-db"/>
      </object_component>
      <object_component id="oc-64">
         <name>.debug_info</name>
         <load_address>0x13167</load_address>
         <run_address>0x13167</run_address>
         <size>0x191</size>
         <input_file_ref idref="fl-db"/>
      </object_component>
      <object_component id="oc-165">
         <name>.debug_info</name>
         <load_address>0x132f8</load_address>
         <run_address>0x132f8</run_address>
         <size>0x39</size>
         <input_file_ref idref="fl-db"/>
      </object_component>
      <object_component id="oc-16a">
         <name>.debug_info</name>
         <load_address>0x13331</load_address>
         <run_address>0x13331</run_address>
         <size>0xcd</size>
         <input_file_ref idref="fl-db"/>
      </object_component>
      <object_component id="oc-161">
         <name>.debug_info</name>
         <load_address>0x133fe</load_address>
         <run_address>0x133fe</run_address>
         <size>0x1e1</size>
         <input_file_ref idref="fl-dc"/>
      </object_component>
      <object_component id="oc-a9">
         <name>.debug_info</name>
         <load_address>0x135df</load_address>
         <run_address>0x135df</run_address>
         <size>0x184</size>
         <input_file_ref idref="fl-dc"/>
      </object_component>
      <object_component id="oc-21c">
         <name>.debug_info</name>
         <load_address>0x13763</load_address>
         <run_address>0x13763</run_address>
         <size>0x2c</size>
         <input_file_ref idref="fl-dc"/>
      </object_component>
      <object_component id="oc-ad">
         <name>.debug_info</name>
         <load_address>0x1378f</load_address>
         <run_address>0x1378f</run_address>
         <size>0x146</size>
         <input_file_ref idref="fl-dd"/>
      </object_component>
      <object_component id="oc-318">
         <name>.debug_info</name>
         <load_address>0x138d5</load_address>
         <run_address>0x138d5</run_address>
         <size>0xa5</size>
      </object_component>
      <object_component id="oc-2ca">
         <name>.debug_line</name>
         <load_address>0x0</load_address>
         <run_address>0x0</run_address>
         <size>0x20</size>
         <input_file_ref idref="fl-2"/>
      </object_component>
      <object_component id="oc-22b">
         <name>.debug_line</name>
         <load_address>0x20</load_address>
         <run_address>0x20</run_address>
         <size>0x4f</size>
         <input_file_ref idref="fl-2"/>
      </object_component>
      <object_component id="oc-1ca">
         <name>.debug_line</name>
         <load_address>0x6f</load_address>
         <run_address>0x6f</run_address>
         <size>0x69</size>
         <input_file_ref idref="fl-2"/>
      </object_component>
      <object_component id="oc-1c5">
         <name>.debug_line</name>
         <load_address>0xd8</load_address>
         <run_address>0xd8</run_address>
         <size>0x66</size>
         <input_file_ref idref="fl-2"/>
      </object_component>
      <object_component id="oc-2e1">
         <name>.debug_line</name>
         <load_address>0x13e</load_address>
         <run_address>0x13e</run_address>
         <size>0x5e</size>
         <input_file_ref idref="fl-2"/>
      </object_component>
      <object_component id="oc-23f">
         <name>.debug_line</name>
         <load_address>0x19c</load_address>
         <run_address>0x19c</run_address>
         <size>0x61</size>
         <input_file_ref idref="fl-2"/>
      </object_component>
      <object_component id="oc-1c0">
         <name>.debug_line</name>
         <load_address>0x1fd</load_address>
         <run_address>0x1fd</run_address>
         <size>0x3a</size>
         <input_file_ref idref="fl-2"/>
      </object_component>
      <object_component id="oc-1d1">
         <name>.debug_line</name>
         <load_address>0x237</load_address>
         <run_address>0x237</run_address>
         <size>0x60</size>
         <input_file_ref idref="fl-2"/>
      </object_component>
      <object_component id="oc-97">
         <name>.debug_line</name>
         <load_address>0x297</load_address>
         <run_address>0x297</run_address>
         <size>0x20</size>
         <input_file_ref idref="fl-2"/>
      </object_component>
      <object_component id="oc-10f">
         <name>.debug_line</name>
         <load_address>0x2b7</load_address>
         <run_address>0x2b7</run_address>
         <size>0x73</size>
         <input_file_ref idref="fl-2"/>
      </object_component>
      <object_component id="oc-27c">
         <name>.debug_line</name>
         <load_address>0x32a</load_address>
         <run_address>0x32a</run_address>
         <size>0x5f</size>
         <input_file_ref idref="fl-2"/>
      </object_component>
      <object_component id="oc-2dd">
         <name>.debug_line</name>
         <load_address>0x389</load_address>
         <run_address>0x389</run_address>
         <size>0x9d</size>
         <input_file_ref idref="fl-3"/>
      </object_component>
      <object_component id="oc-2db">
         <name>.debug_line</name>
         <load_address>0x426</load_address>
         <run_address>0x426</run_address>
         <size>0x39</size>
         <input_file_ref idref="fl-3"/>
      </object_component>
      <object_component id="oc-225">
         <name>.debug_line</name>
         <load_address>0x45f</load_address>
         <run_address>0x45f</run_address>
         <size>0x97</size>
         <input_file_ref idref="fl-3"/>
      </object_component>
      <object_component id="oc-2e6">
         <name>.debug_line</name>
         <load_address>0x4f6</load_address>
         <run_address>0x4f6</run_address>
         <size>0x39</size>
         <input_file_ref idref="fl-3"/>
      </object_component>
      <object_component id="oc-2e9">
         <name>.debug_line</name>
         <load_address>0x52f</load_address>
         <run_address>0x52f</run_address>
         <size>0x4a</size>
         <input_file_ref idref="fl-4"/>
      </object_component>
      <object_component id="oc-2c2">
         <name>.debug_line</name>
         <load_address>0x579</load_address>
         <run_address>0x579</run_address>
         <size>0x34</size>
         <input_file_ref idref="fl-4"/>
      </object_component>
      <object_component id="oc-171">
         <name>.debug_line</name>
         <load_address>0x5ad</load_address>
         <run_address>0x5ad</run_address>
         <size>0xa5</size>
         <input_file_ref idref="fl-4"/>
      </object_component>
      <object_component id="oc-9f">
         <name>.debug_line</name>
         <load_address>0x652</load_address>
         <run_address>0x652</run_address>
         <size>0x73</size>
         <input_file_ref idref="fl-4"/>
      </object_component>
      <object_component id="oc-1bc">
         <name>.debug_line</name>
         <load_address>0x6c5</load_address>
         <run_address>0x6c5</run_address>
         <size>0xb4</size>
         <input_file_ref idref="fl-5"/>
      </object_component>
      <object_component id="oc-234">
         <name>.debug_line</name>
         <load_address>0x779</load_address>
         <run_address>0x779</run_address>
         <size>0x2d</size>
         <input_file_ref idref="fl-5"/>
      </object_component>
      <object_component id="oc-232">
         <name>.debug_line</name>
         <load_address>0x7a6</load_address>
         <run_address>0x7a6</run_address>
         <size>0x2d</size>
         <input_file_ref idref="fl-5"/>
      </object_component>
      <object_component id="oc-b8">
         <name>.debug_line</name>
         <load_address>0x7d3</load_address>
         <run_address>0x7d3</run_address>
         <size>0x50</size>
         <input_file_ref idref="fl-5"/>
      </object_component>
      <object_component id="oc-1cd">
         <name>.debug_line</name>
         <load_address>0x823</load_address>
         <run_address>0x823</run_address>
         <size>0x153</size>
         <input_file_ref idref="fl-6"/>
      </object_component>
      <object_component id="oc-219">
         <name>.debug_line</name>
         <load_address>0x976</load_address>
         <run_address>0x976</run_address>
         <size>0x36</size>
         <input_file_ref idref="fl-6"/>
      </object_component>
      <object_component id="oc-88">
         <name>.debug_line</name>
         <load_address>0x9ac</load_address>
         <run_address>0x9ac</run_address>
         <size>0x7d</size>
         <input_file_ref idref="fl-6"/>
      </object_component>
      <object_component id="oc-1a6">
         <name>.debug_line</name>
         <load_address>0xa29</load_address>
         <run_address>0xa29</run_address>
         <size>0x20</size>
         <input_file_ref idref="fl-6"/>
      </object_component>
      <object_component id="oc-15f">
         <name>.debug_line</name>
         <load_address>0xa49</load_address>
         <run_address>0xa49</run_address>
         <size>0x40</size>
         <input_file_ref idref="fl-7"/>
      </object_component>
      <object_component id="oc-8a">
         <name>.debug_line</name>
         <load_address>0xa89</load_address>
         <run_address>0xa89</run_address>
         <size>0x40</size>
         <input_file_ref idref="fl-7"/>
      </object_component>
      <object_component id="oc-7b">
         <name>.debug_line</name>
         <load_address>0xac9</load_address>
         <run_address>0xac9</run_address>
         <size>0x71</size>
         <input_file_ref idref="fl-7"/>
      </object_component>
      <object_component id="oc-239">
         <name>.debug_line</name>
         <load_address>0xb3a</load_address>
         <run_address>0xb3a</run_address>
         <size>0x3b</size>
         <input_file_ref idref="fl-8"/>
      </object_component>
      <object_component id="oc-c8">
         <name>.debug_line</name>
         <load_address>0xb75</load_address>
         <run_address>0xb75</run_address>
         <size>0x146</size>
         <input_file_ref idref="fl-8"/>
      </object_component>
      <object_component id="oc-1d4">
         <name>.debug_line</name>
         <load_address>0xcbb</load_address>
         <run_address>0xcbb</run_address>
         <size>0x139</size>
         <input_file_ref idref="fl-9"/>
      </object_component>
      <object_component id="oc-82">
         <name>.debug_line</name>
         <load_address>0xdf4</load_address>
         <run_address>0xdf4</run_address>
         <size>0x1be</size>
         <input_file_ref idref="fl-9"/>
      </object_component>
      <object_component id="oc-278">
         <name>.debug_line</name>
         <load_address>0xfb2</load_address>
         <run_address>0xfb2</run_address>
         <size>0x148</size>
         <input_file_ref idref="fl-a"/>
      </object_component>
      <object_component id="oc-276">
         <name>.debug_line</name>
         <load_address>0x10fa</load_address>
         <run_address>0x10fa</run_address>
         <size>0x3a</size>
         <input_file_ref idref="fl-a"/>
      </object_component>
      <object_component id="oc-14e">
         <name>.debug_line</name>
         <load_address>0x1134</load_address>
         <run_address>0x1134</run_address>
         <size>0xf1</size>
         <input_file_ref idref="fl-a"/>
      </object_component>
      <object_component id="oc-23b">
         <name>.debug_line</name>
         <load_address>0x1225</load_address>
         <run_address>0x1225</run_address>
         <size>0x47</size>
         <input_file_ref idref="fl-10"/>
      </object_component>
      <object_component id="oc-1db">
         <name>.debug_line</name>
         <load_address>0x126c</load_address>
         <run_address>0x126c</run_address>
         <size>0x72</size>
         <input_file_ref idref="fl-10"/>
      </object_component>
      <object_component id="oc-11c">
         <name>.debug_line</name>
         <load_address>0x12de</load_address>
         <run_address>0x12de</run_address>
         <size>0x3d</size>
         <input_file_ref idref="fl-10"/>
      </object_component>
      <object_component id="oc-257">
         <name>.debug_line</name>
         <load_address>0x131b</load_address>
         <run_address>0x131b</run_address>
         <size>0x5b</size>
         <input_file_ref idref="fl-10"/>
      </object_component>
      <object_component id="oc-1a1">
         <name>.debug_line</name>
         <load_address>0x1376</load_address>
         <run_address>0x1376</run_address>
         <size>0x73</size>
         <input_file_ref idref="fl-10"/>
      </object_component>
      <object_component id="oc-df">
         <name>.debug_line</name>
         <load_address>0x13e9</load_address>
         <run_address>0x13e9</run_address>
         <size>0x3d</size>
         <input_file_ref idref="fl-10"/>
      </object_component>
      <object_component id="oc-d9">
         <name>.debug_line</name>
         <load_address>0x1426</load_address>
         <run_address>0x1426</run_address>
         <size>0x3e</size>
         <input_file_ref idref="fl-10"/>
      </object_component>
      <object_component id="oc-1f7">
         <name>.debug_line</name>
         <load_address>0x1464</load_address>
         <run_address>0x1464</run_address>
         <size>0x41</size>
         <input_file_ref idref="fl-10"/>
      </object_component>
      <object_component id="oc-244">
         <name>.debug_line</name>
         <load_address>0x14a5</load_address>
         <run_address>0x14a5</run_address>
         <size>0x5e</size>
         <input_file_ref idref="fl-10"/>
      </object_component>
      <object_component id="oc-262">
         <name>.debug_line</name>
         <load_address>0x1503</load_address>
         <run_address>0x1503</run_address>
         <size>0x31</size>
         <input_file_ref idref="fl-11"/>
      </object_component>
      <object_component id="oc-260">
         <name>.debug_line</name>
         <load_address>0x1534</load_address>
         <run_address>0x1534</run_address>
         <size>0x2a</size>
         <input_file_ref idref="fl-11"/>
      </object_component>
      <object_component id="oc-e8">
         <name>.debug_line</name>
         <load_address>0x155e</load_address>
         <run_address>0x155e</run_address>
         <size>0x3f</size>
         <input_file_ref idref="fl-11"/>
      </object_component>
      <object_component id="oc-e5">
         <name>.debug_line</name>
         <load_address>0x159d</load_address>
         <run_address>0x159d</run_address>
         <size>0x3f</size>
         <input_file_ref idref="fl-11"/>
      </object_component>
      <object_component id="oc-116">
         <name>.debug_line</name>
         <load_address>0x15dc</load_address>
         <run_address>0x15dc</run_address>
         <size>0x50</size>
         <input_file_ref idref="fl-11"/>
      </object_component>
      <object_component id="oc-1f1">
         <name>.debug_line</name>
         <load_address>0x162c</load_address>
         <run_address>0x162c</run_address>
         <size>0x4e</size>
         <input_file_ref idref="fl-11"/>
      </object_component>
      <object_component id="oc-ed">
         <name>.debug_line</name>
         <load_address>0x167a</load_address>
         <run_address>0x167a</run_address>
         <size>0x3f</size>
         <input_file_ref idref="fl-11"/>
      </object_component>
      <object_component id="oc-2ed">
         <name>.debug_line</name>
         <load_address>0x16b9</load_address>
         <run_address>0x16b9</run_address>
         <size>0x31</size>
         <input_file_ref idref="fl-12"/>
      </object_component>
      <object_component id="oc-289">
         <name>.debug_line</name>
         <load_address>0x16ea</load_address>
         <run_address>0x16ea</run_address>
         <size>0x3e</size>
         <input_file_ref idref="fl-12"/>
      </object_component>
      <object_component id="oc-28f">
         <name>.debug_line</name>
         <load_address>0x1728</load_address>
         <run_address>0x1728</run_address>
         <size>0x3e</size>
         <input_file_ref idref="fl-12"/>
      </object_component>
      <object_component id="oc-2b3">
         <name>.debug_line</name>
         <load_address>0x1766</load_address>
         <run_address>0x1766</run_address>
         <size>0x59</size>
         <input_file_ref idref="fl-12"/>
      </object_component>
      <object_component id="oc-2a7">
         <name>.debug_line</name>
         <load_address>0x17bf</load_address>
         <run_address>0x17bf</run_address>
         <size>0x44</size>
         <input_file_ref idref="fl-12"/>
      </object_component>
      <object_component id="oc-29b">
         <name>.debug_line</name>
         <load_address>0x1803</load_address>
         <run_address>0x1803</run_address>
         <size>0x52</size>
         <input_file_ref idref="fl-12"/>
      </object_component>
      <object_component id="oc-2a1">
         <name>.debug_line</name>
         <load_address>0x1855</load_address>
         <run_address>0x1855</run_address>
         <size>0x44</size>
         <input_file_ref idref="fl-12"/>
      </object_component>
      <object_component id="oc-2b8">
         <name>.debug_line</name>
[...]
         <value>0x321</value>
         <object_component_ref idref="oc-7d"/>
      </symbol>
      <symbol id="sm-195">
         <name>readDHT</name>
         <value>0x2b5</value>
         <object_component_ref idref="oc-7d"/>
      </symbol>
      <symbol id="sm-196">
         <name>PORT5_IRQHandler</name>
         <value>0x337</value>
         <object_component_ref idref="oc-7d"/>
      </symbol>
      <symbol id="sm-197">
         <name>setDHTAsOutput</name>
         <value>0x27f</value>
         <object_component_ref idref="oc-7d"/>
      </symbol>
      <symbol id="sm-198">
         <name>getDHTPin</name>
         <value>0x2a9</value>
         <object_component_ref idref="oc-7d"/>
      </symbol>
      <symbol id="sm-1bb">
         <name>i</name>
         <value>0x20000350</value>
      </symbol>
      <symbol id="sm-1bc">
         <name>uartConfig</name>
         <value>0x170c</value>
         <object_component_ref idref="oc-210"/>
      </symbol>
      <symbol id="sm-1bd">
         <name>reverse</name>
         <value>0x7b5</value>
         <object_component_ref idref="oc-14d"/>
      </symbol>
      <symbol id="sm-1be">
         <name>intToString</name>
         <value>0x809</value>
         <object_component_ref idref="oc-14d"/>
      </symbol>
      <symbol id="sm-1bf">
         <name>sendString</name>
         <value>0x86d</value>
         <object_component_ref idref="oc-14d"/>
      </symbol>
      <symbol id="sm-1c0">
         <name>sendInt</name>
         <value>0x8b9</value>
         <object_component_ref idref="oc-14d"/>
      </symbol>
      <symbol id="sm-1c1">
         <name>initUART</name>
         <value>0x785</value>
         <object_component_ref idref="oc-14d"/>
      </symbol>
      <symbol id="sm-22b">
         <name>CS_startLFXT</name>
         <value>0x16b7</value>
         <object_component_ref idref="oc-117"/>
      </symbol>
      <symbol id="sm-22c">
         <name>CS_startHFXT</name>
         <value>0x16b1</value>
         <object_component_ref idref="oc-da"/>
      </symbol>
      <symbol id="sm-22d">
         <name>CS_setExternalClockSourceFrequency</name>
         <value>0x15ad</value>
         <object_component_ref idref="oc-d4"/>
      </symbol>
      <symbol id="sm-22e">
         <name>CS_setDCOCenteredFrequency</name>
         <value>0x147d</value>
         <object_component_ref idref="oc-1f2"/>
      </symbol>
      <symbol id="sm-22f">
         <name>CS_startHFXTWithTimeout</name>
         <value>0xa65</value>
         <object_component_ref idref="oc-19c"/>
      </symbol>
      <symbol id="sm-230">
         <name>CS_startLFXTWithTimeout</name>
         <value>0xb01</value>
         <object_component_ref idref="oc-1d6"/>
      </symbol>
      <symbol id="sm-278">
         <name>GPIO_setOutputHighOnPin</name>
         <value>0x15c1</value>
         <object_component_ref idref="oc-e0"/>
      </symbol>
      <symbol id="sm-279">
         <name>GPIO_setOutputLowOnPin</name>
         <value>0x1565</value>
         <object_component_ref idref="oc-e6"/>
      </symbol>
      <symbol id="sm-27a">
         <name>GPIO_setAsPeripheralModuleFunctionOutputPin</name>
         <value>0x11e5</value>
         <object_component_ref idref="oc-111"/>
      </symbol>
      <symbol id="sm-27b">
         <name>GPIO_getInputPinValue</name>
         <value>0x154d</value>
         <object_component_ref idref="oc-ec"/>
      </symbol>
      <symbol id="sm-27c">
         <name>GPIO_setAsPeripheralModuleFunctionInputPin</name>
         <value>0x127d</value>
         <object_component_ref idref="oc-1ec"/>
      </symbol>
      <symbol id="sm-2e6">
         <name>I2C_masterSendMultiByteStop</name>
         <value>0x13f5</value>
         <object_component_ref idref="oc-2a2"/>
      </symbol>
      <symbol id="sm-2e7">
         <name>I2C_masterSendMultiByteNext</name>
         <value>0x14a1</value>
         <object_component_ref idref="oc-29c"/>
      </symbol>
      <symbol id="sm-2e8">
         <name>I2C_masterSendMultiByteStart</name>
         <value>0x138d</value>
         <object_component_ref idref="oc-296"/>
      </symbol>
      <symbol id="sm-2e9">
         <name>I2C_masterSendSingleByte</name>
         <value>0x10f5</value>
         <object_component_ref idref="oc-2ae"/>
      </symbol>
      <symbol id="sm-2ea">
         <name>I2C_setMode</name>
         <value>0x1655</value>
         <object_component_ref idref="oc-28a"/>
      </symbol>
      <symbol id="sm-2eb">
         <name>I2C_isBusBusy</name>
         <value>0x15d5</value>
         <object_component_ref idref="oc-2a8"/>
      </symbol>
      <symbol id="sm-2ec">
         <name>I2C_enableModule</name>
         <value>0x168b</value>
         <object_component_ref idref="oc-290"/>
      </symbol>
      <symbol id="sm-2ed">
         <name>I2C_setSlaveAddress</name>
         <value>0x16c3</value>
         <object_component_ref idref="oc-284"/>
      </symbol>
      <symbol id="sm-2ee">
         <name>I2C_initMaster</name>
         <value>0x134d</value>
         <object_component_ref idref="oc-27e"/>
      </symbol>
      <symbol id="sm-2ef">
         <name>I2C_masterReceiveSingleByte</name>
         <value>0x13c5</value>
         <object_component_ref idref="oc-2b4"/>
      </symbol>
      <symbol id="sm-329">
         <name>Interrupt_enableSleepOnIsrExit</name>
         <value>0x15e9</value>
         <object_component_ref idref="oc-141"/>
      </symbol>
      <symbol id="sm-32a">
         <name>Interrupt_enableMaster</name>
         <value>0x1625</value>
         <object_component_ref idref="oc-f8"/>
      </symbol>
      <symbol id="sm-32b">
         <name>Interrupt_enableInterrupt</name>
         <value>0xf29</value>
         <object_component_ref idref="oc-f2"/>
      </symbol>
      <symbol id="sm-39f">
         <name>RTC_C_startClock</name>
         <value>0x14c5</value>
         <object_component_ref idref="oc-13b"/>
      </symbol>
      <symbol id="sm-3a0">
         <name>RTC_C_getCalendarTime</name>
         <value>0xf8d</value>
         <object_component_ref idref="oc-153"/>
      </symbol>
      <symbol id="sm-3a1">
         <name>RTC_C_getInterruptStatus</name>
         <value>0x1425</value>
         <object_component_ref idref="oc-1e5"/>
      </symbol>
      <symbol id="sm-3a2">
         <name>RTC_C_initCalendar</name>
         <value>0xff1</value>
         <object_component_ref idref="oc-11d"/>
      </symbol>
      <symbol id="sm-3a3">
         <name>RTC_C_setCalendarEvent</name>
         <value>0x1451</value>
         <object_component_ref idref="oc-123"/>
      </symbol>
      <symbol id="sm-3a4">
         <name>RTC_C_definePrescaleEvent</name>
         <value>0x1531</value>
         <object_component_ref idref="oc-129"/>
      </symbol>
      <symbol id="sm-3a5">
         <name>RTC_C_getEnabledInterruptStatus</name>
         <value>0x12c5</value>
         <object_component_ref idref="oc-147"/>
      </symbol>
      <symbol id="sm-3a6">
         <name>RTC_C_enableInterrupt</name>
         <value>0x130d</value>
         <object_component_ref idref="oc-135"/>
      </symbol>
      <symbol id="sm-3a7">
         <name>RTC_C_clearInterruptFlag</name>
         <value>0x1145</value>
         <object_component_ref idref="oc-12f"/>
      </symbol>
      <symbol id="sm-3ca">
         <name>SysCtl_getNMISourceStatus</name>
         <value>0x1699</value>
         <object_component_ref idref="oc-246"/>
      </symbol>
      <symbol id="sm-3cb">
         <name>SysCtl_enableNMISource</name>
         <value>0x1645</value>
         <object_component_ref idref="oc-258"/>
      </symbol>
      <symbol id="sm-3cc">
         <name>SysCtl_disableNMISource</name>
         <value>0x1635</value>
         <object_component_ref idref="oc-24c"/>
      </symbol>
      <symbol id="sm-3f6">
         <name>UART_enableModule</name>
         <value>0x16a5</value>
         <object_component_ref idref="oc-1fe"/>
      </symbol>
      <symbol id="sm-3f7">
         <name>UART_transmitData</name>
         <value>0x14e9</value>
         <object_component_ref idref="oc-20a"/>
      </symbol>
      <symbol id="sm-3f8">
         <name>UART_initModule</name>
         <value>0xc39</value>
         <object_component_ref idref="oc-1f8"/>
      </symbol>
      <symbol id="sm-404">
         <name>WDT_A_holdTimer</name>
         <value>0x157d</value>
         <object_component_ref idref="oc-ce"/>
      </symbol>
      <symbol id="sm-40e">
         <name>CPU_cpsie</name>
         <value>0x167f</value>
         <object_component_ref idref="oc-1b4"/>
      </symbol>
      <symbol id="sm-41f">
         <name>_c_int00</name>
         <value>0x104d</value>
         <object_component_ref idref="oc-26"/>
      </symbol>
      <symbol id="sm-420">
         <name>__stack</name>
         <value>0x2000fe00</value>
         <object_component_ref idref="oc-2f"/>
      </symbol>
      <symbol id="sm-437">
         <name>__TI_decompress_none</name>
         <value>0x1663</value>
         <object_component_ref idref="oc-14"/>
      </symbol>
      <symbol id="sm-45a">
         <name>__TI_decompress_rle24</name>
         <value>0x16bd</value>
         <object_component_ref idref="oc-1a"/>
      </symbol>
      <symbol id="sm-47c">
         <name>C$$EXIT</name>
         <value>0x10a1</value>
         <object_component_ref idref="oc-6d"/>
      </symbol>
      <symbol id="sm-47d">
         <name>abort</name>
         <value>0x10a5</value>
         <object_component_ref idref="oc-6d"/>
      </symbol>
      <symbol id="sm-47e">
         <name>exit</name>
         <value>0x10ad</value>
         <object_component_ref idref="oc-6d"/>
      </symbol>
      <symbol id="sm-47f">
         <name>__TI_dtors_ptr</name>
         <value>0x20000394</value>
         <object_component_ref idref="oc-bc"/>
      </symbol>
      <symbol id="sm-480">
         <name>__TI_cleanup_ptr</name>
         <value>0x20000390</value>
         <object_component_ref idref="oc-bc"/>
      </symbol>
      <symbol id="sm-481">
         <name>__TI_enable_exit_profile_output</name>
         <value>0x20000398</value>
         <object_component_ref idref="oc-bc"/>
      </symbol>
      <symbol id="sm-49c">
         <name>memcpy</name>
         <value>0xb9d</value>
         <object_component_ref idref="oc-30"/>
      </symbol>
      <symbol id="sm-49d">
         <name>__aeabi_memcpy</name>
         <value>0xb9d</value>
         <object_component_ref idref="oc-30"/>
      </symbol>
      <symbol id="sm-49e">
         <name>__aeabi_memcpy8</name>
         <value>0xb9d</value>
         <object_component_ref idref="oc-30"/>
      </symbol>
      <symbol id="sm-49f">
         <name>__aeabi_memcpy4</name>
         <value>0xb9d</value>
         <object_component_ref idref="oc-30"/>
      </symbol>
      <symbol id="sm-4ae">
         <name>__aeabi_memset</name>
         <value>0xd63</value>
         <object_component_ref idref="oc-49"/>
      </symbol>
      <symbol id="sm-4af">
         <name>memset</name>
         <value>0xd69</value>
         <object_component_ref idref="oc-49"/>
      </symbol>
      <symbol id="sm-4b0">
         <name>__aeabi_memset8</name>
         <value>0xd63</value>
         <object_component_ref idref="oc-49"/>
      </symbol>
      <symbol id="sm-4b1">
         <name>__aeabi_memset4</name>
         <value>0xd63</value>
         <object_component_ref idref="oc-49"/>
      </symbol>
      <symbol id="sm-4b2">
         <name>__aeabi_memclr8</name>
         <value>0xd61</value>
         <object_component_ref idref="oc-49"/>
      </symbol>
      <symbol id="sm-4b3">
         <name>__aeabi_memclr4</name>
         <value>0xd61</value>
         <object_component_ref idref="oc-49"/>
      </symbol>
      <symbol id="sm-4b4">
         <name>__aeabi_memclr</name>
         <value>0xd61</value>
         <object_component_ref idref="oc-49"/>
      </symbol>
      <symbol id="sm-4be">
         <name>__mpu_init</name>
         <value>0xddb</value>
         <object_component_ref idref="oc-55"/>
      </symbol>
      <symbol id="sm-4c8">
         <name>_system_pre_init</name>
         <value>0x16c7</value>
         <object_component_ref idref="oc-5b"/>
      </symbol>
      <symbol id="sm-4d0">
         <name>main_func_sp</name>
         <value>0x200003a4</value>
         <object_component_ref idref="oc-73"/>
      </symbol>
      <symbol id="sm-4de">
         <name>strlen</name>
         <value>0x1611</value>
         <object_component_ref idref="oc-204"/>
      </symbol>
      <symbol id="sm-4f7">
         <name>_nop</name>
         <value>0x160b</value>
         <object_component_ref idref="oc-186"/>
      </symbol>
      <symbol id="sm-4f8">
         <name>_lock</name>
         <value>0x2000039c</value>
         <object_component_ref idref="oc-bf"/>
      </symbol>
      <symbol id="sm-4f9">
         <name>_unlock</name>
         <value>0x200003a0</value>
         <object_component_ref idref="oc-bf"/>
      </symbol>
      <symbol id="sm-4fa">
         <name>_register_lock</name>
         <value>0x1603</value>
         <object_component_ref idref="oc-186"/>
      </symbol>
      <symbol id="sm-4fb">
         <name>_register_unlock</name>
         <value>0x15fd</value>
         <object_component_ref idref="oc-186"/>
      </symbol>
      <symbol id="sm-50f">
         <name>_args_main</name>
         <value>0x1595</value>
         <object_component_ref idref="oc-67"/>
      </symbol>
      <symbol id="sm-534">
         <name>__TI_auto_init</name>
         <value>0xe4d</value>
         <object_component_ref idref="oc-61"/>
      </symbol>
      <symbol id="sm-54e">
         <name>copy_in</name>
         <value>0x1231</value>
         <object_component_ref idref="oc-a6"/>
      </symbol>
      <symbol id="sm-558">
         <name>_system_post_cinit</name>
         <value>0xf27</value>
         <object_component_ref idref="oc-ac"/>
      </symbol>
      <symbol id="sm-559">
         <name>__TI_static_base__</name>
         <value>0x0</value>
      </symbol>
      <symbol id="sm-55c">
         <name>SHT$$INIT_ARRAY$$Limit</name>
         <value>0x0</value>
      </symbol>
      <symbol id="sm-55d">
         <name>SHT$$INIT_ARRAY$$Base</name>
         <value>0x0</value>
      </symbol>
      <symbol id="sm-55e">
         <name>NMI_Handler</name>
         <value>0x167d</value>
      </symbol>
      <symbol id="sm-55f">
         <name>HardFault_Handler</name>
         <value>0x167d</value>
      </symbol>
      <symbol id="sm-560">
         <name>MemManage_Handler</name>
         <value>0x167d</value>
      </symbol>
      <symbol id="sm-561">
         <name>BusFault_Handler</name>
         <value>0x167d</value>
      </symbol>
      <symbol id="sm-562">
         <name>UsageFault_Handler</name>
         <value>0x167d</value>
      </symbol>
      <symbol id="sm-563">
         <name>SVC_Handler</name>
         <value>0x167d</value>
      </symbol>
      <symbol id="sm-564">
         <name>DebugMon_Handler</name>
         <value>0x167d</value>
      </symbol>
      <symbol id="sm-565">
         <name>PendSV_Handler</name>
         <value>0x167d</value>
      </symbol>
      <symbol id="sm-566">
         <name>SysTick_Handler</name>
         <value>0x3ff</value>
      </symbol>
      <symbol id="sm-567">
         <name>PSS_IRQHandler</name>
         <value>0x167d</value>
      </symbol>
      <symbol id="sm-568">
         <name>CS_IRQHandler</name>
         <value>0x167d</value>
      </symbol>
      <symbol id="sm-569">
         <name>PCM_IRQHandler</name>
         <value>0x167d</value>
      </symbol>
      <symbol id="sm-56a">
         <name>WDT_A_IRQHandler</name>
         <value>0x167d</value>
      </symbol>
      <symbol id="sm-56b">
         <name>FPU_IRQHandler</name>
         <value>0x167d</value>
      </symbol>
      <symbol id="sm-56c">
         <name>FLCTL_IRQHandler</name>
         <value>0x167d</value>
      </symbol>
      <symbol id="sm-56d">
         <name>COMP_E0_IRQHandler</name>
         <value>0x167d</value>
      </symbol>
      <symbol id="sm-56e">
         <name>COMP_E1_IRQHandler</name>
         <value>0x167d</value>
      </symbol>
      <symbol id="sm-56f">
         <name>TA0_0_IRQHandler</name>
         <value>0x167d</value>
      </symbol>
      <symbol id="sm-570">
         <name>TA0_N_IRQHandler</name>
         <value>0x167d</value>
      </symbol>
      <symbol id="sm-571">
         <name>TA1_0_IRQHandler</name>
         <value>0x167d</value>
      </symbol>
      <symbol id="sm-572">
         <name>TA1_N_IRQHandler</name>
         <value>0x167d</value>
      </symbol>
      <symbol id="sm-573">
         <name>TA2_0_IRQHandler</name>
         <value>0x167d</value>
      </symbol>
      <symbol id="sm-574">
         <name>TA2_N_IRQHandler</name>
         <value>0x167d</value>
      </symbol>
      <symbol id="sm-575">
         <name>TA3_0_IRQHandler</name>
         <value>0x167d</value>
      </symbol>
      <symbol id="sm-576">
         <name>TA3_N_IRQHandler</name>
         <value>0x167d</value>
      </symbol>
      <symbol id="sm-577">
         <name>EUSCIA0_IRQHandler</name>
         <value>0x167d</value>
      </symbol>
      <symbol id="sm-578">
         <name>EUSCIA1_IRQHandler</name>
         <value>0x167d</value>
      </symbol>
      <symbol id="sm-579">
         <name>EUSCIA2_IRQHandler</name>
         <value>0x167d</value>
      </symbol>
      <symbol id="sm-57a">
         <name>EUSCIA3_IRQHandler</name>
         <value>0x167d</value>
      </symbol>
      <symbol id="sm-57b">
         <name>EUSCIB0_IRQHandler</name>
         <value>0x167d</value>
      </symbol>
      <symbol id="sm-57c">
         <name>EUSCIB1_IRQHandler</name>
         <value>0x167d</value>
      </symbol>
      <symbol id="sm-57d">
         <name>EUSCIB2_IRQHandler</name>
         <value>0x167d</value>
      </symbol>
      <symbol id="sm-57e">
         <name>EUSCIB3_IRQHandler</name>
         <value>0x167d</value>
      </symbol>
      <symbol id="sm-57f">
         <name>ADC14_IRQHandler</name>
         <value>0x167d</value>
      </symbol>
      <symbol id="sm-580">
         <name>T32_INT1_IRQHandler</name>
         <value>0x167d</value>
      </symbol>
      <symbol id="sm-581">
         <name>T32_INT2_IRQHandler</name>
         <value>0x167d</value>
      </symbol>
      <symbol id="sm-582">
         <name>T32_INTC_IRQHandler</name>
         <value>0x167d</value>
      </symbol>
      <symbol id="sm-583">
         <name>AES256_IRQHandler</name>
         <value>0x167d</value>
      </symbol>
      <symbol id="sm-584">
         <name>RTC_C_IRQHandler</name>
         <value>0x933</value>
      </symbol>
      <symbol id="sm-585">
         <name>DMA_ERR_IRQHandler</name>
         <value>0x167d</value>
      </symbol>
      <symbol id="sm-586">
         <name>DMA_INT3_IRQHandler</name>
         <value>0x167d</value>
      </symbol>
      <symbol id="sm-587">
         <name>DMA_INT2_IRQHandler</name>
         <value>0x167d</value>
      </symbol>
      <symbol id="sm-588">
         <name>DMA_INT1_IRQHandler</name>
         <value>0x167d</value>
      </symbol>
      <symbol id="sm-589">
         <name>DMA_INT0_IRQHandler</name>
         <value>0x167d</value>
      </symbol>
      <symbol id="sm-58a">
         <name>PORT1_IRQHandler</name>
         <value>0x167d</value>
      </symbol>
      <symbol id="sm-58b">
         <name>PORT2_IRQHandler</name>
         <value>0x167d</value>
      </symbol>
      <symbol id="sm-58c">
         <name>PORT3_IRQHandler</name>
         <value>0x167d</value>
      </symbol>
      <symbol id="sm-58d">
         <name>PORT4_IRQHandler</name>
         <value>0x167d</value>
      </symbol>
      <symbol id="sm-58e">
         <name>PORT5_IRQHandler</name>
         <value>0x337</value>
      </symbol>
      <symbol id="sm-58f">
         <name>PORT6_IRQHandler</name>
         <value>0x167d</value>
      </symbol>
   </symbol_table>
   <title>Link successful</title>
</link_info>
