******************************************************************************
                  TI ARM Linker PC v15.12.3                    
******************************************************************************
>> Linked Thu Mar 16 15:03:04 2017

OUTPUT FILE NAME:   <I2cCommunicationProtocol.out>
ENTRY POINT SYMBOL: "_c_int00"  address: 00000e95


MEMORY CONFIGURATION

         name            origin    length      used     unused   attr    fill
----------------------  --------  ---------  --------  --------  ----  --------
  MAIN                  00000000   00040000  000016a8  0003e958  R  X
  INFO                  00200000   00004000  00000000  00004000  R  X
  SRAM_CODE             01000000   00010000  00000275  0000fd8b  RW X
  SRAM_DATA             20000000   00010000  00000275  0000fd8b  RW  


SEGMENT ALLOCATION MAP

run origin  load origin   length   init length attrs members
----------  ----------- ---------- ----------- ----- -------
00000000    00000000    000016ac   000016ac    r-x
  00000000    00000000    000000e4   000000e4    r-- .intvecs
  000000e4    000000e4    000014b4   000014b4    r-x .text
  00001598    00001598    000000a4   000000a4    r-- .const
  00001640    00001640    0000006c   0000006c    r-- .cinit
20000000    20000000    00000075   00000000    rw-
  20000000    20000000    0000004c   00000000    rw- .data
  2000004c    2000004c    00000029   00000000    rw- .bss
2000fe00    2000fe00    00000200   00000000    rw-
  2000fe00    2000fe00    00000200   00000000    rw- .stack


SECTION ALLOCATION MAP

 output                                  attributes/
section   page    origin      length       input sections
--------  ----  ----------  ----------   ----------------
.intvecs   0    00000000    000000e4     
                  00000000    000000e4     startup_msp432p401r_ccs.obj (.intvecs:retain)

.binit     0    00000000    00000000     

.text      0    000000e4    000014b4     
                  000000e4    0000032c     system_msp432p401r.obj (.text)
                  00000410    000001a0     msp432p4xx_driverlib.lib : pcm.o (.text:__PCM_setPowerStateAdvanced)
                  000005b0    00000140     uartCommunication.obj (.text)
                  000006f0    000000dc     msp432p4xx_driverlib.lib : pcm.o (.text:__PCM_setPowerModeAdvanced)
                  000007cc    000000c0     i2cCommunication.obj (.text)
                  0000088c    000000b0     msp432p4xx_driverlib.lib : pcm.o (.text:__PCM_setCoreVoltageLevelAdvanced)
                  0000093c    0000009c                              : cs.o (.text:CS_startLFXTWithTimeout)
                  000009d8    0000009c     rtsv7M4_T_le_v4SPD16_eabi.lib : memcpy_t2.obj (.text)
                  00000a74    00000098     realTimeClock.obj (.text)
                  00000b0c    00000094     msp432p4xx_driverlib.lib : uart.o (.text:UART_initModule)
                  00000ba0    0000007c                              : pcm.o (.text:PCM_gotoLPM3)
                  00000c1c    0000007a     rtsv7M4_T_le_v4SPD16_eabi.lib : memset_t2.obj (.text)
                  00000c96    00000002                                   : mpu_init.obj (.text)
                  00000c98    00000070                                   : autoinit.obj (.text)
                  00000d08    0000006a                                   : copy_decompress_rle.obj (.text)
                  00000d72    00000002                                   : startup.obj (.text)
                  00000d74    00000064     msp432p4xx_driverlib.lib : interrupt.o (.text:Interrupt_enableInterrupt)
                  00000dd8    00000060     lightSensor.obj (.text)
                  00000e38    0000005c     msp432p4xx_driverlib.lib : rtc_c.o (.text:RTC_C_initCalendar)
                  00000e94    00000054     rtsv7M4_T_le_v4SPD16_eabi.lib : boot.obj (.text)
                  00000ee8    00000054                                   : exit.obj (.text)
                  00000f3c    00000050     msp432p4xx_driverlib.lib : i2c.o (.text:I2C_masterSendSingleByte)
                  00000f8c    00000050                              : pcm.o (.text:PCM_shutdownDevice)
                  00000fdc    00000050                              : rtc_c.o (.text:RTC_C_clearInterruptFlag)
                  0000102c    0000004c                              : gpio.o (.text:GPIO_setAsPeripheralModuleFunctionOutputPin)
                  00001078    0000004c     rtsv7M4_T_le_v4SPD16_eabi.lib : cpy_tbl.obj (.text)
                  000010c4    00000048     msp432p4xx_driverlib.lib : gpio.o (.text:GPIO_setAsPeripheralModuleFunctionInputPin)
                  0000110c    00000048                              : rtc_c.o (.text:RTC_C_getEnabledInterruptStatus)
                  00001154    00000040                              : rtc_c.o (.text:RTC_C_enableInterrupt)
                  00001194    0000003e                              : i2c.o (.text:I2C_initMaster)
                  000011d2    00000002     --HOLE-- [fill = 0]
                  000011d4    00000038                              : i2c.o (.text:I2C_masterSendMultiByteStart)
                  0000120c    00000030                              : i2c.o (.text:I2C_masterReceiveSingleByte)
                  0000123c    00000030                              : i2c.o (.text:I2C_masterSendMultiByteStop)
                  0000126c    0000002c                              : pcm.o (.text:PCM_getCoreVoltageLevel)
                  00001298    0000002c                              : rtc_c.o (.text:RTC_C_getInterruptStatus)
                  000012c4    0000002c                              : rtc_c.o (.text:RTC_C_setCalendarEvent)
                  000012f0    0000002a                              : pcm.o (.text:PCM_getPowerMode)
                  0000131a    00000002     --HOLE-- [fill = 0]
                  0000131c    00000028                              : pcm.o (.text:PCM_gotoLPM0)
                  00001344    00000024                              : cs.o (.text:CS_setDCOCenteredFrequency)
                  00001368    00000024                              : i2c.o (.text:I2C_masterSendMultiByteNext)
                  0000138c    00000024                              : rtc_c.o (.text:RTC_C_holdClock)
                  000013b0    00000024                              : rtc_c.o (.text:RTC_C_startClock)
                  000013d4    00000024                              : uart.o (.text:UART_transmitData)
                  000013f8    00000024     delayOwn.obj (.text)
                  0000141c    00000018     msp432p4xx_driverlib.lib : wdt_a.o (.text:WDT_A_holdTimer)
                  00001434    00000018     main.obj (.text)
                  0000144c    00000018     rtsv7M4_T_le_v4SPD16_eabi.lib : args_main.obj (.text)
                  00001464    00000014     msp432p4xx_driverlib.lib : cs.o (.text:CS_setExternalClockSourceFrequency)
                  00001478    00000014                              : i2c.o (.text:I2C_isBusBusy)
                  0000148c    00000014                              : interrupt.o (.text:Interrupt_enableSleepOnIsrExit)
                  000014a0    00000014     rtsv7M4_T_le_v4SPD16_eabi.lib : _lock.obj (.text)
                  000014b4    00000014                                   : strlen.obj (.text)
                  000014c8    00000010     msp432p4xx_driverlib.lib : interrupt.o (.text:Interrupt_enableMaster)
                  000014d8    00000010                              : pcm.o (.text:PCM_gotoLPM4)
                  000014e8    00000010                              : sysctl.o (.text:SysCtl_disableNMISource)
                  000014f8    00000010                              : sysctl.o (.text:SysCtl_enableNMISource)
                  00001508    0000000e                              : i2c.o (.text:I2C_setMode)
                  00001516    0000000e     rtsv7M4_T_le_v4SPD16_eabi.lib : copy_decompress_none.obj (.text:decompress:none)
                  00001524    0000000e     startup_msp432p401r_ccs.obj (.text)
                  00001532    0000000c     msp432p4xx_driverlib.lib : cpu.o (.text:CPU_cpsie)
                  0000153e    0000000c                              : i2c.o (.text:I2C_enableModule)
                  0000154a    00000002     --HOLE-- [fill = 0]
                  0000154c    0000000c                              : pcm.o (.text:PCM_getPowerState)
                  00001558    0000000c                              : sysctl.o (.text:SysCtl_getNMISourceStatus)
                  00001564    0000000c                              : uart.o (.text:UART_enableModule)
                  00001570    00000008                              : pcm.o (.text:PCM_setPowerMode)
                  00001578    00000008                              : pcm.o (.text:PCM_setPowerState)
                  00001580    00000006                              : cs.o (.text:CS_startLFXT)
                  00001586    00000006     rtsv7M4_T_le_v4SPD16_eabi.lib : copy_decompress_rle.obj (.text:decompress:rle24)
                  0000158c    00000004     msp432p4xx_driverlib.lib : cpu.o (.text:CPU_wfi)
                  00001590    00000004                              : i2c.o (.text:I2C_setSlaveAddress)
                  00001594    00000004     rtsv7M4_T_le_v4SPD16_eabi.lib : pre_init.obj (.text)

.const     0    00001598    000000a4     
                  00001598    00000040     msp432p4xx_driverlib.lib : interrupt.o (.const)
                  000015d8    00000024     uartCommunication.obj (.const:uartConfig)
                  000015fc    0000001c     realTimeClock.obj (.const:currentTime)
                  00001618    00000014     i2cCommunication.obj (.const:i2cConfig)
                  0000162c    00000010     lightSensor.obj (.const:i2cInitStructure)

.cinit     0    00001640    0000006c     
                  00001640    00000048     (.cinit..data.load) [load image, compression = rle]
                  00001688    00000009     (.cinit..bss.load) [load image, compression = rle]
                  00001691    00000003     --HOLE-- [fill = 0]
                  00001694    00000008     (__TI_handler_table)
                  0000169c    00000010     (__TI_cinit_table)

.init_array 
*          0    00000000    00000000     UNINITIALIZED

.data      0    20000000    0000004c     UNINITIALIZED
                  20000000    00000030     msp432p4xx_driverlib.lib : gpio.o (.data:GPIO_PORT_TO_BASE)
                  20000030    0000000c     rtsv7M4_T_le_v4SPD16_eabi.lib : exit.obj (.data:$O1$$)
                  2000003c    00000008                                   : _lock.obj (.data:$O1$$)
                  20000044    00000004                                   : stkdepth_vars.obj (.data)
                  20000048    00000004     system_msp432p401r.obj (.data)

.bss       0    2000004c    00000029     UNINITIALIZED
                  2000004c    0000001c     realTimeClock.obj (.bss:newTime)
                  20000068    00000004     (.common:hfxtFreq)
                  2000006c    00000004     (.common:i)
                  20000070    00000004     (.common:lfxtFreq)
                  20000074    00000001     i2cCommunication.obj (.bss)

.stack     0    2000fe00    00000200     UNINITIALIZED
                  2000fe00    00000200     --HOLE--

MODULE SUMMARY

       Module                        code   ro data   rw data
       ------                        ----   -------   -------
    .\
       system_msp432p401r.obj        812    0         8      
       uartCommunication.obj         320    36        8      
       startup_msp432p401r_ccs.obj   14     228       0      
       realTimeClock.obj             152    28        56     
       i2cCommunication.obj          192    20        2      
       lightSensor.obj               96     16        0      
       delayOwn.obj                  36     0         0      
       main.obj                      24     0         0      
    +--+-----------------------------+------+---------+---------+
       Total:                        1646   328       74     
                                                             
    C:/ti/tirex-content/msp/msp432ware__3.50.00.02/driverlib/driverlib/MSP432P4xx/ccs/msp432p4xx_driverlib.lib
       pcm.o                         1186   0         0      
       rtc_c.o                       468    0         0      
       i2c.o                         380    0         0      
       gpio.o                        148    0         96     
       cs.o                          218    0         16     
       interrupt.o                   136    64        0      
       uart.o                        196    0         0      
       sysctl.o                      44     0         0      
       wdt_a.o                       24     0         0      
       cpu.o                         16     0         0      
    +--+-----------------------------+------+---------+---------+
       Total:                        2816   64        112    
                                                             
    C:\Program Files (x86)\TI\ccsv6\tools\compiler\arm_15.12.3.LTS\lib\rtsv7M4_T_le_v4SPD16_eabi.lib
       memcpy_t2.obj                 156    0         0      
       memset_t2.obj                 122    0         0      
       autoinit.obj                  112    0         0      
       copy_decompress_rle.obj       112    0         0      
       exit.obj                      84     0         24     
       boot.obj                      84     0         0      
       cpy_tbl.obj                   76     0         0      
       _lock.obj                     20     0         16     
       args_main.obj                 24     0         0      
       strlen.obj                    20     0         0      
       copy_decompress_none.obj      14     0         0      
       stkdepth_vars.obj             0      0         8      
       pre_init.obj                  4      0         0      
       mpu_init.obj                  2      0         0      
       startup.obj                   2      0         0      
    +--+-----------------------------+------+---------+---------+
       Total:                        832    0         48     
                                                             
       Stack:                        0      0         1024   
       Linker Generated:             0      105       0      
    +--+-----------------------------+------+---------+---------+
       Grand Total:                  5294   497       1258   


LINKER GENERATED COPY TABLES

__TI_cinit_table @ 0000169c records: 2, size/record: 8, table size: 16
	.data: load addr=00001640, load size=00000048 bytes, run addr=20000000, run size=0000004c bytes, compression=rle
	.bss: load addr=00001688, load size=00000009 bytes, run addr=2000004c, run size=00000029 bytes, compression=rle


LINKER GENERATED HANDLER TABLE

__TI_handler_table @ 00001694 records: 2, size/record: 4, table size: 8
	index: 0, handler: __TI_decompress_rle24
	index: 1, handler: __TI_decompress_none


GLOBAL SYMBOLS: SORTED ALPHABETICALLY BY Name 

address   name                                       
-------   ----                                       
00001531  ADC14_IRQHandler                           
00001531  AES256_IRQHandler                          
00000dd9  ALSensorConfigure                          
00000df3  ALSensorReadData                           
00001531  BusFault_Handler                           
00000ee9  C$$EXIT                                    
00001531  COMP_E0_IRQHandler                         
00001531  COMP_E1_IRQHandler                         
00001533  CPU_cpsie                                  
0000158d  CPU_wfi                                    
00001531  CS_IRQHandler                              
00001345  CS_setDCOCenteredFrequency                 
00001465  CS_setExternalClockSourceFrequency         
00001581  CS_startLFXT                               
0000093d  CS_startLFXTWithTimeout                    
00001531  DMA_ERR_IRQHandler                         
00001531  DMA_INT0_IRQHandler                        
00001531  DMA_INT1_IRQHandler                        
00001531  DMA_INT2_IRQHandler                        
00001531  DMA_INT3_IRQHandler                        
00001531  DebugMon_Handler                           
00001531  Default_Handler                            
00001531  EUSCIA0_IRQHandler                         
00001531  EUSCIA1_IRQHandler                         
00001531  EUSCIA2_IRQHandler                         
00001531  EUSCIA3_IRQHandler                         
00001531  EUSCIB0_IRQHandler                         
00001531  EUSCIB1_IRQHandler                         
00001531  EUSCIB2_IRQHandler                         
00001531  EUSCIB3_IRQHandler                         
00001531  FLCTL_IRQHandler                           
00001531  FPU_IRQHandler                             
000010c5  GPIO_setAsPeripheralModuleFunctionInputPin 
0000102d  GPIO_setAsPeripheralModuleFunctionOutputPin
00001531  HardFault_Handler                          
0000153f  I2C_enableModule                           
00001195  I2C_initMaster                             
00001479  I2C_isBusBusy                              
0000120d  I2C_masterReceiveSingleByte                
00001369  I2C_masterSendMultiByteNext                
000011d5  I2C_masterSendMultiByteStart               
0000123d  I2C_masterSendMultiByteStop                
00000f3d  I2C_masterSendSingleByte                   
00001509  I2C_setMode                                
00001591  I2C_setSlaveAddress                        
00000d75  Interrupt_enableInterrupt                  
000014c9  Interrupt_enableMaster                     
0000148d  Interrupt_enableSleepOnIsrExit             
00001531  MemManage_Handler                          
00001531  NMI_Handler                                
00001531  PCM_IRQHandler                             
0000126d  PCM_getCoreVoltageLevel                    
000012f1  PCM_getPowerMode                           
0000154d  PCM_getPowerState                          
0000131d  PCM_gotoLPM0                               
00000ba1  PCM_gotoLPM3                               
000014d9  PCM_gotoLPM4                               
00001571  PCM_setPowerMode                           
00001579  PCM_setPowerState                          
00000f8d  PCM_shutdownDevice                         
00001531  PORT1_IRQHandler                           
00001531  PORT2_IRQHandler                           
00001531  PORT3_IRQHandler                           
00001531  PORT4_IRQHandler                           
00001531  PORT5_IRQHandler                           
00001531  PORT6_IRQHandler                           
00001531  PSS_IRQHandler                             
00001531  PendSV_Handler                             
00000abf  RTC_C_IRQHandler                           
00000abf  RTC_C_IRQHandler                           
00000fdd  RTC_C_clearInterruptFlag                   
00001155  RTC_C_enableInterrupt                      
0000110d  RTC_C_getEnabledInterruptStatus            
00001299  RTC_C_getInterruptStatus                   
0000138d  RTC_C_holdClock                            
00000e39  RTC_C_initCalendar                         
000012c5  RTC_C_setCalendarEvent                     
000013b1  RTC_C_startClock                           
00001525  Reset_Handler                              
UNDEFED   SHT$$INIT_ARRAY$$Base                      
UNDEFED   SHT$$INIT_ARRAY$$Limit                     
00001531  SVC_Handler                                
000014e9  SysCtl_disableNMISource                    
000014f9  SysCtl_enableNMISource                     
00001559  SysCtl_getNMISourceStatus                  
00001531  SysTick_Handler                            
20000048  SystemCoreClock                            
000000e5  SystemCoreClockUpdate                      
00000359  SystemInit                                 
00001531  T32_INT1_IRQHandler                        
00001531  T32_INT2_IRQHandler                        
00001531  T32_INTC_IRQHandler                        
00001531  TA0_0_IRQHandler                           
00001531  TA0_N_IRQHandler                           
00001531  TA1_0_IRQHandler                           
00001531  TA1_N_IRQHandler                           
00001531  TA2_0_IRQHandler                           
00001531  TA2_N_IRQHandler                           
00001531  TA3_0_IRQHandler                           
00001531  TA3_N_IRQHandler                           
00001565  UART_enableModule                          
00000b0d  UART_initModule                            
000013d5  UART_transmitData                          
00001531  UsageFault_Handler                         
4000480c  WDTCTL_SYM                                 
00001531  WDT_A_IRQHandler                           
0000141d  WDT_A_holdTimer                            
20010000  __STACK_END                                
00000200  __STACK_SIZE                               
0000169c  __TI_CINIT_Base                            
000016ac  __TI_CINIT_Limit                           
00001694  __TI_Handler_Table_Base                    
0000169c  __TI_Handler_Table_Limit                   
00000c99  __TI_auto_init                             
20000030  __TI_cleanup_ptr                           
00001517  __TI_decompress_none                       
00001587  __TI_decompress_rle24                      
20000034  __TI_dtors_ptr                             
20000038  __TI_enable_exit_profile_output            
ffffffff  __TI_pprof_out_hndl                        
ffffffff  __TI_prof_data_size                        
ffffffff  __TI_prof_data_start                       
00000000  __TI_static_base__                         
00000c1d  __aeabi_memclr                             
00000c1d  __aeabi_memclr4                            
00000c1d  __aeabi_memclr8                            
000009d9  __aeabi_memcpy                             
000009d9  __aeabi_memcpy4                            
000009d9  __aeabi_memcpy8                            
00000c1f  __aeabi_memset                             
00000c1f  __aeabi_memset4                            
00000c1f  __aeabi_memset8                            
ffffffff  __binit__                                  
ffffffff  __c_args__                                 
00000c97  __mpu_init                                 
2000fe00  __stack                                    
0000144d  _args_main                                 
00000e95  _c_int00                                   
2000003c  _lock                                      
000014af  _nop                                       
000014a7  _register_lock                             
000014a1  _register_unlock                           
00000d73  _system_post_cinit                         
00001595  _system_pre_init                           
20000040  _unlock                                    
00000eed  abort                                      
ffffffff  binit                                      
00001079  copy_in                                    
000015fc  currentTime                                
00000ef5  exit                                       
2000006c  i                                          
00001618  i2cConfig                                  
0000162c  i2cInitStructure                           
00000833  i2cReadwithParam                           
0000080d  i2cWritewithParam                          
000007cd  initI2C                                    
000005b1  initUART                                   
00000629  intToString                                
00000000  interruptVectors                           
00001435  main                                       
20000044  main_func_sp                               
000009d9  memcpy                                     
00000c25  memset                                     
000013f9  ownDelay                                   
000005d5  reverse                                    
00000a75  rtcConfig                                  
000006c7  sendInt                                    
0000068d  sendString                                 
000014b5  strlen                                     
000015d8  uartConfig                                 


GLOBAL SYMBOLS: SORTED BY Symbol Address 

address   name                                       
-------   ----                                       
00000000  __TI_static_base__                         
00000000  interruptVectors                           
000000e5  SystemCoreClockUpdate                      
00000200  __STACK_SIZE                               
00000359  SystemInit                                 
000005b1  initUART                                   
000005d5  reverse                                    
00000629  intToString                                
0000068d  sendString                                 
000006c7  sendInt                                    
000007cd  initI2C                                    
0000080d  i2cWritewithParam                          
00000833  i2cReadwithParam                           
0000093d  CS_startLFXTWithTimeout                    
000009d9  __aeabi_memcpy                             
000009d9  __aeabi_memcpy4                            
000009d9  __aeabi_memcpy8                            
000009d9  memcpy                                     
00000a75  rtcConfig                                  
00000abf  RTC_C_IRQHandler                           
00000abf  RTC_C_IRQHandler                           
00000b0d  UART_initModule                            
00000ba1  PCM_gotoLPM3                               
00000c1d  __aeabi_memclr                             
00000c1d  __aeabi_memclr4                            
00000c1d  __aeabi_memclr8                            
00000c1f  __aeabi_memset                             
00000c1f  __aeabi_memset4                            
00000c1f  __aeabi_memset8                            
00000c25  memset                                     
00000c97  __mpu_init                                 
00000c99  __TI_auto_init                             
00000d73  _system_post_cinit                         
00000d75  Interrupt_enableInterrupt                  
00000dd9  ALSensorConfigure                          
00000df3  ALSensorReadData                           
00000e39  RTC_C_initCalendar                         
00000e95  _c_int00                                   
00000ee9  C$$EXIT                                    
00000eed  abort                                      
00000ef5  exit                                       
00000f3d  I2C_masterSendSingleByte                   
00000f8d  PCM_shutdownDevice                         
00000fdd  RTC_C_clearInterruptFlag                   
0000102d  GPIO_setAsPeripheralModuleFunctionOutputPin
00001079  copy_in                                    
000010c5  GPIO_setAsPeripheralModuleFunctionInputPin 
0000110d  RTC_C_getEnabledInterruptStatus            
00001155  RTC_C_enableInterrupt                      
00001195  I2C_initMaster                             
000011d5  I2C_masterSendMultiByteStart               
0000120d  I2C_masterReceiveSingleByte                
0000123d  I2C_masterSendMultiByteStop                
0000126d  PCM_getCoreVoltageLevel                    
00001299  RTC_C_getInterruptStatus                   
000012c5  RTC_C_setCalendarEvent                     
000012f1  PCM_getPowerMode                           
0000131d  PCM_gotoLPM0                               
00001345  CS_setDCOCenteredFrequency                 
00001369  I2C_masterSendMultiByteNext                
0000138d  RTC_C_holdClock                            
000013b1  RTC_C_startClock                           
000013d5  UART_transmitData                          
000013f9  ownDelay                                   
0000141d  WDT_A_holdTimer                            
00001435  main                                       
0000144d  _args_main                                 
00001465  CS_setExternalClockSourceFrequency         
00001479  I2C_isBusBusy                              
0000148d  Interrupt_enableSleepOnIsrExit             
000014a1  _register_unlock                           
000014a7  _register_lock                             
000014af  _nop                                       
000014b5  strlen                                     
000014c9  Interrupt_enableMaster                     
000014d9  PCM_gotoLPM4                               
000014e9  SysCtl_disableNMISource                    
000014f9  SysCtl_enableNMISource                     
00001509  I2C_setMode                                
00001517  __TI_decompress_none                       
00001525  Reset_Handler                              
00001531  ADC14_IRQHandler                           
00001531  AES256_IRQHandler                          
00001531  BusFault_Handler                           
00001531  COMP_E0_IRQHandler                         
00001531  COMP_E1_IRQHandler                         
00001531  CS_IRQHandler                              
00001531  DMA_ERR_IRQHandler                         
00001531  DMA_INT0_IRQHandler                        
00001531  DMA_INT1_IRQHandler                        
00001531  DMA_INT2_IRQHandler                        
00001531  DMA_INT3_IRQHandler                        
00001531  DebugMon_Handler                           
00001531  Default_Handler                            
00001531  EUSCIA0_IRQHandler                         
00001531  EUSCIA1_IRQHandler                         
00001531  EUSCIA2_IRQHandler                         
00001531  EUSCIA3_IRQHandler                         
00001531  EUSCIB0_IRQHandler                         
00001531  EUSCIB1_IRQHandler                         
00001531  EUSCIB2_IRQHandler                         
00001531  EUSCIB3_IRQHandler                         
00001531  FLCTL_IRQHandler                           
00001531  FPU_IRQHandler                             
00001531  HardFault_Handler                          
00001531  MemManage_Handler                          
00001531  NMI_Handler                                
00001531  PCM_IRQHandler                             
00001531  PORT1_IRQHandler                           
00001531  PORT2_IRQHandler                           
00001531  PORT3_IRQHandler                           
00001531  PORT4_IRQHandler                           
00001531  PORT5_IRQHandler                           
00001531  PORT6_IRQHandler                           
00001531  PSS_IRQHandler                             
00001531  PendSV_Handler                             
00001531  SVC_Handler                                
00001531  SysTick_Handler                            
00001531  T32_INT1_IRQHandler                        
00001531  T32_INT2_IRQHandler                        
00001531  T32_INTC_IRQHandler                        
00001531  TA0_0_IRQHandler                           
00001531  TA0_N_IRQHandler                           
00001531  TA1_0_IRQHandler                           
00001531  TA1_N_IRQHandler                           
00001531  TA2_0_IRQHandler                           
00001531  TA2_N_IRQHandler                           
00001531  TA3_0_IRQHandler                           
00001531  TA3_N_IRQHandler                           
00001531  UsageFault_Handler                         
00001531  WDT_A_IRQHandler                           
00001533  CPU_cpsie                                  
0000153f  I2C_enableModule                           
0000154d  PCM_getPowerState                          
00001559  SysCtl_getNMISourceStatus                  
00001565  UART_enableModule                          
00001571  PCM_setPowerMode                           
00001579  PCM_setPowerState                          
00001581  CS_startLFXT                               
00001587  __TI_decompress_rle24                      
0000158d  CPU_wfi                                    
00001591  I2C_setSlaveAddress                        
00001595  _system_pre_init                           
000015d8  uartConfig                                 
000015fc  currentTime                                
00001618  i2cConfig                                  
0000162c  i2cInitStructure                           
00001694  __TI_Handler_Table_Base                    
0000169c  __TI_CINIT_Base                            
0000169c  __TI_Handler_Table_Limit                   
000016ac  __TI_CINIT_Limit                           
20000030  __TI_cleanup_ptr                           
20000034  __TI_dtors_ptr                             
20000038  __TI_enable_exit_profile_output            
2000003c  _lock                                      
20000040  _unlock                                    
20000044  main_func_sp                               
20000048  SystemCoreClock                            
2000006c  i                                          
2000fe00  __stack                                    
20010000  __STACK_END                                
4000480c  WDTCTL_SYM                                 
ffffffff  __TI_pprof_out_hndl                        
ffffffff  __TI_prof_data_size                        
ffffffff  __TI_prof_data_start                       
ffffffff  __binit__                                  
ffffffff  __c_args__                                 
ffffffff  binit                                      
UNDEFED   SHT$$INIT_ARRAY$$Base                      
UNDEFED   SHT$$INIT_ARRAY$$Limit                     

[170 symbols]
