******************************************************************************
                  TI ARM Linker PC v15.12.3                    
******************************************************************************
>> Linked Tue May 16 15:35:47 2017

OUTPUT FILE NAME:   <I2cCommunicationProtocol.out>
ENTRY POINT SYMBOL: "_c_int00"  address: 00000d2d


MEMORY CONFIGURATION

         name            origin    length      used     unused   attr    fill
----------------------  --------  ---------  --------  --------  ----  --------
  MAIN                  00000000   00040000  000011ce  0003ee32  R  X
  INFO                  00200000   00004000  00000000  00004000  R  X
  SRAM_CODE             01000000   00010000  000005a8  0000fa58  RW X
  SRAM_DATA             20000000   00010000  000005a8  0000fa58  RW  


SEGMENT ALLOCATION MAP

run origin  load origin   length   init length attrs members
----------  ----------- ---------- ----------- ----- -------
00000000    00000000    000011d4   000011d4    r-x
  00000000    00000000    000000e4   000000e4    r-- .intvecs
  000000e4    000000e4    00001022   00001022    r-x .text
  00001108    00001108    0000005c   0000005c    r-- .const
  00001168    00001168    0000006c   0000006c    r-- .cinit
20000000    20000000    000003a8   00000000    rw-
  20000000    20000000    0000035c   00000000    rw- .bss
  2000035c    2000035c    0000004c   00000000    rw- .data
2000fe00    2000fe00    00000200   00000000    rw-
  2000fe00    2000fe00    00000200   00000000    rw- .stack


SECTION ALLOCATION MAP

 output                                  attributes/
section   page    origin      length       input sections
--------  ----  ----------  ----------   ----------------
.intvecs   0    00000000    000000e4     
                  00000000    000000e4     startup_msp432p401r_ccs.obj (.intvecs:retain)

.binit     0    00000000    00000000     

.text      0    000000e4    00001022     
                  000000e4    0000037c     dht.obj (.text)
                  00000460    0000032c     system_msp432p401r.obj (.text)
                  0000078c    0000009c     msp432p4xx_driverlib.lib : cs.o (.text:CS_startHFXTWithTimeout)
                  00000828    0000009c                              : cs.o (.text:CS_startLFXTWithTimeout)
                  000008c4    0000009c     rtsv7M4_T_le_v4SPD16_eabi.lib : memcpy_t2.obj (.text)
                  00000960    00000084     realTimeClock.obj (.text)
                  000009e4    0000007a     rtsv7M4_T_le_v4SPD16_eabi.lib : memset_t2.obj (.text)
                  00000a5e    00000002                                   : mpu_init.obj (.text)
                  00000a60    00000070     msp432p4xx_driverlib.lib : cs.o (.text:_CSGetHFXTFrequency)
                  00000ad0    00000070     rtsv7M4_T_le_v4SPD16_eabi.lib : autoinit.obj (.text)
                  00000b40    0000006a                                   : copy_decompress_rle.obj (.text)
                  00000baa    00000002                                   : startup.obj (.text)
                  00000bac    00000064     msp432p4xx_driverlib.lib : interrupt.o (.text:Interrupt_enableInterrupt)
                  00000c10    00000064                              : rtc_c.o (.text:RTC_C_getCalendarTime)
                  00000c74    0000005c                              : rtc_c.o (.text:RTC_C_initCalendar)
                  00000cd0    0000005c     main.obj (.text)
                  00000d2c    00000054     rtsv7M4_T_le_v4SPD16_eabi.lib : boot.obj (.text)
                  00000d80    00000054                                   : exit.obj (.text)
                  00000dd4    00000050     msp432p4xx_driverlib.lib : rtc_c.o (.text:RTC_C_clearInterruptFlag)
                  00000e24    0000004c                              : gpio.o (.text:GPIO_setAsPeripheralModuleFunctionOutputPin)
                  00000e70    0000004c     rtsv7M4_T_le_v4SPD16_eabi.lib : cpy_tbl.obj (.text)
                  00000ebc    00000048     msp432p4xx_driverlib.lib : rtc_c.o (.text:RTC_C_getEnabledInterruptStatus)
                  00000f04    00000040                              : rtc_c.o (.text:RTC_C_enableInterrupt)
                  00000f44    0000002c                              : rtc_c.o (.text:RTC_C_getInterruptStatus)
                  00000f70    0000002c                              : rtc_c.o (.text:RTC_C_setCalendarEvent)
                  00000f9c    00000024                              : rtc_c.o (.text:RTC_C_startClock)
                  00000fc0    0000001c                              : rtc_c.o (.text:RTC_C_definePrescaleEvent)
                  00000fdc    00000018                              : gpio.o (.text:GPIO_getInputPinValue)
                  00000ff4    00000018                              : gpio.o (.text:GPIO_setOutputLowOnPin)
                  0000100c    00000018                              : wdt_a.o (.text:WDT_A_holdTimer)
                  00001024    00000018     rtsv7M4_T_le_v4SPD16_eabi.lib : args_main.obj (.text)
                  0000103c    00000014     msp432p4xx_driverlib.lib : cs.o (.text:CS_setExternalClockSourceFrequency)
                  00001050    00000014                              : gpio.o (.text:GPIO_setOutputHighOnPin)
                  00001064    00000014                              : interrupt.o (.text:Interrupt_enableSleepOnIsrExit)
                  00001078    00000014     rtsv7M4_T_le_v4SPD16_eabi.lib : _lock.obj (.text)
                  0000108c    00000010     msp432p4xx_driverlib.lib : interrupt.o (.text:Interrupt_enableMaster)
                  0000109c    00000010                              : sysctl.o (.text:SysCtl_disableNMISource)
                  000010ac    00000010                              : sysctl.o (.text:SysCtl_enableNMISource)
                  000010bc    0000000e     rtsv7M4_T_le_v4SPD16_eabi.lib : copy_decompress_none.obj (.text:decompress:none)
                  000010ca    0000000e     startup_msp432p401r_ccs.obj (.text)
                  000010d8    0000000c     msp432p4xx_driverlib.lib : cpu.o (.text:CPU_cpsie)
                  000010e4    0000000c                              : sysctl.o (.text:SysCtl_getNMISourceStatus)
                  000010f0    00000006                              : cs.o (.text:CS_startHFXT)
                  000010f6    00000006                              : cs.o (.text:CS_startLFXT)
                  000010fc    00000006     rtsv7M4_T_le_v4SPD16_eabi.lib : copy_decompress_rle.obj (.text:decompress:rle24)
                  00001102    00000004                                   : pre_init.obj (.text)

.const     0    00001108    0000005c     
                  00001108    00000040     msp432p4xx_driverlib.lib : interrupt.o (.const)
                  00001148    0000001c     realTimeClock.obj (.const:currentTime)

.cinit     0    00001168    0000006c     
                  00001168    00000048     (.cinit..data.load) [load image, compression = rle]
                  000011b0    0000000b     (.cinit..bss.load) [load image, compression = rle]
                  000011bb    00000001     --HOLE-- [fill = 0]
                  000011bc    00000008     (__TI_handler_table)
                  000011c4    00000010     (__TI_cinit_table)

.init_array 
*          0    00000000    00000000     UNINITIALIZED

.bss       0    20000000    0000035c     UNINITIALIZED
                  20000000    00000190     (.common:bitTable)
                  20000190    00000190     (.common:bitTime)
                  20000320    0000001c     realTimeClock.obj (.bss:newTime$1)
                  2000033c    00000004     (.common:bitCounter)
                  20000340    00000004     (.common:bitTimePrev)
                  20000344    00000004     (.common:currentBitTime)
                  20000348    00000004     (.common:hfxtFreq)
                  2000034c    00000004     (.common:humidity)
                  20000350    00000004     (.common:interruptFlag)
                  20000354    00000004     (.common:lfxtFreq)
                  20000358    00000004     (.common:temperature)

.data      0    2000035c    0000004c     UNINITIALIZED
                  2000035c    00000030     msp432p4xx_driverlib.lib : gpio.o (.data:GPIO_PORT_TO_BASE)
                  2000038c    0000000c     rtsv7M4_T_le_v4SPD16_eabi.lib : exit.obj (.data:$O1$$)
                  20000398    00000008                                   : _lock.obj (.data:$O1$$)
                  200003a0    00000004                                   : stkdepth_vars.obj (.data)
                  200003a4    00000004     system_msp432p401r.obj (.data)

.stack     0    2000fe00    00000200     UNINITIALIZED
                  2000fe00    00000200     --HOLE--

MODULE SUMMARY

       Module                        code   ro data   rw data
       ------                        ----   -------   -------
    .\
       dht.obj                       892    0         1640   
       system_msp432p401r.obj        812    0         8      
       startup_msp432p401r_ccs.obj   14     228       0      
       realTimeClock.obj             132    28        56     
       main.obj                      92     0         8      
    +--+-----------------------------+------+---------+---------+
       Total:                        1942   256       1712   
                                                             
    C:/ti/tirex-content/msp/msp432ware__3.50.00.02/driverlib/driverlib/MSP432P4xx/ccs/msp432p4xx_driverlib.lib
       rtc_c.o                       560    0         0      
       cs.o                          456    0         16     
       gpio.o                        144    0         96     
       interrupt.o                   136    64        0      
       sysctl.o                      44     0         0      
       wdt_a.o                       24     0         0      
       cpu.o                         12     0         0      
    +--+-----------------------------+------+---------+---------+
       Total:                        1376   64        112    
                                                             
    C:\Program Files (x86)\TI\ccsv6\tools\compiler\arm_15.12.3.LTS\lib\rtsv7M4_T_le_v4SPD16_eabi.lib
       memcpy_t2.obj                 156    0         0      
       memset_t2.obj                 122    0         0      
       autoinit.obj                  112    0         0      
       copy_decompress_rle.obj       112    0         0      
       exit.obj                      84     0         24     
       boot.obj                      84     0         0      
       cpy_tbl.obj                   76     0         0      
       _lock.obj                     20     0         16     
       args_main.obj                 24     0         0      
       copy_decompress_none.obj      14     0         0      
       stkdepth_vars.obj             0      0         8      
       pre_init.obj                  4      0         0      
       mpu_init.obj                  2      0         0      
       startup.obj                   2      0         0      
    +--+-----------------------------+------+---------+---------+
       Total:                        812    0         48     
                                                             
       Stack:                        0      0         1024   
       Linker Generated:             0      107       0      
    +--+-----------------------------+------+---------+---------+
       Grand Total:                  4130   427       2896   


LINKER GENERATED COPY TABLES

__TI_cinit_table @ 000011c4 records: 2, size/record: 8, table size: 16
	.data: load addr=00001168, load size=00000048 bytes, run addr=2000035c, run size=0000004c bytes, compression=rle
	.bss: load addr=000011b0, load size=0000000b bytes, run addr=20000000, run size=0000035c bytes, compression=rle


LINKER GENERATED HANDLER TABLE

__TI_handler_table @ 000011bc records: 2, size/record: 4, table size: 8
	index: 0, handler: __TI_decompress_rle24
	index: 1, handler: __TI_decompress_none


GLOBAL SYMBOLS: SORTED ALPHABETICALLY BY Name 

address   name                                       
-------   ----                                       
000010d7  ADC14_IRQHandler                           
000010d7  AES256_IRQHandler                          
000010d7  BusFault_Handler                           
00000d81  C$$EXIT                                    
000010d7  COMP_E0_IRQHandler                         
000010d7  COMP_E1_IRQHandler                         
000010d9  CPU_cpsie                                  
000010d7  CS_IRQHandler                              
0000103d  CS_setExternalClockSourceFrequency         
000010f1  CS_startHFXT                               
0000078d  CS_startHFXTWithTimeout                    
000010f7  CS_startLFXT                               
00000829  CS_startLFXTWithTimeout                    
000010d7  DMA_ERR_IRQHandler                         
000010d7  DMA_INT0_IRQHandler                        
000010d7  DMA_INT1_IRQHandler                        
000010d7  DMA_INT2_IRQHandler                        
000010d7  DMA_INT3_IRQHandler                        
000010d7  DebugMon_Handler                           
000010d7  Default_Handler                            
000010d7  EUSCIA0_IRQHandler                         
000010d7  EUSCIA1_IRQHandler                         
000010d7  EUSCIA2_IRQHandler                         
000010d7  EUSCIA3_IRQHandler                         
000010d7  EUSCIB0_IRQHandler                         
000010d7  EUSCIB1_IRQHandler                         
000010d7  EUSCIB2_IRQHandler                         
000010d7  EUSCIB3_IRQHandler                         
000010d7  FLCTL_IRQHandler                           
000010d7  FPU_IRQHandler                             
00000fdd  GPIO_getInputPinValue                      
00000e25  GPIO_setAsPeripheralModuleFunctionOutputPin
00001051  GPIO_setOutputHighOnPin                    
00000ff5  GPIO_setOutputLowOnPin                     
000010d7  HardFault_Handler                          
00000bad  Interrupt_enableInterrupt                  
0000108d  Interrupt_enableMaster                     
00001065  Interrupt_enableSleepOnIsrExit             
000010d7  MemManage_Handler                          
000010d7  NMI_Handler                                
000010d7  PCM_IRQHandler                             
000010d7  PORT1_IRQHandler                           
000010d7  PORT2_IRQHandler                           
000010d7  PORT3_IRQHandler                           
000010d7  PORT4_IRQHandler                           
0000033f  PORT5_IRQHandler                           
0000033f  PORT5_IRQHandler                           
000010d7  PORT6_IRQHandler                           
000010d7  PSS_IRQHandler                             
000010d7  PendSV_Handler                             
000009b3  RTC_C_IRQHandler                           
000009b3  RTC_C_IRQHandler                           
00000dd5  RTC_C_clearInterruptFlag                   
00000fc1  RTC_C_definePrescaleEvent                  
00000f05  RTC_C_enableInterrupt                      
00000c11  RTC_C_getCalendarTime                      
00000ebd  RTC_C_getEnabledInterruptStatus            
00000f45  RTC_C_getInterruptStatus                   
00000c75  RTC_C_initCalendar                         
00000f71  RTC_C_setCalendarEvent                     
00000f9d  RTC_C_startClock                           
000010cb  Reset_Handler                              
UNDEFED   SHT$$INIT_ARRAY$$Base                      
UNDEFED   SHT$$INIT_ARRAY$$Limit                     
000010d7  SVC_Handler                                
0000109d  SysCtl_disableNMISource                    
000010ad  SysCtl_enableNMISource                     
000010e5  SysCtl_getNMISourceStatus                  
00000407  SysTick_Handler                            
00000407  SysTick_Handler                            
200003a4  SystemCoreClock                            
00000461  SystemCoreClockUpdate                      
000006d5  SystemInit                                 
000010d7  T32_INT1_IRQHandler                        
000010d7  T32_INT2_IRQHandler                        
000010d7  T32_INTC_IRQHandler                        
000010d7  TA0_0_IRQHandler                           
000010d7  TA0_N_IRQHandler                           
000010d7  TA1_0_IRQHandler                           
000010d7  TA1_N_IRQHandler                           
000010d7  TA2_0_IRQHandler                           
000010d7  TA2_N_IRQHandler                           
000010d7  TA3_0_IRQHandler                           
000010d7  TA3_N_IRQHandler                           
000010d7  UsageFault_Handler                         
4000480c  WDTCTL_SYM                                 
000010d7  WDT_A_IRQHandler                           
0000100d  WDT_A_holdTimer                            
20010000  __STACK_END                                
00000200  __STACK_SIZE                               
000011c4  __TI_CINIT_Base                            
000011d4  __TI_CINIT_Limit                           
000011bc  __TI_Handler_Table_Base                    
000011c4  __TI_Handler_Table_Limit                   
00000ad1  __TI_auto_init                             
2000038c  __TI_cleanup_ptr                           
000010bd  __TI_decompress_none                       
000010fd  __TI_decompress_rle24                      
20000390  __TI_dtors_ptr                             
20000394  __TI_enable_exit_profile_output            
ffffffff  __TI_pprof_out_hndl                        
ffffffff  __TI_prof_data_size                        
ffffffff  __TI_prof_data_start                       
00000000  __TI_static_base__                         
000009e5  __aeabi_memclr                             
000009e5  __aeabi_memclr4                            
000009e5  __aeabi_memclr8                            
000008c5  __aeabi_memcpy                             
000008c5  __aeabi_memcpy4                            
000008c5  __aeabi_memcpy8                            
000009e7  __aeabi_memset                             
000009e7  __aeabi_memset4                            
000009e7  __aeabi_memset8                            
ffffffff  __binit__                                  
ffffffff  __c_args__                                 
00000a5f  __mpu_init                                 
2000fe00  __stack                                    
00001025  _args_main                                 
00000d2d  _c_int00                                   
20000398  _lock                                      
00001087  _nop                                       
0000107f  _register_lock                             
00001079  _register_unlock                           
00000bab  _system_post_cinit                         
00001103  _system_pre_init                           
2000039c  _unlock                                    
00000d85  abort                                      
ffffffff  binit                                      
2000033c  bitCounter                                 
20000000  bitTable                                   
20000190  bitTime                                    
20000340  bitTimePrev                                
00000329  configureDHT                               
000000e5  configurePorts                             
00000e71  copy_in                                    
20000344  currentBitTime                             
00001148  currentTime                                
00000d8d  exit                                       
000002e1  getDHTPin                                  
2000034c  humidity                                   
000001e5  initMCU                                    
00000255  initTimer                                  
20000350  interruptFlag                              
00000000  interruptVectors                           
00000cd1  main                                       
200003a0  main_func_sp                               
000008c5  memcpy                                     
000009ed  memset                                     
000002ed  readDHT                                    
00000961  rtcConfig                                  
00000289  setDHTAsInput                              
000002b7  setDHTAsOutput                             
000002c9  setDHTHigh                                 
000002d5  setDHTLow                                  
20000358  temperature                                


GLOBAL SYMBOLS: SORTED BY Symbol Address 

address   name                                       
-------   ----                                       
00000000  __TI_static_base__                         
00000000  interruptVectors                           
000000e5  configurePorts                             
000001e5  initMCU                                    
00000200  __STACK_SIZE                               
00000255  initTimer                                  
00000289  setDHTAsInput                              
000002b7  setDHTAsOutput                             
000002c9  setDHTHigh                                 
000002d5  setDHTLow                                  
000002e1  getDHTPin                                  
000002ed  readDHT                                    
00000329  configureDHT                               
0000033f  PORT5_IRQHandler                           
0000033f  PORT5_IRQHandler                           
00000407  SysTick_Handler                            
00000407  SysTick_Handler                            
00000461  SystemCoreClockUpdate                      
000006d5  SystemInit                                 
0000078d  CS_startHFXTWithTimeout                    
00000829  CS_startLFXTWithTimeout                    
000008c5  __aeabi_memcpy                             
000008c5  __aeabi_memcpy4                            
000008c5  __aeabi_memcpy8                            
000008c5  memcpy                                     
00000961  rtcConfig                                  
000009b3  RTC_C_IRQHandler                           
000009b3  RTC_C_IRQHandler                           
000009e5  __aeabi_memclr                             
000009e5  __aeabi_memclr4                            
000009e5  __aeabi_memclr8                            
000009e7  __aeabi_memset                             
000009e7  __aeabi_memset4                            
000009e7  __aeabi_memset8                            
000009ed  memset                                     
00000a5f  __mpu_init                                 
00000ad1  __TI_auto_init                             
00000bab  _system_post_cinit                         
00000bad  Interrupt_enableInterrupt                  
00000c11  RTC_C_getCalendarTime                      
00000c75  RTC_C_initCalendar                         
00000cd1  main                                       
00000d2d  _c_int00                                   
00000d81  C$$EXIT                                    
00000d85  abort                                      
00000d8d  exit                                       
00000dd5  RTC_C_clearInterruptFlag                   
00000e25  GPIO_setAsPeripheralModuleFunctionOutputPin
00000e71  copy_in                                    
00000ebd  RTC_C_getEnabledInterruptStatus            
00000f05  RTC_C_enableInterrupt                      
00000f45  RTC_C_getInterruptStatus                   
00000f71  RTC_C_setCalendarEvent                     
00000f9d  RTC_C_startClock                           
00000fc1  RTC_C_definePrescaleEvent                  
00000fdd  GPIO_getInputPinValue                      
00000ff5  GPIO_setOutputLowOnPin                     
0000100d  WDT_A_holdTimer                            
00001025  _args_main                                 
0000103d  CS_setExternalClockSourceFrequency         
00001051  GPIO_setOutputHighOnPin                    
00001065  Interrupt_enableSleepOnIsrExit             
00001079  _register_unlock                           
0000107f  _register_lock                             
00001087  _nop                                       
0000108d  Interrupt_enableMaster                     
0000109d  SysCtl_disableNMISource                    
000010ad  SysCtl_enableNMISource                     
000010bd  __TI_decompress_none                       
000010cb  Reset_Handler                              
000010d7  ADC14_IRQHandler                           
000010d7  AES256_IRQHandler                          
000010d7  BusFault_Handler                           
000010d7  COMP_E0_IRQHandler                         
000010d7  COMP_E1_IRQHandler                         
000010d7  CS_IRQHandler                              
000010d7  DMA_ERR_IRQHandler                         
000010d7  DMA_INT0_IRQHandler                        
000010d7  DMA_INT1_IRQHandler                        
000010d7  DMA_INT2_IRQHandler                        
000010d7  DMA_INT3_IRQHandler                        
000010d7  DebugMon_Handler                           
000010d7  Default_Handler                            
000010d7  EUSCIA0_IRQHandler                         
000010d7  EUSCIA1_IRQHandler                         
000010d7  EUSCIA2_IRQHandler                         
000010d7  EUSCIA3_IRQHandler                         
000010d7  EUSCIB0_IRQHandler                         
000010d7  EUSCIB1_IRQHandler                         
000010d7  EUSCIB2_IRQHandler                         
000010d7  EUSCIB3_IRQHandler                         
000010d7  FLCTL_IRQHandler                           
000010d7  FPU_IRQHandler                             
000010d7  HardFault_Handler                          
000010d7  MemManage_Handler                          
000010d7  NMI_Handler                                
000010d7  PCM_IRQHandler                             
000010d7  PORT1_IRQHandler                           
000010d7  PORT2_IRQHandler                           
000010d7  PORT3_IRQHandler                           
000010d7  PORT4_IRQHandler                           
000010d7  PORT6_IRQHandler                           
000010d7  PSS_IRQHandler                             
000010d7  PendSV_Handler                             
000010d7  SVC_Handler                                
000010d7  T32_INT1_IRQHandler                        
000010d7  T32_INT2_IRQHandler                        
000010d7  T32_INTC_IRQHandler                        
000010d7  TA0_0_IRQHandler                           
000010d7  TA0_N_IRQHandler                           
000010d7  TA1_0_IRQHandler                           
000010d7  TA1_N_IRQHandler                           
000010d7  TA2_0_IRQHandler                           
000010d7  TA2_N_IRQHandler                           
000010d7  TA3_0_IRQHandler                           
000010d7  TA3_N_IRQHandler                           
000010d7  UsageFault_Handler                         
000010d7  WDT_A_IRQHandler                           
000010d9  CPU_cpsie                                  
000010e5  SysCtl_getNMISourceStatus                  
000010f1  CS_startHFXT                               
000010f7  CS_startLFXT                               
000010fd  __TI_decompress_rle24                      
00001103  _system_pre_init                           
00001148  currentTime                                
000011bc  __TI_Handler_Table_Base                    
000011c4  __TI_CINIT_Base                            
000011c4  __TI_Handler_Table_Limit                   
000011d4  __TI_CINIT_Limit                           
20000000  bitTable                                   
20000190  bitTime                                    
2000033c  bitCounter                                 
20000340  bitTimePrev                                
20000344  currentBitTime                             
2000034c  humidity                                   
20000350  interruptFlag                              
20000358  temperature                                
2000038c  __TI_cleanup_ptr                           
20000390  __TI_dtors_ptr                             
20000394  __TI_enable_exit_profile_output            
20000398  _lock                                      
2000039c  _unlock                                    
200003a0  main_func_sp                               
200003a4  SystemCoreClock                            
2000fe00  __stack                                    
20010000  __STACK_END                                
4000480c  WDTCTL_SYM                                 
ffffffff  __TI_pprof_out_hndl                        
ffffffff  __TI_prof_data_size                        
ffffffff  __TI_prof_data_start                       
ffffffff  __binit__                                  
ffffffff  __c_args__                                 
ffffffff  binit                                      
UNDEFED   SHT$$INIT_ARRAY$$Base                      
UNDEFED   SHT$$INIT_ARRAY$$Limit                     

[155 symbols]
