******************************************************************************
                  TI ARM Linker PC v15.12.3                    
******************************************************************************
>> Linked Wed Mar 08 17:12:34 2017

OUTPUT FILE NAME:   <I2cCommunicationProtocol.out>
ENTRY POINT SYMBOL: "_c_int00"  address: 00000a05


MEMORY CONFIGURATION

         name            origin    length      used     unused   attr    fill
----------------------  --------  ---------  --------  --------  ----  --------
  MAIN                  00000000   00040000  00000ee8  0003f118  R  X
  INFO                  00200000   00004000  00000000  00004000  R  X
  SRAM_CODE             01000000   00010000  00000251  0000fdaf  RW X
  SRAM_DATA             20000000   00010000  00000251  0000fdaf  RW  


SEGMENT ALLOCATION MAP

run origin  load origin   length   init length attrs members
----------  ----------- ---------- ----------- ----- -------
00000000    00000000    00000eec   00000eec    r-x
  00000000    00000000    000000e4   000000e4    r-- .intvecs
  000000e4    000000e4    00000d60   00000d60    r-x .text
  00000e44    00000e44    00000038   00000038    r-- .const
  00000e80    00000e80    0000006c   0000006c    r-- .cinit
20000000    20000000    00000051   00000000    rw-
  20000000    20000000    0000004c   00000000    rw- .data
  2000004c    2000004c    00000005   00000000    rw- .bss
2000fe00    2000fe00    00000200   00000000    rw-
  2000fe00    2000fe00    00000200   00000000    rw- .stack


SECTION ALLOCATION MAP

 output                                  attributes/
section   page    origin      length       input sections
--------  ----  ----------  ----------   ----------------
.intvecs   0    00000000    000000e4     
                  00000000    000000e4     startup_msp432p401r_ccs.obj (.intvecs:retain)

.binit     0    00000000    00000000     

.text      0    000000e4    00000d60     
                  000000e4    0000032c     system_msp432p401r.obj (.text)
                  00000410    00000140     uart.obj (.text)
                  00000550    000000fc     rtsv7M4_T_le_v4SPD16_eabi.lib : fd_mul_t2.obj (.text)
                  0000064c    000000ac     i2c.obj (.text)
                  000006f8    0000009c     rtsv7M4_T_le_v4SPD16_eabi.lib : memcpy_t2.obj (.text)
                  00000794    00000094     msp432p4xx_driverlib.lib : uart.o (.text:UART_initModule)
                  00000828    00000084     lightSensor.obj (.text)
                  000008ac    0000007a     rtsv7M4_T_le_v4SPD16_eabi.lib : memset_t2.obj (.text)
                  00000926    00000002                                   : mpu_init.obj (.text)
                  00000928    00000070                                   : autoinit.obj (.text)
                  00000998    0000006a                                   : copy_decompress_rle.obj (.text)
                  00000a02    00000002                                   : startup.obj (.text)
                  00000a04    00000054                                   : boot.obj (.text)
                  00000a58    00000054                                   : exit.obj (.text)
                  00000aac    00000050     msp432p4xx_driverlib.lib : i2c.o (.text:I2C_masterSendSingleByte)
                  00000afc    00000050     main.obj (.text)
                  00000b4c    0000004c     rtsv7M4_T_le_v4SPD16_eabi.lib : cpy_tbl.obj (.text)
                  00000b98    00000048     msp432p4xx_driverlib.lib : gpio.o (.text:GPIO_setAsPeripheralModuleFunctionInputPin)
                  00000be0    00000044     rtsv7M4_T_le_v4SPD16_eabi.lib : fd_tou_t2.obj (.text)
                  00000c24    0000003e     msp432p4xx_driverlib.lib : i2c.o (.text:I2C_initMaster)
                  00000c62    00000002     --HOLE-- [fill = 0]
                  00000c64    00000038                              : i2c.o (.text:I2C_masterSendMultiByteStart)
                  00000c9c    00000030                              : i2c.o (.text:I2C_masterReceiveSingleByte)
                  00000ccc    00000030                              : i2c.o (.text:I2C_masterSendMultiByteStop)
                  00000cfc    00000024                              : cs.o (.text:CS_setDCOCenteredFrequency)
                  00000d20    00000024                              : i2c.o (.text:I2C_masterSendMultiByteNext)
                  00000d44    00000024                              : uart.o (.text:UART_transmitData)
                  00000d68    00000020     rtsv7M4_T_le_v4SPD16_eabi.lib : u_tofd_t2.obj (.text)
                  00000d88    00000018     msp432p4xx_driverlib.lib : wdt_a.o (.text:WDT_A_holdTimer)
                  00000da0    00000018     rtsv7M4_T_le_v4SPD16_eabi.lib : args_main.obj (.text)
                  00000db8    00000014     msp432p4xx_driverlib.lib : i2c.o (.text:I2C_isBusBusy)
                  00000dcc    00000014     rtsv7M4_T_le_v4SPD16_eabi.lib : _lock.obj (.text)
                  00000de0    00000014                                   : strlen.obj (.text)
                  00000df4    0000000e     msp432p4xx_driverlib.lib : i2c.o (.text:I2C_setMode)
                  00000e02    0000000e     rtsv7M4_T_le_v4SPD16_eabi.lib : copy_decompress_none.obj (.text:decompress:none)
                  00000e10    0000000e     startup_msp432p401r_ccs.obj (.text)
                  00000e1e    0000000c     msp432p4xx_driverlib.lib : i2c.o (.text:I2C_enableModule)
                  00000e2a    0000000c                              : uart.o (.text:UART_enableModule)
                  00000e36    00000006     rtsv7M4_T_le_v4SPD16_eabi.lib : copy_decompress_rle.obj (.text:decompress:rle24)
                  00000e3c    00000004     msp432p4xx_driverlib.lib : i2c.o (.text:I2C_setSlaveAddress)
                  00000e40    00000004     rtsv7M4_T_le_v4SPD16_eabi.lib : pre_init.obj (.text)

.const     0    00000e44    00000038     
                  00000e44    00000024     uart.obj (.const:uartConfig)
                  00000e68    00000014     i2c.obj (.const:i2cConfig)

.cinit     0    00000e80    0000006c     
                  00000e80    00000048     (.cinit..data.load) [load image, compression = rle]
                  00000ec8    00000009     (.cinit..bss.load) [load image, compression = rle]
                  00000ed1    00000003     --HOLE-- [fill = 0]
                  00000ed4    00000008     (__TI_handler_table)
                  00000edc    00000010     (__TI_cinit_table)

.init_array 
*          0    00000000    00000000     UNINITIALIZED

.data      0    20000000    0000004c     UNINITIALIZED
                  20000000    00000030     msp432p4xx_driverlib.lib : gpio.o (.data:GPIO_PORT_TO_BASE)
                  20000030    0000000c     rtsv7M4_T_le_v4SPD16_eabi.lib : exit.obj (.data:$O1$$)
                  2000003c    00000008                                   : _lock.obj (.data:$O1$$)
                  20000044    00000004                                   : stkdepth_vars.obj (.data)
                  20000048    00000004     system_msp432p401r.obj (.data)

.bss       0    2000004c    00000005     UNINITIALIZED
                  2000004c    00000004     (.common:i)
                  20000050    00000001     i2c.obj (.bss)

.stack     0    2000fe00    00000200     UNINITIALIZED
                  2000fe00    00000200     --HOLE--

MODULE SUMMARY

       Module                        code   ro data   rw data
       ------                        ----   -------   -------
    .\
       system_msp432p401r.obj        812    0         8      
       uart.obj                      320    36        8      
       startup_msp432p401r_ccs.obj   14     228       0      
       i2c.obj                       172    20        2      
       lightSensor.obj               132    0         0      
       main.obj                      80     0         0      
    +--+-----------------------------+------+---------+---------+
       Total:                        1530   284       18     
                                                             
    C:/ti/tirex-content/msp/msp432ware__3.50.00.02/driverlib/driverlib/MSP432P4xx/ccs/msp432p4xx_driverlib.lib
       i2c.o                         380    0         0      
       uart.o                        196    0         0      
       gpio.o                        72     0         96     
       cs.o                          36     0         0      
       wdt_a.o                       24     0         0      
    +--+-----------------------------+------+---------+---------+
       Total:                        708    0         96     
                                                             
    C:\Program Files (x86)\TI\ccsv6\tools\compiler\arm_15.12.3.LTS\lib\rtsv7M4_T_le_v4SPD16_eabi.lib
       fd_mul_t2.obj                 252    0         0      
       memcpy_t2.obj                 156    0         0      
       memset_t2.obj                 122    0         0      
       autoinit.obj                  112    0         0      
       copy_decompress_rle.obj       112    0         0      
       exit.obj                      84     0         24     
       boot.obj                      84     0         0      
       cpy_tbl.obj                   76     0         0      
       fd_tou_t2.obj                 68     0         0      
       _lock.obj                     20     0         16     
       u_tofd_t2.obj                 32     0         0      
       args_main.obj                 24     0         0      
       strlen.obj                    20     0         0      
       copy_decompress_none.obj      14     0         0      
       stkdepth_vars.obj             0      0         8      
       pre_init.obj                  4      0         0      
       mpu_init.obj                  2      0         0      
       startup.obj                   2      0         0      
    +--+-----------------------------+------+---------+---------+
       Total:                        1184   0         48     
                                                             
       Stack:                        0      0         1024   
       Linker Generated:             0      105       0      
    +--+-----------------------------+------+---------+---------+
       Grand Total:                  3422   389       1186   


LINKER GENERATED COPY TABLES

__TI_cinit_table @ 00000edc records: 2, size/record: 8, table size: 16
	.data: load addr=00000e80, load size=00000048 bytes, run addr=20000000, run size=0000004c bytes, compression=rle
	.bss: load addr=00000ec8, load size=00000009 bytes, run addr=2000004c, run size=00000005 bytes, compression=rle


LINKER GENERATED HANDLER TABLE

__TI_handler_table @ 00000ed4 records: 2, size/record: 4, table size: 8
	index: 0, handler: __TI_decompress_rle24
	index: 1, handler: __TI_decompress_none


GLOBAL SYMBOLS: SORTED ALPHABETICALLY BY Name 

address   name                                      
-------   ----                                      
00000e1d  ADC14_IRQHandler                          
00000e1d  AES256_IRQHandler                         
00000829  ALSensorConfigure                         
0000083d  ALSensorReadData                          
00000e1d  BusFault_Handler                          
00000a59  C$$EXIT                                   
00000e1d  COMP_E0_IRQHandler                        
00000e1d  COMP_E1_IRQHandler                        
00000e1d  CS_IRQHandler                             
00000cfd  CS_setDCOCenteredFrequency                
00000e1d  DMA_ERR_IRQHandler                        
00000e1d  DMA_INT0_IRQHandler                       
00000e1d  DMA_INT1_IRQHandler                       
00000e1d  DMA_INT2_IRQHandler                       
00000e1d  DMA_INT3_IRQHandler                       
00000e1d  DebugMon_Handler                          
00000e1d  Default_Handler                           
00000e1d  EUSCIA0_IRQHandler                        
00000e1d  EUSCIA1_IRQHandler                        
00000e1d  EUSCIA2_IRQHandler                        
00000e1d  EUSCIA3_IRQHandler                        
00000e1d  EUSCIB0_IRQHandler                        
00000e1d  EUSCIB1_IRQHandler                        
00000e1d  EUSCIB2_IRQHandler                        
00000e1d  EUSCIB3_IRQHandler                        
00000e1d  FLCTL_IRQHandler                          
00000e1d  FPU_IRQHandler                            
00000b99  GPIO_setAsPeripheralModuleFunctionInputPin
00000e1d  HardFault_Handler                         
00000e1f  I2C_enableModule                          
00000c25  I2C_initMaster                            
00000db9  I2C_isBusBusy                             
00000c9d  I2C_masterReceiveSingleByte               
00000d21  I2C_masterSendMultiByteNext               
00000c65  I2C_masterSendMultiByteStart              
00000ccd  I2C_masterSendMultiByteStop               
00000aad  I2C_masterSendSingleByte                  
00000df5  I2C_setMode                               
00000e3d  I2C_setSlaveAddress                       
00000e1d  MemManage_Handler                         
00000e1d  NMI_Handler                               
00000e1d  PCM_IRQHandler                            
00000e1d  PORT1_IRQHandler                          
00000e1d  PORT2_IRQHandler                          
00000e1d  PORT3_IRQHandler                          
00000e1d  PORT4_IRQHandler                          
00000e1d  PORT5_IRQHandler                          
00000e1d  PORT6_IRQHandler                          
00000e1d  PSS_IRQHandler                            
00000e1d  PendSV_Handler                            
00000e1d  RTC_C_IRQHandler                          
00000e11  Reset_Handler                             
UNDEFED   SHT$$INIT_ARRAY$$Base                     
UNDEFED   SHT$$INIT_ARRAY$$Limit                    
00000e1d  SVC_Handler                               
00000e1d  SysTick_Handler                           
20000048  SystemCoreClock                           
000000e5  SystemCoreClockUpdate                     
00000359  SystemInit                                
00000e1d  T32_INT1_IRQHandler                       
00000e1d  T32_INT2_IRQHandler                       
00000e1d  T32_INTC_IRQHandler                       
00000e1d  TA0_0_IRQHandler                          
00000e1d  TA0_N_IRQHandler                          
00000e1d  TA1_0_IRQHandler                          
00000e1d  TA1_N_IRQHandler                          
00000e1d  TA2_0_IRQHandler                          
00000e1d  TA2_N_IRQHandler                          
00000e1d  TA3_0_IRQHandler                          
00000e1d  TA3_N_IRQHandler                          
00000e2b  UART_enableModule                         
00000795  UART_initModule                           
00000d45  UART_transmitData                         
00000e1d  UsageFault_Handler                        
4000480c  WDTCTL_SYM                                
00000e1d  WDT_A_IRQHandler                          
00000d89  WDT_A_holdTimer                           
20010000  __STACK_END                               
00000200  __STACK_SIZE                              
00000edc  __TI_CINIT_Base                           
00000eec  __TI_CINIT_Limit                          
00000ed4  __TI_Handler_Table_Base                   
00000edc  __TI_Handler_Table_Limit                  
00000929  __TI_auto_init                            
20000030  __TI_cleanup_ptr                          
00000e03  __TI_decompress_none                      
00000e37  __TI_decompress_rle24                     
20000034  __TI_dtors_ptr                            
20000038  __TI_enable_exit_profile_output           
ffffffff  __TI_pprof_out_hndl                       
ffffffff  __TI_prof_data_size                       
ffffffff  __TI_prof_data_start                      
00000000  __TI_static_base__                        
00000be1  __aeabi_d2uiz                             
00000551  __aeabi_dmul                              
000008ad  __aeabi_memclr                            
000008ad  __aeabi_memclr4                           
000008ad  __aeabi_memclr8                           
000006f9  __aeabi_memcpy                            
000006f9  __aeabi_memcpy4                           
000006f9  __aeabi_memcpy8                           
000008af  __aeabi_memset                            
000008af  __aeabi_memset4                           
000008af  __aeabi_memset8                           
00000d69  __aeabi_ui2d                              
ffffffff  __binit__                                 
ffffffff  __c_args__                                
00000927  __mpu_init                                
2000fe00  __stack                                   
00000da1  _args_main                                
00000a05  _c_int00                                  
2000003c  _lock                                     
00000ddb  _nop                                      
00000dd3  _register_lock                            
00000dcd  _register_unlock                          
00000a03  _system_post_cinit                        
00000e41  _system_pre_init                          
20000040  _unlock                                   
00000a5d  abort                                     
ffffffff  binit                                     
00000b4d  copy_in                                   
00000a65  exit                                      
2000004c  i                                         
00000e68  i2cConfig                                 
0000069f  i2cReadwithParam                          
00000679  i2cWritewithParam                         
0000064d  initI2C                                   
00000411  initUART                                  
00000489  intToString                               
00000000  interruptVectors                          
00000b21  main                                      
20000044  main_func_sp                              
000006f9  memcpy                                    
000008b5  memset                                    
00000afd  ownDelay                                  
00000435  reverse                                   
00000527  sendInt                                   
000004ed  sendString                                
00000de1  strlen                                    
00000e44  uartConfig                                


GLOBAL SYMBOLS: SORTED BY Symbol Address 

address   name                                      
-------   ----                                      
00000000  __TI_static_base__                        
00000000  interruptVectors                          
000000e5  SystemCoreClockUpdate                     
00000200  __STACK_SIZE                              
00000359  SystemInit                                
00000411  initUART                                  
00000435  reverse                                   
00000489  intToString                               
000004ed  sendString                                
00000527  sendInt                                   
00000551  __aeabi_dmul                              
0000064d  initI2C                                   
00000679  i2cWritewithParam                         
0000069f  i2cReadwithParam                          
000006f9  __aeabi_memcpy                            
000006f9  __aeabi_memcpy4                           
000006f9  __aeabi_memcpy8                           
000006f9  memcpy                                    
00000795  UART_initModule                           
00000829  ALSensorConfigure                         
0000083d  ALSensorReadData                          
000008ad  __aeabi_memclr                            
000008ad  __aeabi_memclr4                           
000008ad  __aeabi_memclr8                           
000008af  __aeabi_memset                            
000008af  __aeabi_memset4                           
000008af  __aeabi_memset8                           
000008b5  memset                                    
00000927  __mpu_init                                
00000929  __TI_auto_init                            
00000a03  _system_post_cinit                        
00000a05  _c_int00                                  
00000a59  C$$EXIT                                   
00000a5d  abort                                     
00000a65  exit                                      
00000aad  I2C_masterSendSingleByte                  
00000afd  ownDelay                                  
00000b21  main                                      
00000b4d  copy_in                                   
00000b99  GPIO_setAsPeripheralModuleFunctionInputPin
00000be1  __aeabi_d2uiz                             
00000c25  I2C_initMaster                            
00000c65  I2C_masterSendMultiByteStart              
00000c9d  I2C_masterReceiveSingleByte               
00000ccd  I2C_masterSendMultiByteStop               
00000cfd  CS_setDCOCenteredFrequency                
00000d21  I2C_masterSendMultiByteNext               
00000d45  UART_transmitData                         
00000d69  __aeabi_ui2d                              
00000d89  WDT_A_holdTimer                           
00000da1  _args_main                                
00000db9  I2C_isBusBusy                             
00000dcd  _register_unlock                          
00000dd3  _register_lock                            
00000ddb  _nop                                      
00000de1  strlen                                    
00000df5  I2C_setMode                               
00000e03  __TI_decompress_none                      
00000e11  Reset_Handler                             
00000e1d  ADC14_IRQHandler                          
00000e1d  AES256_IRQHandler                         
00000e1d  BusFault_Handler                          
00000e1d  COMP_E0_IRQHandler                        
00000e1d  COMP_E1_IRQHandler                        
00000e1d  CS_IRQHandler                             
00000e1d  DMA_ERR_IRQHandler                        
00000e1d  DMA_INT0_IRQHandler                       
00000e1d  DMA_INT1_IRQHandler                       
00000e1d  DMA_INT2_IRQHandler                       
00000e1d  DMA_INT3_IRQHandler                       
00000e1d  DebugMon_Handler                          
00000e1d  Default_Handler                           
00000e1d  EUSCIA0_IRQHandler                        
00000e1d  EUSCIA1_IRQHandler                        
00000e1d  EUSCIA2_IRQHandler                        
00000e1d  EUSCIA3_IRQHandler                        
00000e1d  EUSCIB0_IRQHandler                        
00000e1d  EUSCIB1_IRQHandler                        
00000e1d  EUSCIB2_IRQHandler                        
00000e1d  EUSCIB3_IRQHandler                        
00000e1d  FLCTL_IRQHandler                          
00000e1d  FPU_IRQHandler                            
00000e1d  HardFault_Handler                         
00000e1d  MemManage_Handler                         
00000e1d  NMI_Handler                               
00000e1d  PCM_IRQHandler                            
00000e1d  PORT1_IRQHandler                          
00000e1d  PORT2_IRQHandler                          
00000e1d  PORT3_IRQHandler                          
00000e1d  PORT4_IRQHandler                          
00000e1d  PORT5_IRQHandler                          
00000e1d  PORT6_IRQHandler                          
00000e1d  PSS_IRQHandler                            
00000e1d  PendSV_Handler                            
00000e1d  RTC_C_IRQHandler                          
00000e1d  SVC_Handler                               
00000e1d  SysTick_Handler                           
00000e1d  T32_INT1_IRQHandler                       
00000e1d  T32_INT2_IRQHandler                       
00000e1d  T32_INTC_IRQHandler                       
00000e1d  TA0_0_IRQHandler                          
00000e1d  TA0_N_IRQHandler                          
00000e1d  TA1_0_IRQHandler                          
00000e1d  TA1_N_IRQHandler                          
00000e1d  TA2_0_IRQHandler                          
00000e1d  TA2_N_IRQHandler                          
00000e1d  TA3_0_IRQHandler                          
00000e1d  TA3_N_IRQHandler                          
00000e1d  UsageFault_Handler                        
00000e1d  WDT_A_IRQHandler                          
00000e1f  I2C_enableModule                          
00000e2b  UART_enableModule                         
00000e37  __TI_decompress_rle24                     
00000e3d  I2C_setSlaveAddress                       
00000e41  _system_pre_init                          
00000e44  uartConfig                                
00000e68  i2cConfig                                 
00000ed4  __TI_Handler_Table_Base                   
00000edc  __TI_CINIT_Base                           
00000edc  __TI_Handler_Table_Limit                  
00000eec  __TI_CINIT_Limit                          
20000030  __TI_cleanup_ptr                          
20000034  __TI_dtors_ptr                            
20000038  __TI_enable_exit_profile_output           
2000003c  _lock                                     
20000040  _unlock                                   
20000044  main_func_sp                              
20000048  SystemCoreClock                           
2000004c  i                                         
2000fe00  __stack                                   
20010000  __STACK_END                               
4000480c  WDTCTL_SYM                                
ffffffff  __TI_pprof_out_hndl                       
ffffffff  __TI_prof_data_size                       
ffffffff  __TI_prof_data_start                      
ffffffff  __binit__                                 
ffffffff  __c_args__                                
ffffffff  binit                                     
UNDEFED   SHT$$INIT_ARRAY$$Base                     
UNDEFED   SHT$$INIT_ARRAY$$Limit                    

[140 symbols]
