******************************************************************************
                  TI ARM Linker PC v15.12.3                    
******************************************************************************
>> Linked Mon Mar 06 17:26:49 2017

OUTPUT FILE NAME:   <I2cCommunicationProtocol.out>
ENTRY POINT SYMBOL: "_c_int00"  address: 00000909


MEMORY CONFIGURATION

         name            origin    length      used     unused   attr    fill
----------------------  --------  ---------  --------  --------  ----  --------
  MAIN                  00000000   00040000  00000d38  0003f2c8  R  X
  INFO                  00200000   00004000  00000000  00004000  R  X
  SRAM_CODE             01000000   00010000  00000251  0000fdaf  RW X
  SRAM_DATA             20000000   00010000  00000251  0000fdaf  RW  


SEGMENT ALLOCATION MAP

run origin  load origin   length   init length attrs members
----------  ----------- ---------- ----------- ----- -------
00000000    00000000    00000d3c   00000d3c    r-x
  00000000    00000000    000000e4   000000e4    r-- .intvecs
  000000e4    000000e4    00000bb0   00000bb0    r-x .text
  00000c94    00000c94    00000038   00000038    r-- .const
  00000cd0    00000cd0    0000006c   0000006c    r-- .cinit
20000000    20000000    00000051   00000000    rw-
  20000000    20000000    0000004c   00000000    rw- .data
  2000004c    2000004c    00000005   00000000    rw- .bss
2000fe00    2000fe00    00000200   00000000    rw-
  2000fe00    2000fe00    00000200   00000000    rw- .stack


SECTION ALLOCATION MAP

 output                                  attributes/
section   page    origin      length       input sections
--------  ----  ----------  ----------   ----------------
.intvecs   0    00000000    000000e4     
                  00000000    000000e4     startup_msp432p401r_ccs.obj (.intvecs:retain)

.binit     0    00000000    00000000     

.text      0    000000e4    00000bb0     
                  000000e4    0000032c     system_msp432p401r.obj (.text)
                  00000410    00000270     main.obj (.text)
                  00000680    0000009c     rtsv7M4_T_le_v4SPD16_eabi.lib : memcpy_t2.obj (.text)
                  0000071c    00000094     msp432p4xx_driverlib.lib : uart.o (.text:UART_initModule)
                  000007b0    0000007a     rtsv7M4_T_le_v4SPD16_eabi.lib : memset_t2.obj (.text)
                  0000082a    00000002                                   : mpu_init.obj (.text)
                  0000082c    00000070                                   : autoinit.obj (.text)
                  0000089c    0000006a                                   : copy_decompress_rle.obj (.text)
                  00000906    00000002                                   : startup.obj (.text)
                  00000908    00000054                                   : boot.obj (.text)
                  0000095c    00000054                                   : exit.obj (.text)
                  000009b0    00000050     msp432p4xx_driverlib.lib : i2c.o (.text:I2C_masterSendSingleByte)
                  00000a00    0000004c     rtsv7M4_T_le_v4SPD16_eabi.lib : cpy_tbl.obj (.text)
                  00000a4c    00000048     msp432p4xx_driverlib.lib : gpio.o (.text:GPIO_setAsPeripheralModuleFunctionInputPin)
                  00000a94    0000003e                              : i2c.o (.text:I2C_initMaster)
                  00000ad2    00000002     --HOLE-- [fill = 0]
                  00000ad4    00000038                              : i2c.o (.text:I2C_masterSendMultiByteStart)
                  00000b0c    00000030                              : i2c.o (.text:I2C_masterReceiveSingleByte)
                  00000b3c    00000030                              : i2c.o (.text:I2C_masterSendMultiByteStop)
                  00000b6c    00000024                              : cs.o (.text:CS_setDCOCenteredFrequency)
                  00000b90    00000024                              : i2c.o (.text:I2C_masterSendMultiByteNext)
                  00000bb4    00000024                              : uart.o (.text:UART_transmitData)
                  00000bd8    00000018                              : wdt_a.o (.text:WDT_A_holdTimer)
                  00000bf0    00000018     rtsv7M4_T_le_v4SPD16_eabi.lib : args_main.obj (.text)
                  00000c08    00000014     msp432p4xx_driverlib.lib : i2c.o (.text:I2C_isBusBusy)
                  00000c1c    00000014     rtsv7M4_T_le_v4SPD16_eabi.lib : _lock.obj (.text)
                  00000c30    00000014                                   : strlen.obj (.text)
                  00000c44    0000000e     msp432p4xx_driverlib.lib : i2c.o (.text:I2C_setMode)
                  00000c52    0000000e     rtsv7M4_T_le_v4SPD16_eabi.lib : copy_decompress_none.obj (.text:decompress:none)
                  00000c60    0000000e     startup_msp432p401r_ccs.obj (.text)
                  00000c6e    0000000c     msp432p4xx_driverlib.lib : i2c.o (.text:I2C_enableModule)
                  00000c7a    0000000c                              : uart.o (.text:UART_enableModule)
                  00000c86    00000006     rtsv7M4_T_le_v4SPD16_eabi.lib : copy_decompress_rle.obj (.text:decompress:rle24)
                  00000c8c    00000004     msp432p4xx_driverlib.lib : i2c.o (.text:I2C_setSlaveAddress)
                  00000c90    00000004     rtsv7M4_T_le_v4SPD16_eabi.lib : pre_init.obj (.text)

.const     0    00000c94    00000038     
                  00000c94    00000024     main.obj (.const:$P$T1$2)
                  00000cb8    00000014     main.obj (.const:$P$T0$1)

.cinit     0    00000cd0    0000006c     
                  00000cd0    00000048     (.cinit..data.load) [load image, compression = rle]
                  00000d18    00000009     (.cinit..bss.load) [load image, compression = rle]
                  00000d21    00000003     --HOLE-- [fill = 0]
                  00000d24    00000008     (__TI_handler_table)
                  00000d2c    00000010     (__TI_cinit_table)

.init_array 
*          0    00000000    00000000     UNINITIALIZED

.data      0    20000000    0000004c     UNINITIALIZED
                  20000000    00000030     msp432p4xx_driverlib.lib : gpio.o (.data:GPIO_PORT_TO_BASE)
                  20000030    0000000c     rtsv7M4_T_le_v4SPD16_eabi.lib : exit.obj (.data:$O1$$)
                  2000003c    00000008                                   : _lock.obj (.data:$O1$$)
                  20000044    00000004                                   : stkdepth_vars.obj (.data)
                  20000048    00000004     system_msp432p401r.obj (.data)

.bss       0    2000004c    00000005     UNINITIALIZED
                  2000004c    00000004     (.common:i)
                  20000050    00000001     main.obj (.bss)

.stack     0    2000fe00    00000200     UNINITIALIZED
                  2000fe00    00000200     --HOLE--

MODULE SUMMARY

       Module                        code   ro data   rw data
       ------                        ----   -------   -------
    .\
       system_msp432p401r.obj        812    0         8      
       main.obj                      624    56        10     
       startup_msp432p401r_ccs.obj   14     228       0      
    +--+-----------------------------+------+---------+---------+
       Total:                        1450   284       18     
                                                             
    C:/ti/tirex-content/msp/msp432ware__3.50.00.02/driverlib/driverlib/MSP432P4xx/ccs/msp432p4xx_driverlib.lib
       i2c.o                         380    0         0      
       uart.o                        196    0         0      
       gpio.o                        72     0         96     
       cs.o                          36     0         0      
       wdt_a.o                       24     0         0      
    +--+-----------------------------+------+---------+---------+
       Total:                        708    0         96     
                                                             
    C:\Program Files (x86)\TI\ccsv6\tools\compiler\arm_15.12.3.LTS\lib\rtsv7M4_T_le_v4SPD16_eabi.lib
       memcpy_t2.obj                 156    0         0      
       memset_t2.obj                 122    0         0      
       autoinit.obj                  112    0         0      
       copy_decompress_rle.obj       112    0         0      
       exit.obj                      84     0         24     
       boot.obj                      84     0         0      
       cpy_tbl.obj                   76     0         0      
       _lock.obj                     20     0         16     
       args_main.obj                 24     0         0      
       strlen.obj                    20     0         0      
       copy_decompress_none.obj      14     0         0      
       stkdepth_vars.obj             0      0         8      
       pre_init.obj                  4      0         0      
       mpu_init.obj                  2      0         0      
       startup.obj                   2      0         0      
    +--+-----------------------------+------+---------+---------+
       Total:                        832    0         48     
                                                             
       Stack:                        0      0         1024   
       Linker Generated:             0      105       0      
    +--+-----------------------------+------+---------+---------+
       Grand Total:                  2990   389       1186   


LINKER GENERATED COPY TABLES

__TI_cinit_table @ 00000d2c records: 2, size/record: 8, table size: 16
	.data: load addr=00000cd0, load size=00000048 bytes, run addr=20000000, run size=0000004c bytes, compression=rle
	.bss: load addr=00000d18, load size=00000009 bytes, run addr=2000004c, run size=00000005 bytes, compression=rle


LINKER GENERATED HANDLER TABLE

__TI_handler_table @ 00000d24 records: 2, size/record: 4, table size: 8
	index: 0, handler: __TI_decompress_rle24
	index: 1, handler: __TI_decompress_none


GLOBAL SYMBOLS: SORTED ALPHABETICALLY BY Name 

address   name                                      
-------   ----                                      
00000c6d  ADC14_IRQHandler                          
00000c6d  AES256_IRQHandler                         
00000c6d  BusFault_Handler                          
0000095d  C$$EXIT                                   
00000c6d  COMP_E0_IRQHandler                        
00000c6d  COMP_E1_IRQHandler                        
00000c6d  CS_IRQHandler                             
00000b6d  CS_setDCOCenteredFrequency                
00000c6d  DMA_ERR_IRQHandler                        
00000c6d  DMA_INT0_IRQHandler                       
00000c6d  DMA_INT1_IRQHandler                       
00000c6d  DMA_INT2_IRQHandler                       
00000c6d  DMA_INT3_IRQHandler                       
00000c6d  DebugMon_Handler                          
00000c6d  Default_Handler                           
00000c6d  EUSCIA0_IRQHandler                        
00000c6d  EUSCIA1_IRQHandler                        
00000c6d  EUSCIA2_IRQHandler                        
00000c6d  EUSCIA3_IRQHandler                        
00000c6d  EUSCIB0_IRQHandler                        
00000c6d  EUSCIB1_IRQHandler                        
00000c6d  EUSCIB2_IRQHandler                        
00000c6d  EUSCIB3_IRQHandler                        
00000c6d  FLCTL_IRQHandler                          
00000c6d  FPU_IRQHandler                            
00000a4d  GPIO_setAsPeripheralModuleFunctionInputPin
00000c6d  HardFault_Handler                         
00000c6f  I2C_enableModule                          
00000a95  I2C_initMaster                            
00000c09  I2C_isBusBusy                             
00000b0d  I2C_masterReceiveSingleByte               
00000b91  I2C_masterSendMultiByteNext               
00000ad5  I2C_masterSendMultiByteStart              
00000b3d  I2C_masterSendMultiByteStop               
000009b1  I2C_masterSendSingleByte                  
00000c45  I2C_setMode                               
00000c8d  I2C_setSlaveAddress                       
00000c6d  MemManage_Handler                         
00000c6d  NMI_Handler                               
00000c6d  PCM_IRQHandler                            
00000c6d  PORT1_IRQHandler                          
00000c6d  PORT2_IRQHandler                          
00000c6d  PORT3_IRQHandler                          
00000c6d  PORT4_IRQHandler                          
00000c6d  PORT5_IRQHandler                          
00000c6d  PORT6_IRQHandler                          
00000c6d  PSS_IRQHandler                            
00000c6d  PendSV_Handler                            
00000c6d  RTC_C_IRQHandler                          
00000c61  Reset_Handler                             
UNDEFED   SHT$$INIT_ARRAY$$Base                     
UNDEFED   SHT$$INIT_ARRAY$$Limit                    
00000c6d  SVC_Handler                               
00000c6d  SysTick_Handler                           
20000048  SystemCoreClock                           
000000e5  SystemCoreClockUpdate                     
00000359  SystemInit                                
00000c6d  T32_INT1_IRQHandler                       
00000c6d  T32_INT2_IRQHandler                       
00000c6d  T32_INTC_IRQHandler                       
00000c6d  TA0_0_IRQHandler                          
00000c6d  TA0_N_IRQHandler                          
00000c6d  TA1_0_IRQHandler                          
00000c6d  TA1_N_IRQHandler                          
00000c6d  TA2_0_IRQHandler                          
00000c6d  TA2_N_IRQHandler                          
00000c6d  TA3_0_IRQHandler                          
00000c6d  TA3_N_IRQHandler                          
00000c7b  UART_enableModule                         
0000071d  UART_initModule                           
00000bb5  UART_transmitData                         
00000c6d  UsageFault_Handler                        
4000480c  WDTCTL_SYM                                
00000c6d  WDT_A_IRQHandler                          
00000bd9  WDT_A_holdTimer                           
20010000  __STACK_END                               
00000200  __STACK_SIZE                              
00000d2c  __TI_CINIT_Base                           
00000d3c  __TI_CINIT_Limit                          
00000d24  __TI_Handler_Table_Base                   
00000d2c  __TI_Handler_Table_Limit                  
0000082d  __TI_auto_init                            
20000030  __TI_cleanup_ptr                          
00000c53  __TI_decompress_none                      
00000c87  __TI_decompress_rle24                     
20000034  __TI_dtors_ptr                            
20000038  __TI_enable_exit_profile_output           
ffffffff  __TI_pprof_out_hndl                       
ffffffff  __TI_prof_data_size                       
ffffffff  __TI_prof_data_start                      
00000000  __TI_static_base__                        
000007b1  __aeabi_memclr                            
000007b1  __aeabi_memclr4                           
000007b1  __aeabi_memclr8                           
00000681  __aeabi_memcpy                            
00000681  __aeabi_memcpy4                           
00000681  __aeabi_memcpy8                           
000007b3  __aeabi_memset                            
000007b3  __aeabi_memset4                           
000007b3  __aeabi_memset8                           
ffffffff  __binit__                                 
ffffffff  __c_args__                                
0000082b  __mpu_init                                
2000fe00  __stack                                   
00000bf1  _args_main                                
00000909  _c_int00                                  
2000003c  _lock                                     
00000c2b  _nop                                      
00000c23  _register_lock                            
00000c1d  _register_unlock                          
00000907  _system_post_cinit                        
00000c91  _system_pre_init                          
20000040  _unlock                                   
00000961  abort                                     
ffffffff  binit                                     
00000a01  copy_in                                   
00000969  exit                                      
2000004c  i                                         
000005dd  i2cReadwithParam                          
000005b7  i2cWritewithParam                         
00000411  initI2C                                   
00000451  initUART                                  
000004e1  intToString                               
00000000  interruptVectors                          
00000627  main                                      
20000044  main_func_sp                              
00000681  memcpy                                    
000007b9  memset                                    
00000593  ownDelay                                  
0000048d  reverse                                   
00000577  sendInt                                   
00000545  sendString                                
00000c31  strlen                                    


GLOBAL SYMBOLS: SORTED BY Symbol Address 

address   name                                      
-------   ----                                      
00000000  __TI_static_base__                        
00000000  interruptVectors                          
000000e5  SystemCoreClockUpdate                     
00000200  __STACK_SIZE                              
00000359  SystemInit                                
00000411  initI2C                                   
00000451  initUART                                  
0000048d  reverse                                   
000004e1  intToString                               
00000545  sendString                                
00000577  sendInt                                   
00000593  ownDelay                                  
000005b7  i2cWritewithParam                         
000005dd  i2cReadwithParam                          
00000627  main                                      
00000681  __aeabi_memcpy                            
00000681  __aeabi_memcpy4                           
00000681  __aeabi_memcpy8                           
00000681  memcpy                                    
0000071d  UART_initModule                           
000007b1  __aeabi_memclr                            
000007b1  __aeabi_memclr4                           
000007b1  __aeabi_memclr8                           
000007b3  __aeabi_memset                            
000007b3  __aeabi_memset4                           
000007b3  __aeabi_memset8                           
000007b9  memset                                    
0000082b  __mpu_init                                
0000082d  __TI_auto_init                            
00000907  _system_post_cinit                        
00000909  _c_int00                                  
0000095d  C$$EXIT                                   
00000961  abort                                     
00000969  exit                                      
000009b1  I2C_masterSendSingleByte                  
00000a01  copy_in                                   
00000a4d  GPIO_setAsPeripheralModuleFunctionInputPin
00000a95  I2C_initMaster                            
00000ad5  I2C_masterSendMultiByteStart              
00000b0d  I2C_masterReceiveSingleByte               
00000b3d  I2C_masterSendMultiByteStop               
00000b6d  CS_setDCOCenteredFrequency                
00000b91  I2C_masterSendMultiByteNext               
00000bb5  UART_transmitData                         
00000bd9  WDT_A_holdTimer                           
00000bf1  _args_main                                
00000c09  I2C_isBusBusy                             
00000c1d  _register_unlock                          
00000c23  _register_lock                            
00000c2b  _nop                                      
00000c31  strlen                                    
00000c45  I2C_setMode                               
00000c53  __TI_decompress_none                      
00000c61  Reset_Handler                             
00000c6d  ADC14_IRQHandler                          
00000c6d  AES256_IRQHandler                         
00000c6d  BusFault_Handler                          
00000c6d  COMP_E0_IRQHandler                        
00000c6d  COMP_E1_IRQHandler                        
00000c6d  CS_IRQHandler                             
00000c6d  DMA_ERR_IRQHandler                        
00000c6d  DMA_INT0_IRQHandler                       
00000c6d  DMA_INT1_IRQHandler                       
00000c6d  DMA_INT2_IRQHandler                       
00000c6d  DMA_INT3_IRQHandler                       
00000c6d  DebugMon_Handler                          
00000c6d  Default_Handler                           
00000c6d  EUSCIA0_IRQHandler                        
00000c6d  EUSCIA1_IRQHandler                        
00000c6d  EUSCIA2_IRQHandler                        
00000c6d  EUSCIA3_IRQHandler                        
00000c6d  EUSCIB0_IRQHandler                        
00000c6d  EUSCIB1_IRQHandler                        
00000c6d  EUSCIB2_IRQHandler                        
00000c6d  EUSCIB3_IRQHandler                        
00000c6d  FLCTL_IRQHandler                          
00000c6d  FPU_IRQHandler                            
00000c6d  HardFault_Handler                         
00000c6d  MemManage_Handler                         
00000c6d  NMI_Handler                               
00000c6d  PCM_IRQHandler                            
00000c6d  PORT1_IRQHandler                          
00000c6d  PORT2_IRQHandler                          
00000c6d  PORT3_IRQHandler                          
00000c6d  PORT4_IRQHandler                          
00000c6d  PORT5_IRQHandler                          
00000c6d  PORT6_IRQHandler                          
00000c6d  PSS_IRQHandler                            
00000c6d  PendSV_Handler                            
00000c6d  RTC_C_IRQHandler                          
00000c6d  SVC_Handler                               
00000c6d  SysTick_Handler                           
00000c6d  T32_INT1_IRQHandler                       
00000c6d  T32_INT2_IRQHandler                       
00000c6d  T32_INTC_IRQHandler                       
00000c6d  TA0_0_IRQHandler                          
00000c6d  TA0_N_IRQHandler                          
00000c6d  TA1_0_IRQHandler                          
00000c6d  TA1_N_IRQHandler                          
00000c6d  TA2_0_IRQHandler                          
00000c6d  TA2_N_IRQHandler                          
00000c6d  TA3_0_IRQHandler                          
00000c6d  TA3_N_IRQHandler                          
00000c6d  UsageFault_Handler                        
00000c6d  WDT_A_IRQHandler                          
00000c6f  I2C_enableModule                          
00000c7b  UART_enableModule                         
00000c87  __TI_decompress_rle24                     
00000c8d  I2C_setSlaveAddress                       
00000c91  _system_pre_init                          
00000d24  __TI_Handler_Table_Base                   
00000d2c  __TI_CINIT_Base                           
00000d2c  __TI_Handler_Table_Limit                  
00000d3c  __TI_CINIT_Limit                          
20000030  __TI_cleanup_ptr                          
20000034  __TI_dtors_ptr                            
20000038  __TI_enable_exit_profile_output           
2000003c  _lock                                     
20000040  _unlock                                   
20000044  main_func_sp                              
20000048  SystemCoreClock                           
2000004c  i                                         
2000fe00  __stack                                   
20010000  __STACK_END                               
4000480c  WDTCTL_SYM                                
ffffffff  __TI_pprof_out_hndl                       
ffffffff  __TI_prof_data_size                       
ffffffff  __TI_prof_data_start                      
ffffffff  __binit__                                 
ffffffff  __c_args__                                
ffffffff  binit                                     
UNDEFED   SHT$$INIT_ARRAY$$Base                     
UNDEFED   SHT$$INIT_ARRAY$$Limit                    

[133 symbols]
