******************************************************************************
                  TI ARM Linker PC v15.12.3                    
******************************************************************************
>> Linked Mon Mar 13 15:25:17 2017

OUTPUT FILE NAME:   <I2cCommunicationProtocol.out>
ENTRY POINT SYMBOL: "_c_int00"  address: 00000949


MEMORY CONFIGURATION

         name            origin    length      used     unused   attr    fill
----------------------  --------  ---------  --------  --------  ----  --------
  MAIN                  00000000   00040000  00000d7e  0003f282  R  X
  INFO                  00200000   00004000  00000000  00004000  R  X
  SRAM_CODE             01000000   00010000  00000251  0000fdaf  RW X
  SRAM_DATA             20000000   00010000  00000251  0000fdaf  RW  


SEGMENT ALLOCATION MAP

run origin  load origin   length   init length attrs members
----------  ----------- ---------- ----------- ----- -------
00000000    00000000    00000d84   00000d84    r-x
  00000000    00000000    000000e4   000000e4    r-- .intvecs
  000000e4    000000e4    00000bf0   00000bf0    r-x .text
  00000cd4    00000cd4    0000003e   0000003e    r-- .const
  00000d18    00000d18    0000006c   0000006c    r-- .cinit
20000000    20000000    00000051   00000000    rw-
  20000000    20000000    0000004c   00000000    rw- .data
  2000004c    2000004c    00000005   00000000    rw- .bss
2000fe00    2000fe00    00000200   00000000    rw-
  2000fe00    2000fe00    00000200   00000000    rw- .stack


SECTION ALLOCATION MAP

 output                                  attributes/
section   page    origin      length       input sections
--------  ----  ----------  ----------   ----------------
.intvecs   0    00000000    000000e4     
                  00000000    000000e4     startup_msp432p401r_ccs.obj (.intvecs:retain)

.binit     0    00000000    00000000     

.text      0    000000e4    00000bf0     
                  000000e4    0000032c     system_msp432p401r.obj (.text)
                  00000410    00000140     uartCommunication.obj (.text)
                  00000550    000000c0     i2cCommunication.obj (.text)
                  00000610    0000009c     rtsv7M4_T_le_v4SPD16_eabi.lib : memcpy_t2.obj (.text)
                  000006ac    00000094     msp432p4xx_driverlib.lib : uart.o (.text:UART_initModule)
                  00000740    0000007a     rtsv7M4_T_le_v4SPD16_eabi.lib : memset_t2.obj (.text)
                  000007ba    00000002                                   : mpu_init.obj (.text)
                  000007bc    00000070                                   : autoinit.obj (.text)
                  0000082c    0000006a                                   : copy_decompress_rle.obj (.text)
                  00000896    00000002                                   : startup.obj (.text)
                  00000898    00000058     main.obj (.text)
                  000008f0    00000056     lightSensor.obj (.text)
                  00000946    00000002     --HOLE-- [fill = 0]
                  00000948    00000054     rtsv7M4_T_le_v4SPD16_eabi.lib : boot.obj (.text)
                  0000099c    00000054                                   : exit.obj (.text)
                  000009f0    00000050     msp432p4xx_driverlib.lib : i2c.o (.text:I2C_masterSendSingleByte)
                  00000a40    0000004c     rtsv7M4_T_le_v4SPD16_eabi.lib : cpy_tbl.obj (.text)
                  00000a8c    00000048     msp432p4xx_driverlib.lib : gpio.o (.text:GPIO_setAsPeripheralModuleFunctionInputPin)
                  00000ad4    0000003e                              : i2c.o (.text:I2C_initMaster)
                  00000b12    00000002     --HOLE-- [fill = 0]
                  00000b14    00000038                              : i2c.o (.text:I2C_masterSendMultiByteStart)
                  00000b4c    00000030                              : i2c.o (.text:I2C_masterReceiveSingleByte)
                  00000b7c    00000030                              : i2c.o (.text:I2C_masterSendMultiByteStop)
                  00000bac    00000024                              : cs.o (.text:CS_setDCOCenteredFrequency)
                  00000bd0    00000024                              : i2c.o (.text:I2C_masterSendMultiByteNext)
                  00000bf4    00000024                              : uart.o (.text:UART_transmitData)
                  00000c18    00000018                              : wdt_a.o (.text:WDT_A_holdTimer)
                  00000c30    00000018     rtsv7M4_T_le_v4SPD16_eabi.lib : args_main.obj (.text)
                  00000c48    00000014     msp432p4xx_driverlib.lib : i2c.o (.text:I2C_isBusBusy)
                  00000c5c    00000014     rtsv7M4_T_le_v4SPD16_eabi.lib : _lock.obj (.text)
                  00000c70    00000014                                   : strlen.obj (.text)
                  00000c84    0000000e     msp432p4xx_driverlib.lib : i2c.o (.text:I2C_setMode)
                  00000c92    0000000e     rtsv7M4_T_le_v4SPD16_eabi.lib : copy_decompress_none.obj (.text:decompress:none)
                  00000ca0    0000000e     startup_msp432p401r_ccs.obj (.text)
                  00000cae    0000000c     msp432p4xx_driverlib.lib : i2c.o (.text:I2C_enableModule)
                  00000cba    0000000c                              : uart.o (.text:UART_enableModule)
                  00000cc6    00000006     rtsv7M4_T_le_v4SPD16_eabi.lib : copy_decompress_rle.obj (.text:decompress:rle24)
                  00000ccc    00000004     msp432p4xx_driverlib.lib : i2c.o (.text:I2C_setSlaveAddress)
                  00000cd0    00000004     rtsv7M4_T_le_v4SPD16_eabi.lib : pre_init.obj (.text)

.const     0    00000cd4    0000003e     
                  00000cd4    00000024     uartCommunication.obj (.const:uartConfig)
                  00000cf8    00000014     i2cCommunication.obj (.const:i2cConfig)
                  00000d0c    00000006     main.obj (.const:i2cInitStructure)

.cinit     0    00000d18    0000006c     
                  00000d18    00000048     (.cinit..data.load) [load image, compression = rle]
                  00000d60    00000009     (.cinit..bss.load) [load image, compression = rle]
                  00000d69    00000003     --HOLE-- [fill = 0]
                  00000d6c    00000008     (__TI_handler_table)
                  00000d74    00000010     (__TI_cinit_table)

.init_array 
*          0    00000000    00000000     UNINITIALIZED

.data      0    20000000    0000004c     UNINITIALIZED
                  20000000    00000030     msp432p4xx_driverlib.lib : gpio.o (.data:GPIO_PORT_TO_BASE)
                  20000030    0000000c     rtsv7M4_T_le_v4SPD16_eabi.lib : exit.obj (.data:$O1$$)
                  2000003c    00000008                                   : _lock.obj (.data:$O1$$)
                  20000044    00000004                                   : stkdepth_vars.obj (.data)
                  20000048    00000004     system_msp432p401r.obj (.data)

.bss       0    2000004c    00000005     UNINITIALIZED
                  2000004c    00000004     (.common:i)
                  20000050    00000001     i2cCommunication.obj (.bss)

.stack     0    2000fe00    00000200     UNINITIALIZED
                  2000fe00    00000200     --HOLE--

MODULE SUMMARY

       Module                        code   ro data   rw data
       ------                        ----   -------   -------
    .\
       system_msp432p401r.obj        812    0         8      
       uartCommunication.obj         320    36        8      
       startup_msp432p401r_ccs.obj   14     228       0      
       i2cCommunication.obj          192    20        2      
       main.obj                      88     6         0      
       lightSensor.obj               86     0         0      
    +--+-----------------------------+------+---------+---------+
       Total:                        1512   290       18     
                                                             
    C:/ti/tirex-content/msp/msp432ware__3.50.00.02/driverlib/driverlib/MSP432P4xx/ccs/msp432p4xx_driverlib.lib
       i2c.o                         380    0         0      
       uart.o                        196    0         0      
       gpio.o                        72     0         96     
       cs.o                          36     0         0      
       wdt_a.o                       24     0         0      
    +--+-----------------------------+------+---------+---------+
       Total:                        708    0         96     
                                                             
    C:\Program Files (x86)\TI\ccsv6\tools\compiler\arm_15.12.3.LTS\lib\rtsv7M4_T_le_v4SPD16_eabi.lib
       memcpy_t2.obj                 156    0         0      
       memset_t2.obj                 122    0         0      
       autoinit.obj                  112    0         0      
       copy_decompress_rle.obj       112    0         0      
       exit.obj                      84     0         24     
       boot.obj                      84     0         0      
       cpy_tbl.obj                   76     0         0      
       _lock.obj                     20     0         16     
       args_main.obj                 24     0         0      
       strlen.obj                    20     0         0      
       copy_decompress_none.obj      14     0         0      
       stkdepth_vars.obj             0      0         8      
       pre_init.obj                  4      0         0      
       mpu_init.obj                  2      0         0      
       startup.obj                   2      0         0      
    +--+-----------------------------+------+---------+---------+
       Total:                        832    0         48     
                                                             
       Stack:                        0      0         1024   
       Linker Generated:             0      105       0      
    +--+-----------------------------+------+---------+---------+
       Grand Total:                  3052   395       1186   


LINKER GENERATED COPY TABLES

__TI_cinit_table @ 00000d74 records: 2, size/record: 8, table size: 16
	.data: load addr=00000d18, load size=00000048 bytes, run addr=20000000, run size=0000004c bytes, compression=rle
	.bss: load addr=00000d60, load size=00000009 bytes, run addr=2000004c, run size=00000005 bytes, compression=rle


LINKER GENERATED HANDLER TABLE

__TI_handler_table @ 00000d6c records: 2, size/record: 4, table size: 8
	index: 0, handler: __TI_decompress_rle24
	index: 1, handler: __TI_decompress_none


GLOBAL SYMBOLS: SORTED ALPHABETICALLY BY Name 

address   name                                      
-------   ----                                      
00000cad  ADC14_IRQHandler                          
00000cad  AES256_IRQHandler                         
000008f1  ALSensorConfigure                         
00000905  ALSensorReadData                          
00000cad  BusFault_Handler                          
0000099d  C$$EXIT                                   
00000cad  COMP_E0_IRQHandler                        
00000cad  COMP_E1_IRQHandler                        
00000cad  CS_IRQHandler                             
00000bad  CS_setDCOCenteredFrequency                
00000cad  DMA_ERR_IRQHandler                        
00000cad  DMA_INT0_IRQHandler                       
00000cad  DMA_INT1_IRQHandler                       
00000cad  DMA_INT2_IRQHandler                       
00000cad  DMA_INT3_IRQHandler                       
00000cad  DebugMon_Handler                          
00000cad  Default_Handler                           
00000cad  EUSCIA0_IRQHandler                        
00000cad  EUSCIA1_IRQHandler                        
00000cad  EUSCIA2_IRQHandler                        
00000cad  EUSCIA3_IRQHandler                        
00000cad  EUSCIB0_IRQHandler                        
00000cad  EUSCIB1_IRQHandler                        
00000cad  EUSCIB2_IRQHandler                        
00000cad  EUSCIB3_IRQHandler                        
00000cad  FLCTL_IRQHandler                          
00000cad  FPU_IRQHandler                            
00000a8d  GPIO_setAsPeripheralModuleFunctionInputPin
00000cad  HardFault_Handler                         
00000caf  I2C_enableModule                          
00000ad5  I2C_initMaster                            
00000c49  I2C_isBusBusy                             
00000b4d  I2C_masterReceiveSingleByte               
00000bd1  I2C_masterSendMultiByteNext               
00000b15  I2C_masterSendMultiByteStart              
00000b7d  I2C_masterSendMultiByteStop               
000009f1  I2C_masterSendSingleByte                  
00000c85  I2C_setMode                               
00000ccd  I2C_setSlaveAddress                       
00000cad  MemManage_Handler                         
00000cad  NMI_Handler                               
00000cad  PCM_IRQHandler                            
00000cad  PORT1_IRQHandler                          
00000cad  PORT2_IRQHandler                          
00000cad  PORT3_IRQHandler                          
00000cad  PORT4_IRQHandler                          
00000cad  PORT5_IRQHandler                          
00000cad  PORT6_IRQHandler                          
00000cad  PSS_IRQHandler                            
00000cad  PendSV_Handler                            
00000cad  RTC_C_IRQHandler                          
00000ca1  Reset_Handler                             
UNDEFED   SHT$$INIT_ARRAY$$Base                     
UNDEFED   SHT$$INIT_ARRAY$$Limit                    
00000cad  SVC_Handler                               
00000cad  SysTick_Handler                           
20000048  SystemCoreClock                           
000000e5  SystemCoreClockUpdate                     
00000359  SystemInit                                
00000cad  T32_INT1_IRQHandler                       
00000cad  T32_INT2_IRQHandler                       
00000cad  T32_INTC_IRQHandler                       
00000cad  TA0_0_IRQHandler                          
00000cad  TA0_N_IRQHandler                          
00000cad  TA1_0_IRQHandler                          
00000cad  TA1_N_IRQHandler                          
00000cad  TA2_0_IRQHandler                          
00000cad  TA2_N_IRQHandler                          
00000cad  TA3_0_IRQHandler                          
00000cad  TA3_N_IRQHandler                          
00000cbb  UART_enableModule                         
000006ad  UART_initModule                           
00000bf5  UART_transmitData                         
00000cad  UsageFault_Handler                        
4000480c  WDTCTL_SYM                                
00000cad  WDT_A_IRQHandler                          
00000c19  WDT_A_holdTimer                           
20010000  __STACK_END                               
00000200  __STACK_SIZE                              
00000d74  __TI_CINIT_Base                           
00000d84  __TI_CINIT_Limit                          
00000d6c  __TI_Handler_Table_Base                   
00000d74  __TI_Handler_Table_Limit                  
000007bd  __TI_auto_init                            
20000030  __TI_cleanup_ptr                          
00000c93  __TI_decompress_none                      
00000cc7  __TI_decompress_rle24                     
20000034  __TI_dtors_ptr                            
20000038  __TI_enable_exit_profile_output           
ffffffff  __TI_pprof_out_hndl                       
ffffffff  __TI_prof_data_size                       
ffffffff  __TI_prof_data_start                      
00000000  __TI_static_base__                        
00000741  __aeabi_memclr                            
00000741  __aeabi_memclr4                           
00000741  __aeabi_memclr8                           
00000611  __aeabi_memcpy                            
00000611  __aeabi_memcpy4                           
00000611  __aeabi_memcpy8                           
00000743  __aeabi_memset                            
00000743  __aeabi_memset4                           
00000743  __aeabi_memset8                           
ffffffff  __binit__                                 
ffffffff  __c_args__                                
000007bb  __mpu_init                                
2000fe00  __stack                                   
00000c31  _args_main                                
00000949  _c_int00                                  
2000003c  _lock                                     
00000c6b  _nop                                      
00000c63  _register_lock                            
00000c5d  _register_unlock                          
00000897  _system_post_cinit                        
00000cd1  _system_pre_init                          
20000040  _unlock                                   
000009a1  abort                                     
ffffffff  binit                                     
00000a41  copy_in                                   
000009a9  exit                                      
2000004c  i                                         
00000cf8  i2cConfig                                 
00000d0c  i2cInitStructure                          
000005b7  i2cReadwithParam                          
00000591  i2cWritewithParam                         
00000551  initI2C                                   
00000411  initUART                                  
00000489  intToString                               
00000000  interruptVectors                          
000008bd  main                                      
20000044  main_func_sp                              
00000611  memcpy                                    
00000749  memset                                    
00000899  ownDelay                                  
00000435  reverse                                   
00000527  sendInt                                   
000004ed  sendString                                
00000c71  strlen                                    
00000cd4  uartConfig                                


GLOBAL SYMBOLS: SORTED BY Symbol Address 

address   name                                      
-------   ----                                      
00000000  __TI_static_base__                        
00000000  interruptVectors                          
000000e5  SystemCoreClockUpdate                     
00000200  __STACK_SIZE                              
00000359  SystemInit                                
00000411  initUART                                  
00000435  reverse                                   
00000489  intToString                               
000004ed  sendString                                
00000527  sendInt                                   
00000551  initI2C                                   
00000591  i2cWritewithParam                         
000005b7  i2cReadwithParam                          
00000611  __aeabi_memcpy                            
00000611  __aeabi_memcpy4                           
00000611  __aeabi_memcpy8                           
00000611  memcpy                                    
000006ad  UART_initModule                           
00000741  __aeabi_memclr                            
00000741  __aeabi_memclr4                           
00000741  __aeabi_memclr8                           
00000743  __aeabi_memset                            
00000743  __aeabi_memset4                           
00000743  __aeabi_memset8                           
00000749  memset                                    
000007bb  __mpu_init                                
000007bd  __TI_auto_init                            
00000897  _system_post_cinit                        
00000899  ownDelay                                  
000008bd  main                                      
000008f1  ALSensorConfigure                         
00000905  ALSensorReadData                          
00000949  _c_int00                                  
0000099d  C$$EXIT                                   
000009a1  abort                                     
000009a9  exit                                      
000009f1  I2C_masterSendSingleByte                  
00000a41  copy_in                                   
00000a8d  GPIO_setAsPeripheralModuleFunctionInputPin
00000ad5  I2C_initMaster                            
00000b15  I2C_masterSendMultiByteStart              
00000b4d  I2C_masterReceiveSingleByte               
00000b7d  I2C_masterSendMultiByteStop               
00000bad  CS_setDCOCenteredFrequency                
00000bd1  I2C_masterSendMultiByteNext               
00000bf5  UART_transmitData                         
00000c19  WDT_A_holdTimer                           
00000c31  _args_main                                
00000c49  I2C_isBusBusy                             
00000c5d  _register_unlock                          
00000c63  _register_lock                            
00000c6b  _nop                                      
00000c71  strlen                                    
00000c85  I2C_setMode                               
00000c93  __TI_decompress_none                      
00000ca1  Reset_Handler                             
00000cad  ADC14_IRQHandler                          
00000cad  AES256_IRQHandler                         
00000cad  BusFault_Handler                          
00000cad  COMP_E0_IRQHandler                        
00000cad  COMP_E1_IRQHandler                        
00000cad  CS_IRQHandler                             
00000cad  DMA_ERR_IRQHandler                        
00000cad  DMA_INT0_IRQHandler                       
00000cad  DMA_INT1_IRQHandler                       
00000cad  DMA_INT2_IRQHandler                       
00000cad  DMA_INT3_IRQHandler                       
00000cad  DebugMon_Handler                          
00000cad  Default_Handler                           
00000cad  EUSCIA0_IRQHandler                        
00000cad  EUSCIA1_IRQHandler                        
00000cad  EUSCIA2_IRQHandler                        
00000cad  EUSCIA3_IRQHandler                        
00000cad  EUSCIB0_IRQHandler                        
00000cad  EUSCIB1_IRQHandler                        
00000cad  EUSCIB2_IRQHandler                        
00000cad  EUSCIB3_IRQHandler                        
00000cad  FLCTL_IRQHandler                          
00000cad  FPU_IRQHandler                            
00000cad  HardFault_Handler                         
00000cad  MemManage_Handler                         
00000cad  NMI_Handler                               
00000cad  PCM_IRQHandler                            
00000cad  PORT1_IRQHandler                          
00000cad  PORT2_IRQHandler                          
00000cad  PORT3_IRQHandler                          
00000cad  PORT4_IRQHandler                          
00000cad  PORT5_IRQHandler                          
00000cad  PORT6_IRQHandler                          
00000cad  PSS_IRQHandler                            
00000cad  PendSV_Handler                            
00000cad  RTC_C_IRQHandler                          
00000cad  SVC_Handler                               
00000cad  SysTick_Handler                           
00000cad  T32_INT1_IRQHandler                       
00000cad  T32_INT2_IRQHandler                       
00000cad  T32_INTC_IRQHandler                       
00000cad  TA0_0_IRQHandler                          
00000cad  TA0_N_IRQHandler                          
00000cad  TA1_0_IRQHandler                          
00000cad  TA1_N_IRQHandler                          
00000cad  TA2_0_IRQHandler                          
00000cad  TA2_N_IRQHandler                          
00000cad  TA3_0_IRQHandler                          
00000cad  TA3_N_IRQHandler                          
00000cad  UsageFault_Handler                        
00000cad  WDT_A_IRQHandler                          
00000caf  I2C_enableModule                          
00000cbb  UART_enableModule                         
00000cc7  __TI_decompress_rle24                     
00000ccd  I2C_setSlaveAddress                       
00000cd1  _system_pre_init                          
00000cd4  uartConfig                                
00000cf8  i2cConfig                                 
00000d0c  i2cInitStructure                          
00000d6c  __TI_Handler_Table_Base                   
00000d74  __TI_CINIT_Base                           
00000d74  __TI_Handler_Table_Limit                  
00000d84  __TI_CINIT_Limit                          
20000030  __TI_cleanup_ptr                          
20000034  __TI_dtors_ptr                            
20000038  __TI_enable_exit_profile_output           
2000003c  _lock                                     
20000040  _unlock                                   
20000044  main_func_sp                              
20000048  SystemCoreClock                           
2000004c  i                                         
2000fe00  __stack                                   
20010000  __STACK_END                               
4000480c  WDTCTL_SYM                                
ffffffff  __TI_pprof_out_hndl                       
ffffffff  __TI_prof_data_size                       
ffffffff  __TI_prof_data_start                      
ffffffff  __binit__                                 
ffffffff  __c_args__                                
ffffffff  binit                                     
UNDEFED   SHT$$INIT_ARRAY$$Base                     
UNDEFED   SHT$$INIT_ARRAY$$Limit                    

[138 symbols]
