******************************************************************************
                  TI ARM Linker PC v15.12.3                    
******************************************************************************
>> Linked Wed May 31 12:58:51 2017

OUTPUT FILE NAME:   <I2cCommunicationProtocol.out>
ENTRY POINT SYMBOL: "_c_int00"  address: 0000104d


MEMORY CONFIGURATION

         name            origin    length      used     unused   attr    fill
----------------------  --------  ---------  --------  --------  ----  --------
  MAIN                  00000000   00040000  000017fa  0003e806  R  X
  INFO                  00200000   00004000  00000000  00004000  R  X
  SRAM_CODE             01000000   00010000  000005ab  0000fa55  RW X
  SRAM_DATA             20000000   00010000  000005ab  0000fa55  RW  


SEGMENT ALLOCATION MAP

run origin  load origin   length   init length attrs members
----------  ----------- ---------- ----------- ----- -------
00000000    00000000    000017fc   000017fc    r-x
  00000000    00000000    000000e4   000000e4    r-- .intvecs
  000000e4    000000e4    000015e6   000015e6    r-x .text
  000016cc    000016cc    000000c4   000000c4    r-- .const
  00001790    00001790    0000006c   0000006c    r-- .cinit
20000000    20000000    000003ac   00000000    rw-
  20000000    20000000    0000035f   00000000    rw- .bss
  20000360    20000360    0000004c   00000000    rw- .data
2000fe00    2000fe00    00000200   00000000    rw-
  2000fe00    2000fe00    00000200   00000000    rw- .stack


SECTION ALLOCATION MAP

 output                                  attributes/
section   page    origin      length       input sections
--------  ----  ----------  ----------   ----------------
.intvecs   0    00000000    000000e4     
                  00000000    000000e4     startup_msp432p401r_ccs.obj (.intvecs:retain)

.binit     0    00000000    00000000     

.text      0    000000e4    000015e6     
                  000000e4    00000374     temp_humidSensor.obj (.text)
                  00000458    0000032c     system_msp432p401r.obj (.text)
                  00000784    0000015c     uartCommunication.obj (.text)
                  000008e0    000000c4     realTimeClock.obj (.text)
                  000009a4    000000c0     i2cCommunication.obj (.text)
                  00000a64    0000009c     msp432p4xx_driverlib.lib : cs.o (.text:CS_startHFXTWithTimeout)
                  00000b00    0000009c                              : cs.o (.text:CS_startLFXTWithTimeout)
                  00000b9c    0000009c     rtsv7M4_T_le_v4SPD16_eabi.lib : memcpy_t2.obj (.text)
                  00000c38    00000094     msp432p4xx_driverlib.lib : uart.o (.text:UART_initModule)
                  00000ccc    00000094     lightSensor.obj (.text)
                  00000d60    0000007a     rtsv7M4_T_le_v4SPD16_eabi.lib : memset_t2.obj (.text)
                  00000dda    00000002                                   : mpu_init.obj (.text)
                  00000ddc    00000070     msp432p4xx_driverlib.lib : cs.o (.text:_CSGetHFXTFrequency)
                  00000e4c    00000070     rtsv7M4_T_le_v4SPD16_eabi.lib : autoinit.obj (.text)
                  00000ebc    0000006a                                   : copy_decompress_rle.obj (.text)
                  00000f26    00000002                                   : startup.obj (.text)
                  00000f28    00000064     msp432p4xx_driverlib.lib : interrupt.o (.text:Interrupt_enableInterrupt)
                  00000f8c    00000064                              : rtc_c.o (.text:RTC_C_getCalendarTime)
                  00000ff0    0000005c                              : rtc_c.o (.text:RTC_C_initCalendar)
                  0000104c    00000054     rtsv7M4_T_le_v4SPD16_eabi.lib : boot.obj (.text)
                  000010a0    00000054                                   : exit.obj (.text)
                  000010f4    00000050     msp432p4xx_driverlib.lib : i2c.o (.text:I2C_masterSendSingleByte)
                  00001144    00000050                              : rtc_c.o (.text:RTC_C_clearInterruptFlag)
                  00001194    00000050     main.obj (.text)
                  000011e4    0000004c     msp432p4xx_driverlib.lib : gpio.o (.text:GPIO_setAsPeripheralModuleFunctionOutputPin)
                  00001230    0000004c     rtsv7M4_T_le_v4SPD16_eabi.lib : cpy_tbl.obj (.text)
                  0000127c    00000048     msp432p4xx_driverlib.lib : gpio.o (.text:GPIO_setAsPeripheralModuleFunctionInputPin)
                  000012c4    00000048                              : rtc_c.o (.text:RTC_C_getEnabledInterruptStatus)
                  0000130c    00000040                              : rtc_c.o (.text:RTC_C_enableInterrupt)
                  0000134c    0000003e                              : i2c.o (.text:I2C_initMaster)
                  0000138a    00000002     --HOLE-- [fill = 0]
                  0000138c    00000038                              : i2c.o (.text:I2C_masterSendMultiByteStart)
                  000013c4    00000030                              : i2c.o (.text:I2C_masterReceiveSingleByte)
                  000013f4    00000030                              : i2c.o (.text:I2C_masterSendMultiByteStop)
                  00001424    0000002c                              : rtc_c.o (.text:RTC_C_getInterruptStatus)
                  00001450    0000002c                              : rtc_c.o (.text:RTC_C_setCalendarEvent)
                  0000147c    00000024                              : cs.o (.text:CS_setDCOCenteredFrequency)
                  000014a0    00000024                              : i2c.o (.text:I2C_masterSendMultiByteNext)
                  000014c4    00000024                              : rtc_c.o (.text:RTC_C_startClock)
                  000014e8    00000024                              : uart.o (.text:UART_transmitData)
                  0000150c    00000024     delayOwn.obj (.text)
                  00001530    0000001c     msp432p4xx_driverlib.lib : rtc_c.o (.text:RTC_C_definePrescaleEvent)
                  0000154c    00000018                              : gpio.o (.text:GPIO_getInputPinValue)
                  00001564    00000018                              : gpio.o (.text:GPIO_setOutputLowOnPin)
                  0000157c    00000018                              : wdt_a.o (.text:WDT_A_holdTimer)
                  00001594    00000018     rtsv7M4_T_le_v4SPD16_eabi.lib : args_main.obj (.text)
                  000015ac    00000014     msp432p4xx_driverlib.lib : cs.o (.text:CS_setExternalClockSourceFrequency)
                  000015c0    00000014                              : gpio.o (.text:GPIO_setOutputHighOnPin)
                  000015d4    00000014                              : i2c.o (.text:I2C_isBusBusy)
                  000015e8    00000014                              : interrupt.o (.text:Interrupt_enableSleepOnIsrExit)
                  000015fc    00000014     rtsv7M4_T_le_v4SPD16_eabi.lib : _lock.obj (.text)
                  00001610    00000014                                   : strlen.obj (.text)
                  00001624    00000010     msp432p4xx_driverlib.lib : interrupt.o (.text:Interrupt_enableMaster)
                  00001634    00000010                              : sysctl.o (.text:SysCtl_disableNMISource)
                  00001644    00000010                              : sysctl.o (.text:SysCtl_enableNMISource)
                  00001654    0000000e                              : i2c.o (.text:I2C_setMode)
                  00001662    0000000e     rtsv7M4_T_le_v4SPD16_eabi.lib : copy_decompress_none.obj (.text:decompress:none)
                  00001670    0000000e     startup_msp432p401r_ccs.obj (.text)
                  0000167e    0000000c     msp432p4xx_driverlib.lib : cpu.o (.text:CPU_cpsie)
                  0000168a    0000000c                              : i2c.o (.text:I2C_enableModule)
                  00001696    00000002     --HOLE-- [fill = 0]
                  00001698    0000000c                              : sysctl.o (.text:SysCtl_getNMISourceStatus)
                  000016a4    0000000c                              : uart.o (.text:UART_enableModule)
                  000016b0    00000006                              : cs.o (.text:CS_startHFXT)
                  000016b6    00000006                              : cs.o (.text:CS_startLFXT)
                  000016bc    00000006     rtsv7M4_T_le_v4SPD16_eabi.lib : copy_decompress_rle.obj (.text:decompress:rle24)
                  000016c2    00000004     msp432p4xx_driverlib.lib : i2c.o (.text:I2C_setSlaveAddress)
                  000016c6    00000004     rtsv7M4_T_le_v4SPD16_eabi.lib : pre_init.obj (.text)

.const     0    000016cc    000000c4     
                  000016cc    00000040     msp432p4xx_driverlib.lib : interrupt.o (.const)
                  0000170c    00000024     uartCommunication.obj (.const:uartConfig)
                  00001730    0000001c     realTimeClock.obj (.const:currentTime)
                  0000174c    00000014     i2cCommunication.obj (.const:i2cConfig)
                  00001760    00000010     main.obj (.const:WiFiUARTInitStructure)
                  00001770    00000010     lightSensor.obj (.const:i2cInitStructure)
                  00001780    00000010     main.obj (.const:pcUARTInitStructure)

.cinit     0    00001790    0000006c     
                  00001790    00000048     (.cinit..data.load) [load image, compression = rle]
                  000017d8    0000000b     (.cinit..bss.load) [load image, compression = rle]
                  000017e3    00000001     --HOLE-- [fill = 0]
                  000017e4    00000008     (__TI_handler_table)
                  000017ec    00000010     (__TI_cinit_table)

.init_array 
*          0    00000000    00000000     UNINITIALIZED

.bss       0    20000000    0000035f     UNINITIALIZED
                  20000000    00000190     (.common:bitTable)
                  20000190    00000190     (.common:bitTime)
                  20000320    0000001c     realTimeClock.obj (.bss:newTime$1)
                  2000033c    00000004     (.common:bitCounter)
                  20000340    00000004     (.common:bitTimePrev)
                  20000344    00000004     (.common:currentBitTime)
                  20000348    00000004     (.common:hfxtFreq)
                  2000034c    00000004     (.common:humidity)
                  20000350    00000004     (.common:i)
                  20000354    00000004     (.common:lfxtFreq)
                  20000358    00000004     (.common:temperature)
                  2000035c    00000002     (.common:readValue)
                  2000035e    00000001     i2cCommunication.obj (.bss)

.data      0    20000360    0000004c     UNINITIALIZED
                  20000360    00000030     msp432p4xx_driverlib.lib : gpio.o (.data:GPIO_PORT_TO_BASE)
                  20000390    0000000c     rtsv7M4_T_le_v4SPD16_eabi.lib : exit.obj (.data:$O1$$)
                  2000039c    00000008                                   : _lock.obj (.data:$O1$$)
                  200003a4    00000004                                   : stkdepth_vars.obj (.data)
                  200003a8    00000004     system_msp432p401r.obj (.data)

.stack     0    2000fe00    00000200     UNINITIALIZED
                  2000fe00    00000200     --HOLE--

MODULE SUMMARY

       Module                        code   ro data   rw data
       ------                        ----   -------   -------
    .\
       main.obj                      80     32        1644   
       temp_humidSensor.obj          884    0         0      
       system_msp432p401r.obj        812    0         8      
       uartCommunication.obj         348    36        8      
       realTimeClock.obj             196    28        56     
       startup_msp432p401r_ccs.obj   14     228       0      
       i2cCommunication.obj          192    20        2      
       lightSensor.obj               148    16        0      
       delayOwn.obj                  36     0         0      
    +--+-----------------------------+------+---------+---------+
       Total:                        2710   360       1718   
                                                             
    C:/ti/tirex-content/msp/msp432ware__3.50.00.02/driverlib/driverlib/MSP432P4xx/ccs/msp432p4xx_driverlib.lib
       rtc_c.o                       560    0         0      
       cs.o                          492    0         16     
       i2c.o                         380    0         0      
       gpio.o                        216    0         96     
       interrupt.o                   136    64        0      
       uart.o                        196    0         0      
       sysctl.o                      44     0         0      
       wdt_a.o                       24     0         0      
       cpu.o                         12     0         0      
    +--+-----------------------------+------+---------+---------+
       Total:                        2060   64        112    
                                                             
    C:\Program Files (x86)\TI\ccsv6\tools\compiler\arm_15.12.3.LTS\lib\rtsv7M4_T_le_v4SPD16_eabi.lib
       memcpy_t2.obj                 156    0         0      
       memset_t2.obj                 122    0         0      
       autoinit.obj                  112    0         0      
       copy_decompress_rle.obj       112    0         0      
       exit.obj                      84     0         24     
       boot.obj                      84     0         0      
       cpy_tbl.obj                   76     0         0      
       _lock.obj                     20     0         16     
       args_main.obj                 24     0         0      
       strlen.obj                    20     0         0      
       copy_decompress_none.obj      14     0         0      
       stkdepth_vars.obj             0      0         8      
       pre_init.obj                  4      0         0      
       mpu_init.obj                  2      0         0      
       startup.obj                   2      0         0      
    +--+-----------------------------+------+---------+---------+
       Total:                        832    0         48     
                                                             
       Stack:                        0      0         1024   
       Linker Generated:             0      107       0      
    +--+-----------------------------+------+---------+---------+
       Grand Total:                  5602   531       2902   


LINKER GENERATED COPY TABLES

__TI_cinit_table @ 000017ec records: 2, size/record: 8, table size: 16
	.data: load addr=00001790, load size=00000048 bytes, run addr=20000360, run size=0000004c bytes, compression=rle
	.bss: load addr=000017d8, load size=0000000b bytes, run addr=20000000, run size=0000035f bytes, compression=rle


LINKER GENERATED HANDLER TABLE

__TI_handler_table @ 000017e4 records: 2, size/record: 4, table size: 8
	index: 0, handler: __TI_decompress_rle24
	index: 1, handler: __TI_decompress_none


GLOBAL SYMBOLS: SORTED ALPHABETICALLY BY Name 

address   name                                       
-------   ----                                       
0000167d  ADC14_IRQHandler                           
0000167d  AES256_IRQHandler                          
0000167d  BusFault_Handler                           
000010a1  C$$EXIT                                    
0000167d  COMP_E0_IRQHandler                         
0000167d  COMP_E1_IRQHandler                         
0000167f  CPU_cpsie                                  
0000167d  CS_IRQHandler                              
0000147d  CS_setDCOCenteredFrequency                 
000015ad  CS_setExternalClockSourceFrequency         
000016b1  CS_startHFXT                               
00000a65  CS_startHFXTWithTimeout                    
000016b7  CS_startLFXT                               
00000b01  CS_startLFXTWithTimeout                    
0000167d  DMA_ERR_IRQHandler                         
0000167d  DMA_INT0_IRQHandler                        
0000167d  DMA_INT1_IRQHandler                        
0000167d  DMA_INT2_IRQHandler                        
0000167d  DMA_INT3_IRQHandler                        
0000167d  DebugMon_Handler                           
0000167d  Default_Handler                            
0000167d  EUSCIA0_IRQHandler                         
0000167d  EUSCIA1_IRQHandler                         
0000167d  EUSCIA2_IRQHandler                         
0000167d  EUSCIA3_IRQHandler                         
0000167d  EUSCIB0_IRQHandler                         
0000167d  EUSCIB1_IRQHandler                         
0000167d  EUSCIB2_IRQHandler                         
0000167d  EUSCIB3_IRQHandler                         
0000167d  FLCTL_IRQHandler                           
0000167d  FPU_IRQHandler                             
0000154d  GPIO_getInputPinValue                      
0000127d  GPIO_setAsPeripheralModuleFunctionInputPin 
000011e5  GPIO_setAsPeripheralModuleFunctionOutputPin
000015c1  GPIO_setOutputHighOnPin                    
00001565  GPIO_setOutputLowOnPin                     
0000167d  HardFault_Handler                          
0000168b  I2C_enableModule                           
0000134d  I2C_initMaster                             
000015d5  I2C_isBusBusy                              
000013c5  I2C_masterReceiveSingleByte                
000014a1  I2C_masterSendMultiByteNext                
0000138d  I2C_masterSendMultiByteStart               
000013f5  I2C_masterSendMultiByteStop                
000010f5  I2C_masterSendSingleByte                   
00001655  I2C_setMode                                
000016c3  I2C_setSlaveAddress                        
00000f29  Interrupt_enableInterrupt                  
00001625  Interrupt_enableMaster                     
000015e9  Interrupt_enableSleepOnIsrExit             
0000167d  MemManage_Handler                          
0000167d  NMI_Handler                                
0000167d  PCM_IRQHandler                             
0000167d  PORT1_IRQHandler                           
0000167d  PORT2_IRQHandler                           
0000167d  PORT3_IRQHandler                           
0000167d  PORT4_IRQHandler                           
00000337  PORT5_IRQHandler                           
00000337  PORT5_IRQHandler                           
0000167d  PORT6_IRQHandler                           
0000167d  PSS_IRQHandler                             
0000167d  PendSV_Handler                             
00000933  RTC_C_IRQHandler                           
00000933  RTC_C_IRQHandler                           
00001145  RTC_C_clearInterruptFlag                   
00001531  RTC_C_definePrescaleEvent                  
0000130d  RTC_C_enableInterrupt                      
00000f8d  RTC_C_getCalendarTime                      
000012c5  RTC_C_getEnabledInterruptStatus            
00001425  RTC_C_getInterruptStatus                   
00000ff1  RTC_C_initCalendar                         
00001451  RTC_C_setCalendarEvent                     
000014c5  RTC_C_startClock                           
00001671  Reset_Handler                              
UNDEFED   SHT$$INIT_ARRAY$$Base                      
UNDEFED   SHT$$INIT_ARRAY$$Limit                     
0000167d  SVC_Handler                                
00001635  SysCtl_disableNMISource                    
00001645  SysCtl_enableNMISource                     
00001699  SysCtl_getNMISourceStatus                  
000003ff  SysTick_Handler                            
000003ff  SysTick_Handler                            
200003a8  SystemCoreClock                            
00000459  SystemCoreClockUpdate                      
000006cd  SystemInit                                 
0000167d  T32_INT1_IRQHandler                        
0000167d  T32_INT2_IRQHandler                        
0000167d  T32_INTC_IRQHandler                        
0000167d  TA0_0_IRQHandler                           
0000167d  TA0_N_IRQHandler                           
0000167d  TA1_0_IRQHandler                           
0000167d  TA1_N_IRQHandler                           
0000167d  TA2_0_IRQHandler                           
0000167d  TA2_N_IRQHandler                           
0000167d  TA3_0_IRQHandler                           
0000167d  TA3_N_IRQHandler                           
000016a5  UART_enableModule                          
00000c39  UART_initModule                            
000014e9  UART_transmitData                          
0000167d  UsageFault_Handler                         
4000480c  WDTCTL_SYM                                 
0000167d  WDT_A_IRQHandler                           
0000157d  WDT_A_holdTimer                            
00001760  WiFiUARTInitStructure                      
20010000  __STACK_END                                
00000200  __STACK_SIZE                               
000017ec  __TI_CINIT_Base                            
000017fc  __TI_CINIT_Limit                           
000017e4  __TI_Handler_Table_Base                    
000017ec  __TI_Handler_Table_Limit                   
00000e4d  __TI_auto_init                             
20000390  __TI_cleanup_ptr                           
00001663  __TI_decompress_none                       
000016bd  __TI_decompress_rle24                      
20000394  __TI_dtors_ptr                             
20000398  __TI_enable_exit_profile_output            
ffffffff  __TI_pprof_out_hndl                        
ffffffff  __TI_prof_data_size                        
ffffffff  __TI_prof_data_start                       
00000000  __TI_static_base__                         
00000d61  __aeabi_memclr                             
00000d61  __aeabi_memclr4                            
00000d61  __aeabi_memclr8                            
00000b9d  __aeabi_memcpy                             
00000b9d  __aeabi_memcpy4                            
00000b9d  __aeabi_memcpy8                            
00000d63  __aeabi_memset                             
00000d63  __aeabi_memset4                            
00000d63  __aeabi_memset8                            
ffffffff  __binit__                                  
ffffffff  __c_args__                                 
00000ddb  __mpu_init                                 
2000fe00  __stack                                    
00001595  _args_main                                 
0000104d  _c_int00                                   
2000039c  _lock                                      
0000160b  _nop                                       
00001603  _register_lock                             
000015fd  _register_unlock                           
00000f27  _system_post_cinit                         
000016c7  _system_pre_init                           
200003a0  _unlock                                    
000010a5  abort                                      
ffffffff  binit                                      
2000033c  bitCounter                                 
20000000  bitTable                                   
20000190  bitTime                                    
20000340  bitTimePrev                                
00000321  configureDHT                               
000000e5  configurePorts                             
00001231  copy_in                                    
20000344  currentBitTime                             
00001730  currentTime                                
000010ad  exit                                       
000002a9  getDHTPin                                  
2000034c  humidity                                   
20000350  i                                          
0000174c  i2cConfig                                  
00001770  i2cInitStructure                           
00000a0b  i2cReadwithParam                           
000009e5  i2cWritewithParam                          
000009a5  initI2C                                    
000001ad  initMCU                                    
0000021d  initTimer                                  
00000785  initUART                                   
00000809  intToString                                
00000000  interruptVectors                           
00000d01  lightSensorReadAndPowerDown                
00000d1b  lightSensorReadData                        
00000ccd  lightSensorStart                           
00000ce7  lightSensorStop                            
00001195  main                                       
200003a4  main_func_sp                               
00000b9d  memcpy                                     
00000d69  memset                                     
0000150d  ownDelay                                   
00001780  pcUARTInitStructure                        
000002b5  readDHT                                    
2000035c  readValue                                  
000007b5  reverse                                    
000008e1  rtcConfig                                  
000008b9  sendInt                                    
0000086d  sendString                                 
00000251  setDHTAsInput                              
0000027f  setDHTAsOutput                             
00000291  setDHTHigh                                 
0000029d  setDHTLow                                  
00001611  strlen                                     
20000358  temperature                                
0000170c  uartConfig                                 


GLOBAL SYMBOLS: SORTED BY Symbol Address 

address   name                                       
-------   ----                                       
00000000  __TI_static_base__                         
00000000  interruptVectors                           
000000e5  configurePorts                             
000001ad  initMCU                                    
00000200  __STACK_SIZE                               
0000021d  initTimer                                  
00000251  setDHTAsInput                              
0000027f  setDHTAsOutput                             
00000291  setDHTHigh                                 
0000029d  setDHTLow                                  
000002a9  getDHTPin                                  
000002b5  readDHT                                    
00000321  configureDHT                               
00000337  PORT5_IRQHandler                           
00000337  PORT5_IRQHandler                           
000003ff  SysTick_Handler                            
000003ff  SysTick_Handler                            
00000459  SystemCoreClockUpdate                      
000006cd  SystemInit                                 
00000785  initUART                                   
000007b5  reverse                                    
00000809  intToString                                
0000086d  sendString                                 
000008b9  sendInt                                    
000008e1  rtcConfig                                  
00000933  RTC_C_IRQHandler                           
00000933  RTC_C_IRQHandler                           
000009a5  initI2C                                    
000009e5  i2cWritewithParam                          
00000a0b  i2cReadwithParam                           
00000a65  CS_startHFXTWithTimeout                    
00000b01  CS_startLFXTWithTimeout                    
00000b9d  __aeabi_memcpy                             
00000b9d  __aeabi_memcpy4                            
00000b9d  __aeabi_memcpy8                            
00000b9d  memcpy                                     
00000c39  UART_initModule                            
00000ccd  lightSensorStart                           
00000ce7  lightSensorStop                            
00000d01  lightSensorReadAndPowerDown                
00000d1b  lightSensorReadData                        
00000d61  __aeabi_memclr                             
00000d61  __aeabi_memclr4                            
00000d61  __aeabi_memclr8                            
00000d63  __aeabi_memset                             
00000d63  __aeabi_memset4                            
00000d63  __aeabi_memset8                            
00000d69  memset                                     
00000ddb  __mpu_init                                 
00000e4d  __TI_auto_init                             
00000f27  _system_post_cinit                         
00000f29  Interrupt_enableInterrupt                  
00000f8d  RTC_C_getCalendarTime                      
00000ff1  RTC_C_initCalendar                         
0000104d  _c_int00                                   
000010a1  C$$EXIT                                    
000010a5  abort                                      
000010ad  exit                                       
000010f5  I2C_masterSendSingleByte                   
00001145  RTC_C_clearInterruptFlag                   
00001195  main                                       
000011e5  GPIO_setAsPeripheralModuleFunctionOutputPin
00001231  copy_in                                    
0000127d  GPIO_setAsPeripheralModuleFunctionInputPin 
000012c5  RTC_C_getEnabledInterruptStatus            
0000130d  RTC_C_enableInterrupt                      
0000134d  I2C_initMaster                             
0000138d  I2C_masterSendMultiByteStart               
000013c5  I2C_masterReceiveSingleByte                
000013f5  I2C_masterSendMultiByteStop                
00001425  RTC_C_getInterruptStatus                   
00001451  RTC_C_setCalendarEvent                     
0000147d  CS_setDCOCenteredFrequency                 
000014a1  I2C_masterSendMultiByteNext                
000014c5  RTC_C_startClock                           
000014e9  UART_transmitData                          
0000150d  ownDelay                                   
00001531  RTC_C_definePrescaleEvent                  
0000154d  GPIO_getInputPinValue                      
00001565  GPIO_setOutputLowOnPin                     
0000157d  WDT_A_holdTimer                            
00001595  _args_main                                 
000015ad  CS_setExternalClockSourceFrequency         
000015c1  GPIO_setOutputHighOnPin                    
000015d5  I2C_isBusBusy                              
000015e9  Interrupt_enableSleepOnIsrExit             
000015fd  _register_unlock                           
00001603  _register_lock                             
0000160b  _nop                                       
00001611  strlen                                     
00001625  Interrupt_enableMaster                     
00001635  SysCtl_disableNMISource                    
00001645  SysCtl_enableNMISource                     
00001655  I2C_setMode                                
00001663  __TI_decompress_none                       
00001671  Reset_Handler                              
0000167d  ADC14_IRQHandler                           
0000167d  AES256_IRQHandler                          
0000167d  BusFault_Handler                           
0000167d  COMP_E0_IRQHandler                         
0000167d  COMP_E1_IRQHandler                         
0000167d  CS_IRQHandler                              
0000167d  DMA_ERR_IRQHandler                         
0000167d  DMA_INT0_IRQHandler                        
0000167d  DMA_INT1_IRQHandler                        
0000167d  DMA_INT2_IRQHandler                        
0000167d  DMA_INT3_IRQHandler                        
0000167d  DebugMon_Handler                           
0000167d  Default_Handler                            
0000167d  EUSCIA0_IRQHandler                         
0000167d  EUSCIA1_IRQHandler                         
0000167d  EUSCIA2_IRQHandler                         
0000167d  EUSCIA3_IRQHandler                         
0000167d  EUSCIB0_IRQHandler                         
0000167d  EUSCIB1_IRQHandler                         
0000167d  EUSCIB2_IRQHandler                         
0000167d  EUSCIB3_IRQHandler                         
0000167d  FLCTL_IRQHandler                           
0000167d  FPU_IRQHandler                             
0000167d  HardFault_Handler                          
0000167d  MemManage_Handler                          
0000167d  NMI_Handler                                
0000167d  PCM_IRQHandler                             
0000167d  PORT1_IRQHandler                           
0000167d  PORT2_IRQHandler                           
0000167d  PORT3_IRQHandler                           
0000167d  PORT4_IRQHandler                           
0000167d  PORT6_IRQHandler                           
0000167d  PSS_IRQHandler                             
0000167d  PendSV_Handler                             
0000167d  SVC_Handler                                
0000167d  T32_INT1_IRQHandler                        
0000167d  T32_INT2_IRQHandler                        
0000167d  T32_INTC_IRQHandler                        
0000167d  TA0_0_IRQHandler                           
0000167d  TA0_N_IRQHandler                           
0000167d  TA1_0_IRQHandler                           
0000167d  TA1_N_IRQHandler                           
0000167d  TA2_0_IRQHandler                           
0000167d  TA2_N_IRQHandler                           
0000167d  TA3_0_IRQHandler                           
0000167d  TA3_N_IRQHandler                           
0000167d  UsageFault_Handler                         
0000167d  WDT_A_IRQHandler                           
0000167f  CPU_cpsie                                  
0000168b  I2C_enableModule                           
00001699  SysCtl_getNMISourceStatus                  
000016a5  UART_enableModule                          
000016b1  CS_startHFXT                               
000016b7  CS_startLFXT                               
000016bd  __TI_decompress_rle24                      
000016c3  I2C_setSlaveAddress                        
000016c7  _system_pre_init                           
0000170c  uartConfig                                 
00001730  currentTime                                
0000174c  i2cConfig                                  
00001760  WiFiUARTInitStructure                      
00001770  i2cInitStructure                           
00001780  pcUARTInitStructure                        
000017e4  __TI_Handler_Table_Base                    
000017ec  __TI_CINIT_Base                            
000017ec  __TI_Handler_Table_Limit                   
000017fc  __TI_CINIT_Limit                           
20000000  bitTable                                   
20000190  bitTime                                    
2000033c  bitCounter                                 
20000340  bitTimePrev                                
20000344  currentBitTime                             
2000034c  humidity                                   
20000350  i                                          
20000358  temperature                                
2000035c  readValue                                  
20000390  __TI_cleanup_ptr                           
20000394  __TI_dtors_ptr                             
20000398  __TI_enable_exit_profile_output            
2000039c  _lock                                      
200003a0  _unlock                                    
200003a4  main_func_sp                               
200003a8  SystemCoreClock                            
2000fe00  __stack                                    
20010000  __STACK_END                                
4000480c  WDTCTL_SYM                                 
ffffffff  __TI_pprof_out_hndl                        
ffffffff  __TI_prof_data_size                        
ffffffff  __TI_prof_data_start                       
ffffffff  __binit__                                  
ffffffff  __c_args__                                 
ffffffff  binit                                      
UNDEFED   SHT$$INIT_ARRAY$$Base                      
UNDEFED   SHT$$INIT_ARRAY$$Limit                     

[190 symbols]
