******************************************************************************
                  TI ARM Linker PC v15.12.3                    
******************************************************************************
>> Linked Thu Feb 02 15:50:52 2017

OUTPUT FILE NAME:   <LPMexamples.out>
ENTRY POINT SYMBOL: "_c_int00"  address: 000006a9


MEMORY CONFIGURATION

         name            origin    length      used     unused   attr    fill
----------------------  --------  ---------  --------  --------  ----  --------
  MAIN                  00000000   00040000  0000081a  0003f7e6  R  X
  INFO                  00200000   00004000  00000000  00004000  R  X
  SRAM_CODE             01000000   00010000  0000021c  0000fde4  RW X
  SRAM_DATA             20000000   00010000  0000021c  0000fde4  RW  


SEGMENT ALLOCATION MAP

run origin  load origin   length   init length attrs members
----------  ----------- ---------- ----------- ----- -------
00000000    00000000    0000081c   0000081c    r-x
  00000000    00000000    000000e4   000000e4    r-- .intvecs
  000000e4    000000e4    0000070a   0000070a    r-x .text
  000007f0    000007f0    0000002c   0000002c    r-- .cinit
20000000    20000000    0000001c   00000000    rw-
  20000000    20000000    0000001c   00000000    rw- .data
2000fe00    2000fe00    00000200   00000000    rw-
  2000fe00    2000fe00    00000200   00000000    rw- .stack


SECTION ALLOCATION MAP

 output                                  attributes/
section   page    origin      length       input sections
--------  ----  ----------  ----------   ----------------
.intvecs   0    00000000    000000e4     
                  00000000    000000e4     startup_msp432p401r_ccs.obj (.intvecs:retain)

.binit     0    00000000    00000000     

.text      0    000000e4    0000070a     
                  000000e4    0000032c     system_msp432p401r.obj (.text)
                  00000410    000000a4     main.obj (.text)
                  000004b4    0000009c     rtsv7M4_T_le_v4SPD16_eabi.lib : memcpy_t2.obj (.text)
                  00000550    0000007a                                   : memset_t2.obj (.text)
                  000005ca    00000002                                   : mpu_init.obj (.text)
                  000005cc    00000070                                   : autoinit.obj (.text)
                  0000063c    0000006a                                   : copy_decompress_rle.obj (.text)
                  000006a6    00000002                                   : startup.obj (.text)
                  000006a8    00000054                                   : boot.obj (.text)
                  000006fc    00000054                                   : exit.obj (.text)
                  00000750    0000004c                                   : cpy_tbl.obj (.text)
                  0000079c    00000018                                   : args_main.obj (.text)
                  000007b4    00000014                                   : _lock.obj (.text)
                  000007c8    0000000e                                   : copy_decompress_none.obj (.text:decompress:none)
                  000007d6    0000000e     startup_msp432p401r_ccs.obj (.text)
                  000007e4    00000006     rtsv7M4_T_le_v4SPD16_eabi.lib : copy_decompress_rle.obj (.text:decompress:rle24)
                  000007ea    00000004                                   : pre_init.obj (.text)

.cinit     0    000007f0    0000002c     
                  000007f0    0000001a     (.cinit..data.load) [load image, compression = rle]
                  0000080a    00000002     --HOLE-- [fill = 0]
                  0000080c    00000008     (__TI_handler_table)
                  00000814    00000008     (__TI_cinit_table)

.init_array 
*          0    00000000    00000000     UNINITIALIZED

.data      0    20000000    0000001c     UNINITIALIZED
                  20000000    0000000c     rtsv7M4_T_le_v4SPD16_eabi.lib : exit.obj (.data:$O1$$)
                  2000000c    00000008                                   : _lock.obj (.data:$O1$$)
                  20000014    00000004                                   : stkdepth_vars.obj (.data)
                  20000018    00000004     system_msp432p401r.obj (.data)

.stack     0    2000fe00    00000200     UNINITIALIZED
                  2000fe00    00000200     --HOLE--

MODULE SUMMARY

       Module                        code   ro data   rw data
       ------                        ----   -------   -------
    .\
       system_msp432p401r.obj        812    0         8      
       startup_msp432p401r_ccs.obj   14     228       0      
       main.obj                      164    0         0      
    +--+-----------------------------+------+---------+---------+
       Total:                        990    228       8      
                                                             
    C:\Program Files (x86)\TI\ccsv6\tools\compiler\arm_15.12.3.LTS\lib\rtsv7M4_T_le_v4SPD16_eabi.lib
       memcpy_t2.obj                 156    0         0      
       memset_t2.obj                 122    0         0      
       autoinit.obj                  112    0         0      
       copy_decompress_rle.obj       112    0         0      
       exit.obj                      84     0         24     
       boot.obj                      84     0         0      
       cpy_tbl.obj                   76     0         0      
       _lock.obj                     20     0         16     
       args_main.obj                 24     0         0      
       copy_decompress_none.obj      14     0         0      
       stkdepth_vars.obj             0      0         8      
       pre_init.obj                  4      0         0      
       mpu_init.obj                  2      0         0      
       startup.obj                   2      0         0      
    +--+-----------------------------+------+---------+---------+
       Total:                        812    0         48     
                                                             
       Stack:                        0      0         1024   
       Linker Generated:             0      42        0      
    +--+-----------------------------+------+---------+---------+
       Grand Total:                  1802   270       1080   


LINKER GENERATED COPY TABLES

__TI_cinit_table @ 00000814 records: 1, size/record: 8, table size: 8
	.data: load addr=000007f0, load size=0000001a bytes, run addr=20000000, run size=0000001c bytes, compression=rle


LINKER GENERATED HANDLER TABLE

__TI_handler_table @ 0000080c records: 2, size/record: 4, table size: 8
	index: 0, handler: __TI_decompress_rle24
	index: 1, handler: __TI_decompress_none


GLOBAL SYMBOLS: SORTED ALPHABETICALLY BY Name 

address   name                           
-------   ----                           
000007e3  ADC14_IRQHandler               
000007e3  AES256_IRQHandler              
000007e3  BusFault_Handler               
000006fd  C$$EXIT                        
000007e3  COMP_E0_IRQHandler             
000007e3  COMP_E1_IRQHandler             
000007e3  CS_IRQHandler                  
000007e3  DMA_ERR_IRQHandler             
000007e3  DMA_INT0_IRQHandler            
000007e3  DMA_INT1_IRQHandler            
000007e3  DMA_INT2_IRQHandler            
000007e3  DMA_INT3_IRQHandler            
000007e3  DebugMon_Handler               
000007e3  Default_Handler                
000007e3  EUSCIA0_IRQHandler             
000007e3  EUSCIA1_IRQHandler             
000007e3  EUSCIA2_IRQHandler             
000007e3  EUSCIA3_IRQHandler             
000007e3  EUSCIB0_IRQHandler             
000007e3  EUSCIB1_IRQHandler             
000007e3  EUSCIB2_IRQHandler             
000007e3  EUSCIB3_IRQHandler             
000007e3  FLCTL_IRQHandler               
000007e3  FPU_IRQHandler                 
000007e3  HardFault_Handler              
000007e3  MemManage_Handler              
000007e3  NMI_Handler                    
000007e3  PCM_IRQHandler                 
00000471  PORT1_IRQHandler               
00000471  PORT1_IRQHandler               
000007e3  PORT2_IRQHandler               
000007e3  PORT3_IRQHandler               
000007e3  PORT4_IRQHandler               
000007e3  PORT5_IRQHandler               
000007e3  PORT6_IRQHandler               
000007e3  PSS_IRQHandler                 
000007e3  PendSV_Handler                 
000007e3  RTC_C_IRQHandler               
000007d7  Reset_Handler                  
UNDEFED   SHT$$INIT_ARRAY$$Base          
UNDEFED   SHT$$INIT_ARRAY$$Limit         
000007e3  SVC_Handler                    
000007e3  SysTick_Handler                
20000018  SystemCoreClock                
000000e5  SystemCoreClockUpdate          
00000359  SystemInit                     
000007e3  T32_INT1_IRQHandler            
000007e3  T32_INT2_IRQHandler            
000007e3  T32_INTC_IRQHandler            
000007e3  TA0_0_IRQHandler               
000007e3  TA0_N_IRQHandler               
000007e3  TA1_0_IRQHandler               
000007e3  TA1_N_IRQHandler               
000007e3  TA2_0_IRQHandler               
000007e3  TA2_N_IRQHandler               
000007e3  TA3_0_IRQHandler               
000007e3  TA3_N_IRQHandler               
000007e3  UsageFault_Handler             
4000480c  WDTCTL_SYM                     
000007e3  WDT_A_IRQHandler               
20010000  __STACK_END                    
00000200  __STACK_SIZE                   
00000814  __TI_CINIT_Base                
0000081c  __TI_CINIT_Limit               
0000080c  __TI_Handler_Table_Base        
00000814  __TI_Handler_Table_Limit       
000005cd  __TI_auto_init                 
20000000  __TI_cleanup_ptr               
000007c9  __TI_decompress_none           
000007e5  __TI_decompress_rle24          
20000004  __TI_dtors_ptr                 
20000008  __TI_enable_exit_profile_output
ffffffff  __TI_pprof_out_hndl            
ffffffff  __TI_prof_data_size            
ffffffff  __TI_prof_data_start           
00000000  __TI_static_base__             
00000551  __aeabi_memclr                 
00000551  __aeabi_memclr4                
00000551  __aeabi_memclr8                
000004b5  __aeabi_memcpy                 
000004b5  __aeabi_memcpy4                
000004b5  __aeabi_memcpy8                
00000553  __aeabi_memset                 
00000553  __aeabi_memset4                
00000553  __aeabi_memset8                
ffffffff  __binit__                      
ffffffff  __c_args__                     
000005cb  __mpu_init                     
2000fe00  __stack                        
0000079d  _args_main                     
000006a9  _c_int00                       
2000000c  _lock                          
000007c3  _nop                           
000007bb  _register_lock                 
000007b5  _register_unlock               
000006a7  _system_post_cinit             
000007eb  _system_pre_init               
20000010  _unlock                        
00000701  abort                          
ffffffff  binit                          
00000751  copy_in                        
00000709  exit                           
00000000  interruptVectors               
00000411  main                           
20000014  main_func_sp                   
000004b5  memcpy                         
00000559  memset                         


GLOBAL SYMBOLS: SORTED BY Symbol Address 

address   name                           
-------   ----                           
00000000  __TI_static_base__             
00000000  interruptVectors               
000000e5  SystemCoreClockUpdate          
00000200  __STACK_SIZE                   
00000359  SystemInit                     
00000411  main                           
00000471  PORT1_IRQHandler               
00000471  PORT1_IRQHandler               
000004b5  __aeabi_memcpy                 
000004b5  __aeabi_memcpy4                
000004b5  __aeabi_memcpy8                
000004b5  memcpy                         
00000551  __aeabi_memclr                 
00000551  __aeabi_memclr4                
00000551  __aeabi_memclr8                
00000553  __aeabi_memset                 
00000553  __aeabi_memset4                
00000553  __aeabi_memset8                
00000559  memset                         
000005cb  __mpu_init                     
000005cd  __TI_auto_init                 
000006a7  _system_post_cinit             
000006a9  _c_int00                       
000006fd  C$$EXIT                        
00000701  abort                          
00000709  exit                           
00000751  copy_in                        
0000079d  _args_main                     
000007b5  _register_unlock               
000007bb  _register_lock                 
000007c3  _nop                           
000007c9  __TI_decompress_none           
000007d7  Reset_Handler                  
000007e3  ADC14_IRQHandler               
000007e3  AES256_IRQHandler              
000007e3  BusFault_Handler               
000007e3  COMP_E0_IRQHandler             
000007e3  COMP_E1_IRQHandler             
000007e3  CS_IRQHandler                  
000007e3  DMA_ERR_IRQHandler             
000007e3  DMA_INT0_IRQHandler            
000007e3  DMA_INT1_IRQHandler            
000007e3  DMA_INT2_IRQHandler            
000007e3  DMA_INT3_IRQHandler            
000007e3  DebugMon_Handler               
000007e3  Default_Handler                
000007e3  EUSCIA0_IRQHandler             
000007e3  EUSCIA1_IRQHandler             
000007e3  EUSCIA2_IRQHandler             
000007e3  EUSCIA3_IRQHandler             
000007e3  EUSCIB0_IRQHandler             
000007e3  EUSCIB1_IRQHandler             
000007e3  EUSCIB2_IRQHandler             
000007e3  EUSCIB3_IRQHandler             
000007e3  FLCTL_IRQHandler               
000007e3  FPU_IRQHandler                 
000007e3  HardFault_Handler              
000007e3  MemManage_Handler              
000007e3  NMI_Handler                    
000007e3  PCM_IRQHandler                 
000007e3  PORT2_IRQHandler               
000007e3  PORT3_IRQHandler               
000007e3  PORT4_IRQHandler               
000007e3  PORT5_IRQHandler               
000007e3  PORT6_IRQHandler               
000007e3  PSS_IRQHandler                 
000007e3  PendSV_Handler                 
000007e3  RTC_C_IRQHandler               
000007e3  SVC_Handler                    
000007e3  SysTick_Handler                
000007e3  T32_INT1_IRQHandler            
000007e3  T32_INT2_IRQHandler            
000007e3  T32_INTC_IRQHandler            
000007e3  TA0_0_IRQHandler               
000007e3  TA0_N_IRQHandler               
000007e3  TA1_0_IRQHandler               
000007e3  TA1_N_IRQHandler               
000007e3  TA2_0_IRQHandler               
000007e3  TA2_N_IRQHandler               
000007e3  TA3_0_IRQHandler               
000007e3  TA3_N_IRQHandler               
000007e3  UsageFault_Handler             
000007e3  WDT_A_IRQHandler               
000007e5  __TI_decompress_rle24          
000007eb  _system_pre_init               
0000080c  __TI_Handler_Table_Base        
00000814  __TI_CINIT_Base                
00000814  __TI_Handler_Table_Limit       
0000081c  __TI_CINIT_Limit               
20000000  __TI_cleanup_ptr               
20000004  __TI_dtors_ptr                 
20000008  __TI_enable_exit_profile_output
2000000c  _lock                          
20000010  _unlock                        
20000014  main_func_sp                   
20000018  SystemCoreClock                
2000fe00  __stack                        
20010000  __STACK_END                    
4000480c  WDTCTL_SYM                     
ffffffff  __TI_pprof_out_hndl            
ffffffff  __TI_prof_data_size            
ffffffff  __TI_prof_data_start           
ffffffff  __binit__                      
ffffffff  __c_args__                     
ffffffff  binit                          
UNDEFED   SHT$$INIT_ARRAY$$Base          
UNDEFED   SHT$$INIT_ARRAY$$Limit         

[107 symbols]
