******************************************************************************
                  TI ARM Linker PC v15.12.3                    
******************************************************************************
>> Linked Thu Feb 02 14:36:36 2017

OUTPUT FILE NAME:   <Base.out>
ENTRY POINT SYMBOL: "_c_int00"  address: 00000841


MEMORY CONFIGURATION

         name            origin    length      used     unused   attr    fill
----------------------  --------  ---------  --------  --------  ----  --------
  MAIN                  00000000   00040000  000009b2  0003f64e  R  X
  INFO                  00200000   00004000  00000000  00004000  R  X
  SRAM_CODE             01000000   00010000  0000021c  0000fde4  RW X
  SRAM_DATA             20000000   00010000  0000021c  0000fde4  RW  


SEGMENT ALLOCATION MAP

run origin  load origin   length   init length attrs members
----------  ----------- ---------- ----------- ----- -------
00000000    00000000    000009bc   000009bc    r-x
  00000000    00000000    000000e4   000000e4    r-- .intvecs
  000000e8    000000e8    000008a2   000008a2    r-x .text
  00000990    00000990    0000002c   0000002c    r-- .cinit
20000000    20000000    0000001c   00000000    rw-
  20000000    20000000    0000001c   00000000    rw- .data
2000fe00    2000fe00    00000200   00000000    rw-
  2000fe00    2000fe00    00000200   00000000    rw- .stack


SECTION ALLOCATION MAP

 output                                  attributes/
section   page    origin      length       input sections
--------  ----  ----------  ----------   ----------------
.intvecs   0    00000000    000000e4     
                  00000000    000000e4     startup_msp432p401r_ccs.obj (.intvecs:retain)

.binit     0    00000000    00000000     

.text      0    000000e8    000008a2     
                  000000e8    00000460     system_msp432p401r.obj (.text)
                  00000548    00000104     main.obj (.text)
                  0000064c    0000009c     rtsv7M4_T_le_v4SPD16_eabi.lib : memcpy_t2.obj (.text)
                  000006e8    0000007a                                   : memset_t2.obj (.text)
                  00000762    00000002                                   : mpu_init.obj (.text)
                  00000764    00000070                                   : autoinit.obj (.text)
                  000007d4    0000006a                                   : copy_decompress_rle.obj (.text)
                  0000083e    00000002                                   : startup.obj (.text)
                  00000840    00000054                                   : boot.obj (.text)
                  00000894    00000054                                   : exit.obj (.text)
                  000008e8    0000004c                                   : cpy_tbl.obj (.text)
                  00000934    00000018                                   : args_main.obj (.text)
                  0000094c    00000014                                   : _lock.obj (.text)
                  00000960    00000012     startup_msp432p401r_ccs.obj (.text)
                  00000972    0000000e     rtsv7M4_T_le_v4SPD16_eabi.lib : copy_decompress_none.obj (.text:decompress:none)
                  00000980    00000006                                   : copy_decompress_rle.obj (.text:decompress:rle24)
                  00000986    00000004                                   : pre_init.obj (.text)

.cinit     0    00000990    0000002c     
                  00000990    0000001a     (.cinit..data.load) [load image, compression = rle]
                  000009aa    00000002     --HOLE-- [fill = 0]
                  000009ac    00000008     (__TI_handler_table)
                  000009b4    00000008     (__TI_cinit_table)

.init_array 
*          0    00000000    00000000     UNINITIALIZED

.data      0    20000000    0000001c     UNINITIALIZED
                  20000000    0000000c     rtsv7M4_T_le_v4SPD16_eabi.lib : exit.obj (.data:$O1$$)
                  2000000c    00000008                                   : _lock.obj (.data:$O1$$)
                  20000014    00000004                                   : stkdepth_vars.obj (.data)
                  20000018    00000004     system_msp432p401r.obj (.data)

.stack     0    2000fe00    00000200     UNINITIALIZED
                  2000fe00    00000200     --HOLE--

MODULE SUMMARY

       Module                        code   ro data   rw data
       ------                        ----   -------   -------
    .\
       system_msp432p401r.obj        1120   0         8      
       main.obj                      260    0         0      
       startup_msp432p401r_ccs.obj   18     228       0      
    +--+-----------------------------+------+---------+---------+
       Total:                        1398   228       8      
                                                             
    C:\Program Files (x86)\TI\ccsv6\tools\compiler\arm_15.12.3.LTS\lib\rtsv7M4_T_le_v4SPD16_eabi.lib
       memcpy_t2.obj                 156    0         0      
       memset_t2.obj                 122    0         0      
       autoinit.obj                  112    0         0      
       copy_decompress_rle.obj       112    0         0      
       exit.obj                      84     0         24     
       boot.obj                      84     0         0      
       cpy_tbl.obj                   76     0         0      
       _lock.obj                     20     0         16     
       args_main.obj                 24     0         0      
       copy_decompress_none.obj      14     0         0      
       stkdepth_vars.obj             0      0         8      
       pre_init.obj                  4      0         0      
       mpu_init.obj                  2      0         0      
       startup.obj                   2      0         0      
    +--+-----------------------------+------+---------+---------+
       Total:                        812    0         48     
                                                             
       Stack:                        0      0         1024   
       Linker Generated:             0      42        0      
    +--+-----------------------------+------+---------+---------+
       Grand Total:                  2210   270       1080   


LINKER GENERATED COPY TABLES

__TI_cinit_table @ 000009b4 records: 1, size/record: 8, table size: 8
	.data: load addr=00000990, load size=0000001a bytes, run addr=20000000, run size=0000001c bytes, compression=rle


LINKER GENERATED HANDLER TABLE

__TI_handler_table @ 000009ac records: 2, size/record: 4, table size: 8
	index: 0, handler: __TI_decompress_rle24
	index: 1, handler: __TI_decompress_none


GLOBAL SYMBOLS: SORTED ALPHABETICALLY BY Name 

address   name                           
-------   ----                           
00000971  ADC14_IRQHandler               
00000971  AES256_IRQHandler              
00000971  BusFault_Handler               
00000895  C$$EXIT                        
00000971  COMP_E0_IRQHandler             
00000971  COMP_E1_IRQHandler             
00000971  CS_IRQHandler                  
00000971  DMA_ERR_IRQHandler             
00000971  DMA_INT0_IRQHandler            
00000971  DMA_INT1_IRQHandler            
00000971  DMA_INT2_IRQHandler            
00000971  DMA_INT3_IRQHandler            
00000971  DebugMon_Handler               
00000971  Default_Handler                
00000971  EUSCIA0_IRQHandler             
00000971  EUSCIA1_IRQHandler             
00000971  EUSCIA2_IRQHandler             
00000971  EUSCIA3_IRQHandler             
00000971  EUSCIB0_IRQHandler             
00000971  EUSCIB1_IRQHandler             
00000971  EUSCIB2_IRQHandler             
00000971  EUSCIB3_IRQHandler             
00000971  FLCTL_IRQHandler               
00000971  FPU_IRQHandler                 
00000971  HardFault_Handler              
00000971  MemManage_Handler              
00000971  NMI_Handler                    
00000971  PCM_IRQHandler                 
000005e9  PORT1_IRQHandler               
000005e9  PORT1_IRQHandler               
00000971  PORT2_IRQHandler               
00000971  PORT3_IRQHandler               
00000971  PORT4_IRQHandler               
00000971  PORT5_IRQHandler               
00000971  PORT6_IRQHandler               
00000971  PSS_IRQHandler                 
00000971  PendSV_Handler                 
00000971  RTC_C_IRQHandler               
00000961  Reset_Handler                  
UNDEFED   SHT$$INIT_ARRAY$$Base          
UNDEFED   SHT$$INIT_ARRAY$$Limit         
00000971  SVC_Handler                    
00000971  SysTick_Handler                
20000018  SystemCoreClock                
000000e9  SystemCoreClockUpdate          
000004a9  SystemInit                     
00000971  T32_INT1_IRQHandler            
00000971  T32_INT2_IRQHandler            
00000971  T32_INTC_IRQHandler            
00000971  TA0_0_IRQHandler               
00000971  TA0_N_IRQHandler               
00000971  TA1_0_IRQHandler               
00000971  TA1_N_IRQHandler               
00000971  TA2_0_IRQHandler               
00000971  TA2_N_IRQHandler               
00000971  TA3_0_IRQHandler               
00000971  TA3_N_IRQHandler               
00000971  UsageFault_Handler             
4000480c  WDTCTL_SYM                     
00000971  WDT_A_IRQHandler               
20010000  __STACK_END                    
00000200  __STACK_SIZE                   
000009b4  __TI_CINIT_Base                
000009bc  __TI_CINIT_Limit               
000009ac  __TI_Handler_Table_Base        
000009b4  __TI_Handler_Table_Limit       
00000765  __TI_auto_init                 
20000000  __TI_cleanup_ptr               
00000973  __TI_decompress_none           
00000981  __TI_decompress_rle24          
20000004  __TI_dtors_ptr                 
20000008  __TI_enable_exit_profile_output
ffffffff  __TI_pprof_out_hndl            
ffffffff  __TI_prof_data_size            
ffffffff  __TI_prof_data_start           
00000000  __TI_static_base__             
000006e9  __aeabi_memclr                 
000006e9  __aeabi_memclr4                
000006e9  __aeabi_memclr8                
0000064d  __aeabi_memcpy                 
0000064d  __aeabi_memcpy4                
0000064d  __aeabi_memcpy8                
000006eb  __aeabi_memset                 
000006eb  __aeabi_memset4                
000006eb  __aeabi_memset8                
ffffffff  __binit__                      
ffffffff  __c_args__                     
00000763  __mpu_init                     
2000fe00  __stack                        
00000935  _args_main                     
00000841  _c_int00                       
2000000c  _lock                          
0000095b  _nop                           
00000953  _register_lock                 
0000094d  _register_unlock               
0000083f  _system_post_cinit             
00000987  _system_pre_init               
20000010  _unlock                        
00000899  abort                          
ffffffff  binit                          
000008e9  copy_in                        
000008a1  exit                           
00000000  interruptVectors               
000005d1  main                           
20000014  main_func_sp                   
0000064d  memcpy                         
000006f1  memset                         
00000549  setup                          


GLOBAL SYMBOLS: SORTED BY Symbol Address 

address   name                           
-------   ----                           
00000000  __TI_static_base__             
00000000  interruptVectors               
000000e9  SystemCoreClockUpdate          
00000200  __STACK_SIZE                   
000004a9  SystemInit                     
00000549  setup                          
000005d1  main                           
000005e9  PORT1_IRQHandler               
000005e9  PORT1_IRQHandler               
0000064d  __aeabi_memcpy                 
0000064d  __aeabi_memcpy4                
0000064d  __aeabi_memcpy8                
0000064d  memcpy                         
000006e9  __aeabi_memclr                 
000006e9  __aeabi_memclr4                
000006e9  __aeabi_memclr8                
000006eb  __aeabi_memset                 
000006eb  __aeabi_memset4                
000006eb  __aeabi_memset8                
000006f1  memset                         
00000763  __mpu_init                     
00000765  __TI_auto_init                 
0000083f  _system_post_cinit             
00000841  _c_int00                       
00000895  C$$EXIT                        
00000899  abort                          
000008a1  exit                           
000008e9  copy_in                        
00000935  _args_main                     
0000094d  _register_unlock               
00000953  _register_lock                 
0000095b  _nop                           
00000961  Reset_Handler                  
00000971  ADC14_IRQHandler               
00000971  AES256_IRQHandler              
00000971  BusFault_Handler               
00000971  COMP_E0_IRQHandler             
00000971  COMP_E1_IRQHandler             
00000971  CS_IRQHandler                  
00000971  DMA_ERR_IRQHandler             
00000971  DMA_INT0_IRQHandler            
00000971  DMA_INT1_IRQHandler            
00000971  DMA_INT2_IRQHandler            
00000971  DMA_INT3_IRQHandler            
00000971  DebugMon_Handler               
00000971  Default_Handler                
00000971  EUSCIA0_IRQHandler             
00000971  EUSCIA1_IRQHandler             
00000971  EUSCIA2_IRQHandler             
00000971  EUSCIA3_IRQHandler             
00000971  EUSCIB0_IRQHandler             
00000971  EUSCIB1_IRQHandler             
00000971  EUSCIB2_IRQHandler             
00000971  EUSCIB3_IRQHandler             
00000971  FLCTL_IRQHandler               
00000971  FPU_IRQHandler                 
00000971  HardFault_Handler              
00000971  MemManage_Handler              
00000971  NMI_Handler                    
00000971  PCM_IRQHandler                 
00000971  PORT2_IRQHandler               
00000971  PORT3_IRQHandler               
00000971  PORT4_IRQHandler               
00000971  PORT5_IRQHandler               
00000971  PORT6_IRQHandler               
00000971  PSS_IRQHandler                 
00000971  PendSV_Handler                 
00000971  RTC_C_IRQHandler               
00000971  SVC_Handler                    
00000971  SysTick_Handler                
00000971  T32_INT1_IRQHandler            
00000971  T32_INT2_IRQHandler            
00000971  T32_INTC_IRQHandler            
00000971  TA0_0_IRQHandler               
00000971  TA0_N_IRQHandler               
00000971  TA1_0_IRQHandler               
00000971  TA1_N_IRQHandler               
00000971  TA2_0_IRQHandler               
00000971  TA2_N_IRQHandler               
00000971  TA3_0_IRQHandler               
00000971  TA3_N_IRQHandler               
00000971  UsageFault_Handler             
00000971  WDT_A_IRQHandler               
00000973  __TI_decompress_none           
00000981  __TI_decompress_rle24          
00000987  _system_pre_init               
000009ac  __TI_Handler_Table_Base        
000009b4  __TI_CINIT_Base                
000009b4  __TI_Handler_Table_Limit       
000009bc  __TI_CINIT_Limit               
20000000  __TI_cleanup_ptr               
20000004  __TI_dtors_ptr                 
20000008  __TI_enable_exit_profile_output
2000000c  _lock                          
20000010  _unlock                        
20000014  main_func_sp                   
20000018  SystemCoreClock                
2000fe00  __stack                        
20010000  __STACK_END                    
4000480c  WDTCTL_SYM                     
ffffffff  __TI_pprof_out_hndl            
ffffffff  __TI_prof_data_size            
ffffffff  __TI_prof_data_start           
ffffffff  __binit__                      
ffffffff  __c_args__                     
ffffffff  binit                          
UNDEFED   SHT$$INIT_ARRAY$$Base          
UNDEFED   SHT$$INIT_ARRAY$$Limit         

[108 symbols]
