******************************************************************************
                  TI ARM Linker PC v15.12.3                    
******************************************************************************
>> Linked Tue Feb 14 15:57:32 2017

OUTPUT FILE NAME:   <ReadFromSensor.out>
ENTRY POINT SYMBOL: "_c_int00"  address: 00000861


MEMORY CONFIGURATION

         name            origin    length      used     unused   attr    fill
----------------------  --------  ---------  --------  --------  ----  --------
  MAIN                  00000000   00040000  00000c14  0003f3ec  R  X
  INFO                  00200000   00004000  00000000  00004000  R  X
  SRAM_CODE             01000000   00010000  00000254  0000fdac  RW X
  SRAM_DATA             20000000   00010000  00000254  0000fdac  RW  


SEGMENT ALLOCATION MAP

run origin  load origin   length   init length attrs members
----------  ----------- ---------- ----------- ----- -------
00000000    00000000    00000c14   00000c14    r-x
  00000000    00000000    000000e4   000000e4    r-- .intvecs
  000000e4    000000e4    00000a8c   00000a8c    r-x .text
  00000b70    00000b70    00000038   00000038    r-- .const
  00000ba8    00000ba8    0000006c   0000006c    r-- .cinit
20000000    20000000    00000054   00000000    rw-
  20000000    20000000    0000004c   00000000    rw- .data
  2000004c    2000004c    00000008   00000000    rw- .bss
2000fe00    2000fe00    00000200   00000000    rw-
  2000fe00    2000fe00    00000200   00000000    rw- .stack


SECTION ALLOCATION MAP

 output                                  attributes/
section   page    origin      length       input sections
--------  ----  ----------  ----------   ----------------
.intvecs   0    00000000    000000e4     
                  00000000    000000e4     startup_msp432p401r_ccs.obj (.intvecs:retain)

.binit     0    00000000    00000000     

.text      0    000000e4    00000a8c     
                  000000e4    0000032c     system_msp432p401r.obj (.text)
                  00000410    000001c8     main.obj (.text)
                  000005d8    0000009c     rtsv7M4_T_le_v4SPD16_eabi.lib : memcpy_t2.obj (.text)
                  00000674    00000094     msp432p4xx_driverlib.lib : uart.o (.text:UART_initModule)
                  00000708    0000007a     rtsv7M4_T_le_v4SPD16_eabi.lib : memset_t2.obj (.text)
                  00000782    00000002                                   : mpu_init.obj (.text)
                  00000784    00000070                                   : autoinit.obj (.text)
                  000007f4    0000006a                                   : copy_decompress_rle.obj (.text)
                  0000085e    00000002                                   : startup.obj (.text)
                  00000860    00000054                                   : boot.obj (.text)
                  000008b4    00000054                                   : exit.obj (.text)
                  00000908    00000050     msp432p4xx_driverlib.lib : i2c.o (.text:I2C_masterSendSingleByte)
                  00000958    0000004c     rtsv7M4_T_le_v4SPD16_eabi.lib : cpy_tbl.obj (.text)
                  000009a4    00000048     msp432p4xx_driverlib.lib : gpio.o (.text:GPIO_setAsPeripheralModuleFunctionInputPin)
                  000009ec    0000003e                              : i2c.o (.text:I2C_initMaster)
                  00000a2a    00000002     --HOLE-- [fill = 0]
                  00000a2c    00000030                              : gpio.o (.text:GPIO_setAsInputPinWithPullUpResistor)
                  00000a5c    00000030                              : i2c.o (.text:I2C_masterReceiveSingleByte)
                  00000a8c    00000024                              : cs.o (.text:CS_setDCOCenteredFrequency)
                  00000ab0    00000024                              : uart.o (.text:UART_transmitData)
                  00000ad4    00000018                              : wdt_a.o (.text:WDT_A_holdTimer)
                  00000aec    00000018     rtsv7M4_T_le_v4SPD16_eabi.lib : args_main.obj (.text)
                  00000b04    00000014                                   : _lock.obj (.text)
                  00000b18    00000014                                   : strlen.obj (.text)
                  00000b2c    0000000e     msp432p4xx_driverlib.lib : i2c.o (.text:I2C_setMode)
                  00000b3a    0000000e     rtsv7M4_T_le_v4SPD16_eabi.lib : copy_decompress_none.obj (.text:decompress:none)
                  00000b48    0000000e     startup_msp432p401r_ccs.obj (.text)
                  00000b56    0000000c     msp432p4xx_driverlib.lib : uart.o (.text:UART_enableModule)
                  00000b62    00000006     rtsv7M4_T_le_v4SPD16_eabi.lib : copy_decompress_rle.obj (.text:decompress:rle24)
                  00000b68    00000004     msp432p4xx_driverlib.lib : i2c.o (.text:I2C_setSlaveAddress)
                  00000b6c    00000004     rtsv7M4_T_le_v4SPD16_eabi.lib : pre_init.obj (.text)

.const     0    00000b70    00000038     
                  00000b70    00000024     main.obj (.const:uartConfig)
                  00000b94    00000014     main.obj (.const:i2cConfig)

.cinit     0    00000ba8    0000006c     
                  00000ba8    00000048     (.cinit..data.load) [load image, compression = rle]
                  00000bf0    00000009     (.cinit..bss.load) [load image, compression = rle]
                  00000bf9    00000003     --HOLE-- [fill = 0]
                  00000bfc    00000008     (__TI_handler_table)
                  00000c04    00000010     (__TI_cinit_table)

.init_array 
*          0    00000000    00000000     UNINITIALIZED

.data      0    20000000    0000004c     UNINITIALIZED
                  20000000    00000030     msp432p4xx_driverlib.lib : gpio.o (.data:GPIO_PORT_TO_BASE)
                  20000030    0000000c     rtsv7M4_T_le_v4SPD16_eabi.lib : exit.obj (.data:$O1$$)
                  2000003c    00000008                                   : _lock.obj (.data:$O1$$)
                  20000044    00000004                                   : stkdepth_vars.obj (.data)
                  20000048    00000004     system_msp432p401r.obj (.data)

.bss       0    2000004c    00000008     UNINITIALIZED
                  2000004c    00000004     (.common:i)
                  20000050    00000004     (.common:xferIndex)

.stack     0    2000fe00    00000200     UNINITIALIZED
                  2000fe00    00000200     --HOLE--

MODULE SUMMARY

       Module                        code   ro data   rw data
       ------                        ----   -------   -------
    .\
       system_msp432p401r.obj        812    0         8      
       main.obj                      456    56        16     
       startup_msp432p401r_ccs.obj   14     228       0      
    +--+-----------------------------+------+---------+---------+
       Total:                        1282   284       24     
                                                             
    C:/ti/tirex-content/msp/msp432ware__3.50.00.02/driverlib/driverlib/MSP432P4xx/ccs/msp432p4xx_driverlib.lib
       gpio.o                        120    0         96     
       i2c.o                         208    0         0      
       uart.o                        196    0         0      
       cs.o                          36     0         0      
       wdt_a.o                       24     0         0      
    +--+-----------------------------+------+---------+---------+
       Total:                        584    0         96     
                                                             
    C:\Program Files (x86)\TI\ccsv6\tools\compiler\arm_15.12.3.LTS\lib\rtsv7M4_T_le_v4SPD16_eabi.lib
       memcpy_t2.obj                 156    0         0      
       memset_t2.obj                 122    0         0      
       autoinit.obj                  112    0         0      
       copy_decompress_rle.obj       112    0         0      
       exit.obj                      84     0         24     
       boot.obj                      84     0         0      
       cpy_tbl.obj                   76     0         0      
       _lock.obj                     20     0         16     
       args_main.obj                 24     0         0      
       strlen.obj                    20     0         0      
       copy_decompress_none.obj      14     0         0      
       stkdepth_vars.obj             0      0         8      
       pre_init.obj                  4      0         0      
       mpu_init.obj                  2      0         0      
       startup.obj                   2      0         0      
    +--+-----------------------------+------+---------+---------+
       Total:                        832    0         48     
                                                             
       Stack:                        0      0         1024   
       Linker Generated:             0      105       0      
    +--+-----------------------------+------+---------+---------+
       Grand Total:                  2698   389       1192   


LINKER GENERATED COPY TABLES

__TI_cinit_table @ 00000c04 records: 2, size/record: 8, table size: 16
	.data: load addr=00000ba8, load size=00000048 bytes, run addr=20000000, run size=0000004c bytes, compression=rle
	.bss: load addr=00000bf0, load size=00000009 bytes, run addr=2000004c, run size=00000008 bytes, compression=rle


LINKER GENERATED HANDLER TABLE

__TI_handler_table @ 00000bfc records: 2, size/record: 4, table size: 8
	index: 0, handler: __TI_decompress_rle24
	index: 1, handler: __TI_decompress_none


GLOBAL SYMBOLS: SORTED ALPHABETICALLY BY Name 

address   name                                      
-------   ----                                      
00000b55  ADC14_IRQHandler                          
00000b55  AES256_IRQHandler                         
00000b55  BusFault_Handler                          
000008b5  C$$EXIT                                   
00000b55  COMP_E0_IRQHandler                        
00000b55  COMP_E1_IRQHandler                        
00000b55  CS_IRQHandler                             
00000a8d  CS_setDCOCenteredFrequency                
00000b55  DMA_ERR_IRQHandler                        
00000b55  DMA_INT0_IRQHandler                       
00000b55  DMA_INT1_IRQHandler                       
00000b55  DMA_INT2_IRQHandler                       
00000b55  DMA_INT3_IRQHandler                       
00000b55  DebugMon_Handler                          
00000b55  Default_Handler                           
00000b55  EUSCIA0_IRQHandler                        
00000b55  EUSCIA1_IRQHandler                        
00000b55  EUSCIA2_IRQHandler                        
00000b55  EUSCIA3_IRQHandler                        
00000b55  EUSCIB0_IRQHandler                        
00000b55  EUSCIB1_IRQHandler                        
00000b55  EUSCIB2_IRQHandler                        
00000b55  EUSCIB3_IRQHandler                        
00000b55  FLCTL_IRQHandler                          
00000b55  FPU_IRQHandler                            
00000a2d  GPIO_setAsInputPinWithPullUpResistor      
000009a5  GPIO_setAsPeripheralModuleFunctionInputPin
00000b55  HardFault_Handler                         
000009ed  I2C_initMaster                            
00000a5d  I2C_masterReceiveSingleByte               
00000909  I2C_masterSendSingleByte                  
00000b2d  I2C_setMode                               
00000b69  I2C_setSlaveAddress                       
00000b55  MemManage_Handler                         
00000b55  NMI_Handler                               
00000b55  PCM_IRQHandler                            
00000b55  PORT1_IRQHandler                          
00000b55  PORT2_IRQHandler                          
00000b55  PORT3_IRQHandler                          
00000b55  PORT4_IRQHandler                          
00000b55  PORT5_IRQHandler                          
00000b55  PORT6_IRQHandler                          
00000b55  PSS_IRQHandler                            
00000b55  PendSV_Handler                            
00000b55  RTC_C_IRQHandler                          
00000b49  Reset_Handler                             
UNDEFED   SHT$$INIT_ARRAY$$Base                     
UNDEFED   SHT$$INIT_ARRAY$$Limit                    
00000b55  SVC_Handler                               
00000b55  SysTick_Handler                           
20000048  SystemCoreClock                           
000000e5  SystemCoreClockUpdate                     
00000359  SystemInit                                
00000b55  T32_INT1_IRQHandler                       
00000b55  T32_INT2_IRQHandler                       
00000b55  T32_INTC_IRQHandler                       
00000b55  TA0_0_IRQHandler                          
00000b55  TA0_N_IRQHandler                          
00000b55  TA1_0_IRQHandler                          
00000b55  TA1_N_IRQHandler                          
00000b55  TA2_0_IRQHandler                          
00000b55  TA2_N_IRQHandler                          
00000b55  TA3_0_IRQHandler                          
00000b55  TA3_N_IRQHandler                          
00000b57  UART_enableModule                         
00000675  UART_initModule                           
00000ab1  UART_transmitData                         
00000b55  UsageFault_Handler                        
4000480c  WDTCTL_SYM                                
00000b55  WDT_A_IRQHandler                          
00000ad5  WDT_A_holdTimer                           
20010000  __STACK_END                               
00000200  __STACK_SIZE                              
00000c04  __TI_CINIT_Base                           
00000c14  __TI_CINIT_Limit                          
00000bfc  __TI_Handler_Table_Base                   
00000c04  __TI_Handler_Table_Limit                  
00000785  __TI_auto_init                            
20000030  __TI_cleanup_ptr                          
00000b3b  __TI_decompress_none                      
00000b63  __TI_decompress_rle24                     
20000034  __TI_dtors_ptr                            
20000038  __TI_enable_exit_profile_output           
ffffffff  __TI_pprof_out_hndl                       
ffffffff  __TI_prof_data_size                       
ffffffff  __TI_prof_data_start                      
00000000  __TI_static_base__                        
00000709  __aeabi_memclr                            
00000709  __aeabi_memclr4                           
00000709  __aeabi_memclr8                           
000005d9  __aeabi_memcpy                            
000005d9  __aeabi_memcpy4                           
000005d9  __aeabi_memcpy8                           
0000070b  __aeabi_memset                            
0000070b  __aeabi_memset4                           
0000070b  __aeabi_memset8                           
ffffffff  __binit__                                 
ffffffff  __c_args__                                
00000783  __mpu_init                                
2000fe00  __stack                                   
00000aed  _args_main                                
00000861  _c_int00                                  
2000003c  _lock                                     
00000b13  _nop                                      
00000b0b  _register_lock                            
00000b05  _register_unlock                          
0000085f  _system_post_cinit                        
00000b6d  _system_pre_init                          
20000040  _unlock                                   
000008b9  abort                                     
ffffffff  binit                                     
00000959  copy_in                                   
000008c1  exit                                      
2000004c  i                                         
00000b94  i2cConfig                                 
000004bd  intToString                               
00000000  interruptVectors                          
0000056f  main                                      
20000044  main_func_sp                              
000005d9  memcpy                                    
00000711  memset                                    
00000469  reverse                                   
00000553  sendInt                                   
00000521  sendString                                
00000411  setup                                     
00000b19  strlen                                    
00000b70  uartConfig                                
20000050  xferIndex                                 


GLOBAL SYMBOLS: SORTED BY Symbol Address 

address   name                                      
-------   ----                                      
00000000  __TI_static_base__                        
00000000  interruptVectors                          
000000e5  SystemCoreClockUpdate                     
00000200  __STACK_SIZE                              
00000359  SystemInit                                
00000411  setup                                     
00000469  reverse                                   
000004bd  intToString                               
00000521  sendString                                
00000553  sendInt                                   
0000056f  main                                      
000005d9  __aeabi_memcpy                            
000005d9  __aeabi_memcpy4                           
000005d9  __aeabi_memcpy8                           
000005d9  memcpy                                    
00000675  UART_initModule                           
00000709  __aeabi_memclr                            
00000709  __aeabi_memclr4                           
00000709  __aeabi_memclr8                           
0000070b  __aeabi_memset                            
0000070b  __aeabi_memset4                           
0000070b  __aeabi_memset8                           
00000711  memset                                    
00000783  __mpu_init                                
00000785  __TI_auto_init                            
0000085f  _system_post_cinit                        
00000861  _c_int00                                  
000008b5  C$$EXIT                                   
000008b9  abort                                     
000008c1  exit                                      
00000909  I2C_masterSendSingleByte                  
00000959  copy_in                                   
000009a5  GPIO_setAsPeripheralModuleFunctionInputPin
000009ed  I2C_initMaster                            
00000a2d  GPIO_setAsInputPinWithPullUpResistor      
00000a5d  I2C_masterReceiveSingleByte               
00000a8d  CS_setDCOCenteredFrequency                
00000ab1  UART_transmitData                         
00000ad5  WDT_A_holdTimer                           
00000aed  _args_main                                
00000b05  _register_unlock                          
00000b0b  _register_lock                            
00000b13  _nop                                      
00000b19  strlen                                    
00000b2d  I2C_setMode                               
00000b3b  __TI_decompress_none                      
00000b49  Reset_Handler                             
00000b55  ADC14_IRQHandler                          
00000b55  AES256_IRQHandler                         
00000b55  BusFault_Handler                          
00000b55  COMP_E0_IRQHandler                        
00000b55  COMP_E1_IRQHandler                        
00000b55  CS_IRQHandler                             
00000b55  DMA_ERR_IRQHandler                        
00000b55  DMA_INT0_IRQHandler                       
00000b55  DMA_INT1_IRQHandler                       
00000b55  DMA_INT2_IRQHandler                       
00000b55  DMA_INT3_IRQHandler                       
00000b55  DebugMon_Handler                          
00000b55  Default_Handler                           
00000b55  EUSCIA0_IRQHandler                        
00000b55  EUSCIA1_IRQHandler                        
00000b55  EUSCIA2_IRQHandler                        
00000b55  EUSCIA3_IRQHandler                        
00000b55  EUSCIB0_IRQHandler                        
00000b55  EUSCIB1_IRQHandler                        
00000b55  EUSCIB2_IRQHandler                        
00000b55  EUSCIB3_IRQHandler                        
00000b55  FLCTL_IRQHandler                          
00000b55  FPU_IRQHandler                            
00000b55  HardFault_Handler                         
00000b55  MemManage_Handler                         
00000b55  NMI_Handler                               
00000b55  PCM_IRQHandler                            
00000b55  PORT1_IRQHandler                          
00000b55  PORT2_IRQHandler                          
00000b55  PORT3_IRQHandler                          
00000b55  PORT4_IRQHandler                          
00000b55  PORT5_IRQHandler                          
00000b55  PORT6_IRQHandler                          
00000b55  PSS_IRQHandler                            
00000b55  PendSV_Handler                            
00000b55  RTC_C_IRQHandler                          
00000b55  SVC_Handler                               
00000b55  SysTick_Handler                           
00000b55  T32_INT1_IRQHandler                       
00000b55  T32_INT2_IRQHandler                       
00000b55  T32_INTC_IRQHandler                       
00000b55  TA0_0_IRQHandler                          
00000b55  TA0_N_IRQHandler                          
00000b55  TA1_0_IRQHandler                          
00000b55  TA1_N_IRQHandler                          
00000b55  TA2_0_IRQHandler                          
00000b55  TA2_N_IRQHandler                          
00000b55  TA3_0_IRQHandler                          
00000b55  TA3_N_IRQHandler                          
00000b55  UsageFault_Handler                        
00000b55  WDT_A_IRQHandler                          
00000b57  UART_enableModule                         
00000b63  __TI_decompress_rle24                     
00000b69  I2C_setSlaveAddress                       
00000b6d  _system_pre_init                          
00000b70  uartConfig                                
00000b94  i2cConfig                                 
00000bfc  __TI_Handler_Table_Base                   
00000c04  __TI_CINIT_Base                           
00000c04  __TI_Handler_Table_Limit                  
00000c14  __TI_CINIT_Limit                          
20000030  __TI_cleanup_ptr                          
20000034  __TI_dtors_ptr                            
20000038  __TI_enable_exit_profile_output           
2000003c  _lock                                     
20000040  _unlock                                   
20000044  main_func_sp                              
20000048  SystemCoreClock                           
2000004c  i                                         
20000050  xferIndex                                 
2000fe00  __stack                                   
20010000  __STACK_END                               
4000480c  WDTCTL_SYM                                
ffffffff  __TI_pprof_out_hndl                       
ffffffff  __TI_prof_data_size                       
ffffffff  __TI_prof_data_start                      
ffffffff  __binit__                                 
ffffffff  __c_args__                                
ffffffff  binit                                     
UNDEFED   SHT$$INIT_ARRAY$$Base                     
UNDEFED   SHT$$INIT_ARRAY$$Limit                    

[128 symbols]
