******************************************************************************
                  TI ARM Linker PC v15.12.3                    
******************************************************************************
>> Linked Wed Mar 01 14:35:06 2017

OUTPUT FILE NAME:   <I2CReadWrite.out>
ENTRY POINT SYMBOL: "_c_int00"  address: 000008bd


MEMORY CONFIGURATION

         name            origin    length      used     unused   attr    fill
----------------------  --------  ---------  --------  --------  ----  --------
  MAIN                  00000000   00040000  00000cd8  0003f328  R  X
  INFO                  00200000   00004000  00000000  00004000  R  X
  SRAM_CODE             01000000   00010000  00000250  0000fdb0  RW X
  SRAM_DATA             20000000   00010000  00000250  0000fdb0  RW  


SEGMENT ALLOCATION MAP

run origin  load origin   length   init length attrs members
----------  ----------- ---------- ----------- ----- -------
00000000    00000000    00000cdc   00000cdc    r-x
  00000000    00000000    000000e4   000000e4    r-- .intvecs
  000000e4    000000e4    00000b50   00000b50    r-x .text
  00000c34    00000c34    00000038   00000038    r-- .const
  00000c70    00000c70    0000006c   0000006c    r-- .cinit
20000000    20000000    00000050   00000000    rw-
  20000000    20000000    0000004c   00000000    rw- .data
  2000004c    2000004c    00000004   00000000    rw- .bss
2000fe00    2000fe00    00000200   00000000    rw-
  2000fe00    2000fe00    00000200   00000000    rw- .stack


SECTION ALLOCATION MAP

 output                                  attributes/
section   page    origin      length       input sections
--------  ----  ----------  ----------   ----------------
.intvecs   0    00000000    000000e4     
                  00000000    000000e4     startup_msp432p401r_ccs.obj (.intvecs:retain)

.binit     0    00000000    00000000     

.text      0    000000e4    00000b50     
                  000000e4    0000032c     system_msp432p401r.obj (.text)
                  00000410    00000224     main.obj (.text)
                  00000634    0000009c     rtsv7M4_T_le_v4SPD16_eabi.lib : memcpy_t2.obj (.text)
                  000006d0    00000094     msp432p4xx_driverlib.lib : uart.o (.text:UART_initModule)
                  00000764    0000007a     rtsv7M4_T_le_v4SPD16_eabi.lib : memset_t2.obj (.text)
                  000007de    00000002                                   : mpu_init.obj (.text)
                  000007e0    00000070                                   : autoinit.obj (.text)
                  00000850    0000006a                                   : copy_decompress_rle.obj (.text)
                  000008ba    00000002                                   : startup.obj (.text)
                  000008bc    00000054                                   : boot.obj (.text)
                  00000910    00000054                                   : exit.obj (.text)
                  00000964    00000050     msp432p4xx_driverlib.lib : i2c.o (.text:I2C_masterSendSingleByte)
                  000009b4    0000004c     rtsv7M4_T_le_v4SPD16_eabi.lib : cpy_tbl.obj (.text)
                  00000a00    00000048     msp432p4xx_driverlib.lib : gpio.o (.text:GPIO_setAsPeripheralModuleFunctionInputPin)
                  00000a48    0000003e                              : i2c.o (.text:I2C_initMaster)
                  00000a86    00000002     --HOLE-- [fill = 0]
                  00000a88    00000038                              : i2c.o (.text:I2C_masterSendMultiByteStart)
                  00000ac0    00000030                              : i2c.o (.text:I2C_masterReceiveSingleByte)
                  00000af0    00000030                              : i2c.o (.text:I2C_masterSendMultiByteStop)
                  00000b20    00000024                              : cs.o (.text:CS_setDCOCenteredFrequency)
                  00000b44    00000024                              : i2c.o (.text:I2C_masterSendMultiByteNext)
                  00000b68    00000024                              : uart.o (.text:UART_transmitData)
                  00000b8c    00000018                              : wdt_a.o (.text:WDT_A_holdTimer)
                  00000ba4    00000018     rtsv7M4_T_le_v4SPD16_eabi.lib : args_main.obj (.text)
                  00000bbc    00000014                                   : _lock.obj (.text)
                  00000bd0    00000014                                   : strlen.obj (.text)
                  00000be4    0000000e     msp432p4xx_driverlib.lib : i2c.o (.text:I2C_setMode)
                  00000bf2    0000000e     rtsv7M4_T_le_v4SPD16_eabi.lib : copy_decompress_none.obj (.text:decompress:none)
                  00000c00    0000000e     startup_msp432p401r_ccs.obj (.text)
                  00000c0e    0000000c     msp432p4xx_driverlib.lib : i2c.o (.text:I2C_enableModule)
                  00000c1a    0000000c                              : uart.o (.text:UART_enableModule)
                  00000c26    00000006     rtsv7M4_T_le_v4SPD16_eabi.lib : copy_decompress_rle.obj (.text:decompress:rle24)
                  00000c2c    00000004     msp432p4xx_driverlib.lib : i2c.o (.text:I2C_setSlaveAddress)
                  00000c30    00000004     rtsv7M4_T_le_v4SPD16_eabi.lib : pre_init.obj (.text)

.const     0    00000c34    00000038     
                  00000c34    00000024     main.obj (.const:$P$T1$2)
                  00000c58    00000014     main.obj (.const:$P$T0$1)

.cinit     0    00000c70    0000006c     
                  00000c70    00000048     (.cinit..data.load) [load image, compression = rle]
                  00000cb8    00000009     (.cinit..bss.load) [load image, compression = rle]
                  00000cc1    00000003     --HOLE-- [fill = 0]
                  00000cc4    00000008     (__TI_handler_table)
                  00000ccc    00000010     (__TI_cinit_table)

.init_array 
*          0    00000000    00000000     UNINITIALIZED

.data      0    20000000    0000004c     UNINITIALIZED
                  20000000    00000030     msp432p4xx_driverlib.lib : gpio.o (.data:GPIO_PORT_TO_BASE)
                  20000030    0000000c     rtsv7M4_T_le_v4SPD16_eabi.lib : exit.obj (.data:$O1$$)
                  2000003c    00000008                                   : _lock.obj (.data:$O1$$)
                  20000044    00000004                                   : stkdepth_vars.obj (.data)
                  20000048    00000004     system_msp432p401r.obj (.data)

.bss       0    2000004c    00000004     UNINITIALIZED
                  2000004c    00000004     (.common:i)

.stack     0    2000fe00    00000200     UNINITIALIZED
                  2000fe00    00000200     --HOLE--

MODULE SUMMARY

       Module                        code   ro data   rw data
       ------                        ----   -------   -------
    .\
       system_msp432p401r.obj        812    0         8      
       main.obj                      548    56        8      
       startup_msp432p401r_ccs.obj   14     228       0      
    +--+-----------------------------+------+---------+---------+
       Total:                        1374   284       16     
                                                             
    C:/ti/tirex-content/msp/msp432ware__3.50.00.02/driverlib/driverlib/MSP432P4xx/ccs/msp432p4xx_driverlib.lib
       i2c.o                         360    0         0      
       uart.o                        196    0         0      
       gpio.o                        72     0         96     
       cs.o                          36     0         0      
       wdt_a.o                       24     0         0      
    +--+-----------------------------+------+---------+---------+
       Total:                        688    0         96     
                                                             
    C:\Program Files (x86)\TI\ccsv6\tools\compiler\arm_15.12.3.LTS\lib\rtsv7M4_T_le_v4SPD16_eabi.lib
       memcpy_t2.obj                 156    0         0      
       memset_t2.obj                 122    0         0      
       autoinit.obj                  112    0         0      
       copy_decompress_rle.obj       112    0         0      
       exit.obj                      84     0         24     
       boot.obj                      84     0         0      
       cpy_tbl.obj                   76     0         0      
       _lock.obj                     20     0         16     
       args_main.obj                 24     0         0      
       strlen.obj                    20     0         0      
       copy_decompress_none.obj      14     0         0      
       stkdepth_vars.obj             0      0         8      
       pre_init.obj                  4      0         0      
       mpu_init.obj                  2      0         0      
       startup.obj                   2      0         0      
    +--+-----------------------------+------+---------+---------+
       Total:                        832    0         48     
                                                             
       Stack:                        0      0         1024   
       Linker Generated:             0      105       0      
    +--+-----------------------------+------+---------+---------+
       Grand Total:                  2894   389       1184   


LINKER GENERATED COPY TABLES

__TI_cinit_table @ 00000ccc records: 2, size/record: 8, table size: 16
	.data: load addr=00000c70, load size=00000048 bytes, run addr=20000000, run size=0000004c bytes, compression=rle
	.bss: load addr=00000cb8, load size=00000009 bytes, run addr=2000004c, run size=00000004 bytes, compression=rle


LINKER GENERATED HANDLER TABLE

__TI_handler_table @ 00000cc4 records: 2, size/record: 4, table size: 8
	index: 0, handler: __TI_decompress_rle24
	index: 1, handler: __TI_decompress_none


GLOBAL SYMBOLS: SORTED ALPHABETICALLY BY Name 

address   name                                      
-------   ----                                      
00000c0d  ADC14_IRQHandler                          
00000c0d  AES256_IRQHandler                         
00000c0d  BusFault_Handler                          
00000911  C$$EXIT                                   
00000c0d  COMP_E0_IRQHandler                        
00000c0d  COMP_E1_IRQHandler                        
00000c0d  CS_IRQHandler                             
00000b21  CS_setDCOCenteredFrequency                
00000c0d  DMA_ERR_IRQHandler                        
00000c0d  DMA_INT0_IRQHandler                       
00000c0d  DMA_INT1_IRQHandler                       
00000c0d  DMA_INT2_IRQHandler                       
00000c0d  DMA_INT3_IRQHandler                       
00000c0d  DebugMon_Handler                          
00000c0d  Default_Handler                           
00000c0d  EUSCIA0_IRQHandler                        
00000c0d  EUSCIA1_IRQHandler                        
00000c0d  EUSCIA2_IRQHandler                        
00000c0d  EUSCIA3_IRQHandler                        
00000c0d  EUSCIB0_IRQHandler                        
00000c0d  EUSCIB1_IRQHandler                        
00000c0d  EUSCIB2_IRQHandler                        
00000c0d  EUSCIB3_IRQHandler                        
00000c0d  FLCTL_IRQHandler                          
00000c0d  FPU_IRQHandler                            
00000a01  GPIO_setAsPeripheralModuleFunctionInputPin
00000c0d  HardFault_Handler                         
00000c0f  I2C_enableModule                          
00000a49  I2C_initMaster                            
00000ac1  I2C_masterReceiveSingleByte               
00000b45  I2C_masterSendMultiByteNext               
00000a89  I2C_masterSendMultiByteStart              
00000af1  I2C_masterSendMultiByteStop               
00000965  I2C_masterSendSingleByte                  
00000be5  I2C_setMode                               
00000c2d  I2C_setSlaveAddress                       
00000c0d  MemManage_Handler                         
00000c0d  NMI_Handler                               
00000c0d  PCM_IRQHandler                            
00000c0d  PORT1_IRQHandler                          
00000c0d  PORT2_IRQHandler                          
00000c0d  PORT3_IRQHandler                          
00000c0d  PORT4_IRQHandler                          
00000c0d  PORT5_IRQHandler                          
00000c0d  PORT6_IRQHandler                          
00000c0d  PSS_IRQHandler                            
00000c0d  PendSV_Handler                            
00000c0d  RTC_C_IRQHandler                          
00000c01  Reset_Handler                             
UNDEFED   SHT$$INIT_ARRAY$$Base                     
UNDEFED   SHT$$INIT_ARRAY$$Limit                    
00000c0d  SVC_Handler                               
00000c0d  SysTick_Handler                           
20000048  SystemCoreClock                           
000000e5  SystemCoreClockUpdate                     
00000359  SystemInit                                
00000c0d  T32_INT1_IRQHandler                       
00000c0d  T32_INT2_IRQHandler                       
00000c0d  T32_INTC_IRQHandler                       
00000c0d  TA0_0_IRQHandler                          
00000c0d  TA0_N_IRQHandler                          
00000c0d  TA1_0_IRQHandler                          
00000c0d  TA1_N_IRQHandler                          
00000c0d  TA2_0_IRQHandler                          
00000c0d  TA2_N_IRQHandler                          
00000c0d  TA3_0_IRQHandler                          
00000c0d  TA3_N_IRQHandler                          
00000c1b  UART_enableModule                         
000006d1  UART_initModule                           
00000b69  UART_transmitData                         
00000c0d  UsageFault_Handler                        
4000480c  WDTCTL_SYM                                
00000c0d  WDT_A_IRQHandler                          
00000b8d  WDT_A_holdTimer                           
20010000  __STACK_END                               
00000200  __STACK_SIZE                              
00000ccc  __TI_CINIT_Base                           
00000cdc  __TI_CINIT_Limit                          
00000cc4  __TI_Handler_Table_Base                   
00000ccc  __TI_Handler_Table_Limit                  
000007e1  __TI_auto_init                            
20000030  __TI_cleanup_ptr                          
00000bf3  __TI_decompress_none                      
00000c27  __TI_decompress_rle24                     
20000034  __TI_dtors_ptr                            
20000038  __TI_enable_exit_profile_output           
ffffffff  __TI_pprof_out_hndl                       
ffffffff  __TI_prof_data_size                       
ffffffff  __TI_prof_data_start                      
00000000  __TI_static_base__                        
00000765  __aeabi_memclr                            
00000765  __aeabi_memclr4                           
00000765  __aeabi_memclr8                           
00000635  __aeabi_memcpy                            
00000635  __aeabi_memcpy4                           
00000635  __aeabi_memcpy8                           
00000767  __aeabi_memset                            
00000767  __aeabi_memset4                           
00000767  __aeabi_memset8                           
ffffffff  __binit__                                 
ffffffff  __c_args__                                
000007df  __mpu_init                                
2000fe00  __stack                                   
00000ba5  _args_main                                
000008bd  _c_int00                                  
2000003c  _lock                                     
00000bcb  _nop                                      
00000bc3  _register_lock                            
00000bbd  _register_unlock                          
000008bb  _system_post_cinit                        
00000c31  _system_pre_init                          
20000040  _unlock                                   
00000915  abort                                     
ffffffff  binit                                     
000009b5  copy_in                                   
0000091d  exit                                      
2000004c  i                                         
000005eb  i2cRead                                   
000005bb  i2cWrite                                  
00000411  initI2C                                   
00000479  initUART                                  
00000509  intToString                               
00000000  interruptVectors                          
00000607  main                                      
20000044  main_func_sp                              
00000635  memcpy                                    
0000076d  memset                                    
000004b5  reverse                                   
0000059f  sendInt                                   
0000056d  sendString                                
00000bd1  strlen                                    


GLOBAL SYMBOLS: SORTED BY Symbol Address 

address   name                                      
-------   ----                                      
00000000  __TI_static_base__                        
00000000  interruptVectors                          
000000e5  SystemCoreClockUpdate                     
00000200  __STACK_SIZE                              
00000359  SystemInit                                
00000411  initI2C                                   
00000479  initUART                                  
000004b5  reverse                                   
00000509  intToString                               
0000056d  sendString                                
0000059f  sendInt                                   
000005bb  i2cWrite                                  
000005eb  i2cRead                                   
00000607  main                                      
00000635  __aeabi_memcpy                            
00000635  __aeabi_memcpy4                           
00000635  __aeabi_memcpy8                           
00000635  memcpy                                    
000006d1  UART_initModule                           
00000765  __aeabi_memclr                            
00000765  __aeabi_memclr4                           
00000765  __aeabi_memclr8                           
00000767  __aeabi_memset                            
00000767  __aeabi_memset4                           
00000767  __aeabi_memset8                           
0000076d  memset                                    
000007df  __mpu_init                                
000007e1  __TI_auto_init                            
000008bb  _system_post_cinit                        
000008bd  _c_int00                                  
00000911  C$$EXIT                                   
00000915  abort                                     
0000091d  exit                                      
00000965  I2C_masterSendSingleByte                  
000009b5  copy_in                                   
00000a01  GPIO_setAsPeripheralModuleFunctionInputPin
00000a49  I2C_initMaster                            
00000a89  I2C_masterSendMultiByteStart              
00000ac1  I2C_masterReceiveSingleByte               
00000af1  I2C_masterSendMultiByteStop               
00000b21  CS_setDCOCenteredFrequency                
00000b45  I2C_masterSendMultiByteNext               
00000b69  UART_transmitData                         
00000b8d  WDT_A_holdTimer                           
00000ba5  _args_main                                
00000bbd  _register_unlock                          
00000bc3  _register_lock                            
00000bcb  _nop                                      
00000bd1  strlen                                    
00000be5  I2C_setMode                               
00000bf3  __TI_decompress_none                      
00000c01  Reset_Handler                             
00000c0d  ADC14_IRQHandler                          
00000c0d  AES256_IRQHandler                         
00000c0d  BusFault_Handler                          
00000c0d  COMP_E0_IRQHandler                        
00000c0d  COMP_E1_IRQHandler                        
00000c0d  CS_IRQHandler                             
00000c0d  DMA_ERR_IRQHandler                        
00000c0d  DMA_INT0_IRQHandler                       
00000c0d  DMA_INT1_IRQHandler                       
00000c0d  DMA_INT2_IRQHandler                       
00000c0d  DMA_INT3_IRQHandler                       
00000c0d  DebugMon_Handler                          
00000c0d  Default_Handler                           
00000c0d  EUSCIA0_IRQHandler                        
00000c0d  EUSCIA1_IRQHandler                        
00000c0d  EUSCIA2_IRQHandler                        
00000c0d  EUSCIA3_IRQHandler                        
00000c0d  EUSCIB0_IRQHandler                        
00000c0d  EUSCIB1_IRQHandler                        
00000c0d  EUSCIB2_IRQHandler                        
00000c0d  EUSCIB3_IRQHandler                        
00000c0d  FLCTL_IRQHandler                          
00000c0d  FPU_IRQHandler                            
00000c0d  HardFault_Handler                         
00000c0d  MemManage_Handler                         
00000c0d  NMI_Handler                               
00000c0d  PCM_IRQHandler                            
00000c0d  PORT1_IRQHandler                          
00000c0d  PORT2_IRQHandler                          
00000c0d  PORT3_IRQHandler                          
00000c0d  PORT4_IRQHandler                          
00000c0d  PORT5_IRQHandler                          
00000c0d  PORT6_IRQHandler                          
00000c0d  PSS_IRQHandler                            
00000c0d  PendSV_Handler                            
00000c0d  RTC_C_IRQHandler                          
00000c0d  SVC_Handler                               
00000c0d  SysTick_Handler                           
00000c0d  T32_INT1_IRQHandler                       
00000c0d  T32_INT2_IRQHandler                       
00000c0d  T32_INTC_IRQHandler                       
00000c0d  TA0_0_IRQHandler                          
00000c0d  TA0_N_IRQHandler                          
00000c0d  TA1_0_IRQHandler                          
00000c0d  TA1_N_IRQHandler                          
00000c0d  TA2_0_IRQHandler                          
00000c0d  TA2_N_IRQHandler                          
00000c0d  TA3_0_IRQHandler                          
00000c0d  TA3_N_IRQHandler                          
00000c0d  UsageFault_Handler                        
00000c0d  WDT_A_IRQHandler                          
00000c0f  I2C_enableModule                          
00000c1b  UART_enableModule                         
00000c27  __TI_decompress_rle24                     
00000c2d  I2C_setSlaveAddress                       
00000c31  _system_pre_init                          
00000cc4  __TI_Handler_Table_Base                   
00000ccc  __TI_CINIT_Base                           
00000ccc  __TI_Handler_Table_Limit                  
00000cdc  __TI_CINIT_Limit                          
20000030  __TI_cleanup_ptr                          
20000034  __TI_dtors_ptr                            
20000038  __TI_enable_exit_profile_output           
2000003c  _lock                                     
20000040  _unlock                                   
20000044  main_func_sp                              
20000048  SystemCoreClock                           
2000004c  i                                         
2000fe00  __stack                                   
20010000  __STACK_END                               
4000480c  WDTCTL_SYM                                
ffffffff  __TI_pprof_out_hndl                       
ffffffff  __TI_prof_data_size                       
ffffffff  __TI_prof_data_start                      
ffffffff  __binit__                                 
ffffffff  __c_args__                                
ffffffff  binit                                     
UNDEFED   SHT$$INIT_ARRAY$$Base                     
UNDEFED   SHT$$INIT_ARRAY$$Limit                    

[131 symbols]
