******************************************************************************
                  TI ARM Linker PC v15.12.3                    
******************************************************************************
>> Linked Tue Jan 31 13:27:47 2017

OUTPUT FILE NAME:   <Base.out>
ENTRY POINT SYMBOL: "_c_int00"  address: 00000895


MEMORY CONFIGURATION

         name            origin    length      used     unused   attr    fill
----------------------  --------  ---------  --------  --------  ----  --------
  MAIN                  00000000   00040000  00000a72  0003f58e  R  X
  INFO                  00200000   00004000  00000000  00004000  R  X
  SRAM_CODE             01000000   00010000  0000021c  0000fde4  RW X
  SRAM_DATA             20000000   00010000  0000021c  0000fde4  RW  


SEGMENT ALLOCATION MAP

run origin  load origin   length   init length attrs members
----------  ----------- ---------- ----------- ----- -------
00000000    00000000    00000a7c   00000a7c    r-x
  00000000    00000000    000000e4   000000e4    r-- .intvecs
  000000e8    000000e8    0000093e   0000093e    r-x .text
  00000a28    00000a28    00000024   00000024    r-- .const
  00000a50    00000a50    0000002c   0000002c    r-- .cinit
20000000    20000000    0000001c   00000000    rw-
  20000000    20000000    0000001c   00000000    rw- .data
2000fe00    2000fe00    00000200   00000000    rw-
  2000fe00    2000fe00    00000200   00000000    rw- .stack


SECTION ALLOCATION MAP

 output                                  attributes/
section   page    origin      length       input sections
--------  ----  ----------  ----------   ----------------
.intvecs   0    00000000    000000e4     
                  00000000    000000e4     startup_msp432p401r_ccs.obj (.intvecs:retain)

.binit     0    00000000    00000000     

.text      0    000000e8    0000093e     
                  000000e8    00000460     system_msp432p401r.obj (.text)
                  00000548    00000158     main.obj (.text)
                  000006a0    0000009c     rtsv7M4_T_le_v4SPD16_eabi.lib : memcpy_t2.obj (.text)
                  0000073c    0000007a                                   : memset_t2.obj (.text)
                  000007b6    00000002                                   : mpu_init.obj (.text)
                  000007b8    00000070                                   : autoinit.obj (.text)
                  00000828    0000006a                                   : copy_decompress_rle.obj (.text)
                  00000892    00000002                                   : startup.obj (.text)
                  00000894    00000054                                   : boot.obj (.text)
                  000008e8    00000054                                   : exit.obj (.text)
                  0000093c    0000004c                                   : cpy_tbl.obj (.text)
                  00000988    00000024     msp432p4xx_driverlib.lib : cs.o (.text:CS_setDCOCenteredFrequency)
                  000009ac    00000024                              : uart.o (.text:UART_transmitData)
                  000009d0    00000018     rtsv7M4_T_le_v4SPD16_eabi.lib : args_main.obj (.text)
                  000009e8    00000014                                   : _lock.obj (.text)
                  000009fc    00000004                                   : pre_init.obj (.text)
                  00000a00    00000012     startup_msp432p401r_ccs.obj (.text)
                  00000a12    0000000e     rtsv7M4_T_le_v4SPD16_eabi.lib : copy_decompress_none.obj (.text:decompress:none)
                  00000a20    00000006                                   : copy_decompress_rle.obj (.text:decompress:rle24)

.const     0    00000a28    00000024     
                  00000a28    00000024     main.obj (.const:uartConfig)

.cinit     0    00000a50    0000002c     
                  00000a50    0000001a     (.cinit..data.load) [load image, compression = rle]
                  00000a6a    00000002     --HOLE-- [fill = 0]
                  00000a6c    00000008     (__TI_handler_table)
                  00000a74    00000008     (__TI_cinit_table)

.init_array 
*          0    00000000    00000000     UNINITIALIZED

.data      0    20000000    0000001c     UNINITIALIZED
                  20000000    0000000c     rtsv7M4_T_le_v4SPD16_eabi.lib : exit.obj (.data:$O1$$)
                  2000000c    00000008                                   : _lock.obj (.data:$O1$$)
                  20000014    00000004                                   : stkdepth_vars.obj (.data)
                  20000018    00000004     system_msp432p401r.obj (.data)

.stack     0    2000fe00    00000200     UNINITIALIZED
                  2000fe00    00000200     --HOLE--

MODULE SUMMARY

       Module                        code   ro data   rw data
       ------                        ----   -------   -------
    .\
       system_msp432p401r.obj        1120   0         8      
       main.obj                      344    36        0      
       startup_msp432p401r_ccs.obj   18     228       0      
    +--+-----------------------------+------+---------+---------+
       Total:                        1482   264       8      
                                                             
    C:/ti/tirex-content/msp/msp432ware__3.50.00.02/driverlib/driverlib/MSP432P4xx/ccs/msp432p4xx_driverlib.lib
       cs.o                          36     0         0      
       uart.o                        36     0         0      
    +--+-----------------------------+------+---------+---------+
       Total:                        72     0         0      
                                                             
    C:\Program Files (x86)\TI\ccsv6\tools\compiler\arm_15.12.3.LTS\lib\rtsv7M4_T_le_v4SPD16_eabi.lib
       memcpy_t2.obj                 156    0         0      
       memset_t2.obj                 122    0         0      
       autoinit.obj                  112    0         0      
       copy_decompress_rle.obj       112    0         0      
       exit.obj                      84     0         24     
       boot.obj                      84     0         0      
       cpy_tbl.obj                   76     0         0      
       _lock.obj                     20     0         16     
       args_main.obj                 24     0         0      
       copy_decompress_none.obj      14     0         0      
       stkdepth_vars.obj             0      0         8      
       pre_init.obj                  4      0         0      
       mpu_init.obj                  2      0         0      
       startup.obj                   2      0         0      
    +--+-----------------------------+------+---------+---------+
       Total:                        812    0         48     
                                                             
       Stack:                        0      0         1024   
       Linker Generated:             0      42        0      
    +--+-----------------------------+------+---------+---------+
       Grand Total:                  2366   306       1080   


LINKER GENERATED COPY TABLES

__TI_cinit_table @ 00000a74 records: 1, size/record: 8, table size: 8
	.data: load addr=00000a50, load size=0000001a bytes, run addr=20000000, run size=0000001c bytes, compression=rle


LINKER GENERATED HANDLER TABLE

__TI_handler_table @ 00000a6c records: 2, size/record: 4, table size: 8
	index: 0, handler: __TI_decompress_rle24
	index: 1, handler: __TI_decompress_none


GLOBAL SYMBOLS: SORTED ALPHABETICALLY BY Name 

address   name                           
-------   ----                           
00000a11  ADC14_IRQHandler               
00000a11  AES256_IRQHandler              
00000a11  BusFault_Handler               
000008e9  C$$EXIT                        
00000a11  COMP_E0_IRQHandler             
00000a11  COMP_E1_IRQHandler             
00000a11  CS_IRQHandler                  
00000989  CS_setDCOCenteredFrequency     
00000a11  DMA_ERR_IRQHandler             
00000a11  DMA_INT0_IRQHandler            
00000a11  DMA_INT1_IRQHandler            
00000a11  DMA_INT2_IRQHandler            
00000a11  DMA_INT3_IRQHandler            
00000a11  DebugMon_Handler               
00000a11  Default_Handler                
00000639  EUSCIA0_IRQHandler             
00000639  EUSCIA0_IRQHandler             
00000a11  EUSCIA1_IRQHandler             
00000a11  EUSCIA2_IRQHandler             
00000a11  EUSCIA3_IRQHandler             
00000a11  EUSCIB0_IRQHandler             
00000a11  EUSCIB1_IRQHandler             
00000a11  EUSCIB2_IRQHandler             
00000a11  EUSCIB3_IRQHandler             
00000a11  FLCTL_IRQHandler               
00000a11  FPU_IRQHandler                 
00000a11  HardFault_Handler              
00000a11  MemManage_Handler              
00000a11  NMI_Handler                    
00000a11  PCM_IRQHandler                 
00000a11  PORT1_IRQHandler               
00000a11  PORT2_IRQHandler               
00000a11  PORT3_IRQHandler               
00000a11  PORT4_IRQHandler               
00000a11  PORT5_IRQHandler               
00000a11  PORT6_IRQHandler               
00000a11  PSS_IRQHandler                 
00000a11  PendSV_Handler                 
00000a11  RTC_C_IRQHandler               
00000a01  Reset_Handler                  
UNDEFED   SHT$$INIT_ARRAY$$Base          
UNDEFED   SHT$$INIT_ARRAY$$Limit         
00000a11  SVC_Handler                    
00000a11  SysTick_Handler                
20000018  SystemCoreClock                
000000e9  SystemCoreClockUpdate          
000004a9  SystemInit                     
00000a11  T32_INT1_IRQHandler            
00000a11  T32_INT2_IRQHandler            
00000a11  T32_INTC_IRQHandler            
00000a11  TA0_0_IRQHandler               
00000a11  TA0_N_IRQHandler               
00000a11  TA1_0_IRQHandler               
00000a11  TA1_N_IRQHandler               
00000a11  TA2_0_IRQHandler               
00000a11  TA2_N_IRQHandler               
00000a11  TA3_0_IRQHandler               
00000a11  TA3_N_IRQHandler               
000009ad  UART_transmitData              
00000a11  UsageFault_Handler             
4000480c  WDTCTL_SYM                     
00000a11  WDT_A_IRQHandler               
20010000  __STACK_END                    
00000200  __STACK_SIZE                   
00000a74  __TI_CINIT_Base                
00000a7c  __TI_CINIT_Limit               
00000a6c  __TI_Handler_Table_Base        
00000a74  __TI_Handler_Table_Limit       
000007b9  __TI_auto_init                 
20000000  __TI_cleanup_ptr               
00000a13  __TI_decompress_none           
00000a21  __TI_decompress_rle24          
20000004  __TI_dtors_ptr                 
20000008  __TI_enable_exit_profile_output
ffffffff  __TI_pprof_out_hndl            
ffffffff  __TI_prof_data_size            
ffffffff  __TI_prof_data_start           
00000000  __TI_static_base__             
0000073d  __aeabi_memclr                 
0000073d  __aeabi_memclr4                
0000073d  __aeabi_memclr8                
000006a1  __aeabi_memcpy                 
000006a1  __aeabi_memcpy4                
000006a1  __aeabi_memcpy8                
0000073f  __aeabi_memset                 
0000073f  __aeabi_memset4                
0000073f  __aeabi_memset8                
ffffffff  __binit__                      
ffffffff  __c_args__                     
000007b7  __mpu_init                     
2000fe00  __stack                        
000009d1  _args_main                     
00000895  _c_int00                       
2000000c  _lock                          
000009f7  _nop                           
000009ef  _register_lock                 
000009e9  _register_unlock               
00000893  _system_post_cinit             
000009fd  _system_pre_init               
20000010  _unlock                        
000008ed  abort                          
ffffffff  binit                          
0000093d  copy_in                        
000008f5  exit                           
00000000  interruptVectors               
000005f1  main                           
20000014  main_func_sp                   
000006a1  memcpy                         
00000745  memset                         
00000549  setup                          
00000a28  uartConfig                     


GLOBAL SYMBOLS: SORTED BY Symbol Address 

address   name                           
-------   ----                           
00000000  __TI_static_base__             
00000000  interruptVectors               
000000e9  SystemCoreClockUpdate          
00000200  __STACK_SIZE                   
000004a9  SystemInit                     
00000549  setup                          
000005f1  main                           
00000639  EUSCIA0_IRQHandler             
00000639  EUSCIA0_IRQHandler             
000006a1  __aeabi_memcpy                 
000006a1  __aeabi_memcpy4                
000006a1  __aeabi_memcpy8                
000006a1  memcpy                         
0000073d  __aeabi_memclr                 
0000073d  __aeabi_memclr4                
0000073d  __aeabi_memclr8                
0000073f  __aeabi_memset                 
0000073f  __aeabi_memset4                
0000073f  __aeabi_memset8                
00000745  memset                         
000007b7  __mpu_init                     
000007b9  __TI_auto_init                 
00000893  _system_post_cinit             
00000895  _c_int00                       
000008e9  C$$EXIT                        
000008ed  abort                          
000008f5  exit                           
0000093d  copy_in                        
00000989  CS_setDCOCenteredFrequency     
000009ad  UART_transmitData              
000009d1  _args_main                     
000009e9  _register_unlock               
000009ef  _register_lock                 
000009f7  _nop                           
000009fd  _system_pre_init               
00000a01  Reset_Handler                  
00000a11  ADC14_IRQHandler               
00000a11  AES256_IRQHandler              
00000a11  BusFault_Handler               
00000a11  COMP_E0_IRQHandler             
00000a11  COMP_E1_IRQHandler             
00000a11  CS_IRQHandler                  
00000a11  DMA_ERR_IRQHandler             
00000a11  DMA_INT0_IRQHandler            
00000a11  DMA_INT1_IRQHandler            
00000a11  DMA_INT2_IRQHandler            
00000a11  DMA_INT3_IRQHandler            
00000a11  DebugMon_Handler               
00000a11  Default_Handler                
00000a11  EUSCIA1_IRQHandler             
00000a11  EUSCIA2_IRQHandler             
00000a11  EUSCIA3_IRQHandler             
00000a11  EUSCIB0_IRQHandler             
00000a11  EUSCIB1_IRQHandler             
00000a11  EUSCIB2_IRQHandler             
00000a11  EUSCIB3_IRQHandler             
00000a11  FLCTL_IRQHandler               
00000a11  FPU_IRQHandler                 
00000a11  HardFault_Handler              
00000a11  MemManage_Handler              
00000a11  NMI_Handler                    
00000a11  PCM_IRQHandler                 
00000a11  PORT1_IRQHandler               
00000a11  PORT2_IRQHandler               
00000a11  PORT3_IRQHandler               
00000a11  PORT4_IRQHandler               
00000a11  PORT5_IRQHandler               
00000a11  PORT6_IRQHandler               
00000a11  PSS_IRQHandler                 
00000a11  PendSV_Handler                 
00000a11  RTC_C_IRQHandler               
00000a11  SVC_Handler                    
00000a11  SysTick_Handler                
00000a11  T32_INT1_IRQHandler            
00000a11  T32_INT2_IRQHandler            
00000a11  T32_INTC_IRQHandler            
00000a11  TA0_0_IRQHandler               
00000a11  TA0_N_IRQHandler               
00000a11  TA1_0_IRQHandler               
00000a11  TA1_N_IRQHandler               
00000a11  TA2_0_IRQHandler               
00000a11  TA2_N_IRQHandler               
00000a11  TA3_0_IRQHandler               
00000a11  TA3_N_IRQHandler               
00000a11  UsageFault_Handler             
00000a11  WDT_A_IRQHandler               
00000a13  __TI_decompress_none           
00000a21  __TI_decompress_rle24          
00000a28  uartConfig                     
00000a6c  __TI_Handler_Table_Base        
00000a74  __TI_CINIT_Base                
00000a74  __TI_Handler_Table_Limit       
00000a7c  __TI_CINIT_Limit               
20000000  __TI_cleanup_ptr               
20000004  __TI_dtors_ptr                 
20000008  __TI_enable_exit_profile_output
2000000c  _lock                          
20000010  _unlock                        
20000014  main_func_sp                   
20000018  SystemCoreClock                
2000fe00  __stack                        
20010000  __STACK_END                    
4000480c  WDTCTL_SYM                     
ffffffff  __TI_pprof_out_hndl            
ffffffff  __TI_prof_data_size            
ffffffff  __TI_prof_data_start           
ffffffff  __binit__                      
ffffffff  __c_args__                     
ffffffff  binit                          
UNDEFED   SHT$$INIT_ARRAY$$Base          
UNDEFED   SHT$$INIT_ARRAY$$Limit         

[111 symbols]
