******************************************************************************
                  TI ARM Linker PC v15.12.3                    
******************************************************************************
>> Linked Wed Feb 08 20:42:34 2017

OUTPUT FILE NAME:   <Copy of SwitchPowerModes.out>
ENTRY POINT SYMBOL: "_c_int00"  address: 00000a49


MEMORY CONFIGURATION

         name            origin    length      used     unused   attr    fill
----------------------  --------  ---------  --------  --------  ----  --------
  MAIN                  00000000   00040000  00000d0e  0003f2f2  R  X
  INFO                  00200000   00004000  00000000  00004000  R  X
  SRAM_CODE             01000000   00010000  0000021c  0000fde4  RW X
  SRAM_DATA             20000000   00010000  0000021c  0000fde4  RW  


SEGMENT ALLOCATION MAP

run origin  load origin   length   init length attrs members
----------  ----------- ---------- ----------- ----- -------
00000000    00000000    00000d14   00000d14    r-x
  00000000    00000000    000000e4   000000e4    r-- .intvecs
  000000e4    000000e4    00000be6   00000be6    r-x .text
  00000ccc    00000ccc    00000018   00000018    r-- .const
  00000ce8    00000ce8    0000002c   0000002c    r-- .cinit
20000000    20000000    0000001c   00000000    rw-
  20000000    20000000    0000001c   00000000    rw- .data
2000fe00    2000fe00    00000200   00000000    rw-
  2000fe00    2000fe00    00000200   00000000    rw- .stack


SECTION ALLOCATION MAP

 output                                  attributes/
section   page    origin      length       input sections
--------  ----  ----------  ----------   ----------------
.intvecs   0    00000000    000000e4     
                  00000000    000000e4     startup_msp432p401r_ccs.obj (.intvecs:retain)

.binit     0    00000000    00000000     

.text      0    000000e4    00000be6     
                  000000e4    0000032c     system_msp432p401r.obj (.text)
                  00000410    000001a0     msp432p4xx_driverlib.lib : pcm.o (.text:__PCM_setPowerStateAdvanced)
                  000005b0    000000dc                              : pcm.o (.text:__PCM_setPowerModeAdvanced)
                  0000068c    000000b0                              : pcm.o (.text:__PCM_setCoreVoltageLevelAdvanced)
                  0000073c    0000009c     main.obj (.text)
                  000007d8    0000009c     rtsv7M4_T_le_v4SPD16_eabi.lib : memcpy_t2.obj (.text)
                  00000874    0000007c     msp432p4xx_driverlib.lib : pcm.o (.text:PCM_gotoLPM3)
                  000008f0    0000007a     rtsv7M4_T_le_v4SPD16_eabi.lib : memset_t2.obj (.text)
                  0000096a    00000002                                   : mpu_init.obj (.text)
                  0000096c    00000070                                   : autoinit.obj (.text)
                  000009dc    0000006a                                   : copy_decompress_rle.obj (.text)
                  00000a46    00000002                                   : startup.obj (.text)
                  00000a48    00000054                                   : boot.obj (.text)
                  00000a9c    00000054                                   : exit.obj (.text)
                  00000af0    00000050     msp432p4xx_driverlib.lib : pcm.o (.text:PCM_shutdownDevice)
                  00000b40    0000004c     rtsv7M4_T_le_v4SPD16_eabi.lib : cpy_tbl.obj (.text)
                  00000b8c    0000002c     msp432p4xx_driverlib.lib : pcm.o (.text:PCM_getCoreVoltageLevel)
                  00000bb8    0000002a                              : pcm.o (.text:PCM_getPowerMode)
                  00000be2    00000002     --HOLE-- [fill = 0]
                  00000be4    00000028                              : pcm.o (.text:PCM_gotoLPM0)
                  00000c0c    00000024                              : rtc_c.o (.text:RTC_C_holdClock)
                  00000c30    00000018                              : wdt_a.o (.text:WDT_A_holdTimer)
                  00000c48    00000018     rtsv7M4_T_le_v4SPD16_eabi.lib : args_main.obj (.text)
                  00000c60    00000014                                   : _lock.obj (.text)
                  00000c74    00000010     msp432p4xx_driverlib.lib : pcm.o (.text:PCM_gotoLPM4)
                  00000c84    0000000e     rtsv7M4_T_le_v4SPD16_eabi.lib : copy_decompress_none.obj (.text:decompress:none)
                  00000c92    0000000e     startup_msp432p401r_ccs.obj (.text)
                  00000ca0    0000000c     msp432p4xx_driverlib.lib : pcm.o (.text:PCM_getPowerState)
                  00000cac    00000008                              : pcm.o (.text:PCM_setPowerMode)
                  00000cb4    00000008                              : pcm.o (.text:PCM_setPowerState)
                  00000cbc    00000006     rtsv7M4_T_le_v4SPD16_eabi.lib : copy_decompress_rle.obj (.text:decompress:rle24)
                  00000cc2    00000004     msp432p4xx_driverlib.lib : cpu.o (.text:CPU_wfi)
                  00000cc6    00000004     rtsv7M4_T_le_v4SPD16_eabi.lib : pre_init.obj (.text)

.const     0    00000ccc    00000018     
                  00000ccc    00000018     main.obj (.const:upConfig)

.cinit     0    00000ce8    0000002c     
                  00000ce8    0000001a     (.cinit..data.load) [load image, compression = rle]
                  00000d02    00000002     --HOLE-- [fill = 0]
                  00000d04    00000008     (__TI_handler_table)
                  00000d0c    00000008     (__TI_cinit_table)

.init_array 
*          0    00000000    00000000     UNINITIALIZED

.data      0    20000000    0000001c     UNINITIALIZED
                  20000000    0000000c     rtsv7M4_T_le_v4SPD16_eabi.lib : exit.obj (.data:$O1$$)
                  2000000c    00000008                                   : _lock.obj (.data:$O1$$)
                  20000014    00000004                                   : stkdepth_vars.obj (.data)
                  20000018    00000004     system_msp432p401r.obj (.data)

.stack     0    2000fe00    00000200     UNINITIALIZED
                  2000fe00    00000200     --HOLE--

MODULE SUMMARY

       Module                        code   ro data   rw data
       ------                        ----   -------   -------
    .\
       system_msp432p401r.obj        812    0         8      
       startup_msp432p401r_ccs.obj   14     228       0      
       main.obj                      156    24        0      
    +--+-----------------------------+------+---------+---------+
       Total:                        982    252       8      
                                                             
    C:/ti/tirex-content/msp/msp432ware__3.50.00.02/driverlib/driverlib/MSP432P4xx/ccs/msp432p4xx_driverlib.lib
       pcm.o                         1186   0         0      
       rtc_c.o                       36     0         0      
       wdt_a.o                       24     0         0      
       cpu.o                         4      0         0      
    +--+-----------------------------+------+---------+---------+
       Total:                        1250   0         0      
                                                             
    C:\Program Files (x86)\TI\ccsv6\tools\compiler\arm_15.12.3.LTS\lib\rtsv7M4_T_le_v4SPD16_eabi.lib
       memcpy_t2.obj                 156    0         0      
       memset_t2.obj                 122    0         0      
       autoinit.obj                  112    0         0      
       copy_decompress_rle.obj       112    0         0      
       exit.obj                      84     0         24     
       boot.obj                      84     0         0      
       cpy_tbl.obj                   76     0         0      
       _lock.obj                     20     0         16     
       args_main.obj                 24     0         0      
       copy_decompress_none.obj      14     0         0      
       stkdepth_vars.obj             0      0         8      
       pre_init.obj                  4      0         0      
       mpu_init.obj                  2      0         0      
       startup.obj                   2      0         0      
    +--+-----------------------------+------+---------+---------+
       Total:                        812    0         48     
                                                             
       Stack:                        0      0         1024   
       Linker Generated:             0      42        0      
    +--+-----------------------------+------+---------+---------+
       Grand Total:                  3044   294       1080   


LINKER GENERATED COPY TABLES

__TI_cinit_table @ 00000d0c records: 1, size/record: 8, table size: 8
	.data: load addr=00000ce8, load size=0000001a bytes, run addr=20000000, run size=0000001c bytes, compression=rle


LINKER GENERATED HANDLER TABLE

__TI_handler_table @ 00000d04 records: 2, size/record: 4, table size: 8
	index: 0, handler: __TI_decompress_rle24
	index: 1, handler: __TI_decompress_none


GLOBAL SYMBOLS: SORTED ALPHABETICALLY BY Name 

address   name                           
-------   ----                           
00000c9f  ADC14_IRQHandler               
00000c9f  AES256_IRQHandler              
00000c9f  BusFault_Handler               
00000a9d  C$$EXIT                        
00000c9f  COMP_E0_IRQHandler             
00000c9f  COMP_E1_IRQHandler             
00000cc3  CPU_wfi                        
00000c9f  CS_IRQHandler                  
00000c9f  DMA_ERR_IRQHandler             
00000c9f  DMA_INT0_IRQHandler            
00000c9f  DMA_INT1_IRQHandler            
00000c9f  DMA_INT2_IRQHandler            
00000c9f  DMA_INT3_IRQHandler            
00000c9f  DebugMon_Handler               
00000c9f  Default_Handler                
00000c9f  EUSCIA0_IRQHandler             
00000c9f  EUSCIA1_IRQHandler             
00000c9f  EUSCIA2_IRQHandler             
00000c9f  EUSCIA3_IRQHandler             
00000c9f  EUSCIB0_IRQHandler             
00000c9f  EUSCIB1_IRQHandler             
00000c9f  EUSCIB2_IRQHandler             
00000c9f  EUSCIB3_IRQHandler             
00000c9f  FLCTL_IRQHandler               
00000c9f  FPU_IRQHandler                 
00000c9f  HardFault_Handler              
00000c9f  MemManage_Handler              
00000c9f  NMI_Handler                    
00000c9f  PCM_IRQHandler                 
00000b8d  PCM_getCoreVoltageLevel        
00000bb9  PCM_getPowerMode               
00000ca1  PCM_getPowerState              
00000be5  PCM_gotoLPM0                   
00000875  PCM_gotoLPM3                   
00000c75  PCM_gotoLPM4                   
00000cad  PCM_setPowerMode               
00000cb5  PCM_setPowerState              
00000af1  PCM_shutdownDevice             
00000c9f  PORT1_IRQHandler               
00000c9f  PORT2_IRQHandler               
00000c9f  PORT3_IRQHandler               
00000c9f  PORT4_IRQHandler               
00000c9f  PORT5_IRQHandler               
00000c9f  PORT6_IRQHandler               
00000c9f  PSS_IRQHandler                 
00000c9f  PendSV_Handler                 
00000c9f  RTC_C_IRQHandler               
00000c0d  RTC_C_holdClock                
00000c93  Reset_Handler                  
UNDEFED   SHT$$INIT_ARRAY$$Base          
UNDEFED   SHT$$INIT_ARRAY$$Limit         
00000c9f  SVC_Handler                    
00000c9f  SysTick_Handler                
20000018  SystemCoreClock                
000000e5  SystemCoreClockUpdate          
00000359  SystemInit                     
00000c9f  T32_INT1_IRQHandler            
00000c9f  T32_INT2_IRQHandler            
00000c9f  T32_INTC_IRQHandler            
00000c9f  TA0_0_IRQHandler               
00000c9f  TA0_N_IRQHandler               
000007a3  TA1_0_IRQHandler               
000007a3  TA1_0_IRQHandler               
00000c9f  TA1_N_IRQHandler               
00000c9f  TA2_0_IRQHandler               
00000c9f  TA2_N_IRQHandler               
00000c9f  TA3_0_IRQHandler               
00000c9f  TA3_N_IRQHandler               
00000c9f  UsageFault_Handler             
4000480c  WDTCTL_SYM                     
00000c9f  WDT_A_IRQHandler               
00000c31  WDT_A_holdTimer                
20010000  __STACK_END                    
00000200  __STACK_SIZE                   
00000d0c  __TI_CINIT_Base                
00000d14  __TI_CINIT_Limit               
00000d04  __TI_Handler_Table_Base        
00000d0c  __TI_Handler_Table_Limit       
0000096d  __TI_auto_init                 
20000000  __TI_cleanup_ptr               
00000c85  __TI_decompress_none           
00000cbd  __TI_decompress_rle24          
20000004  __TI_dtors_ptr                 
20000008  __TI_enable_exit_profile_output
ffffffff  __TI_pprof_out_hndl            
ffffffff  __TI_prof_data_size            
ffffffff  __TI_prof_data_start           
00000000  __TI_static_base__             
000008f1  __aeabi_memclr                 
000008f1  __aeabi_memclr4                
000008f1  __aeabi_memclr8                
000007d9  __aeabi_memcpy                 
000007d9  __aeabi_memcpy4                
000007d9  __aeabi_memcpy8                
000008f3  __aeabi_memset                 
000008f3  __aeabi_memset4                
000008f3  __aeabi_memset8                
ffffffff  __binit__                      
ffffffff  __c_args__                     
0000096b  __mpu_init                     
2000fe00  __stack                        
00000c49  _args_main                     
00000a49  _c_int00                       
2000000c  _lock                          
00000c6f  _nop                           
00000c67  _register_lock                 
00000c61  _register_unlock               
00000a47  _system_post_cinit             
00000cc7  _system_pre_init               
20000010  _unlock                        
00000aa1  abort                          
ffffffff  binit                          
00000b41  copy_in                        
00000aa9  exit                           
00000000  interruptVectors               
0000073d  main                           
20000014  main_func_sp                   
000007d9  memcpy                         
000008f9  memset                         
00000ccc  upConfig                       


GLOBAL SYMBOLS: SORTED BY Symbol Address 

address   name                           
-------   ----                           
00000000  __TI_static_base__             
00000000  interruptVectors               
000000e5  SystemCoreClockUpdate          
00000200  __STACK_SIZE                   
00000359  SystemInit                     
0000073d  main                           
000007a3  TA1_0_IRQHandler               
000007a3  TA1_0_IRQHandler               
000007d9  __aeabi_memcpy                 
000007d9  __aeabi_memcpy4                
000007d9  __aeabi_memcpy8                
000007d9  memcpy                         
00000875  PCM_gotoLPM3                   
000008f1  __aeabi_memclr                 
000008f1  __aeabi_memclr4                
000008f1  __aeabi_memclr8                
000008f3  __aeabi_memset                 
000008f3  __aeabi_memset4                
000008f3  __aeabi_memset8                
000008f9  memset                         
0000096b  __mpu_init                     
0000096d  __TI_auto_init                 
00000a47  _system_post_cinit             
00000a49  _c_int00                       
00000a9d  C$$EXIT                        
00000aa1  abort                          
00000aa9  exit                           
00000af1  PCM_shutdownDevice             
00000b41  copy_in                        
00000b8d  PCM_getCoreVoltageLevel        
00000bb9  PCM_getPowerMode               
00000be5  PCM_gotoLPM0                   
00000c0d  RTC_C_holdClock                
00000c31  WDT_A_holdTimer                
00000c49  _args_main                     
00000c61  _register_unlock               
00000c67  _register_lock                 
00000c6f  _nop                           
00000c75  PCM_gotoLPM4                   
00000c85  __TI_decompress_none           
00000c93  Reset_Handler                  
00000c9f  ADC14_IRQHandler               
00000c9f  AES256_IRQHandler              
00000c9f  BusFault_Handler               
00000c9f  COMP_E0_IRQHandler             
00000c9f  COMP_E1_IRQHandler             
00000c9f  CS_IRQHandler                  
00000c9f  DMA_ERR_IRQHandler             
00000c9f  DMA_INT0_IRQHandler            
00000c9f  DMA_INT1_IRQHandler            
00000c9f  DMA_INT2_IRQHandler            
00000c9f  DMA_INT3_IRQHandler            
00000c9f  DebugMon_Handler               
00000c9f  Default_Handler                
00000c9f  EUSCIA0_IRQHandler             
00000c9f  EUSCIA1_IRQHandler             
00000c9f  EUSCIA2_IRQHandler             
00000c9f  EUSCIA3_IRQHandler             
00000c9f  EUSCIB0_IRQHandler             
00000c9f  EUSCIB1_IRQHandler             
00000c9f  EUSCIB2_IRQHandler             
00000c9f  EUSCIB3_IRQHandler             
00000c9f  FLCTL_IRQHandler               
00000c9f  FPU_IRQHandler                 
00000c9f  HardFault_Handler              
00000c9f  MemManage_Handler              
00000c9f  NMI_Handler                    
00000c9f  PCM_IRQHandler                 
00000c9f  PORT1_IRQHandler               
00000c9f  PORT2_IRQHandler               
00000c9f  PORT3_IRQHandler               
00000c9f  PORT4_IRQHandler               
00000c9f  PORT5_IRQHandler               
00000c9f  PORT6_IRQHandler               
00000c9f  PSS_IRQHandler                 
00000c9f  PendSV_Handler                 
00000c9f  RTC_C_IRQHandler               
00000c9f  SVC_Handler                    
00000c9f  SysTick_Handler                
00000c9f  T32_INT1_IRQHandler            
00000c9f  T32_INT2_IRQHandler            
00000c9f  T32_INTC_IRQHandler            
00000c9f  TA0_0_IRQHandler               
00000c9f  TA0_N_IRQHandler               
00000c9f  TA1_N_IRQHandler               
00000c9f  TA2_0_IRQHandler               
00000c9f  TA2_N_IRQHandler               
00000c9f  TA3_0_IRQHandler               
00000c9f  TA3_N_IRQHandler               
00000c9f  UsageFault_Handler             
00000c9f  WDT_A_IRQHandler               
00000ca1  PCM_getPowerState              
00000cad  PCM_setPowerMode               
00000cb5  PCM_setPowerState              
00000cbd  __TI_decompress_rle24          
00000cc3  CPU_wfi                        
00000cc7  _system_pre_init               
00000ccc  upConfig                       
00000d04  __TI_Handler_Table_Base        
00000d0c  __TI_CINIT_Base                
00000d0c  __TI_Handler_Table_Limit       
00000d14  __TI_CINIT_Limit               
20000000  __TI_cleanup_ptr               
20000004  __TI_dtors_ptr                 
20000008  __TI_enable_exit_profile_output
2000000c  _lock                          
20000010  _unlock                        
20000014  main_func_sp                   
20000018  SystemCoreClock                
2000fe00  __stack                        
20010000  __STACK_END                    
4000480c  WDTCTL_SYM                     
ffffffff  __TI_pprof_out_hndl            
ffffffff  __TI_prof_data_size            
ffffffff  __TI_prof_data_start           
ffffffff  __binit__                      
ffffffff  __c_args__                     
ffffffff  binit                          
UNDEFED   SHT$$INIT_ARRAY$$Base          
UNDEFED   SHT$$INIT_ARRAY$$Limit         

[120 symbols]
