******************************************************************************
                  TI ARM Linker PC v15.12.3                    
******************************************************************************
>> Linked Wed Feb 08 16:07:37 2017

OUTPUT FILE NAME:   <SwitchPowerModes.out>
ENTRY POINT SYMBOL: "_c_int00"  address: 00000875


MEMORY CONFIGURATION

         name            origin    length      used     unused   attr    fill
----------------------  --------  ---------  --------  --------  ----  --------
  MAIN                  00000000   00040000  00000a4a  0003f5b6  R  X
  INFO                  00200000   00004000  00000000  00004000  R  X
  SRAM_CODE             01000000   00010000  00000225  0000fddb  RW X
  SRAM_DATA             20000000   00010000  00000225  0000fddb  RW  


SEGMENT ALLOCATION MAP

run origin  load origin   length   init length attrs members
----------  ----------- ---------- ----------- ----- -------
00000000    00000000    00000a4c   00000a4c    r-x
  00000000    00000000    000000e4   000000e4    r-- .intvecs
  000000e4    000000e4    000008d6   000008d6    r-x .text
  000009bc    000009bc    0000004c   0000004c    r-- .const
  00000a08    00000a08    00000044   00000044    r-- .cinit
20000000    20000000    00000025   00000000    rw-
  20000000    20000000    0000001c   00000000    rw- .data
  2000001c    2000001c    00000009   00000000    rw- .bss
2000fe00    2000fe00    00000200   00000000    rw-
  2000fe00    2000fe00    00000200   00000000    rw- .stack


SECTION ALLOCATION MAP

 output                                  attributes/
section   page    origin      length       input sections
--------  ----  ----------  ----------   ----------------
.intvecs   0    00000000    000000e4     
                  00000000    000000e4     startup_msp432p401r_ccs.obj (.intvecs:retain)

.binit     0    00000000    00000000     

.text      0    000000e4    000008d6     
                  000000e4    0000032c     system_msp432p401r.obj (.text)
                  00000410    00000270     main.obj (.text)
                  00000680    0000009c     rtsv7M4_T_le_v4SPD16_eabi.lib : memcpy_t2.obj (.text)
                  0000071c    0000007a                                   : memset_t2.obj (.text)
                  00000796    00000002                                   : mpu_init.obj (.text)
                  00000798    00000070                                   : autoinit.obj (.text)
                  00000808    0000006a                                   : copy_decompress_rle.obj (.text)
                  00000872    00000002                                   : startup.obj (.text)
                  00000874    00000054                                   : boot.obj (.text)
                  000008c8    00000054                                   : exit.obj (.text)
                  0000091c    0000004c                                   : cpy_tbl.obj (.text)
                  00000968    00000018                                   : args_main.obj (.text)
                  00000980    00000014                                   : _lock.obj (.text)
                  00000994    0000000e                                   : copy_decompress_none.obj (.text:decompress:none)
                  000009a2    0000000e     startup_msp432p401r_ccs.obj (.text)
                  000009b0    00000006     rtsv7M4_T_le_v4SPD16_eabi.lib : copy_decompress_rle.obj (.text:decompress:rle24)
                  000009b6    00000004                                   : pre_init.obj (.text)

.const     0    000009bc    0000004c     
                  000009bc    00000034     main.obj (.const:powerStates)
                  000009f0    00000018     main.obj (.const:upConfig)

.cinit     0    00000a08    00000044     
                  00000a08    0000001a     (.cinit..data.load) [load image, compression = rle]
                  00000a22    00000006     --HOLE-- [fill = 0]
                  00000a28    00000009     (.cinit..bss.load) [load image, compression = rle]
                  00000a31    00000003     --HOLE-- [fill = 0]
                  00000a34    00000008     (__TI_handler_table)
                  00000a3c    00000010     (__TI_cinit_table)

.init_array 
*          0    00000000    00000000     UNINITIALIZED

.data      0    20000000    0000001c     UNINITIALIZED
                  20000000    0000000c     rtsv7M4_T_le_v4SPD16_eabi.lib : exit.obj (.data:$O1$$)
                  2000000c    00000008                                   : _lock.obj (.data:$O1$$)
                  20000014    00000004                                   : stkdepth_vars.obj (.data)
                  20000018    00000004     system_msp432p401r.obj (.data)

.bss       0    2000001c    00000009     UNINITIALIZED
                  2000001c    00000004     (.common:curPowerState)
                  20000020    00000004     (.common:ledBlinkCount)
                  20000024    00000001     (.common:stateChange)

.stack     0    2000fe00    00000200     UNINITIALIZED
                  2000fe00    00000200     --HOLE--

MODULE SUMMARY

       Module                        code   ro data   rw data
       ------                        ----   -------   -------
    .\
       system_msp432p401r.obj        812    0         8      
       main.obj                      624    76        18     
       startup_msp432p401r_ccs.obj   14     228       0      
    +--+-----------------------------+------+---------+---------+
       Total:                        1450   304       26     
                                                             
    C:\Program Files (x86)\TI\ccsv6\tools\compiler\arm_15.12.3.LTS\lib\rtsv7M4_T_le_v4SPD16_eabi.lib
       memcpy_t2.obj                 156    0         0      
       memset_t2.obj                 122    0         0      
       autoinit.obj                  112    0         0      
       copy_decompress_rle.obj       112    0         0      
       exit.obj                      84     0         24     
       boot.obj                      84     0         0      
       cpy_tbl.obj                   76     0         0      
       _lock.obj                     20     0         16     
       args_main.obj                 24     0         0      
       copy_decompress_none.obj      14     0         0      
       stkdepth_vars.obj             0      0         8      
       pre_init.obj                  4      0         0      
       mpu_init.obj                  2      0         0      
       startup.obj                   2      0         0      
    +--+-----------------------------+------+---------+---------+
       Total:                        812    0         48     
                                                             
       Stack:                        0      0         1024   
       Linker Generated:             0      59        0      
    +--+-----------------------------+------+---------+---------+
       Grand Total:                  2262   363       1098   


LINKER GENERATED COPY TABLES

__TI_cinit_table @ 00000a3c records: 2, size/record: 8, table size: 16
	.data: load addr=00000a08, load size=0000001a bytes, run addr=20000000, run size=0000001c bytes, compression=rle
	.bss: load addr=00000a28, load size=00000009 bytes, run addr=2000001c, run size=00000009 bytes, compression=rle


LINKER GENERATED HANDLER TABLE

__TI_handler_table @ 00000a34 records: 2, size/record: 4, table size: 8
	index: 0, handler: __TI_decompress_rle24
	index: 1, handler: __TI_decompress_none


GLOBAL SYMBOLS: SORTED ALPHABETICALLY BY Name 

address   name                           
-------   ----                           
000009af  ADC14_IRQHandler               
000009af  AES256_IRQHandler              
000009af  BusFault_Handler               
000008c9  C$$EXIT                        
000009af  COMP_E0_IRQHandler             
000009af  COMP_E1_IRQHandler             
000009af  CS_IRQHandler                  
000009af  DMA_ERR_IRQHandler             
000009af  DMA_INT0_IRQHandler            
000009af  DMA_INT1_IRQHandler            
000009af  DMA_INT2_IRQHandler            
000009af  DMA_INT3_IRQHandler            
000009af  DebugMon_Handler               
000009af  Default_Handler                
000009af  EUSCIA0_IRQHandler             
000009af  EUSCIA1_IRQHandler             
000009af  EUSCIA2_IRQHandler             
000009af  EUSCIA3_IRQHandler             
000009af  EUSCIB0_IRQHandler             
000009af  EUSCIB1_IRQHandler             
000009af  EUSCIB2_IRQHandler             
000009af  EUSCIB3_IRQHandler             
000009af  FLCTL_IRQHandler               
000009af  FPU_IRQHandler                 
000009af  HardFault_Handler              
000009af  MemManage_Handler              
000009af  NMI_Handler                    
000009af  PCM_IRQHandler                 
0000058d  PORT1_IRQHandler               
0000058d  PORT1_IRQHandler               
000009af  PORT2_IRQHandler               
000009af  PORT3_IRQHandler               
000009af  PORT4_IRQHandler               
000009af  PORT5_IRQHandler               
000009af  PORT6_IRQHandler               
000009af  PSS_IRQHandler                 
000009af  PendSV_Handler                 
000009af  RTC_C_IRQHandler               
000009a3  Reset_Handler                  
UNDEFED   SHT$$INIT_ARRAY$$Base          
UNDEFED   SHT$$INIT_ARRAY$$Limit         
000009af  SVC_Handler                    
000009af  SysTick_Handler                
20000018  SystemCoreClock                
000000e5  SystemCoreClockUpdate          
00000359  SystemInit                     
000009af  T32_INT1_IRQHandler            
000009af  T32_INT2_IRQHandler            
000009af  T32_INTC_IRQHandler            
000005ff  TA0_0_IRQHandler               
000005ff  TA0_0_IRQHandler               
000009af  TA0_N_IRQHandler               
000009af  TA1_0_IRQHandler               
000009af  TA1_N_IRQHandler               
000009af  TA2_0_IRQHandler               
000009af  TA2_N_IRQHandler               
000009af  TA3_0_IRQHandler               
000009af  TA3_N_IRQHandler               
000009af  UsageFault_Handler             
4000480c  WDTCTL_SYM                     
000009af  WDT_A_IRQHandler               
20010000  __STACK_END                    
00000200  __STACK_SIZE                   
00000a3c  __TI_CINIT_Base                
00000a4c  __TI_CINIT_Limit               
00000a34  __TI_Handler_Table_Base        
00000a3c  __TI_Handler_Table_Limit       
00000799  __TI_auto_init                 
20000000  __TI_cleanup_ptr               
00000995  __TI_decompress_none           
000009b1  __TI_decompress_rle24          
20000004  __TI_dtors_ptr                 
20000008  __TI_enable_exit_profile_output
ffffffff  __TI_pprof_out_hndl            
ffffffff  __TI_prof_data_size            
ffffffff  __TI_prof_data_start           
00000000  __TI_static_base__             
0000071d  __aeabi_memclr                 
0000071d  __aeabi_memclr4                
0000071d  __aeabi_memclr8                
00000681  __aeabi_memcpy                 
00000681  __aeabi_memcpy4                
00000681  __aeabi_memcpy8                
0000071f  __aeabi_memset                 
0000071f  __aeabi_memset4                
0000071f  __aeabi_memset8                
ffffffff  __binit__                      
ffffffff  __c_args__                     
00000797  __mpu_init                     
2000fe00  __stack                        
00000969  _args_main                     
00000875  _c_int00                       
2000000c  _lock                          
0000098f  _nop                           
00000987  _register_lock                 
00000981  _register_unlock               
00000873  _system_post_cinit             
000009b7  _system_pre_init               
20000010  _unlock                        
000008cd  abort                          
ffffffff  binit                          
0000091d  copy_in                        
2000001c  curPowerState                  
000008d5  exit                           
00000000  interruptVectors               
20000020  ledBlinkCount                  
00000411  main                           
20000014  main_func_sp                   
00000681  memcpy                         
00000725  memset                         
000009bc  powerStates                    
20000024  stateChange                    
000009f0  upConfig                       


GLOBAL SYMBOLS: SORTED BY Symbol Address 

address   name                           
-------   ----                           
00000000  __TI_static_base__             
00000000  interruptVectors               
000000e5  SystemCoreClockUpdate          
00000200  __STACK_SIZE                   
00000359  SystemInit                     
00000411  main                           
0000058d  PORT1_IRQHandler               
0000058d  PORT1_IRQHandler               
000005ff  TA0_0_IRQHandler               
000005ff  TA0_0_IRQHandler               
00000681  __aeabi_memcpy                 
00000681  __aeabi_memcpy4                
00000681  __aeabi_memcpy8                
00000681  memcpy                         
0000071d  __aeabi_memclr                 
0000071d  __aeabi_memclr4                
0000071d  __aeabi_memclr8                
0000071f  __aeabi_memset                 
0000071f  __aeabi_memset4                
0000071f  __aeabi_memset8                
00000725  memset                         
00000797  __mpu_init                     
00000799  __TI_auto_init                 
00000873  _system_post_cinit             
00000875  _c_int00                       
000008c9  C$$EXIT                        
000008cd  abort                          
000008d5  exit                           
0000091d  copy_in                        
00000969  _args_main                     
00000981  _register_unlock               
00000987  _register_lock                 
0000098f  _nop                           
00000995  __TI_decompress_none           
000009a3  Reset_Handler                  
000009af  ADC14_IRQHandler               
000009af  AES256_IRQHandler              
000009af  BusFault_Handler               
000009af  COMP_E0_IRQHandler             
000009af  COMP_E1_IRQHandler             
000009af  CS_IRQHandler                  
000009af  DMA_ERR_IRQHandler             
000009af  DMA_INT0_IRQHandler            
000009af  DMA_INT1_IRQHandler            
000009af  DMA_INT2_IRQHandler            
000009af  DMA_INT3_IRQHandler            
000009af  DebugMon_Handler               
000009af  Default_Handler                
000009af  EUSCIA0_IRQHandler             
000009af  EUSCIA1_IRQHandler             
000009af  EUSCIA2_IRQHandler             
000009af  EUSCIA3_IRQHandler             
000009af  EUSCIB0_IRQHandler             
000009af  EUSCIB1_IRQHandler             
000009af  EUSCIB2_IRQHandler             
000009af  EUSCIB3_IRQHandler             
000009af  FLCTL_IRQHandler               
000009af  FPU_IRQHandler                 
000009af  HardFault_Handler              
000009af  MemManage_Handler              
000009af  NMI_Handler                    
000009af  PCM_IRQHandler                 
000009af  PORT2_IRQHandler               
000009af  PORT3_IRQHandler               
000009af  PORT4_IRQHandler               
000009af  PORT5_IRQHandler               
000009af  PORT6_IRQHandler               
000009af  PSS_IRQHandler                 
000009af  PendSV_Handler                 
000009af  RTC_C_IRQHandler               
000009af  SVC_Handler                    
000009af  SysTick_Handler                
000009af  T32_INT1_IRQHandler            
000009af  T32_INT2_IRQHandler            
000009af  T32_INTC_IRQHandler            
000009af  TA0_N_IRQHandler               
000009af  TA1_0_IRQHandler               
000009af  TA1_N_IRQHandler               
000009af  TA2_0_IRQHandler               
000009af  TA2_N_IRQHandler               
000009af  TA3_0_IRQHandler               
000009af  TA3_N_IRQHandler               
000009af  UsageFault_Handler             
000009af  WDT_A_IRQHandler               
000009b1  __TI_decompress_rle24          
000009b7  _system_pre_init               
000009bc  powerStates                    
000009f0  upConfig                       
00000a34  __TI_Handler_Table_Base        
00000a3c  __TI_CINIT_Base                
00000a3c  __TI_Handler_Table_Limit       
00000a4c  __TI_CINIT_Limit               
20000000  __TI_cleanup_ptr               
20000004  __TI_dtors_ptr                 
20000008  __TI_enable_exit_profile_output
2000000c  _lock                          
20000010  _unlock                        
20000014  main_func_sp                   
20000018  SystemCoreClock                
2000001c  curPowerState                  
20000020  ledBlinkCount                  
20000024  stateChange                    
2000fe00  __stack                        
20010000  __STACK_END                    
4000480c  WDTCTL_SYM                     
ffffffff  __TI_pprof_out_hndl            
ffffffff  __TI_prof_data_size            
ffffffff  __TI_prof_data_start           
ffffffff  __binit__                      
ffffffff  __c_args__                     
ffffffff  binit                          
UNDEFED   SHT$$INIT_ARRAY$$Base          
UNDEFED   SHT$$INIT_ARRAY$$Limit         

[113 symbols]
